04-18 03:16:29.651 E/BufferQueueProducer(10441): [ImageReader-720x1600f1m2-10441-0](id:28c900000004,api:1,p:725,c:10441) dequeueBuffer: BufferQueue has been abandoned
04-18 03:16:29.666 E/BufferQueueProducer(10441): [ImageReader-720x1600f1m2-10441-0](id:28c900000004,api:1,p:725,c:10441) dequeueBuffer: BufferQueue has been abandoned
04-18 03:16:29.683 E/BufferQueueProducer(10441): [ImageReader-720x1600f1m2-10441-0](id:28c900000004,api:1,p:725,c:10441) dequeueBuffer: BufferQueue has been abandoned
04-18 03:16:29.685 D/AccessibilityServiceImpl(10441): 收到无障碍事件类型: 2048
04-18 03:16:29.685 D/AccessibilityServiceImpl(10441): 窗口内容变化
04-18 03:16:29.700 E/BufferQueueProducer(10441): [ImageReader-720x1600f1m2-10441-0](id:28c900000004,api:1,p:725,c:10441) dequeueBuffer: BufferQueue has been abandoned
04-18 03:16:29.703 D/AccessibilityServiceImpl(10441): 收到无障碍事件类型: 2048
04-18 03:16:29.703 D/AccessibilityServiceImpl(10441): 窗口内容变化
04-18 03:16:29.703 D/AccessibilityServiceImpl(10441): 收到无障碍事件类型: 4096
04-18 03:16:29.717 E/BufferQueueProducer(10441): [ImageReader-720x1600f1m2-10441-0](id:28c900000004,api:1,p:725,c:10441) dequeueBuffer: BufferQueue has been abandoned
04-18 03:16:29.720 I/encent.mm:patc(14430): Background concurrent copying GC freed 579459(26MB) AllocSpace objects, 15(1676KB) LOS objects, 36% free, 42MB/66MB, paused 675us,67us total 176.052ms
04-18 03:16:29.733 E/BufferQueueProducer(10441): [ImageReader-720x1600f1m2-10441-0](id:28c900000004,api:1,p:725,c:10441) dequeueBuffer: BufferQueue has been abandoned
04-18 03:16:29.737 I/nt.mm:appbrand(15390): Background young concurrent copying GC freed 162957(8754KB) AllocSpace objects, 9(4148KB) LOS objects, 0% free, 108MB/108MB, paused 1.747ms,127us total 174.572ms
04-18 03:16:29.750 E/BufferQueueProducer(10441): [ImageReader-720x1600f1m2-10441-0](id:28c900000004,api:1,p:725,c:10441) dequeueBuffer: BufferQueue has been abandoned
04-18 03:16:29.767 E/BufferQueueProducer(10441): [ImageReader-720x1600f1m2-10441-0](id:28c900000004,api:1,p:725,c:10441) dequeueBuffer: BufferQueue has been abandoned
04-18 03:16:29.783 E/BufferQueueProducer(10441): [ImageReader-720x1600f1m2-10441-0](id:28c900000004,api:1,p:725,c:10441) dequeueBuffer: BufferQueue has been abandoned
04-18 03:16:29.800 E/BufferQueueProducer(10441): [ImageReader-720x1600f1m2-10441-0](id:28c900000004,api:1,p:725,c:10441) dequeueBuffer: BufferQueue has been abandoned
04-18 03:16:29.818 D/AccessibilityServiceImpl(10441): 收到无障碍事件类型: 2048
04-18 03:16:29.818 D/AccessibilityServiceImpl(10441): 窗口内容变化
04-18 03:16:29.822 D/AccessibilityServiceImpl(10441): 收到无障碍事件类型: 4096
04-18 03:16:29.850 E/BufferQueueProducer(10441): [ImageReader-720x1600f1m2-10441-0](id:28c900000004,api:1,p:725,c:10441) dequeueBuffer: BufferQueue has been abandoned
04-18 03:16:29.867 E/BufferQueueProducer(10441): [ImageReader-720x1600f1m2-10441-0](id:28c900000004,api:1,p:725,c:10441) dequeueBuffer: BufferQueue has been abandoned
04-18 03:16:29.883 E/BufferQueueProducer(10441): [ImageReader-720x1600f1m2-10441-0](id:28c900000004,api:1,p:725,c:10441) dequeueBuffer: BufferQueue has been abandoned
04-18 03:16:29.900 E/BufferQueueProducer(10441): [ImageReader-720x1600f1m2-10441-0](id:28c900000004,api:1,p:725,c:10441) dequeueBuffer: BufferQueue has been abandoned
04-18 03:16:29.916 I/NativeImage(15375): [WxImageLoader] loadAsync path[magicbrandservice-13]
04-18 03:16:29.917 E/BufferQueueProducer(10441): [ImageReader-720x1600f1m2-10441-0](id:28c900000004,api:1,p:725,c:10441) dequeueBuffer: BufferQueue has been abandoned
04-18 03:16:29.933 I/NativeImage(15375): [WxImageLoader] file is loaded [magicbrandservice-13003.731789://wxfile%3A%2F%2Fusr%2Fmptl%2Fimage-view%2Fcef6c1ea3042c3d24328abcc9a] bitmap(not null)
04-18 03:16:29.933 E/BufferQueueProducer(10441): [ImageReader-720x1600f1m2-10441-0](id:28c900000004,api:1,p:725,c:10441) dequeueBuffer: BufferQueue has been abandoned
04-18 03:16:29.934 I/NativeImage(15375): [WxImageLoader] listenerList->size() [1]
04-18 03:16:29.934 I/NativeImage(15375): [WxImageLoader] config listener removed, count[1]
04-18 03:16:29.936 I/NativeImage(15375): [WxImageLoader] Invoke Listener finished, done.
04-18 03:16:29.950 D/AccessibilityServiceImpl(10441): 收到无障碍事件类型: 2048
04-18 03:16:29.950 D/AccessibilityServiceImpl(10441): 窗口内容变化
04-18 03:16:29.950 E/BufferQueueProducer(10441): [ImageReader-720x1600f1m2-10441-0](id:28c900000004,api:1,p:725,c:10441) dequeueBuffer: BufferQueue has been abandoned
04-18 03:16:29.951 D/AccessibilityServiceImpl(10441): 收到无障碍事件类型: 4096
04-18 03:16:29.960 D/AccessibilityServiceImpl(10441): 滑动完成: (300.0,200.0) -> (300.0,800.0)
04-18 03:16:29.961 I/ReactNativeJS(10441): [ZBB SUCCESS] [微信] ⑨: 下拉微信首页
04-18 03:16:29.967 E/BufferQueueProducer(10441): [ImageReader-720x1600f1m2-10441-0](id:28c900000004,api:1,p:725,c:10441) dequeueBuffer: BufferQueue has been abandoned
04-18 03:16:29.983 E/BufferQueueProducer(10441): [ImageReader-720x1600f1m2-10441-0](id:28c900000004,api:1,p:725,c:10441) dequeueBuffer: BufferQueue has been abandoned
04-18 03:16:29.999 E/BufferQueueProducer(10441): [ImageReader-720x1600f1m2-10441-0](id:28c900000004,api:1,p:725,c:10441) dequeueBuffer: BufferQueue has been abandoned
04-18 03:16:30.016 E/BufferQueueProducer(10441): [ImageReader-720x1600f1m2-10441-0](id:28c900000004,api:1,p:725,c:10441) dequeueBuffer: BufferQueue has been abandoned
04-18 03:16:30.033 E/BufferQueueProducer(10441): [ImageReader-720x1600f1m2-10441-0](id:28c900000004,api:1,p:725,c:10441) dequeueBuffer: BufferQueue has been abandoned
04-18 03:16:30.050 E/BufferQueueProducer(10441): [ImageReader-720x1600f1m2-10441-0](id:28c900000004,api:1,p:725,c:10441) dequeueBuffer: BufferQueue has been abandoned
04-18 03:16:30.052 D/AccessibilityServiceImpl(10441): 收到无障碍事件类型: 2048
04-18 03:16:30.052 D/AccessibilityServiceImpl(10441): 窗口内容变化
04-18 03:16:30.067 E/BufferQueueProducer(10441): [ImageReader-720x1600f1m2-10441-0](id:28c900000004,api:1,p:725,c:10441) dequeueBuffer: BufferQueue has been abandoned
04-18 03:16:30.082 D/AccessibilityServiceImpl(10441): 收到无障碍事件类型: 2048
04-18 03:16:30.083 D/AccessibilityServiceImpl(10441): 窗口内容变化
04-18 03:16:30.083 E/BufferQueueProducer(10441): [ImageReader-720x1600f1m2-10441-0](id:28c900000004,api:1,p:725,c:10441) dequeueBuffer: BufferQueue has been abandoned
04-18 03:16:30.085 D/AccessibilityServiceImpl(10441): 收到无障碍事件类型: 4096
04-18 03:16:30.088 I/nt.mm:appbrand(15390): Background concurrent copying GC freed 126148(6689KB) AllocSpace objects, 16(99MB) LOS objects, 23% free, 79MB/103MB, paused 8.150ms,122us total 351.021ms
04-18 03:16:30.089 W/JavaBinder(15390): BinderProxy is being destroyed but the application did not call unlinkToDeath to unlink all of its death recipients beforehand.  Releasing leaked death recipient: com.tencent.mm.ipcinvoker.c$$a
04-18 03:16:30.089 I/BpBinder(15390): onLastStrongRef automatically unlinking death recipients: <uncached descriptor>
04-18 03:16:30.100 E/BufferQueueProducer(10441): [ImageReader-720x1600f1m2-10441-0](id:28c900000004,api:1,p:725,c:10441) dequeueBuffer: BufferQueue has been abandoned
04-18 03:16:30.116 E/BufferQueueProducer(10441): [ImageReader-720x1600f1m2-10441-0](id:28c900000004,api:1,p:725,c:10441) dequeueBuffer: BufferQueue has been abandoned
04-18 03:16:30.133 E/BufferQueueProducer(10441): [ImageReader-720x1600f1m2-10441-0](id:28c900000004,api:1,p:725,c:10441) dequeueBuffer: BufferQueue has been abandoned
04-18 03:16:30.144 I/skyline (15390): [INFO:jni.cc(258)] JNI_OnLoad start
04-18 03:16:30.144 I/skyline (15390):
04-18 03:16:30.144 I/skyline (15390): setLogHandler
04-18 03:16:30.150 E/BufferQueueProducer(10441): [ImageReader-720x1600f1m2-10441-0](id:28c900000004,api:1,p:725,c:10441) dequeueBuffer: BufferQueue has been abandoned
04-18 03:16:30.156 E/flutter (15390): [ERROR:flutter/txt/src/txt/fontmgr_default_android.cc(429)] value vivo
04-18 03:16:30.156 E/flutter (15390): [ERROR:flutter/txt/src/txt/fontmgr_default_android.cc(431)] fontXmlName /data/user/0/com.tencent.mm/code_cache/flutter_V2166A/com.tencent.mm:appbrand0/flutter_custom_fonts2.xml
04-18 03:16:30.156 E/flutter (15390): [ERROR:flutter/txt/src/txt/fontmgr_default_android.cc(599)] use default font mgr
04-18 03:16:30.160 I/flutter (15390): [INFO:flutter/shell/common/switches.cc(656)] settings.enable_surface_control:0, settings.surface_control_max_buffer_num:3,settings.create_join_raster_group_name:
04-18 03:16:30.160 I/flutter (15390): [INFO:flutter/shell/common/switches.cc(674)] settings.enable_impeller_raster_cache:0, settings.enable_font_prerender:0
04-18 03:16:30.160 I/flutter (15390): [INFO:flutter/shell/common/switches.cc(742)] settings.enable_vulkan_partial_repaint:0, settings.enable_vulkan_vma_pool:0, settings.enable_vulkan_set_present_time:0, settings.vulkan_swapchain_extra_image_count:1
04-18 03:16:30.163 I/flutter (15390): [INFO:flutter/shell/platform/android/flutter_main.cc(258)] set slow runner report callback
04-18 03:16:30.164 I/flutter (15390): [INFO:flutter/fml/platform/android/message_loop_android.cc(22)] prepare main_looper: 1
04-18 03:16:30.164 I/flutter (15390): [INFO:flutter/fml/message_loop.cc(117)] start create platform thread message loop
04-18 03:16:30.164 I/flutter (15390): [INFO:flutter/fml/platform/android/message_loop_android.cc(49)] AcquireLooperForMainThread success
04-18 03:16:30.164 I/flutter (15390): [INFO:flutter/fml/message_loop.cc(119)] create platform thread message loop end
04-18 03:16:30.164 I/flutter (15390): [INFO:flutter/fml/message_loop.cc(124)] start AttachLoopToPlatformThread
04-18 03:16:30.164 I/flutter (15390): [INFO:flutter/fml/message_loop.cc(126)] AttachLoopToPlatformThread reset tls_message_loop. g_platform_thread_loop:0x6eae654bd0 tls_message_loop:0x0
04-18 03:16:30.167 E/BufferQueueProducer(10441): [ImageReader-720x1600f1m2-10441-0](id:28c900000004,api:1,p:725,c:10441) dequeueBuffer: BufferQueue has been abandoned
04-18 03:16:30.175 D/AccessibilityServiceImpl(10441): 收到无障碍事件类型: 2048
04-18 03:16:30.175 D/AccessibilityServiceImpl(10441): 窗口内容变化
04-18 03:16:30.176 D/AccessibilityServiceImpl(10441): 收到无障碍事件类型: 4
04-18 03:16:30.177 I/flutter (15390): [INFO:flutter/fml/message_loop.cc(32)] create MessageLoop for current thread
04-18 03:16:30.183 E/BufferQueueProducer(10441): [ImageReader-720x1600f1m2-10441-0](id:28c900000004,api:1,p:725,c:10441) dequeueBuffer: BufferQueue has been abandoned
04-18 03:16:30.200 E/BufferQueueProducer(10441): [ImageReader-720x1600f1m2-10441-0](id:28c900000004,api:1,p:725,c:10441) dequeueBuffer: BufferQueue has been abandoned
04-18 03:16:30.217 E/BufferQueueProducer(10441): [ImageReader-720x1600f1m2-10441-0](id:28c900000004,api:1,p:725,c:10441) dequeueBuffer: BufferQueue has been abandoned
04-18 03:16:30.233 E/BufferQueueProducer(10441): [ImageReader-720x1600f1m2-10441-0](id:28c900000004,api:1,p:725,c:10441) dequeueBuffer: BufferQueue has been abandoned
04-18 03:16:30.250 E/BufferQueueProducer(10441): [ImageReader-720x1600f1m2-10441-0](id:28c900000004,api:1,p:725,c:10441) dequeueBuffer: BufferQueue has been abandoned
04-18 03:16:30.255 D/skia    (15390): --- Failed to create image decoder with message 'unimplemented'
04-18 03:16:30.267 E/BufferQueueProducer(10441): [ImageReader-720x1600f1m2-10441-0](id:28c900000004,api:1,p:725,c:10441) dequeueBuffer: BufferQueue has been abandoned
04-18 03:16:30.273 D/AccessibilityServiceImpl(10441): 收到无障碍事件类型: 2048
04-18 03:16:30.273 D/AccessibilityServiceImpl(10441): 窗口内容变化
04-18 03:16:30.283 E/BufferQueueProducer(10441): [ImageReader-720x1600f1m2-10441-0](id:28c900000004,api:1,p:725,c:10441) dequeueBuffer: BufferQueue has been abandoned
04-18 03:16:30.300 E/BufferQueueProducer(10441): [ImageReader-720x1600f1m2-10441-0](id:28c900000004,api:1,p:725,c:10441) dequeueBuffer: BufferQueue has been abandoned
04-18 03:16:30.317 E/BufferQueueProducer(10441): [ImageReader-720x1600f1m2-10441-0](id:28c900000004,api:1,p:725,c:10441) dequeueBuffer: BufferQueue has been abandoned
04-18 03:16:30.333 E/BufferQueueProducer(10441): [ImageReader-720x1600f1m2-10441-0](id:28c900000004,api:1,p:725,c:10441) dequeueBuffer: BufferQueue has been abandoned
04-18 03:16:30.349 E/BufferQueueProducer(10441): [ImageReader-720x1600f1m2-10441-0](id:28c900000004,api:1,p:725,c:10441) dequeueBuffer: BufferQueue has been abandoned
04-18 03:16:30.367 E/BufferQueueProducer(10441): [ImageReader-720x1600f1m2-10441-0](id:28c900000004,api:1,p:725,c:10441) dequeueBuffer: BufferQueue has been abandoned
04-18 03:16:30.382 E/BufferQueueProducer(10441): [ImageReader-720x1600f1m2-10441-0](id:28c900000004,api:1,p:725,c:10441) dequeueBuffer: BufferQueue has been abandoned
04-18 03:16:30.391 D/AccessibilityServiceImpl(10441): 收到无障碍事件类型: 2048
04-18 03:16:30.391 D/AccessibilityServiceImpl(10441): 窗口内容变化
04-18 03:16:30.400 E/BufferQueueProducer(10441): [ImageReader-720x1600f1m2-10441-0](id:28c900000004,api:1,p:725,c:10441) dequeueBuffer: BufferQueue has been abandoned
04-18 03:16:30.416 E/BufferQueueProducer(10441): [ImageReader-720x1600f1m2-10441-0](id:28c900000004,api:1,p:725,c:10441) dequeueBuffer: BufferQueue has been abandoned
04-18 03:16:30.433 E/BufferQueueProducer(10441): [ImageReader-720x1600f1m2-10441-0](id:28c900000004,api:1,p:725,c:10441) dequeueBuffer: BufferQueue has been abandoned
04-18 03:16:30.449 E/BufferQueueProducer(10441): [ImageReader-720x1600f1m2-10441-0](id:28c900000004,api:1,p:725,c:10441) dequeueBuffer: BufferQueue has been abandoned
04-18 03:16:30.466 E/BufferQueueProducer(10441): [ImageReader-720x1600f1m2-10441-0](id:28c900000004,api:1,p:725,c:10441) dequeueBuffer: BufferQueue has been abandoned
04-18 03:16:30.483 E/BufferQueueProducer(10441): [ImageReader-720x1600f1m2-10441-0](id:28c900000004,api:1,p:725,c:10441) dequeueBuffer: BufferQueue has been abandoned
04-18 03:16:30.499 E/BufferQueueProducer(10441): [ImageReader-720x1600f1m2-10441-0](id:28c900000004,api:1,p:725,c:10441) dequeueBuffer: BufferQueue has been abandoned
04-18 03:16:30.504 D/AccessibilityServiceImpl(10441): 收到无障碍事件类型: 2048
04-18 03:16:30.504 D/AccessibilityServiceImpl(10441): 窗口内容变化
04-18 03:16:30.516 E/BufferQueueProducer(10441): [ImageReader-720x1600f1m2-10441-0](id:28c900000004,api:1,p:725,c:10441) dequeueBuffer: BufferQueue has been abandoned
04-18 03:16:30.518 D/AccessibilityServiceImpl(10441): 收到无障碍事件类型: 2048
04-18 03:16:30.518 D/AccessibilityServiceImpl(10441): 窗口内容变化
04-18 03:16:30.533 E/BufferQueueProducer(10441): [ImageReader-720x1600f1m2-10441-0](id:28c900000004,api:1,p:725,c:10441) dequeueBuffer: BufferQueue has been abandoned
04-18 03:16:30.549 E/BufferQueueProducer(10441): [ImageReader-720x1600f1m2-10441-0](id:28c900000004,api:1,p:725,c:10441) dequeueBuffer: BufferQueue has been abandoned
04-18 03:16:30.566 E/BufferQueueProducer(10441): [ImageReader-720x1600f1m2-10441-0](id:28c900000004,api:1,p:725,c:10441) dequeueBuffer: BufferQueue has been abandoned
04-18 03:16:30.572 W/com.tencent.mm(13003): type=1400 audit(0.0:10333): avc: granted { execute } for path="/data/data/com.tencent.mm/app_xweb_data/xweb_1460055/apk/oat/arm64/base.odex" dev="dm-10" ino=64285 scontext=u:r:untrusted_app:s0:c246,c256,c512,c768 tcontext=u:object_r:app_data_file:s0:c246,c256,c512,c768 tclass=file app=com.tencent.mm
04-18 03:16:30.591 I/PSCoreBridge(13003): setStandAloneMode:false
04-18 03:16:30.588 W/com.tencent.mm(13003): type=1400 audit(0.0:10334): avc: granted { execute } for path="/data/data/com.tencent.mm/app_xweb_data/xweb_1460055/extracted_xwalkcore/libWXAMSDK.so" dev="dm-10" ino=51732 scontext=u:r:untrusted_app:s0:c246,c256,c512,c768 tcontext=u:object_r:app_data_file:s0:c246,c256,c512,c768 tclass=file app=com.tencent.mm
04-18 03:16:30.592 W/com.tencent.mm(13003): type=1400 audit(0.0:10335): avc: granted { execute } for path="/data/data/com.tencent.mm/app_xweb_data/xweb_1460055/extracted_xwalkcore/libffmpeg.so" dev="dm-10" ino=51492 scontext=u:r:untrusted_app:s0:c246,c256,c512,c768 tcontext=u:object_r:app_data_file:s0:c246,c256,c512,c768 tclass=file app=com.tencent.mm
04-18 03:16:30.621 D/AccessibilityServiceImpl(10441): 收到无障碍事件类型: 2048
04-18 03:16:30.621 D/AccessibilityServiceImpl(10441): 窗口内容变化
04-18 03:16:30.639 D/AccessibilityServiceImpl(10441): 收到无障碍事件类型: 2048
04-18 03:16:30.639 D/AccessibilityServiceImpl(10441): 窗口内容变化
04-18 03:16:30.641 I/XWeb.Core(13003): [0418/031630.640944:INFO:xweb/xweb_pinus/lib/webview_entry_point.cc:38] JNI_OnLoad start register jni
04-18 03:16:30.641 I/XWeb.Core(13003): [0418/031630.641586:INFO:xweb/xweb_pinus/lib/webview_entry_point.cc:44] JNI_OnLoad end
04-18 03:16:30.643 I/PSViewDelegate(13003): setNotifyCallBackChannel:gr5.i@f4e4c2b
04-18 03:16:30.643 I/XWebCallBackChannel(13003): SetNotifyCallBackChannel, callback:gr5.i@f4e4c2b
04-18 03:16:30.644 I/PSViewDelegate(13003): setLogCallBack:gr5.j@3cdb888
04-18 03:16:30.649 E/BufferQueueProducer(10441): [ImageReader-720x1600f1m2-10441-0](id:28c900000004,api:1,p:725,c:10441) dequeueBuffer: BufferQueue has been abandoned
04-18 03:16:30.710 I/XWeb.Core(13003): [0418/031630.710208:INFO:xweb/xweb_comm/modules/hevc_hls_support/xweb_hevc_and_hls_switcher.cc:20] [XWEB_HEVC_HLS_SUPPORT] enable hevc and hls
04-18 03:16:30.742 I/XWeb.Core(13003): [0418/031630.742829:INFO:xweb/xweb_pinus/lib/webview_jni_onload.cc:20] OnJNIOnLoadInit
04-18 03:16:30.747 I/XWeb.Core.fake_dlfcn(13003): 6de7646000-6de772c000 r-xp 00000000 fd:0a 63378                          /data/app/~~1N9La9Xt_Eo1BzVcJyCj-A==/com.tencent.mm-VjqhVGRAcUYFaUSueWTakQ==/lib/arm64/libwechatxlog.so
04-18 03:16:30.747 I/XWeb.Core.fake_dlfcn(13003): /data/app/~~1N9La9Xt_Eo1BzVcJyCj-A==/com.tencent.mm-VjqhVGRAcUYFaUSueWTakQ==/lib/arm64/libwechatxlog.so loaded in Android at 0x6de7646000
04-18 03:16:30.747 I/XWeb.Core.fake_dlfcn(13003): xlogger_IsEnabledFor found at 0x6de767d330
04-18 03:16:30.748 I/XWeb.Core.fake_dlfcn(13003): xlogger_VPrint found at 0x6de767d43c
04-18 03:16:30.748 I/XWeb.Core(13003): [0418/031630.748013:INFO:xweb/xweb_comm/xweb_common_logic.cc:88] [XWEB] initNativeXlog success
04-18 03:16:30.748 I/XWeb.Core(13003): [0418/031630.748043:INFO:xweb/xweb_comm/xweb_common_logic.cc:217] [XWEB_COMMON] CommonLogic g_library_process_type:PROCESS_BROWSER:1
04-18 03:16:30.812 W/libc    (13003): Access denied finding property "ro.vendor.api_level"
04-18 03:16:30.817 I/com.tencent.mm(13003): Background young concurrent copying GC freed 689113(26MB) AllocSpace objects, 46(1588KB) LOS objects, 24% free, 58MB/78MB, paused 308us,358us total 166.536ms
04-18 03:16:30.828 W/System  (13003): A resource failed to call close.
04-18 03:16:30.850 I/XWebSysUtils(13003): setLocalStoragePatthSuffix = com.tencent.mm.619
04-18 03:16:30.969 I/ReactNativeJS(10441): [ZBB INFO] [微信] ⑩: 截图并使用 OCR 查 找"绿城云"...
04-18 03:16:30.982 E/BufferQueueProducer(10441): [ImageReader-720x1600f1m2-10441-0](id:28c900000004,api:1,p:725,c:10441) dequeueBuffer: BufferQueue has been abandoned
04-18 03:16:31.005 I/libc    (16060): SetHeapTaggingLevel: tag level set to 0
04-18 03:16:31.015 E/leged_process_(16060): Not starting debugger since process cannot load the jdwp agent.
04-18 03:16:31.016 D/ProcessState(16060): Binder ioctl to enable oneway spam detection failed: Invalid argument
04-18 03:16:31.053 D/CompatibilityChangeReporter(16060): Compat change id reported: 171979766; UID 10246; state: ENABLED
04-18 03:16:31.065 E/BufferQueueProducer(10441): [ImageReader-720x1600f1m2-10441-0](id:28c900000004,api:1,p:725,c:10441) dequeueBuffer: BufferQueue has been abandoned
04-18 03:16:31.077 D/ApplicationLoaders(16060): Returning zygote-cached class loader: /system/framework/android.test.base.jar
04-18 03:16:31.110 V/GraphicsEnvironment(16060): ANGLE Developer option for 'com.tencent.mm' set to: 'default'
04-18 03:16:31.110 V/GraphicsEnvironment(16060): App is not on the allowlist for updatable production driver.
04-18 03:16:31.111 D/NetworkSecurityConfig(16060): Using Network Security Config from resource b7 debugBuild: false
04-18 03:16:31.112 D/NetworkSecurityConfig(16060): Using Network Security Config from resource b7 debugBuild: false
04-18 03:16:31.139 W/leged_process_(16060): Accessing hidden field Landroid/app/ActivityThread$H;->RELAUNCH_ACTIVITY:I (max-target-o, reflection, denied)
04-18 03:16:31.145 W/leged_process_(16060): Accessing hidden field Landroid/app/ActivityThread$H;->APPLICATION_INFO_CHANGED:I (max-target-o, reflection, denied)
04-18 03:16:31.244 V/NativeCrash(16060): Alternative stack installed.
04-18 03:16:31.244 V/NativeCrash(16060): Signal handler installed.
04-18 03:16:31.264 W/leged_process_0(16060): type=1400 audit(0.0:10342): avc: granted { execute } for path="/data/data/com.tencent.mm/app_xweb_data/xweb_1460055/apk/oat/arm64/base.odex" dev="dm-10" ino=64285 scontext=u:r:untrusted_app:s0:c246,c256,c512,c768 tcontext=u:object_r:app_data_file:s0:c246,c256,c512,c768 tclass=file app=com.tencent.mm
04-18 03:16:31.275 I/XWeb.Core(16060): initResource ts:1776453391274 locales:[af, af_FEMININE, af_MASCULINE, af_NEUTER, am, am_FEMININE, am_MASCULINE, am_NEUTER, ar, ar_FEMININE, ar_MASCULINE, ar_NEUTER, as, as_FEMININE, as_MASCULINE, as_NEUTER, az, az_FEMININE, az_MASCULINE, az_NEUTER, be, be_FEMININE, be_MASCULINE, be_NEUTER, bg, bg_FEMININE, bg_MASCULINE, bg_NEUTER, bn, bn_FEMININE, bn_MASCULINE, bn_NEUTER, bs, bs_FEMININE, bs_MASCULINE, bs_NEUTER, ca, ca_FEMININE, ca_MASCULINE, ca_NEUTER, cs, cs_FEMININE, cs_MASCULINE, cs_NEUTER, da, da_FEMININE, da_MASCULINE, da_NEUTER, de, de_FEMININE, de_MASCULINE, de_NEUTER, el, el_FEMININE, el_MASCULINE, el_NEUTER, en-GB, en-GB_FEMININE, en-GB_MASCULINE, en-GB_NEUTER, en-US, en-US_FEMININE, en-US_MASCULINE, en-US_NEUTER, es, es-419, es-419_FEMININE, es-419_MASCULINE, es-419_NEUTER, es_FEMININE, es_MASCULINE, es_NEUTER, et, et_FEMININE, et_MASCULINE, et_NEUTER, eu, eu_FEMININE, eu_MASCULINE, eu_NEUTER, fa, fa_FEMININE, fa_MASCULINE, fa_NEUTER, fi, fi_FEMININE, fi_MASCULINE, fi_NEUTER, fil, fil_FEMININE, fil_MASCULINE, fil_NEUTER, fr, fr-CA, fr-CA_FEMININE, fr-CA_MASCULINE, fr-CA_NEUTER, fr_FEMININE, fr_MASCULINE, fr_NEUTER, gl, gl_FEMININE, gl_MASCULINE, gl_NEUTER, gu, gu_FEMININE, gu_MASCULINE, gu_NEUTER, he, he_FEMININE, he_MASCULINE, he_NEUTER, hi, hi_FEMININE, hi_MASCULINE, hi_NEUTER, hr, hr_FEMININE, hr_MASCULINE, hr_NEUTER, hu, hu_FEMININE, hu_MASCULINE, hu_NEUTER, hy, hy_FEMININE, hy_MASCULINE, hy_NEUTER, id, id_FEMININE, id_MASCULINE, id_NEUTER, is, is_FEMININE, is_MASCULINE, is_NEUTER, it, it_FEMININE, it_MASCULINE, it_NEUTER, ja, ja_FEMININE, ja_MASCULINE, ja_NEUTER, ka, ka_FEMININE, ka_MASCULINE, ka_NEUTER, kk, kk_FEMININE, kk_MASCULINE, kk_NEUTER, km, km_FEMININE, km_MASCULINE, km_NEUTER, kn, kn_FEMININE, kn_MASCULINE, kn_NEUTER, ko, ko_FEMININE, ko_MASCULINE, ko_NEUTER, ky, ky_FEMININE, ky_MASCULINE, ky_NEUTER, lo, lo_FEMININE, lo_MASCULINE, lo_NEUTER, lt, lt_FEMININE, lt_MASCULINE, lt_NEUTER, lv, lv_FEMININE, lv_MASCULINE, lv_NEUTER, mk, mk_FEMININE, mk_MASCULINE, mk_NEUTER, ml, ml_FEMININE, ml_MASCULINE, ml_NEUTER, mn, mn_FEMININE, mn_MASCULINE, mn_NEUTER, mr, mr_FEMININE, mr_MASCULINE, mr_NEUTER, ms, ms_FEMININE, ms_MASCULINE, ms_NEUTER, my, my_FEMININE, my_MASCULINE, my_NEUTER, nb, nb_FEMININE, nb_MASCULINE, nb_NEUTER, ne, ne_FEMININE, ne_MASCULINE, ne_NEUTER, nl, nl_FEMININE, nl_MASCULINE, nl_NEUTER, or, or_FEMININE, or_MASCULINE, or_NEUTER, pa, pa_FEMININE, pa_MASCULINE, pa_NEUTER, pl, pl_FEMININE, pl_MASCULINE, pl_NEUTER, pt-BR, pt-BR_FEMININE, pt-BR_MASCULINE, pt-BR_NEUTER, pt-PT, pt-PT_FEMININE, pt-PT_MASCULINE, pt-PT_NEUTER, ro, ro_FEMININE, ro_MASCULINE, ro_NEUTER, ru, ru_FEMININE, ru_MASCULINE, ru_NEUTER, si, si_FEMININE, si_MASCULINE, si_NEUTER, sk, sk_FEMININE, sk_MASCULINE, sk_NEUTER, sl, sl_FEMININE, sl_MASCULINE, sl_NEUTER, sq, sq_FEMININE, sq_MASCULINE, sq_NEUTER, sr, sr-Latn, sr-Latn_FEMININE, sr-Latn_MASCULINE, sr-Latn_NEUTER, sr_FEMININE, sr_MASCULINE, sr_NEUTER, sv, sv_FEMININE, sv_MASCULINE, sv_NEUTER, sw, sw_FEMININE, sw_MASCULINE, sw_NEUTER, ta, ta_FEMININE, ta_MASCULINE, ta_NEUTER, te, te_FEMININE, te_MASCULINE, te_NEUTER, th, th_FEMININE, th_MASCULINE, th_NEUTER, tr, tr_FEMININE, tr_MASCULINE, tr_NEUTER, uk, uk_FEMININE, uk_MASCULINE, uk_NEUTER, ur, ur_FEMININE, ur_MASCULINE, ur_NEUTER, uz, uz_FEMININE, uz_MASCULINE, uz_NEUTER, vi, vi_FEMININE, vi_MASCULINE, vi_NEUTER, zh-CN, zh-CN_FEMININE, zh-CN_MASCULINE, zh-CN_NEUTER, zh-HK, zh-HK_FEMININE, zh-HK_MASCULINE, zh-HK_NEUTER, zh-TW, zh-TW_FEMININE, zh-TW_MASCULINE, zh-TW_NEUTER, zu, zu_FEMININE, zu_MASCULINE, zu_NEUTER]
04-18 03:16:31.275 I/XWeb.Core(16060): [XWEB_MULTI_PROCESS_POLICY] ChildProcessService service:com.tencent.xweb.pinus.sdk.process.PrivilegedProcessService0@474002b ts:1776453391275
04-18 03:16:31.276 I/XWeb.Core(16060): loadXWebLibraryInNonIsolatedProcess do nothing now because of ffmpeg.so
04-18 03:16:31.279 I/XWeb.Core(16060): [XWEB_MULTI_PROCESS_POLICY] onCreate, creating new ChildProcessService pid=16060
04-18 03:16:31.280 I/XWeb.Core(16060): [XWEB_MULTI_PROCESS_POLICY] onBind mServiceBound:false ts:1776453391279
04-18 03:16:31.280 I/XWeb.Core(16060): loadXWebLibraryInNonIsolatedProcess, from runtime, start
04-18 03:16:31.280 I/XWeb.Core(16060): loadXWebLibraryInNonIsolatedProcess load:/data/user/0/com.tencent.mm/app_xweb_data/xweb_1460055/extracted_xwalkcore/libWXAMSDK.so
04-18 03:16:31.281 I/XWeb.Core(16060): [XWEB_MULTI_PROCESS_POLICY] mainThreadMain pid:16060 ts:1776453391281
04-18 03:16:31.282 I/XWeb.Core(16060): loadXWebLibraryInNonIsolatedProcess, from runtime, start
04-18 03:16:31.282 I/XWeb.Core(16060): loadXWebLibraryInNonIsolatedProcess load:/data/user/0/com.tencent.mm/app_xweb_data/xweb_1460055/extracted_xwalkcore/libffmpeg.so
04-18 03:16:31.283 I/XWeb.Core(16060): loadXWebLibraryInNonIsolatedProcess load:/data/user/0/com.tencent.mm/app_xweb_data/xweb_1460055/extracted_xwalkcore/libxwebcore.so
04-18 03:16:31.291 I/XWeb.Core(16060): [0418/031631.291089:INFO:xweb/xweb_pinus/lib/webview_entry_point.cc:38] JNI_OnLoad start register jni
04-18 03:16:31.291 I/XWeb.Core(16060): [0418/031631.291610:INFO:xweb/xweb_pinus/lib/webview_entry_point.cc:44] JNI_OnLoad end
04-18 03:16:31.291 I/XWeb.Core(16060): loadXWebLibraryInNonIsolatedProcess, finish
04-18 03:16:31.291 I/XWeb.Core(16060): setCustomFontInChildProcess serviceName:com.tencent.xweb.pinus.sdk.process.PrivilegedProcessService0, processType:gpu-process
04-18 03:16:31.296 I/XWeb.Core(16060): [XWEB_MULTI_PROCESS_POLICY] bindToCaller, clazz:dalvik.system.DexClassLoader[DexPathList[[zip file "/data/user/0/com.tencent.mm/app_xweb_data/xweb_1460055/apk/base.apk"],nativeLibraryDirectories=[/data/user/0/com.tencent.mm/app_xweb_data/xweb_1460055/extracted_xwalkcore, /system/lib64, /system/system_ext/lib64]]]103215972
04-18 03:16:31.310 I/XWeb.Core(16060): [XWEB_MULTI_PROCESS_POLICY] setupConnection ts:1776453391310
04-18 03:16:31.311 I/XWeb.Core(16060): [0418/031631.311162:INFO:xweb/xweb_pinus/lib/webview_jni_onload.cc:20] OnJNIOnLoadInit
04-18 03:16:31.315 E/XWeb.Core.fake_dlfcn(16060):  not found in my userspace
04-18 03:16:31.315 E/XWeb.Core(16060): [0418/031631.315714:ERROR:xweb/xweb_comm/xweb_common_logic.cc:74] [XWEB] initNativeXlog fake_dlopen fail
04-18 03:16:31.315 I/XWeb.Core(16060): [0418/031631.315761:INFO:xweb/xweb_comm/xweb_common_logic.cc:219] [XWEB_COMMON] CommonLogic g_library_process_type:PROCESS_CHILD:4
04-18 03:16:31.315 I/XWeb.Core(16060): [0418/031631.315937:INFO:xweb/xweb_pinus/lib/webview_jni_onload.cc:24] OnJNIOnLoadInit end
04-18 03:16:31.317 I/XWeb.Core(16060): [0418/031631.317830:INFO:xweb/xweb_comm/modules/proxy_detail/proxy_detail_config.cc:44] [XWEB_PROXY_DETAIL] ProxyDetailConfig, enable_log_all_ is false
04-18 03:16:31.318 I/XWeb.Core(16060): [0418/031631.318287:INFO:base/files/memory_mapped_file_posix.cc:105] [XWEB_MULTI_PROCESS] mmap file, file_path:93, map_start:28672, map_size:9248768, data_offset:3940, flags:1
04-18 03:16:31.318 I/XWeb.Core(16060): [0418/031631.318456:INFO:base/i18n/icu_util.cc:310] [XWEB_RESOURCES_FIX] |InitializeICUWithFileDescriptorInternal|. err: 0
04-18 03:16:31.319 E/XWeb.Core(16060): [0418/031631.319659:ERROR:base/i18n/rtl.cc:160] Failed to set the ICU default locale to . Falling back to en-US.
04-18 03:16:31.320 W/XWeb.Core(16060): [0418/031631.320581:WARNING:xweb_tracing_config.cc:22] [XWEB_COMP_HW_PERFETTO] xweb_comp_hw_perfetto:0
04-18 03:16:31.336 I/XWeb.Core(16060): [0418/031631.336859:INFO:ui/gl/gl_switches.cc:297] [XWEB_DEFAULT_ANGLE_VULKAN_FIX] |IsDefaultANGLEVulkan| base::FeatureList::IsEnabled(kDefaultANGLEVulkan): 0
04-18 03:16:31.338 I/encent.mm:patc(14430): Background concurrent copying GC freed 14764(994KB) AllocSpace objects, 23(35MB) LOS objects, 28% free, 58MB/82MB, paused 156us,80us total 154.278ms
04-18 03:16:31.349 D/hw-ProcessState(16060): Binder ioctl to enable oneway spam detection failed: Invalid argument
04-18 03:16:31.391 I/XWeb.Core(16060): [0418/031631.390921:INFO:xweb/xweb_base/modules/gpu_workarounds/xweb_gpu_workarounds.cc:23] [XWEB_GPU_WORKAROUNDS] has switch kXwebGpuWorkarounds, GetSwitchValueASCII, cl_string:{"features":["use_virtualized_gl_contexts"],"gl_renderer":"Maleoon.*","gl_vendor":"HUAWEI"}
04-18 03:16:31.391 I/XWeb.Core(16060): [0418/031631.391150:INFO:xweb/xweb_base/modules/gpu_workarounds/xweb_gpu_workarounds.cc:38] [XWEB_GPU_WORKAROUNDS] feature: use_virtualized_gl_contexts
04-18 03:16:31.391 I/XWeb.Core(16060): [0418/031631.391213:INFO:xweb/xweb_base/modules/gpu_workarounds/xweb_gpu_workarounds.cc:45] [XWEB_GPU_WORKAROUNDS] value for renderer_string: Maleoon.*
04-18 03:16:31.391 I/XWeb.Core(16060): [0418/031631.391265:INFO:xweb/xweb_base/modules/gpu_workarounds/xweb_gpu_workarounds.cc:50] [XWEB_GPU_WORKAROUNDS] value for vendor_string: HUAWEI
04-18 03:16:31.391 I/XWeb.Core(16060): [0418/031631.391310:INFO:gpu/config/gpu_util.cc:91] [XWEB_GPU_WORKAROUNDS] gpu_info.gl_vendor:ARM, gpu_info.gl_renderer:Mali-G57 MC2
04-18 03:16:31.391 I/XWeb.Core(16060): [0418/031631.391357:INFO:gpu/config/gpu_util.cc:104] [XWEB_GPU_WORKAROUNDS] regex not match
04-18 03:16:31.404 I/XWeb.Core(16060): [0418/031631.403946:INFO:xweb/xweb_comm/gpu/xweb_content_gpu_client.cc:84] [XWEB_COMMON] logging::SetLogMessageHandler gpu XWeblogHandler
04-18 03:16:31.406 I/XWeb.Core(16060): [0418/031631.404862:INFO:xweb/xweb_comm/gpu/xweb_content_gpu_client.cc:89] [XWEB_COMMON] royle-sameLayer XWebContentGpuClient::GpuServiceInitialized in_process_gpu_:0, com.tencent.mm:xweb_privileged_process_0, thread name:CrGpuMain
04-18 03:16:31.406 I/XWeb.Core(16060): [0418/031631.406245:INFO:xweb/xweb_comm/modules/same_layer/extend_plugin_peer.cc:60] [XWEB_SAME_LAYER] royle-sameLayer ExtendPluginPeer::ExtendPluginPeer process_type:gpu-process, in_process_gpu_:0
04-18 03:16:31.406 W/libc    (16060): Access denied finding property "ro.vendor.api_level"
04-18 03:16:31.532 E/BufferQueueProducer(10441): [ImageReader-720x1600f1m2-10441-0](id:28c900000004,api:1,p:725,c:10441) dequeueBuffer: BufferQueue has been abandoned
04-18 03:16:31.548 E/BufferQueueProducer(10441): [ImageReader-720x1600f1m2-10441-0](id:28c900000004,api:1,p:725,c:10441) dequeueBuffer: BufferQueue has been abandoned
04-18 03:16:31.564 E/BufferQueueProducer(10441): [ImageReader-720x1600f1m2-10441-0](id:28c900000004,api:1,p:725,c:10441) dequeueBuffer: BufferQueue has been abandoned
04-18 03:16:31.581 E/BufferQueueProducer(10441): [ImageReader-720x1600f1m2-10441-0](id:28c900000004,api:1,p:725,c:10441) dequeueBuffer: BufferQueue has been abandoned
04-18 03:16:31.598 E/BufferQueueProducer(10441): [ImageReader-720x1600f1m2-10441-0](id:28c900000004,api:1,p:725,c:10441) dequeueBuffer: BufferQueue has been abandoned
04-18 03:16:31.614 E/BufferQueueProducer(10441): [ImageReader-720x1600f1m2-10441-0](id:28c900000004,api:1,p:725,c:10441) dequeueBuffer: BufferQueue has been abandoned
04-18 03:16:31.631 E/BufferQueueProducer(10441): [ImageReader-720x1600f1m2-10441-0](id:28c900000004,api:1,p:725,c:10441) dequeueBuffer: BufferQueue has been abandoned
04-18 03:16:31.648 E/BufferQueueProducer(10441): [ImageReader-720x1600f1m2-10441-0](id:28c900000004,api:1,p:725,c:10441) dequeueBuffer: BufferQueue has been abandoned
04-18 03:16:31.665 E/BufferQueueProducer(10441): [ImageReader-720x1600f1m2-10441-0](id:28c900000004,api:1,p:725,c:10441) dequeueBuffer: BufferQueue has been abandoned
04-18 03:16:31.681 E/BufferQueueProducer(10441): [ImageReader-720x1600f1m2-10441-0](id:28c900000004,api:1,p:725,c:10441) dequeueBuffer: BufferQueue has been abandoned
04-18 03:16:31.698 E/BufferQueueProducer(10441): [ImageReader-720x1600f1m2-10441-0](id:28c900000004,api:1,p:725,c:10441) dequeueBuffer: BufferQueue has been abandoned
04-18 03:16:31.714 E/BufferQueueProducer(10441): [ImageReader-720x1600f1m2-10441-0](id:28c900000004,api:1,p:725,c:10441) dequeueBuffer: BufferQueue has been abandoned
04-18 03:16:31.731 E/BufferQueueProducer(10441): [ImageReader-720x1600f1m2-10441-0](id:28c900000004,api:1,p:725,c:10441) dequeueBuffer: BufferQueue has been abandoned
04-18 03:16:31.748 E/BufferQueueProducer(10441): [ImageReader-720x1600f1m2-10441-0](id:28c900000004,api:1,p:725,c:10441) dequeueBuffer: BufferQueue has been abandoned
04-18 03:16:31.764 E/BufferQueueProducer(10441): [ImageReader-720x1600f1m2-10441-0](id:28c900000004,api:1,p:725,c:10441) dequeueBuffer: BufferQueue has been abandoned
04-18 03:16:31.766 I/com.tencent.mm(13003): Background young concurrent copying GC freed 619676(22MB) AllocSpace objects, 80(2616KB) LOS objects, 22% free, 60MB/78MB, paused 213us,212us total 164.059ms
04-18 03:16:31.781 E/BufferQueueProducer(10441): [ImageReader-720x1600f1m2-10441-0](id:28c900000004,api:1,p:725,c:10441) dequeueBuffer: BufferQueue has been abandoned
04-18 03:16:31.798 E/BufferQueueProducer(10441): [ImageReader-720x1600f1m2-10441-0](id:28c900000004,api:1,p:725,c:10441) dequeueBuffer: BufferQueue has been abandoned
04-18 03:16:31.814 E/BufferQueueProducer(10441): [ImageReader-720x1600f1m2-10441-0](id:28c900000004,api:1,p:725,c:10441) dequeueBuffer: BufferQueue has been abandoned
04-18 03:16:31.831 E/BufferQueueProducer(10441): [ImageReader-720x1600f1m2-10441-0](id:28c900000004,api:1,p:725,c:10441) dequeueBuffer: BufferQueue has been abandoned
04-18 03:16:31.848 E/BufferQueueProducer(10441): [ImageReader-720x1600f1m2-10441-0](id:28c900000004,api:1,p:725,c:10441) dequeueBuffer: BufferQueue has been abandoned
04-18 03:16:31.864 E/BufferQueueProducer(10441): [ImageReader-720x1600f1m2-10441-0](id:28c900000004,api:1,p:725,c:10441) dequeueBuffer: BufferQueue has been abandoned
04-18 03:16:31.881 E/BufferQueueProducer(10441): [ImageReader-720x1600f1m2-10441-0](id:28c900000004,api:1,p:725,c:10441) dequeueBuffer: BufferQueue has been abandoned
04-18 03:16:31.897 E/BufferQueueProducer(10441): [ImageReader-720x1600f1m2-10441-0](id:28c900000004,api:1,p:725,c:10441) dequeueBuffer: BufferQueue has been abandoned
04-18 03:16:31.914 E/BufferQueueProducer(10441): [ImageReader-720x1600f1m2-10441-0](id:28c900000004,api:1,p:725,c:10441) dequeueBuffer: BufferQueue has been abandoned
04-18 03:16:31.931 E/BufferQueueProducer(10441): [ImageReader-720x1600f1m2-10441-0](id:28c900000004,api:1,p:725,c:10441) dequeueBuffer: BufferQueue has been abandoned
04-18 03:16:31.947 E/BufferQueueProducer(10441): [ImageReader-720x1600f1m2-10441-0](id:28c900000004,api:1,p:725,c:10441) dequeueBuffer: BufferQueue has been abandoned
04-18 03:16:31.964 E/BufferQueueProducer(10441): [ImageReader-720x1600f1m2-10441-0](id:28c900000004,api:1,p:725,c:10441) dequeueBuffer: BufferQueue has been abandoned
04-18 03:16:32.047 E/BufferQueueProducer(10441): [ImageReader-720x1600f1m2-10441-0](id:28c900000004,api:1,p:725,c:10441) dequeueBuffer: BufferQueue has been abandoned
04-18 03:16:32.197 E/BufferQueueProducer(10441): [ImageReader-720x1600f1m2-10441-0](id:28c900000004,api:1,p:725,c:10441) dequeueBuffer: BufferQueue has been abandoned
04-18 03:16:32.280 E/BufferQueueProducer(10441): [ImageReader-720x1600f1m2-10441-0](id:28c900000004,api:1,p:725,c:10441) dequeueBuffer: BufferQueue has been abandoned
04-18 03:16:32.926 W/MediaCodec-JNI(16060): pid:16060,client name:com.tencent.mm:xweb_privileged_process_0
04-18 03:16:32.938 W/AudioCapabilities(16060): Unsupported mime audio/x-ms-wma
04-18 03:16:32.938 W/AudioCapabilities(16060): Unsupported mime audio/x-ms-wma
04-18 03:16:32.938 W/AudioCapabilities(16060): Unsupported mime audio/mpeg-L1
04-18 03:16:32.938 W/AudioCapabilities(16060): Unsupported mime audio/mpeg-L2
04-18 03:16:32.938 W/AudioCapabilities(16060): Unsupported mime audio/mpeg-L1
04-18 03:16:32.939 W/AudioCapabilities(16060): Unsupported mime audio/mpeg-L2
04-18 03:16:32.939 W/AudioCapabilities(16060): Unsupported mime audio/ra
04-18 03:16:32.939 W/AudioCapabilities(16060): Unsupported mime audio/ra
04-18 03:16:32.939 W/AudioCapabilities(16060): Unsupported mime audio/alac
04-18 03:16:32.939 W/AudioCapabilities(16060): Unsupported mime audio/alac
04-18 03:16:32.939 W/AudioCapabilities(16060): Unsupported mime audio/ape
04-18 03:16:32.939 W/AudioCapabilities(16060): Unsupported mime audio/x-ape
04-18 03:16:32.939 W/AudioCapabilities(16060): Unsupported mime audio/ape
04-18 03:16:32.939 W/AudioCapabilities(16060): Unsupported mime audio/x-ape
04-18 03:16:32.939 W/AudioCapabilities(16060): Unsupported mime audio/adpcm
04-18 03:16:32.939 W/AudioCapabilities(16060): Unsupported mime audio/x-ms-adpcm
04-18 03:16:32.940 W/AudioCapabilities(16060): Unsupported mime audio/pcm
04-18 03:16:32.940 W/AudioCapabilities(16060): Unsupported mime audio/pcm
04-18 03:16:32.940 W/AudioCapabilities(16060): Unsupported mime audio/dsd
04-18 03:16:32.940 W/AudioCapabilities(16060): Unsupported mime audio/dsd
04-18 03:16:32.940 W/VideoCapabilities(16060): Unsupported mime video/rv
04-18 03:16:32.940 W/VideoCapabilities(16060): Unsupported mime video/rv
04-18 03:16:32.941 W/VideoCapabilities(16060): Unsupported mime video/x-ms-wmv
04-18 03:16:32.941 W/VideoCapabilities(16060): Unsupported mime video/x-ms-wmv2
04-18 03:16:32.941 W/VideoCapabilities(16060): Unsupported mime video/x-ms-wmv
04-18 03:16:32.941 W/VideoCapabilities(16060): Unsupported mime video/x-ms-wmv2
04-18 03:16:32.941 W/VideoCapabilities(16060): Unsupported mime video/divx3
04-18 03:16:32.941 W/VideoCapabilities(16060): Unsupported mime video/divx3
04-18 03:16:32.941 W/VideoCapabilities(16060): Unsupported mime video/flv1
04-18 03:16:32.941 W/VideoCapabilities(16060): Unsupported mime video/x-flv
04-18 03:16:32.941 W/VideoCapabilities(16060): Unsupported mime video/flv1
04-18 03:16:32.942 W/VideoCapabilities(16060): Unsupported mime video/x-flv
04-18 03:16:32.942 W/VideoCapabilities(16060): Unsupported mime video/mjpeg
04-18 03:16:32.942 W/VideoCapabilities(16060): Unsupported mime video/x-motion-jpeg
04-18 03:16:32.942 W/VideoCapabilities(16060): Unsupported mime video/mjpeg
04-18 03:16:32.942 W/VideoCapabilities(16060): Unsupported mime video/x-motion-jpeg
04-18 03:16:32.942 W/AudioCapabilities(16060): Unsupported mime audio/x-adpcm-dvi-ima
04-18 03:16:32.942 W/AudioCapabilities(16060): Unsupported mime audio/x-adpcm-dvi-ima
04-18 03:16:32.943 W/AudioCapabilities(16060): Unsupported mime audio/x-adpcm-ms
04-18 03:16:32.943 W/AudioCapabilities(16060): Unsupported mime audio/x-adpcm-ms
04-18 03:16:32.943 W/AudioCapabilities(16060): Unsupported mime audio/alac
04-18 03:16:32.943 W/AudioCapabilities(16060): Unsupported mime audio/alac
04-18 03:16:32.943 W/AudioCapabilities(16060): Unsupported mime audio/ape
04-18 03:16:32.943 W/AudioCapabilities(16060): Unsupported mime audio/ape
04-18 03:16:32.946 W/VideoCapabilities(16060): Unsupported mime image/vnd.android.heic
04-18 03:16:32.946 W/VideoCapabilities(16060): Unsupported mime image/vnd.android.heic
04-18 03:16:32.946 W/VideoCapabilities(16060): Unsupported mime image/vnd.android.heic
04-18 03:16:32.947 W/VideoCapabilities(16060): Unsupported mime video/x-ms-wmv
04-18 03:16:32.947 W/VideoCapabilities(16060): Unsupported mime video/x-ms-wmv
04-18 03:16:33.817 W/System  (13003): A resource failed to call close.
04-18 03:16:33.817 W/System  (13003): A resource failed to call close.
04-18 03:16:33.817 W/System  (13003): A resource failed to call close.
04-18 03:16:33.818 W/System  (13003): A resource failed to call close.
04-18 03:16:33.818 W/System  (13003): A resource failed to call close.
04-18 03:16:33.818 W/System  (13003): A resource failed to call close.
04-18 03:16:33.973 D/AccessibilityServiceImpl(10441): 已清除无效的 MediaProjection 权限
04-18 03:16:33.975 I/ReactNativeJS(10441): [ZBB WARN] [微信] ⑩: 截图权限无效，请求授权...
04-18 03:16:33.976 I/ReactNativeJS(10441): [ZBB] 请求 MediaProjection 权限...
04-18 03:16:33.978 D/AutomationModule(10441): >>> 没有保存的 MediaProjection 权限
04-18 03:16:33.986 D/MediaProjectionService(10441): 前台服务启动命令已发送
04-18 03:16:34.002 I/BufferQueueConsumer(10441): [](id:28c900000005,api:0,p:-1,c:10441) connect: controlledByApp=true
04-18 03:16:34.079 E/BufferQueueProducer(10441): [ImageReader-720x1600f1m2-10441-0](id:28c900000004,api:1,p:725,c:10441) dequeueBuffer: BufferQueue has been abandoned
04-18 03:16:34.097 I/Choreographer(10441): Skipped 187 frames!  The application may be doing too much work on its main thread.
04-18 03:16:34.103 D/AccessibilityServiceImpl(10441): 收到无障碍事件类型: 2048
04-18 03:16:34.103 D/AccessibilityServiceImpl(10441): 窗口内容变化
04-18 03:16:34.103 D/AccessibilityServiceImpl(10441): 收到无障碍事件类型: 2048
04-18 03:16:34.103 D/AccessibilityServiceImpl(10441): 窗口内容变化
04-18 03:16:34.104 D/AccessibilityServiceImpl(10441): 收到无障碍事件类型: 2048
04-18 03:16:34.104 D/AccessibilityServiceImpl(10441): 窗口内容变化
04-18 03:16:34.105 D/MediaProjectionService(10441): 前台服务 onStartCommand, action: null
04-18 03:16:34.105 D/MediaProjectionService(10441): 前台服务正常启动
04-18 03:16:34.105 D/AccessibilityServiceImpl(10441): 前台服务已就绪
04-18 03:16:34.114 E/BufferQueueProducer(10441): [ImageReader-720x1600f1m2-10441-0](id:28c900000004,api:1,p:725,c:10441) dequeueBuffer: BufferQueue has been abandoned
04-18 03:16:34.116 I/OpenGLRenderer(10441): Davey! duration=3127ms; Flags=0, FrameTimelineVsyncId=41074, IntendedVsync=739623442660, Vsync=742740109389, InputEventId=0, HandleInputStart=742743476427, AnimationStart=742743479197, PerformTraversalsStart=742744765043, DrawStart=742744889966, FrameDeadline=739643442660, FrameInterval=742743323504, FrameStartTime=16666667, SyncQueued=742744931504, SyncStart=742745010812, IssueDrawCommandsStart=742745087427, SwapBuffers=742746910581, FrameCompleted=742751253043, DequeueBufferDuration=32308, QueueBufferDuration=634077, GpuCompleted=742750396043, SwapBuffersCompleted=742751253043, DisplayPresentTime=0,
04-18 03:16:34.119 D/Linux   (10441): [Posix_connect Debug]Process com.zbb.automation :8081
04-18 03:16:34.145 E/BufferQueueProducer(10441): [ImageReader-720x1600f1m2-10441-0](id:28c900000004,api:1,p:725,c:10441) dequeueBuffer: BufferQueue has been abandoned
04-18 03:16:34.165 E/BufferQueueProducer(10441): [ImageReader-720x1600f1m2-10441-0](id:28c900000004,api:1,p:725,c:10441) dequeueBuffer: BufferQueue has been abandoned
04-18 03:16:34.181 E/BufferQueueProducer(10441): [ImageReader-720x1600f1m2-10441-0](id:28c900000004,api:1,p:725,c:10441) dequeueBuffer: BufferQueue has been abandoned
04-18 03:16:34.196 E/BufferQueueProducer(10441): [ImageReader-720x1600f1m2-10441-0](id:28c900000004,api:1,p:725,c:10441) dequeueBuffer: BufferQueue has been abandoned
04-18 03:16:34.211 E/BufferQueueProducer(10441): [ImageReader-720x1600f1m2-10441-0](id:28c900000004,api:1,p:725,c:10441) dequeueBuffer: BufferQueue has been abandoned
04-18 03:16:34.228 E/BufferQueueProducer(10441): [ImageReader-720x1600f1m2-10441-0](id:28c900000004,api:1,p:725,c:10441) dequeueBuffer: BufferQueue has been abandoned
04-18 03:16:34.247 E/BufferQueueProducer(10441): [ImageReader-720x1600f1m2-10441-0](id:28c900000004,api:1,p:725,c:10441) dequeueBuffer: BufferQueue has been abandoned
04-18 03:16:34.262 E/BufferQueueProducer(10441): [ImageReader-720x1600f1m2-10441-0](id:28c900000004,api:1,p:725,c:10441) dequeueBuffer: BufferQueue has been abandoned
04-18 03:16:34.279 E/BufferQueueProducer(10441): [ImageReader-720x1600f1m2-10441-0](id:28c900000004,api:1,p:725,c:10441) dequeueBuffer: BufferQueue has been abandoned
04-18 03:16:34.298 E/BufferQueueProducer(10441): [ImageReader-720x1600f1m2-10441-0](id:28c900000004,api:1,p:725,c:10441) dequeueBuffer: BufferQueue has been abandoned
04-18 03:16:34.315 E/BufferQueueProducer(10441): [ImageReader-720x1600f1m2-10441-0](id:28c900000004,api:1,p:725,c:10441) dequeueBuffer: BufferQueue has been abandoned
04-18 03:16:34.329 E/BufferQueueProducer(10441): [ImageReader-720x1600f1m2-10441-0](id:28c900000004,api:1,p:725,c:10441) dequeueBuffer: BufferQueue has been abandoned
04-18 03:16:34.345 E/BufferQueueProducer(10441): [ImageReader-720x1600f1m2-10441-0](id:28c900000004,api:1,p:725,c:10441) dequeueBuffer: BufferQueue has been abandoned
04-18 03:16:34.362 E/BufferQueueProducer(10441): [ImageReader-720x1600f1m2-10441-0](id:28c900000004,api:1,p:725,c:10441) dequeueBuffer: BufferQueue has been abandoned
04-18 03:16:34.378 E/BufferQueueProducer(10441): [ImageReader-720x1600f1m2-10441-0](id:28c900000004,api:1,p:725,c:10441) dequeueBuffer: BufferQueue has been abandoned
04-18 03:16:34.395 E/BufferQueueProducer(10441): [ImageReader-720x1600f1m2-10441-0](id:28c900000004,api:1,p:725,c:10441) dequeueBuffer: BufferQueue has been abandoned
04-18 03:16:34.412 E/BufferQueueProducer(10441): [ImageReader-720x1600f1m2-10441-0](id:28c900000004,api:1,p:725,c:10441) dequeueBuffer: BufferQueue has been abandoned
04-18 03:16:34.428 E/BufferQueueProducer(10441): [ImageReader-720x1600f1m2-10441-0](id:28c900000004,api:1,p:725,c:10441) dequeueBuffer: BufferQueue has been abandoned
04-18 03:16:34.445 E/BufferQueueProducer(10441): [ImageReader-720x1600f1m2-10441-0](id:28c900000004,api:1,p:725,c:10441) dequeueBuffer: BufferQueue has been abandoned
04-18 03:16:34.462 E/BufferQueueProducer(10441): [ImageReader-720x1600f1m2-10441-0](id:28c900000004,api:1,p:725,c:10441) dequeueBuffer: BufferQueue has been abandoned
04-18 03:16:34.478 E/BufferQueueProducer(10441): [ImageReader-720x1600f1m2-10441-0](id:28c900000004,api:1,p:725,c:10441) dequeueBuffer: BufferQueue has been abandoned
04-18 03:16:34.495 E/BufferQueueProducer(10441): [ImageReader-720x1600f1m2-10441-0](id:28c900000004,api:1,p:725,c:10441) dequeueBuffer: BufferQueue has been abandoned
04-18 03:16:34.545 E/BufferQueueProducer(10441): [ImageReader-720x1600f1m2-10441-0](id:28c900000004,api:1,p:725,c:10441) dequeueBuffer: BufferQueue has been abandoned
04-18 03:16:34.562 E/BufferQueueProducer(10441): [ImageReader-720x1600f1m2-10441-0](id:28c900000004,api:1,p:725,c:10441) dequeueBuffer: BufferQueue has been abandoned
04-18 03:16:34.565 D/AutomationModule(10441): >>> 已发起 MediaProjection 权限请求
04-18 03:16:34.579 E/BufferQueueProducer(10441): [ImageReader-720x1600f1m2-10441-0](id:28c900000004,api:1,p:725,c:10441) dequeueBuffer: BufferQueue has been abandoned
04-18 03:16:34.594 E/BufferQueueProducer(10441): [ImageReader-720x1600f1m2-10441-0](id:28c900000004,api:1,p:725,c:10441) dequeueBuffer: BufferQueue has been abandoned
04-18 03:16:34.611 E/BufferQueueProducer(10441): [ImageReader-720x1600f1m2-10441-0](id:28c900000004,api:1,p:725,c:10441) dequeueBuffer: BufferQueue has been abandoned
04-18 03:16:34.623 E/FA      (13003): Task exception on worker thread: java.lang.IllegalStateException: AppMeasurement is not initialized: com.google.android.gms.internal.measurement.zzgl.zzch(Unknown Source:9)
04-18 03:16:34.628 E/BufferQueueProducer(10441): [ImageReader-720x1600f1m2-10441-0](id:28c900000004,api:1,p:725,c:10441) dequeueBuffer: BufferQueue has been abandoned
04-18 03:16:34.710 E/BufferQueueProducer(10441): [ImageReader-720x1600f1m2-10441-0](id:28c900000004,api:1,p:725,c:10441) dequeueBuffer: BufferQueue has been abandoned
04-18 03:16:34.729 E/BufferQueueProducer(10441): [ImageReader-720x1600f1m2-10441-0](id:28c900000004,api:1,p:725,c:10441) dequeueBuffer: BufferQueue has been abandoned
04-18 03:16:34.730 I/BufferQueueConsumer(10441): [](id:28c900000006,api:0,p:-1,c:10441) connect: controlledByApp=false
04-18 03:16:34.730 I/BLASTBufferQueue(10441): [ViewRootImpl[MainActivity]#4] constructor()
04-18 03:16:34.732 I/BufferQueueProducer(10441): [ViewRootImpl[MainActivity]#4(BLAST Consumer)4](id:28c900000006,api:1,p:10441,c:10441) connect: api=1 producerControlledByApp=true
04-18 03:16:34.745 E/BufferQueueProducer(10441): [ImageReader-720x1600f1m2-10441-0](id:28c900000004,api:1,p:725,c:10441) dequeueBuffer: BufferQueue has been abandoned
04-18 03:16:34.762 E/BufferQueueProducer(10441): [ImageReader-720x1600f1m2-10441-0](id:28c900000004,api:1,p:725,c:10441) dequeueBuffer: BufferQueue has been abandoned
04-18 03:16:34.796 E/BufferQueueProducer(10441): [ImageReader-720x1600f1m2-10441-0](id:28c900000004,api:1,p:725,c:10441) dequeueBuffer: BufferQueue has been abandoned
04-18 03:16:34.812 E/BufferQueueProducer(10441): [ImageReader-720x1600f1m2-10441-0](id:28c900000004,api:1,p:725,c:10441) dequeueBuffer: BufferQueue has been abandoned
04-18 03:16:34.829 E/BufferQueueProducer(10441): [ImageReader-720x1600f1m2-10441-0](id:28c900000004,api:1,p:725,c:10441) dequeueBuffer: BufferQueue has been abandoned
04-18 03:16:34.835 D/AccessibilityServiceImpl(10441): 收到无障碍事件类型: 32
04-18 03:16:34.835 D/AccessibilityServiceImpl(10441): 窗口变化: com.zbb.automation.MainActivity
04-18 03:16:34.845 E/BufferQueueProducer(10441): [ImageReader-720x1600f1m2-10441-0](id:28c900000004,api:1,p:725,c:10441) dequeueBuffer: BufferQueue has been abandoned
04-18 03:16:34.858 D/BoundBrokerSvc( 4266): onBind: Intent { act=com.google.android.gms.measurement.START pkg=com.google.android.gms }
04-18 03:16:34.858 D/BoundBrokerSvc( 4266): Loading bound service for intent: Intent { act=com.google.android.gms.measurement.START pkg=com.google.android.gms }
04-18 03:16:34.862 E/BufferQueueProducer(10441): [ImageReader-720x1600f1m2-10441-0](id:28c900000004,api:1,p:725,c:10441) dequeueBuffer: BufferQueue has been abandoned
04-18 03:16:34.879 E/BufferQueueProducer(10441): [ImageReader-720x1600f1m2-10441-0](id:28c900000004,api:1,p:725,c:10441) dequeueBuffer: BufferQueue has been abandoned
