04-18 03:16:34.895 E/BufferQueueProducer(10441): [ImageReader-720x1600f1m2-10441-0](id:28c900000004,api:1,p:725,c:10441) dequeueBuffer: BufferQueue has been abandoned
04-18 03:16:34.928 E/BufferQueueProducer(10441): [ImageReader-720x1600f1m2-10441-0](id:28c900000004,api:1,p:725,c:10441) dequeueBuffer: BufferQueue has been abandoned
04-18 03:16:34.947 E/BufferQueueProducer(10441): [ImageReader-720x1600f1m2-10441-0](id:28c900000004,api:1,p:725,c:10441) dequeueBuffer: BufferQueue has been abandoned
04-18 03:16:34.962 E/BufferQueueProducer(10441): [ImageReader-720x1600f1m2-10441-0](id:28c900000004,api:1,p:725,c:10441) dequeueBuffer: BufferQueue has been abandoned
04-18 03:16:34.980 E/BufferQueueProducer(10441): [ImageReader-720x1600f1m2-10441-0](id:28c900000004,api:1,p:725,c:10441) dequeueBuffer: BufferQueue has been abandoned
04-18 03:16:34.985 D/AccessibilityServiceImpl(10441): 收到无障碍事件类型: 32
04-18 03:16:34.985 D/AccessibilityServiceImpl(10441): 窗口变化: com.android.systemui.media.MediaProjectionPermissionActivity
04-18 03:16:34.993 I/ActivityTaskManager( 1300): Displayed com.android.systemui/.media.MediaProjectionPermissionActivity: +402ms
04-18 03:16:34.996 E/BufferQueueProducer(10441): [ImageReader-720x1600f1m2-10441-0](id:28c900000004,api:1,p:725,c:10441) dequeueBuffer: BufferQueue has been abandoned
04-18 03:16:35.012 E/BufferQueueProducer(10441): [ImageReader-720x1600f1m2-10441-0](id:28c900000004,api:1,p:725,c:10441) dequeueBuffer: BufferQueue has been abandoned
04-18 03:16:35.029 E/BufferQueueProducer(10441): [ImageReader-720x1600f1m2-10441-0](id:28c900000004,api:1,p:725,c:10441) dequeueBuffer: BufferQueue has been abandoned
04-18 03:16:35.045 E/BufferQueueProducer(10441): [ImageReader-720x1600f1m2-10441-0](id:28c900000004,api:1,p:725,c:10441) dequeueBuffer: BufferQueue has been abandoned
04-18 03:16:35.062 E/BufferQueueProducer(10441): [ImageReader-720x1600f1m2-10441-0](id:28c900000004,api:1,p:725,c:10441) dequeueBuffer: BufferQueue has been abandoned
04-18 03:16:35.079 E/BufferQueueProducer(10441): [ImageReader-720x1600f1m2-10441-0](id:28c900000004,api:1,p:725,c:10441) dequeueBuffer: BufferQueue has been abandoned
04-18 03:16:35.094 E/BufferQueueProducer(10441): [ImageReader-720x1600f1m2-10441-0](id:28c900000004,api:1,p:725,c:10441) dequeueBuffer: BufferQueue has been abandoned
04-18 03:16:35.112 E/BufferQueueProducer(10441): [ImageReader-720x1600f1m2-10441-0](id:28c900000004,api:1,p:725,c:10441) dequeueBuffer: BufferQueue has been abandoned
04-18 03:16:35.130 E/BufferQueueProducer(10441): [ImageReader-720x1600f1m2-10441-0](id:28c900000004,api:1,p:725,c:10441) dequeueBuffer: BufferQueue has been abandoned
04-18 03:16:35.145 E/BufferQueueProducer(10441): [ImageReader-720x1600f1m2-10441-0](id:28c900000004,api:1,p:725,c:10441) dequeueBuffer: BufferQueue has been abandoned
04-18 03:16:35.163 E/BufferQueueProducer(10441): [ImageReader-720x1600f1m2-10441-0](id:28c900000004,api:1,p:725,c:10441) dequeueBuffer: BufferQueue has been abandoned
04-18 03:16:35.179 E/BufferQueueProducer(10441): [ImageReader-720x1600f1m2-10441-0](id:28c900000004,api:1,p:725,c:10441) dequeueBuffer: BufferQueue has been abandoned
04-18 03:16:35.196 E/BufferQueueProducer(10441): [ImageReader-720x1600f1m2-10441-0](id:28c900000004,api:1,p:725,c:10441) dequeueBuffer: BufferQueue has been abandoned
04-18 03:16:35.212 E/BufferQueueProducer(10441): [ImageReader-720x1600f1m2-10441-0](id:28c900000004,api:1,p:725,c:10441) dequeueBuffer: BufferQueue has been abandoned
04-18 03:16:35.228 E/BufferQueueProducer(10441): [ImageReader-720x1600f1m2-10441-0](id:28c900000004,api:1,p:725,c:10441) dequeueBuffer: BufferQueue has been abandoned
04-18 03:16:35.246 E/BufferQueueProducer(10441): [ImageReader-720x1600f1m2-10441-0](id:28c900000004,api:1,p:725,c:10441) dequeueBuffer: BufferQueue has been abandoned
04-18 03:16:35.262 E/BufferQueueProducer(10441): [ImageReader-720x1600f1m2-10441-0](id:28c900000004,api:1,p:725,c:10441) dequeueBuffer: BufferQueue has been abandoned
04-18 03:16:35.279 E/BufferQueueProducer(10441): [ImageReader-720x1600f1m2-10441-0](id:28c900000004,api:1,p:725,c:10441) dequeueBuffer: BufferQueue has been abandoned
04-18 03:16:35.295 E/BufferQueueProducer(10441): [ImageReader-720x1600f1m2-10441-0](id:28c900000004,api:1,p:725,c:10441) dequeueBuffer: BufferQueue has been abandoned
04-18 03:16:35.313 E/BufferQueueProducer(10441): [ImageReader-720x1600f1m2-10441-0](id:28c900000004,api:1,p:725,c:10441) dequeueBuffer: BufferQueue has been abandoned
04-18 03:16:35.329 E/BufferQueueProducer(10441): [ImageReader-720x1600f1m2-10441-0](id:28c900000004,api:1,p:725,c:10441) dequeueBuffer: BufferQueue has been abandoned
04-18 03:16:35.345 E/BufferQueueProducer(10441): [ImageReader-720x1600f1m2-10441-0](id:28c900000004,api:1,p:725,c:10441) dequeueBuffer: BufferQueue has been abandoned
04-18 03:16:35.361 E/BufferQueueProducer(10441): [ImageReader-720x1600f1m2-10441-0](id:28c900000004,api:1,p:725,c:10441) dequeueBuffer: BufferQueue has been abandoned
04-18 03:16:35.379 E/BufferQueueProducer(10441): [ImageReader-720x1600f1m2-10441-0](id:28c900000004,api:1,p:725,c:10441) dequeueBuffer: BufferQueue has been abandoned
04-18 03:16:35.395 E/BufferQueueProducer(10441): [ImageReader-720x1600f1m2-10441-0](id:28c900000004,api:1,p:725,c:10441) dequeueBuffer: BufferQueue has been abandoned
04-18 03:16:35.411 E/BufferQueueProducer(10441): [ImageReader-720x1600f1m2-10441-0](id:28c900000004,api:1,p:725,c:10441) dequeueBuffer: BufferQueue has been abandoned
04-18 03:16:35.426 I/BufferQueueProducer(13003): [ViewRootImpl[LauncherUI]#0(BLAST Consumer)0](id:32cb00000000,api:1,p:13003,c:13003) disconnect: api 1
04-18 03:16:35.430 E/BufferQueueProducer(10441): [ImageReader-720x1600f1m2-10441-0](id:28c900000004,api:1,p:725,c:10441) dequeueBuffer: BufferQueue has been abandoned
04-18 03:16:35.440 I/BLASTBufferQueue(13003): [ViewRootImpl[LauncherUI]#0] destructor()
04-18 03:16:35.440 I/BufferQueueConsumer(13003): [ViewRootImpl[LauncherUI]#0(BLAST Consumer)0](id:32cb00000000,api:0,p:-1,c:13003) disconnect
04-18 03:16:35.444 E/BufferQueueProducer(10441): [ImageReader-720x1600f1m2-10441-0](id:28c900000004,api:1,p:725,c:10441) dequeueBuffer: BufferQueue has been abandoned
04-18 03:16:35.461 E/BufferQueueProducer(10441): [ImageReader-720x1600f1m2-10441-0](id:28c900000004,api:1,p:725,c:10441) dequeueBuffer: BufferQueue has been abandoned
04-18 03:16:35.477 E/BufferQueueProducer(10441): [ImageReader-720x1600f1m2-10441-0](id:28c900000004,api:1,p:725,c:10441) dequeueBuffer: BufferQueue has been abandoned
04-18 03:16:35.493 E/BufferQueueProducer(10441): [ImageReader-720x1600f1m2-10441-0](id:28c900000004,api:1,p:725,c:10441) dequeueBuffer: BufferQueue has been abandoned
04-18 03:16:35.509 E/BufferQueueProducer(10441): [ImageReader-720x1600f1m2-10441-0](id:28c900000004,api:1,p:725,c:10441) dequeueBuffer: BufferQueue has been abandoned
04-18 03:16:35.527 E/BufferQueueProducer(10441): [ImageReader-720x1600f1m2-10441-0](id:28c900000004,api:1,p:725,c:10441) dequeueBuffer: BufferQueue has been abandoned
04-18 03:16:35.543 E/BufferQueueProducer(10441): [ImageReader-720x1600f1m2-10441-0](id:28c900000004,api:1,p:725,c:10441) dequeueBuffer: BufferQueue has been abandoned
04-18 03:16:35.560 E/BufferQueueProducer(10441): [ImageReader-720x1600f1m2-10441-0](id:28c900000004,api:1,p:725,c:10441) dequeueBuffer: BufferQueue has been abandoned
04-18 03:16:35.576 E/BufferQueueProducer(10441): [ImageReader-720x1600f1m2-10441-0](id:28c900000004,api:1,p:725,c:10441) dequeueBuffer: BufferQueue has been abandoned
04-18 03:16:35.595 E/BufferQueueProducer(10441): [ImageReader-720x1600f1m2-10441-0](id:28c900000004,api:1,p:725,c:10441) dequeueBuffer: BufferQueue has been abandoned
04-18 03:16:35.609 I/BLASTBufferQueue(13003): releaseBufferCallbackThunk bufferId:55847459749888 framenumber:100 blastBufferQueue is dead
04-18 03:16:35.613 E/BufferQueueProducer(10441): [ImageReader-720x1600f1m2-10441-0](id:28c900000004,api:1,p:725,c:10441) dequeueBuffer: BufferQueue has been abandoned
04-18 03:16:35.626 E/BufferQueueProducer(10441): [ImageReader-720x1600f1m2-10441-0](id:28c900000004,api:1,p:725,c:10441) dequeueBuffer: BufferQueue has been abandoned
04-18 03:16:35.709 E/BufferQueueProducer(10441): [ImageReader-720x1600f1m2-10441-0](id:28c900000004,api:1,p:725,c:10441) dequeueBuffer: BufferQueue has been abandoned
04-18 03:16:35.927 E/BufferQueueProducer(10441): [ImageReader-720x1600f1m2-10441-0](id:28c900000004,api:1,p:725,c:10441) dequeueBuffer: BufferQueue has been abandoned
04-18 03:16:35.943 E/BufferQueueProducer(10441): [ImageReader-720x1600f1m2-10441-0](id:28c900000004,api:1,p:725,c:10441) dequeueBuffer: BufferQueue has been abandoned
04-18 03:16:36.026 E/BufferQueueProducer(10441): [ImageReader-720x1600f1m2-10441-0](id:28c900000004,api:1,p:725,c:10441) dequeueBuffer: BufferQueue has been abandoned
04-18 03:16:36.132 W/encent.mm:patc(14430): Suspending all threads took: 5.511ms
04-18 03:16:36.136 D/Linux   (10441): [Posix_connect Debug]Process com.zbb.automation :8081
04-18 03:16:36.159 E/BufferQueueProducer(10441): [ImageReader-720x1600f1m2-10441-0](id:28c900000004,api:1,p:725,c:10441) dequeueBuffer: BufferQueue has been abandoned
04-18 03:16:36.176 E/BufferQueueProducer(10441): [ImageReader-720x1600f1m2-10441-0](id:28c900000004,api:1,p:725,c:10441) dequeueBuffer: BufferQueue has been abandoned
04-18 03:16:36.192 E/BufferQueueProducer(10441): [ImageReader-720x1600f1m2-10441-0](id:28c900000004,api:1,p:725,c:10441) dequeueBuffer: BufferQueue has been abandoned
04-18 03:16:36.209 E/BufferQueueProducer(10441): [ImageReader-720x1600f1m2-10441-0](id:28c900000004,api:1,p:725,c:10441) dequeueBuffer: BufferQueue has been abandoned
04-18 03:16:36.226 E/BufferQueueProducer(10441): [ImageReader-720x1600f1m2-10441-0](id:28c900000004,api:1,p:725,c:10441) dequeueBuffer: BufferQueue has been abandoned
04-18 03:16:36.243 E/BufferQueueProducer(10441): [ImageReader-720x1600f1m2-10441-0](id:28c900000004,api:1,p:725,c:10441) dequeueBuffer: BufferQueue has been abandoned
04-18 03:16:36.259 E/BufferQueueProducer(10441): [ImageReader-720x1600f1m2-10441-0](id:28c900000004,api:1,p:725,c:10441) dequeueBuffer: BufferQueue has been abandoned
04-18 03:16:36.276 E/BufferQueueProducer(10441): [ImageReader-720x1600f1m2-10441-0](id:28c900000004,api:1,p:725,c:10441) dequeueBuffer: BufferQueue has been abandoned
04-18 03:16:36.292 E/BufferQueueProducer(10441): [ImageReader-720x1600f1m2-10441-0](id:28c900000004,api:1,p:725,c:10441) dequeueBuffer: BufferQueue has been abandoned
04-18 03:16:36.309 E/BufferQueueProducer(10441): [ImageReader-720x1600f1m2-10441-0](id:28c900000004,api:1,p:725,c:10441) dequeueBuffer: BufferQueue has been abandoned
04-18 03:16:36.326 E/BufferQueueProducer(10441): [ImageReader-720x1600f1m2-10441-0](id:28c900000004,api:1,p:725,c:10441) dequeueBuffer: BufferQueue has been abandoned
04-18 03:16:36.340 I/mars::stn(13056): [longlink_connect_monitor.cc:530, OnHeartbeatAlarmSet]:longlink_progress on_heartbeat_set, time: 744985, time interval:210000
04-18 03:16:36.343 E/BufferQueueProducer(10441): [ImageReader-720x1600f1m2-10441-0](id:28c900000004,api:1,p:725,c:10441) dequeueBuffer: BufferQueue has been abandoned
04-18 03:16:36.361 E/BufferQueueProducer(10441): [ImageReader-720x1600f1m2-10441-0](id:28c900000004,api:1,p:725,c:10441) dequeueBuffer: BufferQueue has been abandoned
04-18 03:16:36.377 E/libprocessgroup(13003): set_timerslack_ns write failed: Operation not permitted
04-18 03:16:36.378 E/libprocessgroup(13003): set_timerslack_ns write failed: Operation not permitted
04-18 03:16:36.379 E/BufferQueueProducer(10441): [ImageReader-720x1600f1m2-10441-0](id:28c900000004,api:1,p:725,c:10441) dequeueBuffer: BufferQueue has been abandoned
04-18 03:16:36.394 E/BufferQueueProducer(10441): [ImageReader-720x1600f1m2-10441-0](id:28c900000004,api:1,p:725,c:10441) dequeueBuffer: BufferQueue has been abandoned
04-18 03:16:36.410 E/BufferQueueProducer(10441): [ImageReader-720x1600f1m2-10441-0](id:28c900000004,api:1,p:725,c:10441) dequeueBuffer: BufferQueue has been abandoned
04-18 03:16:36.415 D/AutomationModule(10441): >>> onMediaProjectionResult 被调用, resultCode = -1
04-18 03:16:36.415 D/AutomationModule(10441): >>> 正在创建 MediaProjection
04-18 03:16:36.428 E/BufferQueueProducer(10441): [ImageReader-720x1600f1m2-10441-0](id:28c900000004,api:1,p:725,c:10441) dequeueBuffer: BufferQueue has been abandoned
04-18 03:16:36.445 E/BufferQueueProducer(10441): [ImageReader-720x1600f1m2-10441-0](id:28c900000004,api:1,p:725,c:10441) dequeueBuffer: BufferQueue has been abandoned
04-18 03:16:36.445 D/AutomationModule(10441): >>> 正在设置 MediaProjection 到服务
04-18 03:16:36.445 D/AccessibilityServiceImpl(10441): MediaProjection 已设置
04-18 03:16:36.445 D/AutomationModule(10441): >>> MediaProjection 权限已保存到 SharedPreferences, URI: intent:
04-18 03:16:36.445 D/AutomationModule(10441): >>> 权限授权成功，开始截图...
04-18 03:16:36.448 I/ReactNativeJS(10441): [ZBB INFO] [微信] ⑩: 授权成功，准备截图...
04-18 03:16:36.460 E/BufferQueueProducer(10441): [ImageReader-720x1600f1m2-10441-0](id:28c900000004,api:1,p:725,c:10441) dequeueBuffer: BufferQueue has been abandoned
04-18 03:16:36.477 E/BufferQueueProducer(10441): [ImageReader-720x1600f1m2-10441-0](id:28c900000004,api:1,p:725,c:10441) dequeueBuffer: BufferQueue has been abandoned
04-18 03:16:36.493 E/BufferQueueProducer(10441): [ImageReader-720x1600f1m2-10441-0](id:28c900000004,api:1,p:725,c:10441) dequeueBuffer: BufferQueue has been abandoned
04-18 03:16:36.498 D/Linux   (10441): [Posix_connect Debug]Process com.zbb.automation :8081
04-18 03:16:36.510 E/BufferQueueProducer(10441): [ImageReader-720x1600f1m2-10441-0](id:28c900000004,api:1,p:725,c:10441) dequeueBuffer: BufferQueue has been abandoned
04-18 03:16:36.512 D/AccessibilityServiceImpl(10441): 收到无障碍事件类型: 1
04-18 03:16:36.513 D/AccessibilityServiceImpl(10441): MediaProjection 已停止
04-18 03:16:36.517 V/ImeFocusController(10441): onWindowFocus: DecorView@e073e61[MainActivity] softInputMode=STATE_UNSPECIFIED|ADJUST_RESIZE|IS_FORWARD_NAVIGATION
04-18 03:16:36.517 V/ImeFocusController(10441): Restarting due to isRestartOnNextWindowFocus as true
04-18 03:16:36.517 D/ImeFocusController(10441): onViewFocusChanged, view=DecorView@e073e61[MainActivity], mServedView=DecorView@e073e61[MainActivity]
04-18 03:16:36.517 V/ImeFocusController(10441): checkFocus: view=DecorView@e073e61[MainActivity] next=DecorView@e073e61[MainActivity] force=true package=com.zbb.automation
04-18 03:16:36.528 E/BufferQueueProducer(10441): [ImageReader-720x1600f1m2-10441-0](id:28c900000004,api:1,p:725,c:10441) dequeueBuffer: BufferQueue has been abandoned
04-18 03:16:36.545 E/BufferQueueProducer(10441): [ImageReader-720x1600f1m2-10441-0](id:28c900000004,api:1,p:725,c:10441) dequeueBuffer: BufferQueue has been abandoned
04-18 03:16:36.561 E/BufferQueueProducer(10441): [ImageReader-720x1600f1m2-10441-0](id:28c900000004,api:1,p:725,c:10441) dequeueBuffer: BufferQueue has been abandoned
04-18 03:16:36.577 E/BufferQueueProducer(10441): [ImageReader-720x1600f1m2-10441-0](id:28c900000004,api:1,p:725,c:10441) dequeueBuffer: BufferQueue has been abandoned
04-18 03:16:36.592 E/BufferQueueProducer(10441): [ImageReader-720x1600f1m2-10441-0](id:28c900000004,api:1,p:725,c:10441) dequeueBuffer: BufferQueue has been abandoned
04-18 03:16:36.610 E/BufferQueueProducer(10441): [ImageReader-720x1600f1m2-10441-0](id:28c900000004,api:1,p:725,c:10441) dequeueBuffer: BufferQueue has been abandoned
04-18 03:16:36.627 E/BufferQueueProducer(10441): [ImageReader-720x1600f1m2-10441-0](id:28c900000004,api:1,p:725,c:10441) dequeueBuffer: BufferQueue has been abandoned
04-18 03:16:36.642 E/BufferQueueProducer(10441): [ImageReader-720x1600f1m2-10441-0](id:28c900000004,api:1,p:725,c:10441) dequeueBuffer: BufferQueue has been abandoned
04-18 03:16:36.658 E/BufferQueueProducer(10441): [ImageReader-720x1600f1m2-10441-0](id:28c900000004,api:1,p:725,c:10441) dequeueBuffer: BufferQueue has been abandoned
04-18 03:16:36.741 E/BufferQueueProducer(10441): [ImageReader-720x1600f1m2-10441-0](id:28c900000004,api:1,p:725,c:10441) dequeueBuffer: BufferQueue has been abandoned
04-18 03:16:36.764 D/AccessibilityServiceImpl(10441): 收到无障碍事件类型: 32
04-18 03:16:36.764 D/AccessibilityServiceImpl(10441): 窗口变化: com.zbb.automation.MainActivity
04-18 03:16:36.777 E/BufferQueueProducer(10441): [ImageReader-720x1600f1m2-10441-0](id:28c900000004,api:1,p:725,c:10441) dequeueBuffer: BufferQueue has been abandoned
04-18 03:16:36.810 E/BufferQueueProducer(10441): [ImageReader-720x1600f1m2-10441-0](id:28c900000004,api:1,p:725,c:10441) dequeueBuffer: BufferQueue has been abandoned
04-18 03:16:36.869 I/BufferQueueProducer(10441): [ImageReader-720x1600f1m2-10441-0](id:28c900000004,api:1,p:725,c:10441) disconnect: api 1
04-18 03:16:36.954 D/AutomationModule(10441): >>> 调用 captureScreenshot
04-18 03:16:36.955 D/AccessibilityServiceImpl(10441): >>> captureScreenshot() 开始
04-18 03:16:36.955 D/AccessibilityServiceImpl(10441): >>> projection = true
04-18 03:16:36.955 D/AccessibilityServiceImpl(10441): >>> 在主线程执行截图操作
04-18 03:16:36.957 D/AccessibilityServiceImpl(10441): >>> displays = 2
04-18 03:16:36.958 D/AccessibilityServiceImpl(10441): >>> display = true
04-18 03:16:36.958 D/AccessibilityServiceImpl(10441): >>> 屏幕尺寸: 720x1600
04-18 03:16:36.958 D/AccessibilityServiceImpl(10441): >>> densityDpi = 320
04-18 03:16:36.958 I/BufferQueueConsumer(10441): [](id:28c900000007,api:0,p:-1,c:10441) connect: controlledByApp=true
04-18 03:16:36.958 D/AccessibilityServiceImpl(10441): >>> ImageReader 创建成功
04-18 03:16:36.968 D/AccessibilityServiceImpl(10441): >>> createVirtualDisplay 完成
04-18 03:16:37.034 I/BufferQueueProducer(10441): [ImageReader-720x1600f1m2-10441-2](id:28c900000007,api:1,p:725,c:10441) connect: api=1 producerControlledByApp=false
04-18 03:16:37.047 D/AccessibilityServiceImpl(10441): >>> OnImageAvailableListener 被调用
04-18 03:16:37.047 D/AccessibilityServiceImpl(10441): >>> 成功获取图像
04-18 03:16:37.047 D/AccessibilityServiceImpl(10441): >>> buffer.remaining = 4608000, pixelStride = 4, rowStride = 2880
04-18 03:16:37.051 D/AccessibilityServiceImpl(10441): >>> Bitmap 创建成功: 720x1600
04-18 03:16:37.052 D/AccessibilityServiceImpl(10441): >>> 屏幕截图成功: 720x1600
04-18 03:16:37.125 D/AccessibilityServiceImpl(10441): >>> OnImageAvailableListener 被调用
04-18 03:16:37.125 D/AccessibilityServiceImpl(10441): >>> 成功获取图像
04-18 03:16:37.125 D/AccessibilityServiceImpl(10441): >>> buffer.remaining = 4608000, pixelStride = 4, rowStride = 2880
04-18 03:16:37.128 D/AccessibilityServiceImpl(10441): >>> Bitmap 创建成功: 720x1600
04-18 03:16:37.160 D/AccessibilityServiceImpl(10441): >>> OnImageAvailableListener 被调用
04-18 03:16:37.160 D/AccessibilityServiceImpl(10441): >>> 成功获取图像
04-18 03:16:37.161 D/AccessibilityServiceImpl(10441): >>> buffer.remaining = 4608000, pixelStride = 4, rowStride = 2880
04-18 03:16:37.163 D/AccessibilityServiceImpl(10441): >>> Bitmap 创建成功: 720x1600
04-18 03:16:37.177 D/AccessibilityServiceImpl(10441): >>> OnImageAvailableListener 被调用
04-18 03:16:37.178 D/AccessibilityServiceImpl(10441): >>> 成功获取图像
04-18 03:16:37.178 D/AccessibilityServiceImpl(10441): >>> buffer.remaining = 4608000, pixelStride = 4, rowStride = 2880
04-18 03:16:37.181 D/AccessibilityServiceImpl(10441): >>> Bitmap 创建成功: 720x1600
04-18 03:16:37.200 D/AccessibilityServiceImpl(10441): >>> OnImageAvailableListener 被调用
04-18 03:16:37.200 D/AccessibilityServiceImpl(10441): >>> 成功获取图像
04-18 03:16:37.201 D/AccessibilityServiceImpl(10441): >>> buffer.remaining = 4608000, pixelStride = 4, rowStride = 2880
04-18 03:16:37.203 D/AccessibilityServiceImpl(10441): >>> Bitmap 创建成功: 720x1600
04-18 03:16:37.206 D/AccessibilityServiceImpl(10441): >>> 截图已保存到: /data/user/0/com.zbb.automation/files/media_projection_screenshot_1776453397052.png
04-18 03:16:37.211 D/AccessibilityServiceImpl(10441): >>> OnImageAvailableListener 被调用
04-18 03:16:37.214 D/AccessibilityServiceImpl(10441): >>> 成功获取图像
04-18 03:16:37.214 D/AccessibilityServiceImpl(10441): >>> buffer.remaining = 4608000, pixelStride = 4, rowStride = 2880
04-18 03:16:37.217 D/AccessibilityServiceImpl(10441): >>> Bitmap 创建成功: 720x1600
04-18 03:16:37.227 D/AccessibilityServiceImpl(10441): >>> OnImageAvailableListener 被调用
04-18 03:16:37.227 D/AccessibilityServiceImpl(10441): >>> 成功获取图像
04-18 03:16:37.228 D/AccessibilityServiceImpl(10441): >>> buffer.remaining = 4608000, pixelStride = 4, rowStride = 2880
04-18 03:16:37.232 D/AccessibilityServiceImpl(10441): >>> Bitmap 创建成功: 720x1600
04-18 03:16:37.243 D/AccessibilityServiceImpl(10441): >>> OnImageAvailableListener 被调用
04-18 03:16:37.244 D/AccessibilityServiceImpl(10441): >>> 成功获取图像
04-18 03:16:37.245 D/AccessibilityServiceImpl(10441): >>> buffer.remaining = 4608000, pixelStride = 4, rowStride = 2880
04-18 03:16:37.249 D/AccessibilityServiceImpl(10441): >>> Bitmap 创建成功: 720x1600
04-18 03:16:37.260 D/AccessibilityServiceImpl(10441): >>> OnImageAvailableListener 被调用
04-18 03:16:37.261 D/AccessibilityServiceImpl(10441): >>> 成功获取图像
04-18 03:16:37.261 D/AccessibilityServiceImpl(10441): >>> buffer.remaining = 4608000, pixelStride = 4, rowStride = 2880
04-18 03:16:37.265 D/AccessibilityServiceImpl(10441): >>> Bitmap 创建成功: 720x1600
04-18 03:16:37.278 D/AccessibilityServiceImpl(10441): >>> OnImageAvailableListener 被调用
04-18 03:16:37.279 D/AccessibilityServiceImpl(10441): >>> 成功获取图像
04-18 03:16:37.279 D/AccessibilityServiceImpl(10441): >>> buffer.remaining = 4608000, pixelStride = 4, rowStride = 2880
04-18 03:16:37.283 D/AccessibilityServiceImpl(10441): >>> Bitmap 创建成功: 720x1600
04-18 03:16:37.294 D/AccessibilityServiceImpl(10441): >>> OnImageAvailableListener 被调用
04-18 03:16:37.295 D/AccessibilityServiceImpl(10441): >>> 成功获取图像
04-18 03:16:37.295 D/AccessibilityServiceImpl(10441): >>> buffer.remaining = 4608000, pixelStride = 4, rowStride = 2880
04-18 03:16:37.297 D/AccessibilityServiceImpl(10441): >>> Bitmap 创建成功: 720x1600
04-18 03:16:37.299 D/CompatibilityChangeReporter(13003): Compat change id reported: 150939131; UID 10246; state: ENABLED
04-18 03:16:37.310 D/AccessibilityServiceImpl(10441): >>> OnImageAvailableListener 被调用
04-18 03:16:37.311 D/AccessibilityServiceImpl(10441): >>> 成功获取图像
04-18 03:16:37.311 D/AccessibilityServiceImpl(10441): >>> buffer.remaining = 4608000, pixelStride = 4, rowStride = 2880
04-18 03:16:37.315 D/AccessibilityServiceImpl(10441): >>> Bitmap 创建成功: 720x1600
04-18 03:16:37.327 D/AccessibilityServiceImpl(10441): >>> OnImageAvailableListener 被调用
04-18 03:16:37.327 D/AccessibilityServiceImpl(10441): >>> 成功获取图像
04-18 03:16:37.328 D/AccessibilityServiceImpl(10441): >>> buffer.remaining = 4608000, pixelStride = 4, rowStride = 2880
04-18 03:16:37.333 D/AccessibilityServiceImpl(10441): >>> Bitmap 创建成功: 720x1600
04-18 03:16:37.344 D/AccessibilityServiceImpl(10441): >>> OnImageAvailableListener 被调用
04-18 03:16:37.345 D/AccessibilityServiceImpl(10441): >>> 成功获取图像
04-18 03:16:37.345 D/AccessibilityServiceImpl(10441): >>> buffer.remaining = 4608000, pixelStride = 4, rowStride = 2880
04-18 03:16:37.349 D/AccessibilityServiceImpl(10441): >>> Bitmap 创建成功: 720x1600
04-18 03:16:37.362 D/AccessibilityServiceImpl(10441): >>> OnImageAvailableListener 被调用
04-18 03:16:37.362 D/AccessibilityServiceImpl(10441): >>> 成功获取图像
04-18 03:16:37.362 D/AccessibilityServiceImpl(10441): >>> buffer.remaining = 4608000, pixelStride = 4, rowStride = 2880
04-18 03:16:37.368 D/AccessibilityServiceImpl(10441): >>> Bitmap 创建成功: 720x1600
04-18 03:16:37.380 D/AccessibilityServiceImpl(10441): >>> OnImageAvailableListener 被调用
04-18 03:16:37.380 D/AccessibilityServiceImpl(10441): >>> 成功获取图像
04-18 03:16:37.381 D/AccessibilityServiceImpl(10441): >>> buffer.remaining = 4608000, pixelStride = 4, rowStride = 2880
04-18 03:16:37.383 I/.zbb.automatio(10441): NativeAlloc concurrent copying GC freed 73053(3277KB) AllocSpace objects, 4(208KB) LOS objects, 49% free, 11MB/23MB, paused 46us,31us total 102.824ms
04-18 03:16:37.386 D/AccessibilityServiceImpl(10441): >>> Bitmap 创建成功: 720x1600
04-18 03:16:37.394 D/AccessibilityServiceImpl(10441): >>> OnImageAvailableListener 被调用
04-18 03:16:37.394 D/AccessibilityServiceImpl(10441): >>> 成功获取图像
04-18 03:16:37.395 D/AccessibilityServiceImpl(10441): >>> buffer.remaining = 4608000, pixelStride = 4, rowStride = 2880
04-18 03:16:37.400 D/AccessibilityServiceImpl(10441): >>> Bitmap 创建成功: 720x1600
04-18 03:16:37.410 D/AccessibilityServiceImpl(10441): >>> OnImageAvailableListener 被调用
04-18 03:16:37.411 D/AccessibilityServiceImpl(10441): >>> 成功获取图像
04-18 03:16:37.411 D/AccessibilityServiceImpl(10441): >>> buffer.remaining = 4608000, pixelStride = 4, rowStride = 2880
04-18 03:16:37.415 D/AccessibilityServiceImpl(10441): >>> Bitmap 创建成功: 720x1600
04-18 03:16:37.416 W/System  (10441): A resource failed to call release.
04-18 03:16:37.417 I/BufferQueueConsumer(10441): [ImageReader-108x240f1m1-10441-1](id:28c900000005,api:0,p:-1,c:10441) disconnect
04-18 03:16:37.427 D/AccessibilityServiceImpl(10441): >>> OnImageAvailableListener 被调用
04-18 03:16:37.428 D/AccessibilityServiceImpl(10441): >>> 成功获取图像
04-18 03:16:37.428 D/AccessibilityServiceImpl(10441): >>> buffer.remaining = 4608000, pixelStride = 4, rowStride = 2880
04-18 03:16:37.431 D/AccessibilityServiceImpl(10441): >>> Bitmap 创建成功: 720x1600
04-18 03:16:37.443 D/AccessibilityServiceImpl(10441): >>> OnImageAvailableListener 被调用
04-18 03:16:37.444 D/AccessibilityServiceImpl(10441): >>> 成功获取图像
04-18 03:16:37.444 D/AccessibilityServiceImpl(10441): >>> buffer.remaining = 4608000, pixelStride = 4, rowStride = 2880
04-18 03:16:37.447 D/AccessibilityServiceImpl(10441): >>> Bitmap 创建成功: 720x1600
04-18 03:16:37.460 D/AccessibilityServiceImpl(10441): >>> OnImageAvailableListener 被调用
04-18 03:16:37.461 D/AccessibilityServiceImpl(10441): >>> 成功获取图像
04-18 03:16:37.461 D/AccessibilityServiceImpl(10441): >>> buffer.remaining = 4608000, pixelStride = 4, rowStride = 2880
04-18 03:16:37.464 D/AccessibilityServiceImpl(10441): >>> Bitmap 创建成功: 720x1600
04-18 03:16:37.471 D/AccessibilityServiceImpl(10441): >>> 截图已复制到 Download: /storage/emulated/0/Download/media_projection_screenshot_1776453397052.png
04-18 03:16:37.471 D/AutomationModule(10441): >>> 截图成功! 尺寸: 720x1600
04-18 03:16:37.477 D/AccessibilityServiceImpl(10441): >>> OnImageAvailableListener 被调用
04-18 03:16:37.477 D/AccessibilityServiceImpl(10441): >>> 成功获取图像
04-18 03:16:37.478 D/AccessibilityServiceImpl(10441): >>> buffer.remaining = 4608000, pixelStride = 4, rowStride = 2880
04-18 03:16:37.480 D/AccessibilityServiceImpl(10441): >>> Bitmap 创建成功: 720x1600
04-18 03:16:37.494 D/AccessibilityServiceImpl(10441): >>> OnImageAvailableListener 被调用
04-18 03:16:37.494 D/AccessibilityServiceImpl(10441): >>> 成功获取图像
04-18 03:16:37.495 D/AccessibilityServiceImpl(10441): >>> buffer.remaining = 4608000, pixelStride = 4, rowStride = 2880
04-18 03:16:37.497 D/AccessibilityServiceImpl(10441): >>> Bitmap 创建成功: 720x1600
04-18 03:16:37.510 D/AccessibilityServiceImpl(10441): >>> OnImageAvailableListener 被调用
04-18 03:16:37.510 D/AccessibilityServiceImpl(10441): >>> 成功获取图像
04-18 03:16:37.511 D/AccessibilityServiceImpl(10441): >>> buffer.remaining = 4608000, pixelStride = 4, rowStride = 2880
04-18 03:16:37.513 D/AccessibilityServiceImpl(10441): >>> Bitmap 创建成功: 720x1600
04-18 03:16:37.526 D/AccessibilityServiceImpl(10441): >>> OnImageAvailableListener 被调用
04-18 03:16:37.527 D/AccessibilityServiceImpl(10441): >>> 成功获取图像
04-18 03:16:37.528 D/AccessibilityServiceImpl(10441): >>> buffer.remaining = 4608000, pixelStride = 4, rowStride = 2880
04-18 03:16:37.530 D/AccessibilityServiceImpl(10441): >>> Bitmap 创建成功: 720x1600
04-18 03:16:37.543 D/AccessibilityServiceImpl(10441): >>> OnImageAvailableListener 被调用
04-18 03:16:37.544 D/AccessibilityServiceImpl(10441): >>> 成功获取图像
04-18 03:16:37.544 D/AccessibilityServiceImpl(10441): >>> buffer.remaining = 4608000, pixelStride = 4, rowStride = 2880
04-18 03:16:37.548 D/AccessibilityServiceImpl(10441): >>> Bitmap 创建成功: 720x1600
04-18 03:16:37.560 D/AccessibilityServiceImpl(10441): >>> OnImageAvailableListener 被调用
04-18 03:16:37.561 D/AccessibilityServiceImpl(10441): >>> 成功获取图像
04-18 03:16:37.562 D/AccessibilityServiceImpl(10441): >>> buffer.remaining = 4608000, pixelStride = 4, rowStride = 2880
04-18 03:16:37.566 D/AccessibilityServiceImpl(10441): >>> Bitmap 创建成功: 720x1600
04-18 03:16:37.576 D/AccessibilityServiceImpl(10441): >>> OnImageAvailableListener 被调用
04-18 03:16:37.577 D/AccessibilityServiceImpl(10441): >>> 成功获取图像
04-18 03:16:37.577 D/AccessibilityServiceImpl(10441): >>> buffer.remaining = 4608000, pixelStride = 4, rowStride = 2880
04-18 03:16:37.580 D/AccessibilityServiceImpl(10441): >>> Bitmap 创建成功: 720x1600
04-18 03:16:37.593 D/AccessibilityServiceImpl(10441): >>> OnImageAvailableListener 被调用
04-18 03:16:37.594 D/AccessibilityServiceImpl(10441): >>> 成功获取图像
04-18 03:16:37.594 D/AccessibilityServiceImpl(10441): >>> buffer.remaining = 4608000, pixelStride = 4, rowStride = 2880
04-18 03:16:37.597 D/AccessibilityServiceImpl(10441): >>> Bitmap 创建成功: 720x1600
04-18 03:16:37.609 D/AccessibilityServiceImpl(10441): >>> OnImageAvailableListener 被调用
04-18 03:16:37.610 D/AccessibilityServiceImpl(10441): >>> 成功获取图像
04-18 03:16:37.610 D/AccessibilityServiceImpl(10441): >>> buffer.remaining = 4608000, pixelStride = 4, rowStride = 2880
04-18 03:16:37.613 D/AccessibilityServiceImpl(10441): >>> Bitmap 创建成功: 720x1600
04-18 03:16:37.616 D/AutomationModule(10441): >>> 截图已保存到: /data/user/0/com.zbb.automation/files/zbb_test_screenshot_1776453397471.png
04-18 03:16:37.628 D/AccessibilityServiceImpl(10441): >>> OnImageAvailableListener 被调用
04-18 03:16:37.628 D/AccessibilityServiceImpl(10441): >>> 成功获取图像
04-18 03:16:37.629 D/AccessibilityServiceImpl(10441): >>> buffer.remaining = 4608000, pixelStride = 4, rowStride = 2880
04-18 03:16:37.631 D/AccessibilityServiceImpl(10441): >>> Bitmap 创建成功: 720x1600
04-18 03:16:37.644 D/AccessibilityServiceImpl(10441): >>> OnImageAvailableListener 被调用
04-18 03:16:37.645 D/AccessibilityServiceImpl(10441): >>> 成功获取图像
04-18 03:16:37.645 D/AccessibilityServiceImpl(10441): >>> buffer.remaining = 4608000, pixelStride = 4, rowStride = 2880
04-18 03:16:37.648 D/AccessibilityServiceImpl(10441): >>> Bitmap 创建成功: 720x1600
04-18 03:16:37.728 W/System  (10441): A resource failed to call release.
04-18 03:16:37.728 I/BufferQueueConsumer(10441): [ImageReader-720x1600f1m2-10441-2](id:28c900000007,api:1,p:725,c:10441) disconnect
04-18 03:16:37.879 D/AutomationModule(10441): >>> 截图已复制到 Download: /storage/emulated/0/Download/zbb_test_screenshot_1776453397471.png
04-18 03:16:37.907 E/BufferQueueProducer(10441): [ImageReader-720x1600f1m2-10441-2](id:28c900000007,api:1,p:725,c:10441) dequeueBuffer: BufferQueue has been abandoned
04-18 03:16:37.923 E/BufferQueueProducer(10441): [ImageReader-720x1600f1m2-10441-2](id:28c900000007,api:1,p:725,c:10441) dequeueBuffer: BufferQueue has been abandoned
04-18 03:16:37.940 E/BufferQueueProducer(10441): [ImageReader-720x1600f1m2-10441-2](id:28c900000007,api:1,p:725,c:10441) dequeueBuffer: BufferQueue has been abandoned
04-18 03:16:37.957 E/BufferQueueProducer(10441): [ImageReader-720x1600f1m2-10441-2](id:28c900000007,api:1,p:725,c:10441) dequeueBuffer: BufferQueue has been abandoned
04-18 03:16:37.973 E/BufferQueueProducer(10441): [ImageReader-720x1600f1m2-10441-2](id:28c900000007,api:1,p:725,c:10441) dequeueBuffer: BufferQueue has been abandoned
04-18 03:16:37.990 E/BufferQueueProducer(10441): [ImageReader-720x1600f1m2-10441-2](id:28c900000007,api:1,p:725,c:10441) dequeueBuffer: BufferQueue has been abandoned
04-18 03:16:38.007 E/BufferQueueProducer(10441): [ImageReader-720x1600f1m2-10441-2](id:28c900000007,api:1,p:725,c:10441) dequeueBuffer: BufferQueue has been abandoned
04-18 03:16:38.015 I/ReactNativeJS(10441): [ZBB] 正在启动应用: com.tencent.mm
04-18 03:16:38.017 W/AccessibilityServiceImpl(10441): launchApp 尝试在非主线程调用 ，已在主线程重新执行
04-18 03:16:38.017 D/AccessibilityServiceImpl(10441): 正在启动应用: com.tencent.mm
04-18 03:16:38.023 E/BufferQueueProducer(10441): [ImageReader-720x1600f1m2-10441-2](id:28c900000007,api:1,p:725,c:10441) dequeueBuffer: BufferQueue has been abandoned
04-18 03:16:38.040 E/BufferQueueProducer(10441): [ImageReader-720x1600f1m2-10441-2](id:28c900000007,api:1,p:725,c:10441) dequeueBuffer: BufferQueue has been abandoned
04-18 03:16:38.057 E/BufferQueueProducer(10441): [ImageReader-720x1600f1m2-10441-2](id:28c900000007,api:1,p:725,c:10441) dequeueBuffer: BufferQueue has been abandoned
04-18 03:16:38.075 E/BufferQueueProducer(10441): [ImageReader-720x1600f1m2-10441-2](id:28c900000007,api:1,p:725,c:10441) dequeueBuffer: BufferQueue has been abandoned
04-18 03:16:38.090 E/BufferQueueProducer(10441): [ImageReader-720x1600f1m2-10441-2](id:28c900000007,api:1,p:725,c:10441) dequeueBuffer: BufferQueue has been abandoned
04-18 03:16:38.107 E/BufferQueueProducer(10441): [ImageReader-720x1600f1m2-10441-2](id:28c900000007,api:1,p:725,c:10441) dequeueBuffer: BufferQueue has been abandoned
04-18 03:16:38.125 E/BufferQueueProducer(10441): [ImageReader-720x1600f1m2-10441-2](id:28c900000007,api:1,p:725,c:10441) dequeueBuffer: BufferQueue has been abandoned
04-18 03:16:38.125 D/AccessibilityServiceImpl(10441): 应用启动成功: com.tencent.mm
04-18 03:16:38.141 E/BufferQueueProducer(10441): [ImageReader-720x1600f1m2-10441-2](id:28c900000007,api:1,p:725,c:10441) dequeueBuffer: BufferQueue has been abandoned
04-18 03:16:38.155 D/AudioManager(10441): abandonAudioFocus  by com.zbb.automation
04-18 03:16:38.158 E/BufferQueueProducer(10441): [ImageReader-720x1600f1m2-10441-2](id:28c900000007,api:1,p:725,c:10441) dequeueBuffer: BufferQueue has been abandoned
04-18 03:16:38.175 E/BufferQueueProducer(10441): [ImageReader-720x1600f1m2-10441-2](id:28c900000007,api:1,p:725,c:10441) dequeueBuffer: BufferQueue has been abandoned
04-18 03:16:38.191 D/Linux   (10441): [Posix_connect Debug]Process com.zbb.automation :8081
04-18 03:16:38.192 E/BufferQueueProducer(10441): [ImageReader-720x1600f1m2-10441-2](id:28c900000007,api:1,p:725,c:10441) dequeueBuffer: BufferQueue has been abandoned
04-18 03:16:38.207 E/BufferQueueProducer(10441): [ImageReader-720x1600f1m2-10441-2](id:28c900000007,api:1,p:725,c:10441) dequeueBuffer: BufferQueue has been abandoned
04-18 03:16:38.224 E/BufferQueueProducer(10441): [ImageReader-720x1600f1m2-10441-2](id:28c900000007,api:1,p:725,c:10441) dequeueBuffer: BufferQueue has been abandoned
04-18 03:16:38.241 E/BufferQueueProducer(10441): [ImageReader-720x1600f1m2-10441-2](id:28c900000007,api:1,p:725,c:10441) dequeueBuffer: BufferQueue has been abandoned
04-18 03:16:38.258 E/BufferQueueProducer(10441): [ImageReader-720x1600f1m2-10441-2](id:28c900000007,api:1,p:725,c:10441) dequeueBuffer: BufferQueue has been abandoned
04-18 03:16:38.277 E/BufferQueueProducer(10441): [ImageReader-720x1600f1m2-10441-2](id:28c900000007,api:1,p:725,c:10441) dequeueBuffer: BufferQueue has been abandoned
04-18 03:16:38.292 E/BufferQueueProducer(10441): [ImageReader-720x1600f1m2-10441-2](id:28c900000007,api:1,p:725,c:10441) dequeueBuffer: BufferQueue has been abandoned
04-18 03:16:38.308 E/BufferQueueProducer(10441): [ImageReader-720x1600f1m2-10441-2](id:28c900000007,api:1,p:725,c:10441) dequeueBuffer: BufferQueue has been abandoned
04-18 03:16:38.326 E/BufferQueueProducer(10441): [ImageReader-720x1600f1m2-10441-2](id:28c900000007,api:1,p:725,c:10441) dequeueBuffer: BufferQueue has been abandoned
04-18 03:16:38.341 E/BufferQueueProducer(10441): [ImageReader-720x1600f1m2-10441-2](id:28c900000007,api:1,p:725,c:10441) dequeueBuffer: BufferQueue has been abandoned
04-18 03:16:38.358 E/BufferQueueProducer(10441): [ImageReader-720x1600f1m2-10441-2](id:28c900000007,api:1,p:725,c:10441) dequeueBuffer: BufferQueue has been abandoned
04-18 03:16:38.375 E/BufferQueueProducer(10441): [ImageReader-720x1600f1m2-10441-2](id:28c900000007,api:1,p:725,c:10441) dequeueBuffer: BufferQueue has been abandoned
04-18 03:16:38.392 E/BufferQueueProducer(10441): [ImageReader-720x1600f1m2-10441-2](id:28c900000007,api:1,p:725,c:10441) dequeueBuffer: BufferQueue has been abandoned
04-18 03:16:38.408 E/BufferQueueProducer(10441): [ImageReader-720x1600f1m2-10441-2](id:28c900000007,api:1,p:725,c:10441) dequeueBuffer: BufferQueue has been abandoned
04-18 03:16:38.425 E/BufferQueueProducer(10441): [ImageReader-720x1600f1m2-10441-2](id:28c900000007,api:1,p:725,c:10441) dequeueBuffer: BufferQueue has been abandoned
04-18 03:16:38.442 E/BufferQueueProducer(10441): [ImageReader-720x1600f1m2-10441-2](id:28c900000007,api:1,p:725,c:10441) dequeueBuffer: BufferQueue has been abandoned
04-18 03:16:38.457 E/BufferQueueProducer(10441): [ImageReader-720x1600f1m2-10441-2](id:28c900000007,api:1,p:725,c:10441) dequeueBuffer: BufferQueue has been abandoned
04-18 03:16:38.475 E/BufferQueueProducer(10441): [ImageReader-720x1600f1m2-10441-2](id:28c900000007,api:1,p:725,c:10441) dequeueBuffer: BufferQueue has been abandoned
04-18 03:16:38.485 D/AccessibilityServiceImpl(10441): 收到无障碍事件类型: 32
04-18 03:16:38.485 D/AccessibilityServiceImpl(10441): 窗口变化: com.bbk.launcher2.Launcher
04-18 03:16:38.492 E/BufferQueueProducer(10441): [ImageReader-720x1600f1m2-10441-2](id:28c900000007,api:1,p:725,c:10441) dequeueBuffer: BufferQueue has been abandoned
04-18 03:16:38.508 E/BufferQueueProducer(10441): [ImageReader-720x1600f1m2-10441-2](id:28c900000007,api:1,p:725,c:10441) dequeueBuffer: BufferQueue has been abandoned
04-18 03:16:38.516 I/BufferQueueConsumer(13003): [](id:32cb00000001,api:0,p:-1,c:13003) connect: controlledByApp=false
04-18 03:16:38.517 I/BLASTBufferQueue(13003): [ViewRootImpl[LauncherUI]#1] constructor()
04-18 03:16:38.517 I/BufferQueueProducer(13003): [ViewRootImpl[LauncherUI]#1(BLAST Consumer)1](id:32cb00000001,api:1,p:13003,c:13003) connect: api=1 producerControlledByApp=true
04-18 03:16:38.526 E/BufferQueueProducer(10441): [ImageReader-720x1600f1m2-10441-2](id:28c900000007,api:1,p:725,c:10441) dequeueBuffer: BufferQueue has been abandoned
04-18 03:16:38.531 I/com.tencent.mm(13003): Background young concurrent copying GC freed 289468(11MB) AllocSpace objects, 8(160KB) LOS objects, 27% free, 60MB/82MB, paused 2.227ms,163us total 184.361ms
04-18 03:16:38.532 W/System  (13003): A resource failed to call close.
04-18 03:16:38.540 W/System  (13003): A resource failed to call close.
04-18 03:16:38.543 E/BufferQueueProducer(10441): [ImageReader-720x1600f1m2-10441-2](id:28c900000007,api:1,p:725,c:10441) dequeueBuffer: BufferQueue has been abandoned
04-18 03:16:38.559 E/BufferQueueProducer(10441): [ImageReader-720x1600f1m2-10441-2](id:28c900000007,api:1,p:725,c:10441) dequeueBuffer: BufferQueue has been abandoned
04-18 03:16:38.576 E/BufferQueueProducer(10441): [ImageReader-720x1600f1m2-10441-2](id:28c900000007,api:1,p:725,c:10441) dequeueBuffer: BufferQueue has been abandoned
04-18 03:16:38.590 E/BufferQueueProducer(10441): [ImageReader-720x1600f1m2-10441-2](id:28c900000007,api:1,p:725,c:10441) dequeueBuffer: BufferQueue has been abandoned
04-18 03:16:38.608 E/BufferQueueProducer(10441): [ImageReader-720x1600f1m2-10441-2](id:28c900000007,api:1,p:725,c:10441) dequeueBuffer: BufferQueue has been abandoned
04-18 03:16:38.625 E/BufferQueueProducer(10441): [ImageReader-720x1600f1m2-10441-2](id:28c900000007,api:1,p:725,c:10441) dequeueBuffer: BufferQueue has been abandoned
04-18 03:16:38.635 D/AccessibilityServiceImpl(10441): 收到无障碍事件类型: 32
04-18 03:16:38.635 D/AccessibilityServiceImpl(10441): 窗口变化: com.tencent.mm.ui.LauncherUI
04-18 03:16:38.640 E/BufferQueueProducer(10441): [ImageReader-720x1600f1m2-10441-2](id:28c900000007,api:1,p:725,c:10441) dequeueBuffer: BufferQueue has been abandoned
04-18 03:16:38.657 V/ImeFocusController(13003): onWindowFocus: DecorView@eb7cc8a[LauncherUI] softInputMode=STATE_HIDDEN|ADJUST_NOTHING|IS_FORWARD_NAVIGATION
04-18 03:16:38.657 V/ImeFocusController(13003): Restarting due to isRestartOnNextWindowFocus as true
04-18 03:16:38.657 D/ImeFocusController(13003): onViewFocusChanged, view=DecorView@eb7cc8a[LauncherUI], mServedView=DecorView@eb7cc8a[LauncherUI]
04-18 03:16:38.657 V/ImeFocusController(13003): checkFocus: view=DecorView@eb7cc8a[LauncherUI] next=DecorView@eb7cc8a[LauncherUI] force=true package=com.tencent.mm
04-18 03:16:38.658 E/BufferQueueProducer(10441): [ImageReader-720x1600f1m2-10441-2](id:28c900000007,api:1,p:725,c:10441) dequeueBuffer: BufferQueue has been abandoned
04-18 03:16:38.676 E/BufferQueueProducer(10441): [ImageReader-720x1600f1m2-10441-2](id:28c900000007,api:1,p:725,c:10441) dequeueBuffer: BufferQueue has been abandoned
04-18 03:16:38.692 E/BufferQueueProducer(10441): [ImageReader-720x1600f1m2-10441-2](id:28c900000007,api:1,p:725,c:10441) dequeueBuffer: BufferQueue has been abandoned
04-18 03:16:38.708 E/BufferQueueProducer(10441): [ImageReader-720x1600f1m2-10441-2](id:28c900000007,api:1,p:725,c:10441) dequeueBuffer: BufferQueue has been abandoned
04-18 03:16:38.725 E/BufferQueueProducer(10441): [ImageReader-720x1600f1m2-10441-2](id:28c900000007,api:1,p:725,c:10441) dequeueBuffer: BufferQueue has been abandoned
04-18 03:16:38.731 D/AccessibilityServiceImpl(10441): 收到无障碍事件类型: 2048
04-18 03:16:38.731 D/AccessibilityServiceImpl(10441): 窗口内容变化
04-18 03:16:38.739 E/BufferQueueProducer(10441): [ImageReader-720x1600f1m2-10441-2](id:28c900000007,api:1,p:725,c:10441) dequeueBuffer: BufferQueue has been abandoned
04-18 03:16:38.759 E/BufferQueueProducer(10441): [ImageReader-720x1600f1m2-10441-2](id:28c900000007,api:1,p:725,c:10441) dequeueBuffer: BufferQueue has been abandoned
04-18 03:16:38.767 D/AccessibilityServiceImpl(10441): 收到无障碍事件类型: 2048
04-18 03:16:38.767 D/AccessibilityServiceImpl(10441): 窗口内容变化
04-18 03:16:38.767 D/AccessibilityServiceImpl(10441): 收到无障碍事件类型: 4096
04-18 03:16:38.771 I/BufferQueueProducer(10441): [ViewRootImpl[MainActivity]#4(BLAST Consumer)4](id:28c900000006,api:1,p:10441,c:10441) disconnect: api 1
04-18 03:16:38.775 E/BufferQueueProducer(10441): [ImageReader-720x1600f1m2-10441-2](id:28c900000007,api:1,p:725,c:10441) dequeueBuffer: BufferQueue has been abandoned
04-18 03:16:38.781 I/BLASTBufferQueue(10441): [ViewRootImpl[MainActivity]#4] destructor()
04-18 03:16:38.781 I/BufferQueueConsumer(10441): [ViewRootImpl[MainActivity]#4(BLAST Consumer)4](id:28c900000006,api:0,p:-1,c:10441) disconnect
04-18 03:16:38.789 E/BufferQueueProducer(10441): [ImageReader-720x1600f1m2-10441-2](id:28c900000007,api:1,p:725,c:10441) dequeueBuffer: BufferQueue has been abandoned
04-18 03:16:38.795 D/AccessibilityServiceImpl(10441): 收到无障碍事件类型: 32
04-18 03:16:38.795 D/AccessibilityServiceImpl(10441): 窗口变化: com.tencent.mm.ui.LauncherUI
04-18 03:16:38.799 E/libprocessgroup(13003): set_timerslack_ns write failed: Operation not permitted
04-18 03:16:38.800 E/libprocessgroup(13003): set_timerslack_ns write failed: Operation not permitted
04-18 03:16:38.807 E/BufferQueueProducer(10441): [ImageReader-720x1600f1m2-10441-2](id:28c900000007,api:1,p:725,c:10441) dequeueBuffer: BufferQueue has been abandoned
04-18 03:16:38.823 I/BLASTBufferQueue(10441): releaseBufferCallbackThunk bufferId:44843753537557 framenumber:14 blastBufferQueue is dead
04-18 03:16:38.825 E/BufferQueueProducer(10441): [ImageReader-720x1600f1m2-10441-2](id:28c900000007,api:1,p:725,c:10441) dequeueBuffer: BufferQueue has been abandoned
04-18 03:16:38.856 E/BufferQueueProducer(10441): [ImageReader-720x1600f1m2-10441-2](id:28c900000007,api:1,p:725,c:10441) dequeueBuffer: BufferQueue has been abandoned
04-18 03:16:38.871 D/AccessibilityServiceImpl(10441): 收到无障碍事件类型: 2048
04-18 03:16:38.871 I/mars::stn(13056): [longlink_connect_monitor.cc:530, OnHeartbeatAlarmSet]:longlink_progress on_heartbeat_set, time: 747517, time interval:210000
04-18 03:16:38.871 D/AccessibilityServiceImpl(10441): 窗口内容变化
04-18 03:16:38.872 E/BufferQueueProducer(10441): [ImageReader-720x1600f1m2-10441-2](id:28c900000007,api:1,p:725,c:10441) dequeueBuffer: BufferQueue has been abandoned
04-18 03:16:38.889 E/BufferQueueProducer(10441): [ImageReader-720x1600f1m2-10441-2](id:28c900000007,api:1,p:725,c:10441) dequeueBuffer: BufferQueue has been abandoned
04-18 03:16:38.890 I/mars::stn(13056): [longlink_connect_monitor.cc:530, OnHeartbeatAlarmSet]:longlink_progress on_heartbeat_set, time: 747535, time interval:210000
04-18 03:16:38.905 E/BufferQueueProducer(10441): [ImageReader-720x1600f1m2-10441-2](id:28c900000007,api:1,p:725,c:10441) dequeueBuffer: BufferQueue has been abandoned
04-18 03:16:38.922 E/BufferQueueProducer(10441): [ImageReader-720x1600f1m2-10441-2](id:28c900000007,api:1,p:725,c:10441) dequeueBuffer: BufferQueue has been abandoned
04-18 03:16:38.939 E/BufferQueueProducer(10441): [ImageReader-720x1600f1m2-10441-2](id:28c900000007,api:1,p:725,c:10441) dequeueBuffer: BufferQueue has been abandoned
04-18 03:16:38.956 E/BufferQueueProducer(10441): [ImageReader-720x1600f1m2-10441-2](id:28c900000007,api:1,p:725,c:10441) dequeueBuffer: BufferQueue has been abandoned
04-18 03:16:38.972 E/BufferQueueProducer(10441): [ImageReader-720x1600f1m2-10441-2](id:28c900000007,api:1,p:725,c:10441) dequeueBuffer: BufferQueue has been abandoned
04-18 03:16:38.974 D/AccessibilityServiceImpl(10441): 收到无障碍事件类型: 2048
04-18 03:16:38.974 D/AccessibilityServiceImpl(10441): 窗口内容变化
04-18 03:16:38.989 E/BufferQueueProducer(10441): [ImageReader-720x1600f1m2-10441-2](id:28c900000007,api:1,p:725,c:10441) dequeueBuffer: BufferQueue has been abandoned
04-18 03:16:39.006 E/BufferQueueProducer(10441): [ImageReader-720x1600f1m2-10441-2](id:28c900000007,api:1,p:725,c:10441) dequeueBuffer: BufferQueue has been abandoned
04-18 03:16:39.022 E/BufferQueueProducer(10441): [ImageReader-720x1600f1m2-10441-2](id:28c900000007,api:1,p:725,c:10441) dequeueBuffer: BufferQueue has been abandoned
04-18 03:16:39.039 E/BufferQueueProducer(10441): [ImageReader-720x1600f1m2-10441-2](id:28c900000007,api:1,p:725,c:10441) dequeueBuffer: BufferQueue has been abandoned
04-18 03:16:39.056 E/BufferQueueProducer(10441): [ImageReader-720x1600f1m2-10441-2](id:28c900000007,api:1,p:725,c:10441) dequeueBuffer: BufferQueue has been abandoned
04-18 03:16:39.072 E/BufferQueueProducer(10441): [ImageReader-720x1600f1m2-10441-2](id:28c900000007,api:1,p:725,c:10441) dequeueBuffer: BufferQueue has been abandoned
04-18 03:16:39.087 D/AccessibilityServiceImpl(10441): 收到无障碍事件类型: 2048
04-18 03:16:39.087 D/AccessibilityServiceImpl(10441): 窗口内容变化
04-18 03:16:39.088 E/BufferQueueProducer(10441): [ImageReader-720x1600f1m2-10441-2](id:28c900000007,api:1,p:725,c:10441) dequeueBuffer: BufferQueue has been abandoned
04-18 03:16:39.105 E/BufferQueueProducer(10441): [ImageReader-720x1600f1m2-10441-2](id:28c900000007,api:1,p:725,c:10441) dequeueBuffer: BufferQueue has been abandoned
04-18 03:16:39.181 I/ReactNativeJS(10441): [ZBB INFO] [微信] 下拉微信首页准备截图...
04-18 03:16:39.187 D/AccessibilityServiceImpl(10441): 收到无障碍事件类型: 2048
04-18 03:16:39.187 D/AccessibilityServiceImpl(10441): 窗口内容变化
04-18 03:16:39.188 E/BufferQueueProducer(10441): [ImageReader-720x1600f1m2-10441-2](id:28c900000007,api:1,p:725,c:10441) dequeueBuffer: BufferQueue has been abandoned
04-18 03:16:39.205 E/BufferQueueProducer(10441): [ImageReader-720x1600f1m2-10441-2](id:28c900000007,api:1,p:725,c:10441) dequeueBuffer: BufferQueue has been abandoned
04-18 03:16:39.222 E/BufferQueueProducer(10441): [ImageReader-720x1600f1m2-10441-2](id:28c900000007,api:1,p:725,c:10441) dequeueBuffer: BufferQueue has been abandoned
04-18 03:16:39.239 E/BufferQueueProducer(10441): [ImageReader-720x1600f1m2-10441-2](id:28c900000007,api:1,p:725,c:10441) dequeueBuffer: BufferQueue has been abandoned
04-18 03:16:39.256 E/BufferQueueProducer(10441): [ImageReader-720x1600f1m2-10441-2](id:28c900000007,api:1,p:725,c:10441) dequeueBuffer: BufferQueue has been abandoned
04-18 03:16:39.272 E/BufferQueueProducer(10441): [ImageReader-720x1600f1m2-10441-2](id:28c900000007,api:1,p:725,c:10441) dequeueBuffer: BufferQueue has been abandoned
04-18 03:16:39.286 D/AccessibilityServiceImpl(10441): 收到无障碍事件类型: 2048
04-18 03:16:39.286 D/AccessibilityServiceImpl(10441): 窗口内容变化
04-18 03:16:39.290 E/BufferQueueProducer(10441): [ImageReader-720x1600f1m2-10441-2](id:28c900000007,api:1,p:725,c:10441) dequeueBuffer: BufferQueue has been abandoned
04-18 03:16:39.305 E/BufferQueueProducer(10441): [ImageReader-720x1600f1m2-10441-2](id:28c900000007,api:1,p:725,c:10441) dequeueBuffer: BufferQueue has been abandoned
04-18 03:16:39.322 E/BufferQueueProducer(10441): [ImageReader-720x1600f1m2-10441-2](id:28c900000007,api:1,p:725,c:10441) dequeueBuffer: BufferQueue has been abandoned
04-18 03:16:39.339 E/BufferQueueProducer(10441): [ImageReader-720x1600f1m2-10441-2](id:28c900000007,api:1,p:725,c:10441) dequeueBuffer: BufferQueue has been abandoned
04-18 03:16:39.355 E/BufferQueueProducer(10441): [ImageReader-720x1600f1m2-10441-2](id:28c900000007,api:1,p:725,c:10441) dequeueBuffer: BufferQueue has been abandoned
04-18 03:16:39.372 E/BufferQueueProducer(10441): [ImageReader-720x1600f1m2-10441-2](id:28c900000007,api:1,p:725,c:10441) dequeueBuffer: BufferQueue has been abandoned
04-18 03:16:39.389 E/BufferQueueProducer(10441): [ImageReader-720x1600f1m2-10441-2](id:28c900000007,api:1,p:725,c:10441) dequeueBuffer: BufferQueue has been abandoned
04-18 03:16:39.405 E/BufferQueueProducer(10441): [ImageReader-720x1600f1m2-10441-2](id:28c900000007,api:1,p:725,c:10441) dequeueBuffer: BufferQueue has been abandoned
04-18 03:16:39.422 E/BufferQueueProducer(10441): [ImageReader-720x1600f1m2-10441-2](id:28c900000007,api:1,p:725,c:10441) dequeueBuffer: BufferQueue has been abandoned
04-18 03:16:39.439 E/BufferQueueProducer(10441): [ImageReader-720x1600f1m2-10441-2](id:28c900000007,api:1,p:725,c:10441) dequeueBuffer: BufferQueue has been abandoned
04-18 03:16:39.455 E/BufferQueueProducer(10441): [ImageReader-720x1600f1m2-10441-2](id:28c900000007,api:1,p:725,c:10441) dequeueBuffer: BufferQueue has been abandoned
04-18 03:16:39.472 E/BufferQueueProducer(10441): [ImageReader-720x1600f1m2-10441-2](id:28c900000007,api:1,p:725,c:10441) dequeueBuffer: BufferQueue has been abandoned
