--------- beginning of main
04-18 03:16:24.124 E/BufferQueueProducer(10441): [ImageReader-720x1600f1m2-10441-0](id:28c900000004,api:1,p:725,c:10441) dequeueBuffer: BufferQueue has been abandoned
04-18 03:16:24.140 E/BufferQueueProducer(10441): [ImageReader-720x1600f1m2-10441-0](id:28c900000004,api:1,p:725,c:10441) dequeueBuffer: BufferQueue has been abandoned
04-18 03:16:24.156 E/BufferQueueProducer(10441): [ImageReader-720x1600f1m2-10441-0](id:28c900000004,api:1,p:725,c:10441) dequeueBuffer: BufferQueue has been abandoned
04-18 03:16:24.174 E/BufferQueueProducer(10441): [ImageReader-720x1600f1m2-10441-0](id:28c900000004,api:1,p:725,c:10441) dequeueBuffer: BufferQueue has been abandoned
04-18 03:16:24.191 E/BufferQueueProducer(10441): [ImageReader-720x1600f1m2-10441-0](id:28c900000004,api:1,p:725,c:10441) dequeueBuffer: BufferQueue has been abandoned
04-18 03:16:24.207 E/BufferQueueProducer(10441): [ImageReader-720x1600f1m2-10441-0](id:28c900000004,api:1,p:725,c:10441) dequeueBuffer: BufferQueue has been abandoned
04-18 03:16:24.223 E/BufferQueueProducer(10441): [ImageReader-720x1600f1m2-10441-0](id:28c900000004,api:1,p:725,c:10441) dequeueBuffer: BufferQueue has been abandoned
04-18 03:16:24.240 E/BufferQueueProducer(10441): [ImageReader-720x1600f1m2-10441-0](id:28c900000004,api:1,p:725,c:10441) dequeueBuffer: BufferQueue has been abandoned
04-18 03:16:24.257 E/BufferQueueProducer(10441): [ImageReader-720x1600f1m2-10441-0](id:28c900000004,api:1,p:725,c:10441) dequeueBuffer: BufferQueue has been abandoned
04-18 03:16:24.274 E/BufferQueueProducer(10441): [ImageReader-720x1600f1m2-10441-0](id:28c900000004,api:1,p:725,c:10441) dequeueBuffer: BufferQueue has been abandoned
04-18 03:16:24.290 E/BufferQueueProducer(10441): [ImageReader-720x1600f1m2-10441-0](id:28c900000004,api:1,p:725,c:10441) dequeueBuffer: BufferQueue has been abandoned
04-18 03:16:24.307 E/BufferQueueProducer(10441): [ImageReader-720x1600f1m2-10441-0](id:28c900000004,api:1,p:725,c:10441) dequeueBuffer: BufferQueue has been abandoned
04-18 03:16:24.324 E/BufferQueueProducer(10441): [ImageReader-720x1600f1m2-10441-0](id:28c900000004,api:1,p:725,c:10441) dequeueBuffer: BufferQueue has been abandoned
04-18 03:16:24.340 E/BufferQueueProducer(10441): [ImageReader-720x1600f1m2-10441-0](id:28c900000004,api:1,p:725,c:10441) dequeueBuffer: BufferQueue has been abandoned
04-18 03:16:24.357 E/BufferQueueProducer(10441): [ImageReader-720x1600f1m2-10441-0](id:28c900000004,api:1,p:725,c:10441) dequeueBuffer: BufferQueue has been abandoned
04-18 03:16:24.373 E/BufferQueueProducer(10441): [ImageReader-720x1600f1m2-10441-0](id:28c900000004,api:1,p:725,c:10441) dequeueBuffer: BufferQueue has been abandoned
04-18 03:16:24.392 E/BufferQueueProducer(10441): [ImageReader-720x1600f1m2-10441-0](id:28c900000004,api:1,p:725,c:10441) dequeueBuffer: BufferQueue has been abandoned
04-18 03:16:24.407 E/BufferQueueProducer(10441): [ImageReader-720x1600f1m2-10441-0](id:28c900000004,api:1,p:725,c:10441) dequeueBuffer: BufferQueue has been abandoned
04-18 03:16:24.425 E/BufferQueueProducer(10441): [ImageReader-720x1600f1m2-10441-0](id:28c900000004,api:1,p:725,c:10441) dequeueBuffer: BufferQueue has been abandoned
04-18 03:16:24.440 E/BufferQueueProducer(10441): [ImageReader-720x1600f1m2-10441-0](id:28c900000004,api:1,p:725,c:10441) dequeueBuffer: BufferQueue has been abandoned
04-18 03:16:24.457 E/BufferQueueProducer(10441): [ImageReader-720x1600f1m2-10441-0](id:28c900000004,api:1,p:725,c:10441) dequeueBuffer: BufferQueue has been abandoned
04-18 03:16:24.474 E/BufferQueueProducer(10441): [ImageReader-720x1600f1m2-10441-0](id:28c900000004,api:1,p:725,c:10441) dequeueBuffer: BufferQueue has been abandoned
04-18 03:16:24.556 E/BufferQueueProducer(10441): [ImageReader-720x1600f1m2-10441-0](id:28c900000004,api:1,p:725,c:10441) dequeueBuffer: BufferQueue has been abandoned
04-18 03:16:24.590 E/BufferQueueProducer(10441): [ImageReader-720x1600f1m2-10441-0](id:28c900000004,api:1,p:725,c:10441) dequeueBuffer: BufferQueue has been abandoned
04-18 03:16:24.673 E/BufferQueueProducer(10441): [ImageReader-720x1600f1m2-10441-0](id:28c900000004,api:1,p:725,c:10441) dequeueBuffer: BufferQueue has been abandoned
04-18 03:16:24.768 D/jnicat  (15390): cacheitem("java/lang/Throwable", "toString", "()Ljava/lang/String;", 1)
04-18 03:16:24.768 D/jnicat  (15390): cacheitem("android/util/Log", "getStackTraceString", "(Ljava/lang/Throwable;)Ljava/lang/String;", 2)
04-18 03:16:24.803 D/hw-ProcessState(15390): Binder ioctl to enable oneway spam detection failed: Invalid argument
04-18 03:16:24.806 E/BufferQueueProducer(10441): [ImageReader-720x1600f1m2-10441-0](id:28c900000004,api:1,p:725,c:10441) dequeueBuffer: BufferQueue has been abandoned
04-18 03:16:24.826 W/com.tencent.mm(13003): Suspending all threads took: 7.866ms
04-18 03:16:24.857 I/encent.mm:patc(14430): Explicit concurrent copying GC freed 372546(9565KB) AllocSpace objects, 8(552KB) LOS objects, 36% free, 42MB/66MB, paused 170us,676us total 186.538ms
04-18 03:16:24.858 I/chromium(15390): [0418/031624.858772:INFO:mm_cronet_network_change_notify.cc(59)] remain size: 1
04-18 03:16:24.859 I/chromium(15390): [15639:0418/031624.859855:INFO:socket_impl.cc(157)] andromeda init, build time: Dec 24 2025,13:01:54
04-18 03:16:24.859 I/chromium(15390): [15639:0418/031624.859955:INFO:socket_impl.cc(158)] default supported QUIC versions: RFCv1
04-18 03:16:24.860 I/chromium(15390): [15639:0418/031624.860023:INFO:socket_impl.cc(173)]  pipe fd[0] 132, fd[1] 135
04-18 03:16:24.866 I/chromium(15390): [15639:0418/031624.860284:INFO:runner.cc(76)] mmcronet::quic::recycle tid 15731
04-18 03:16:24.878 I/chromium(15390): [15639:0418/031624.867146:INFO:runner.cc(65)] mmcronet::quic::timeout-guard tid 15737
04-18 03:16:24.880 D/AccessibilityServiceImpl(10441): 收到无障碍事件类型: 2048
04-18 03:16:24.880 D/AccessibilityServiceImpl(10441): 窗口内容变化
04-18 03:16:24.886 I/chromium(15390): [15639:0418/031624.878895:INFO:runner.cc(55)] mmcronet::quic::proxy tid 15743
04-18 03:16:24.889 E/BufferQueueProducer(10441): [ImageReader-720x1600f1m2-10441-0](id:28c900000004,api:1,p:725,c:10441) dequeueBuffer: BufferQueue has been abandoned
04-18 03:16:24.901 D/HARDCODER(15375): [com_tencent_mm_hardcoder_HardCoderJNI.cpp,Java_com_tencent_mm_hardcoder_HardCoderJNI_setDebug:415]"setDebug: 1"
04-18 03:16:24.903 D/HARDCODER(15375): [com_tencent_mm_hardcoder_HardCoderJNI.cpp,Java_com_tencent_mm_hardcoder_HardCoderJNI_setHCEnable:400]"setEnable: 1"
04-18 03:16:24.903 D/HARDCODER(15375): [client.h,setEnable:422]"setEnable 1 to 1, restart:0"
04-18 03:16:24.911 D/AccessibilityServiceImpl(10441): 收到无障碍事件类型: 4096
04-18 03:16:24.915 I/com.tencent.mm(13003): Background concurrent copying GC freed 1070456(37MB) AllocSpace objects, 59(2300KB) LOS objects, 30% free, 54MB/78MB, paused 3.244ms,8.066ms total 1.162s
04-18 03:16:24.941 D/HARDCODER(15375): [com_tencent_mm_hardcoder_HardCoderJNI.cpp,Java_com_tencent_mm_hardcoder_HardCoderJNI_initHardCoder:152]"initHardCoder, start."
04-18 03:16:24.941 D/HARDCODER(15375): [client.h,init:476]"init m_remote:mmServer, HEADER_VERSION:4"
04-18 03:16:24.941 D/HARDCODER(15375): [client.h,tryStartEngine:370]"tryStartEngine, TimeDiff:-1663075603, remote:mmServer, running:-1"
04-18 03:16:24.941 W/HARDCODER(15375): [localsocket.h,uninit:218]"uninit, pipe:[0,0], m_fd:0, queue:0, flag:1"
04-18 03:16:24.941 D/HARDCODER(15375): [localsocket.h,createSocket:252]"createSocket, localPath: com.tencent.mm.hardcoder.client.sock, remotePath: mmServer"
04-18 03:16:24.942 W/HARDCODER(15375): [localsocket.h,createSocket:313]"createSocket, connect socket, ret:0, local:com.tencent.mm.hardcoder.client.sock, remote:mmServer"
04-18 03:16:24.942 W/HARDCODER(15375): [localsocket.h,createSocket:355]"create ClientProtocal socket:153 local:com.tencent.mm.hardcoder.client.sock remote:mmServer"
04-18 03:16:24.942 D/HARDCODER(15375): [com_tencent_mm_hardcoder_HardCoderJNI.cpp,Java_com_tencent_mm_hardcoder_HardCoderJNI_initHardCoder:157]"initHardCoder, end."
04-18 03:16:24.943 D/HARDCODER(15375): [localsocket.h,loop:128]"loop, m_fd:153, maxfd:153, isServer:0"
04-18 03:16:24.973 E/BufferQueueProducer(10441): [ImageReader-720x1600f1m2-10441-0](id:28c900000004,api:1,p:725,c:10441) dequeueBuffer: BufferQueue has been abandoned
04-18 03:16:24.989 E/BufferQueueProducer(10441): [ImageReader-720x1600f1m2-10441-0](id:28c900000004,api:1,p:725,c:10441) dequeueBuffer: BufferQueue has been abandoned
04-18 03:16:25.006 E/BufferQueueProducer(10441): [ImageReader-720x1600f1m2-10441-0](id:28c900000004,api:1,p:725,c:10441) dequeueBuffer: BufferQueue has been abandoned
04-18 03:16:25.023 E/BufferQueueProducer(10441): [ImageReader-720x1600f1m2-10441-0](id:28c900000004,api:1,p:725,c:10441) dequeueBuffer: BufferQueue has been abandoned
04-18 03:16:25.039 E/BufferQueueProducer(10441): [ImageReader-720x1600f1m2-10441-0](id:28c900000004,api:1,p:725,c:10441) dequeueBuffer: BufferQueue has been abandoned
04-18 03:16:25.048 E/zidl2   (15375): ::JNI_OnLoad of libzidl2 BEGIN
04-18 03:16:25.049 E/zidl2   (15375): ::JNI_OnLoad of libzidl2.so
04-18 03:16:25.056 E/BufferQueueProducer(10441): [ImageReader-720x1600f1m2-10441-0](id:28c900000004,api:1,p:725,c:10441) dequeueBuffer: BufferQueue has been abandoned
04-18 03:16:25.073 E/BufferQueueProducer(10441): [ImageReader-720x1600f1m2-10441-0](id:28c900000004,api:1,p:725,c:10441) dequeueBuffer: BufferQueue has been abandoned
04-18 03:16:25.079 D/AccessibilityServiceImpl(10441): 收到无障碍事件类型: 4096
04-18 03:16:25.089 E/BufferQueueProducer(10441): [ImageReader-720x1600f1m2-10441-0](id:28c900000004,api:1,p:725,c:10441) dequeueBuffer: BufferQueue has been abandoned
04-18 03:16:25.105 E/BufferQueueProducer(10441): [ImageReader-720x1600f1m2-10441-0](id:28c900000004,api:1,p:725,c:10441) dequeueBuffer: BufferQueue has been abandoned
04-18 03:16:25.156 E/BufferQueueProducer(10441): [ImageReader-720x1600f1m2-10441-0](id:28c900000004,api:1,p:725,c:10441) dequeueBuffer: BufferQueue has been abandoned
04-18 03:16:25.172 E/BufferQueueProducer(10441): [ImageReader-720x1600f1m2-10441-0](id:28c900000004,api:1,p:725,c:10441) dequeueBuffer: BufferQueue has been abandoned
04-18 03:16:25.189 E/BufferQueueProducer(10441): [ImageReader-720x1600f1m2-10441-0](id:28c900000004,api:1,p:725,c:10441) dequeueBuffer: BufferQueue has been abandoned
04-18 03:16:25.206 E/BufferQueueProducer(10441): [ImageReader-720x1600f1m2-10441-0](id:28c900000004,api:1,p:725,c:10441) dequeueBuffer: BufferQueue has been abandoned
04-18 03:16:25.223 E/BufferQueueProducer(10441): [ImageReader-720x1600f1m2-10441-0](id:28c900000004,api:1,p:725,c:10441) dequeueBuffer: BufferQueue has been abandoned
04-18 03:16:25.239 E/BufferQueueProducer(10441): [ImageReader-720x1600f1m2-10441-0](id:28c900000004,api:1,p:725,c:10441) dequeueBuffer: BufferQueue has been abandoned
04-18 03:16:25.251 E/zidl2   (15390): ::JNI_OnLoad of libzidl2 BEGIN
04-18 03:16:25.252 E/zidl2   (15390): ::JNI_OnLoad of libzidl2.so
04-18 03:16:25.256 E/BufferQueueProducer(10441): [ImageReader-720x1600f1m2-10441-0](id:28c900000004,api:1,p:725,c:10441) dequeueBuffer: BufferQueue has been abandoned
04-18 03:16:25.273 E/BufferQueueProducer(10441): [ImageReader-720x1600f1m2-10441-0](id:28c900000004,api:1,p:725,c:10441) dequeueBuffer: BufferQueue has been abandoned
04-18 03:16:25.289 E/BufferQueueProducer(10441): [ImageReader-720x1600f1m2-10441-0](id:28c900000004,api:1,p:725,c:10441) dequeueBuffer: BufferQueue has been abandoned
04-18 03:16:25.306 E/BufferQueueProducer(10441): [ImageReader-720x1600f1m2-10441-0](id:28c900000004,api:1,p:725,c:10441) dequeueBuffer: BufferQueue has been abandoned
04-18 03:16:25.322 E/BufferQueueProducer(10441): [ImageReader-720x1600f1m2-10441-0](id:28c900000004,api:1,p:725,c:10441) dequeueBuffer: BufferQueue has been abandoned
04-18 03:16:25.339 E/BufferQueueProducer(10441): [ImageReader-720x1600f1m2-10441-0](id:28c900000004,api:1,p:725,c:10441) dequeueBuffer: BufferQueue has been abandoned
04-18 03:16:25.355 E/BufferQueueProducer(10441): [ImageReader-720x1600f1m2-10441-0](id:28c900000004,api:1,p:725,c:10441) dequeueBuffer: BufferQueue has been abandoned
04-18 03:16:25.372 E/BufferQueueProducer(10441): [ImageReader-720x1600f1m2-10441-0](id:28c900000004,api:1,p:725,c:10441) dequeueBuffer: BufferQueue has been abandoned
04-18 03:16:25.389 E/BufferQueueProducer(10441): [ImageReader-720x1600f1m2-10441-0](id:28c900000004,api:1,p:725,c:10441) dequeueBuffer: BufferQueue has been abandoned
04-18 03:16:25.399 E/zlog    (15375): ::JNI_OnLoad of libzlog BEGIN
04-18 03:16:25.399 E/zlog    (15375): ::JNI_OnLoad of libzlog.so
04-18 03:16:25.406 E/BufferQueueProducer(10441): [ImageReader-720x1600f1m2-10441-0](id:28c900000004,api:1,p:725,c:10441) dequeueBuffer: BufferQueue has been abandoned
04-18 03:16:25.420 E/zidl2   (15375): ::JNI_OnLoad of libzidl2 BEGIN
04-18 03:16:25.420 E/zidl2   (15375): ::JNI_OnLoad of libzidl2.so
04-18 03:16:25.422 E/BufferQueueProducer(10441): [ImageReader-720x1600f1m2-10441-0](id:28c900000004,api:1,p:725,c:10441) dequeueBuffer: BufferQueue has been abandoned
04-18 03:16:25.439 E/BufferQueueProducer(10441): [ImageReader-720x1600f1m2-10441-0](id:28c900000004,api:1,p:725,c:10441) dequeueBuffer: BufferQueue has been abandoned
04-18 03:16:25.456 E/BufferQueueProducer(10441): [ImageReader-720x1600f1m2-10441-0](id:28c900000004,api:1,p:725,c:10441) dequeueBuffer: BufferQueue has been abandoned
04-18 03:16:25.472 E/BufferQueueProducer(10441): [ImageReader-720x1600f1m2-10441-0](id:28c900000004,api:1,p:725,c:10441) dequeueBuffer: BufferQueue has been abandoned
04-18 03:16:25.488 E/zlog    (15390): ::JNI_OnLoad of libzlog BEGIN
04-18 03:16:25.488 E/zlog    (15390): ::JNI_OnLoad of libzlog.so
04-18 03:16:25.489 E/BufferQueueProducer(10441): [ImageReader-720x1600f1m2-10441-0](id:28c900000004,api:1,p:725,c:10441) dequeueBuffer: BufferQueue has been abandoned
04-18 03:16:25.494 E/zidl2   (15390): ::JNI_OnLoad of libzidl2 BEGIN
04-18 03:16:25.494 E/zidl2   (15390): ::JNI_OnLoad of libzidl2.so
04-18 03:16:25.572 E/BufferQueueProducer(10441): [ImageReader-720x1600f1m2-10441-0](id:28c900000004,api:1,p:725,c:10441) dequeueBuffer: BufferQueue has been abandoned
04-18 03:16:25.738 E/BufferQueueProducer(10441): [ImageReader-720x1600f1m2-10441-0](id:28c900000004,api:1,p:725,c:10441) dequeueBuffer: BufferQueue has been abandoned
04-18 03:16:25.821 E/BufferQueueProducer(10441): [ImageReader-720x1600f1m2-10441-0](id:28c900000004,api:1,p:725,c:10441) dequeueBuffer: BufferQueue has been abandoned
04-18 03:16:25.833 E/aff-module(15375): ::JNI_OnLoad of aff-biz
04-18 03:16:25.971 E/BufferQueueProducer(10441): [ImageReader-720x1600f1m2-10441-0](id:28c900000004,api:1,p:725,c:10441) dequeueBuffer: BufferQueue has been abandoned
04-18 03:16:25.988 E/BufferQueueProducer(10441): [ImageReader-720x1600f1m2-10441-0](id:28c900000004,api:1,p:725,c:10441) dequeueBuffer: BufferQueue has been abandoned
04-18 03:16:26.005 E/BufferQueueProducer(10441): [ImageReader-720x1600f1m2-10441-0](id:28c900000004,api:1,p:725,c:10441) dequeueBuffer: BufferQueue has been abandoned
04-18 03:16:26.017 E/aff-module(15390): ::JNI_OnLoad of aff-biz
04-18 03:16:26.021 E/BufferQueueProducer(10441): [ImageReader-720x1600f1m2-10441-0](id:28c900000004,api:1,p:725,c:10441) dequeueBuffer: BufferQueue has been abandoned
04-18 03:16:26.038 E/BufferQueueProducer(10441): [ImageReader-720x1600f1m2-10441-0](id:28c900000004,api:1,p:725,c:10441) dequeueBuffer: BufferQueue has been abandoned
04-18 03:16:26.055 E/BufferQueueProducer(10441): [ImageReader-720x1600f1m2-10441-0](id:28c900000004,api:1,p:725,c:10441) dequeueBuffer: BufferQueue has been abandoned
04-18 03:16:26.071 E/BufferQueueProducer(10441): [ImageReader-720x1600f1m2-10441-0](id:28c900000004,api:1,p:725,c:10441) dequeueBuffer: BufferQueue has been abandoned
04-18 03:16:26.088 E/BufferQueueProducer(10441): [ImageReader-720x1600f1m2-10441-0](id:28c900000004,api:1,p:725,c:10441) dequeueBuffer: BufferQueue has been abandoned
04-18 03:16:26.105 E/BufferQueueProducer(10441): [ImageReader-720x1600f1m2-10441-0](id:28c900000004,api:1,p:725,c:10441) dequeueBuffer: BufferQueue has been abandoned
04-18 03:16:26.121 E/BufferQueueProducer(10441): [ImageReader-720x1600f1m2-10441-0](id:28c900000004,api:1,p:725,c:10441) dequeueBuffer: BufferQueue has been abandoned
04-18 03:16:26.137 E/BufferQueueProducer(10441): [ImageReader-720x1600f1m2-10441-0](id:28c900000004,api:1,p:725,c:10441) dequeueBuffer: BufferQueue has been abandoned
04-18 03:16:26.155 E/BufferQueueProducer(10441): [ImageReader-720x1600f1m2-10441-0](id:28c900000004,api:1,p:725,c:10441) dequeueBuffer: BufferQueue has been abandoned
04-18 03:16:26.171 E/BufferQueueProducer(10441): [ImageReader-720x1600f1m2-10441-0](id:28c900000004,api:1,p:725,c:10441) dequeueBuffer: BufferQueue has been abandoned
04-18 03:16:26.188 E/BufferQueueProducer(10441): [ImageReader-720x1600f1m2-10441-0](id:28c900000004,api:1,p:725,c:10441) dequeueBuffer: BufferQueue has been abandoned
04-18 03:16:26.204 E/BufferQueueProducer(10441): [ImageReader-720x1600f1m2-10441-0](id:28c900000004,api:1,p:725,c:10441) dequeueBuffer: BufferQueue has been abandoned
04-18 03:16:26.221 E/BufferQueueProducer(10441): [ImageReader-720x1600f1m2-10441-0](id:28c900000004,api:1,p:725,c:10441) dequeueBuffer: BufferQueue has been abandoned
04-18 03:16:26.238 E/BufferQueueProducer(10441): [ImageReader-720x1600f1m2-10441-0](id:28c900000004,api:1,p:725,c:10441) dequeueBuffer: BufferQueue has been abandoned
04-18 03:16:26.255 E/BufferQueueProducer(10441): [ImageReader-720x1600f1m2-10441-0](id:28c900000004,api:1,p:725,c:10441) dequeueBuffer: BufferQueue has been abandoned
04-18 03:16:26.271 E/BufferQueueProducer(10441): [ImageReader-720x1600f1m2-10441-0](id:28c900000004,api:1,p:725,c:10441) dequeueBuffer: BufferQueue has been abandoned
04-18 03:16:26.288 E/BufferQueueProducer(10441): [ImageReader-720x1600f1m2-10441-0](id:28c900000004,api:1,p:725,c:10441) dequeueBuffer: BufferQueue has been abandoned
04-18 03:16:26.304 E/BufferQueueProducer(10441): [ImageReader-720x1600f1m2-10441-0](id:28c900000004,api:1,p:725,c:10441) dequeueBuffer: BufferQueue has been abandoned
04-18 03:16:26.321 E/BufferQueueProducer(10441): [ImageReader-720x1600f1m2-10441-0](id:28c900000004,api:1,p:725,c:10441) dequeueBuffer: BufferQueue has been abandoned
04-18 03:16:26.338 E/BufferQueueProducer(10441): [ImageReader-720x1600f1m2-10441-0](id:28c900000004,api:1,p:725,c:10441) dequeueBuffer: BufferQueue has been abandoned
04-18 03:16:26.354 E/BufferQueueProducer(10441): [ImageReader-720x1600f1m2-10441-0](id:28c900000004,api:1,p:725,c:10441) dequeueBuffer: BufferQueue has been abandoned
04-18 03:16:26.371 E/BufferQueueProducer(10441): [ImageReader-720x1600f1m2-10441-0](id:28c900000004,api:1,p:725,c:10441) dequeueBuffer: BufferQueue has been abandoned
04-18 03:16:26.388 E/BufferQueueProducer(10441): [ImageReader-720x1600f1m2-10441-0](id:28c900000004,api:1,p:725,c:10441) dequeueBuffer: BufferQueue has been abandoned
04-18 03:16:26.404 E/BufferQueueProducer(10441): [ImageReader-720x1600f1m2-10441-0](id:28c900000004,api:1,p:725,c:10441) dequeueBuffer: BufferQueue has been abandoned
04-18 03:16:26.421 E/BufferQueueProducer(10441): [ImageReader-720x1600f1m2-10441-0](id:28c900000004,api:1,p:725,c:10441) dequeueBuffer: BufferQueue has been abandoned
04-18 03:16:26.438 E/BufferQueueProducer(10441): [ImageReader-720x1600f1m2-10441-0](id:28c900000004,api:1,p:725,c:10441) dequeueBuffer: BufferQueue has been abandoned
04-18 03:16:26.454 E/BufferQueueProducer(10441): [ImageReader-720x1600f1m2-10441-0](id:28c900000004,api:1,p:725,c:10441) dequeueBuffer: BufferQueue has been abandoned
04-18 03:16:26.537 E/BufferQueueProducer(10441): [ImageReader-720x1600f1m2-10441-0](id:28c900000004,api:1,p:725,c:10441) dequeueBuffer: BufferQueue has been abandoned
04-18 03:16:26.970 E/BufferQueueProducer(10441): [ImageReader-720x1600f1m2-10441-0](id:28c900000004,api:1,p:725,c:10441) dequeueBuffer: BufferQueue has been abandoned
04-18 03:16:26.987 E/BufferQueueProducer(10441): [ImageReader-720x1600f1m2-10441-0](id:28c900000004,api:1,p:725,c:10441) dequeueBuffer: BufferQueue has been abandoned
04-18 03:16:27.004 E/BufferQueueProducer(10441): [ImageReader-720x1600f1m2-10441-0](id:28c900000004,api:1,p:725,c:10441) dequeueBuffer: BufferQueue has been abandoned
04-18 03:16:27.020 E/BufferQueueProducer(10441): [ImageReader-720x1600f1m2-10441-0](id:28c900000004,api:1,p:725,c:10441) dequeueBuffer: BufferQueue has been abandoned
04-18 03:16:27.037 E/BufferQueueProducer(10441): [ImageReader-720x1600f1m2-10441-0](id:28c900000004,api:1,p:725,c:10441) dequeueBuffer: BufferQueue has been abandoned
04-18 03:16:27.054 E/BufferQueueProducer(10441): [ImageReader-720x1600f1m2-10441-0](id:28c900000004,api:1,p:725,c:10441) dequeueBuffer: BufferQueue has been abandoned
04-18 03:16:27.070 E/BufferQueueProducer(10441): [ImageReader-720x1600f1m2-10441-0](id:28c900000004,api:1,p:725,c:10441) dequeueBuffer: BufferQueue has been abandoned
04-18 03:16:27.087 E/BufferQueueProducer(10441): [ImageReader-720x1600f1m2-10441-0](id:28c900000004,api:1,p:725,c:10441) dequeueBuffer: BufferQueue has been abandoned
04-18 03:16:27.103 E/BufferQueueProducer(10441): [ImageReader-720x1600f1m2-10441-0](id:28c900000004,api:1,p:725,c:10441) dequeueBuffer: BufferQueue has been abandoned
04-18 03:16:27.120 E/BufferQueueProducer(10441): [ImageReader-720x1600f1m2-10441-0](id:28c900000004,api:1,p:725,c:10441) dequeueBuffer: BufferQueue has been abandoned
04-18 03:16:27.136 E/BufferQueueProducer(10441): [ImageReader-720x1600f1m2-10441-0](id:28c900000004,api:1,p:725,c:10441) dequeueBuffer: BufferQueue has been abandoned
04-18 03:16:27.154 E/BufferQueueProducer(10441): [ImageReader-720x1600f1m2-10441-0](id:28c900000004,api:1,p:725,c:10441) dequeueBuffer: BufferQueue has been abandoned
04-18 03:16:27.170 E/BufferQueueProducer(10441): [ImageReader-720x1600f1m2-10441-0](id:28c900000004,api:1,p:725,c:10441) dequeueBuffer: BufferQueue has been abandoned
04-18 03:16:27.187 E/BufferQueueProducer(10441): [ImageReader-720x1600f1m2-10441-0](id:28c900000004,api:1,p:725,c:10441) dequeueBuffer: BufferQueue has been abandoned
04-18 03:16:27.203 E/BufferQueueProducer(10441): [ImageReader-720x1600f1m2-10441-0](id:28c900000004,api:1,p:725,c:10441) dequeueBuffer: BufferQueue has been abandoned
04-18 03:16:27.220 E/BufferQueueProducer(10441): [ImageReader-720x1600f1m2-10441-0](id:28c900000004,api:1,p:725,c:10441) dequeueBuffer: BufferQueue has been abandoned
04-18 03:16:27.237 E/BufferQueueProducer(10441): [ImageReader-720x1600f1m2-10441-0](id:28c900000004,api:1,p:725,c:10441) dequeueBuffer: BufferQueue has been abandoned
04-18 03:16:27.253 E/BufferQueueProducer(10441): [ImageReader-720x1600f1m2-10441-0](id:28c900000004,api:1,p:725,c:10441) dequeueBuffer: BufferQueue has been abandoned
04-18 03:16:27.270 E/BufferQueueProducer(10441): [ImageReader-720x1600f1m2-10441-0](id:28c900000004,api:1,p:725,c:10441) dequeueBuffer: BufferQueue has been abandoned
04-18 03:16:27.287 E/BufferQueueProducer(10441): [ImageReader-720x1600f1m2-10441-0](id:28c900000004,api:1,p:725,c:10441) dequeueBuffer: BufferQueue has been abandoned
04-18 03:16:27.303 E/BufferQueueProducer(10441): [ImageReader-720x1600f1m2-10441-0](id:28c900000004,api:1,p:725,c:10441) dequeueBuffer: BufferQueue has been abandoned
04-18 03:16:27.320 E/BufferQueueProducer(10441): [ImageReader-720x1600f1m2-10441-0](id:28c900000004,api:1,p:725,c:10441) dequeueBuffer: BufferQueue has been abandoned
04-18 03:16:27.336 E/BufferQueueProducer(10441): [ImageReader-720x1600f1m2-10441-0](id:28c900000004,api:1,p:725,c:10441) dequeueBuffer: BufferQueue has been abandoned
04-18 03:16:27.353 E/BufferQueueProducer(10441): [ImageReader-720x1600f1m2-10441-0](id:28c900000004,api:1,p:725,c:10441) dequeueBuffer: BufferQueue has been abandoned
04-18 03:16:27.370 E/BufferQueueProducer(10441): [ImageReader-720x1600f1m2-10441-0](id:28c900000004,api:1,p:725,c:10441) dequeueBuffer: BufferQueue has been abandoned
04-18 03:16:27.386 E/BufferQueueProducer(10441): [ImageReader-720x1600f1m2-10441-0](id:28c900000004,api:1,p:725,c:10441) dequeueBuffer: BufferQueue has been abandoned
04-18 03:16:27.403 E/BufferQueueProducer(10441): [ImageReader-720x1600f1m2-10441-0](id:28c900000004,api:1,p:725,c:10441) dequeueBuffer: BufferQueue has been abandoned
04-18 03:16:27.420 E/BufferQueueProducer(10441): [ImageReader-720x1600f1m2-10441-0](id:28c900000004,api:1,p:725,c:10441) dequeueBuffer: BufferQueue has been abandoned
04-18 03:16:27.436 E/BufferQueueProducer(10441): [ImageReader-720x1600f1m2-10441-0](id:28c900000004,api:1,p:725,c:10441) dequeueBuffer: BufferQueue has been abandoned
04-18 03:16:27.453 E/BufferQueueProducer(10441): [ImageReader-720x1600f1m2-10441-0](id:28c900000004,api:1,p:725,c:10441) dequeueBuffer: BufferQueue has been abandoned
04-18 03:16:27.470 E/BufferQueueProducer(10441): [ImageReader-720x1600f1m2-10441-0](id:28c900000004,api:1,p:725,c:10441) dequeueBuffer: BufferQueue has been abandoned
04-18 03:16:27.552 E/BufferQueueProducer(10441): [ImageReader-720x1600f1m2-10441-0](id:28c900000004,api:1,p:725,c:10441) dequeueBuffer: BufferQueue has been abandoned
04-18 03:16:27.770 I/XWebSysUtils(15390): setLocalStoragePatthSuffix = com.tencent.mm.appbrand0.619
04-18 03:16:27.783 I/NativeImage(15375): [WxImageLoader] loadAsync path[magicbrandservice-13]
04-18 03:16:27.784 I/NativeImage(15375): [WxImageLoader] loadAsync path[magicbrandservice-13]
04-18 03:16:27.785 I/NativeImage(15375): [WxImageLoader] loadAsync path[magicbrandservice-13]
04-18 03:16:27.788 I/NativeImage(15375): [WxImageLoader] loadAsync path[magicadbrandservice-]
04-18 03:16:27.789 I/NativeImage(15375): [WxImageLoader] loadAsync path[magicadbrandservice-]
04-18 03:16:27.837 E/HeifDecoderImpl(15375): getSize: not supported!
04-18 03:16:27.854 E/HeifDecoderImpl(15375): getSize: not supported!
04-18 03:16:27.861 E/HeifDecoderImpl(15375): getSize: not supported!
04-18 03:16:27.885 E/HeifDecoderImpl(15375): getSize: not supported!
04-18 03:16:27.900 I/NativeImage(15375): [WxImageLoader] file is loaded [magicbrandservice-13003.731789://resources/images/fire.png] bitmap(not null)
04-18 03:16:27.902 I/NativeImage(15375): [WxImageLoader] listenerList->size() [1]
04-18 03:16:27.902 I/NativeImage(15375): [WxImageLoader] config listener removed, count[1]
04-18 03:16:27.907 E/HeifDecoderImpl(15375): getSize: not supported!
04-18 03:16:27.923 E/HeifDecoderImpl(15375): getSize: not supported!
04-18 03:16:27.925 E/HeifDecoderImpl(15375): getSize: not supported!
04-18 03:16:27.925 E/HeifDecoderImpl(15375): getSize: not supported!
04-18 03:16:27.929 E/HeifDecoderImpl(15375): getSize: not supported!
04-18 03:16:27.932 I/NativeImage(15375): [WxImageLoader] Invoke Listener finished, done.
04-18 03:16:27.935 I/NativeImage(15375): [WxImageLoader] file is loaded [magicbrandservice-13003.731789://resources/images/close_border.png] bitmap(not null)
04-18 03:16:27.937 E/HeifDecoderImpl(15375): getSize: not supported!
04-18 03:16:27.938 I/NativeImage(15375): [WxImageLoader] listenerList->size() [1]
04-18 03:16:27.938 I/NativeImage(15375): [WxImageLoader] config listener removed, count[1]
04-18 03:16:27.944 I/NativeImage(15375): [WxImageLoader] Invoke Listener finished, done.
04-18 03:16:27.944 I/NativeImage(15375): [WxImageLoader] file is loaded [magicadbrandservice-13003.731748://resources/feedback_medium_2_LM.png] bitmap(not null)
04-18 03:16:27.944 I/NativeImage(15375): [WxImageLoader] listenerList->size() [1]
04-18 03:16:27.944 I/NativeImage(15375): [WxImageLoader] config listener removed, count[1]
04-18 03:16:27.946 I/NativeImage(15375): [WxImageLoader] Invoke Listener finished, done.
04-18 03:16:27.946 I/NativeImage(15375): [WxImageLoader] file is loaded [magicbrandservice-13003.731789://resources/images/arrow_right_lm.png] bitmap(not null)
04-18 03:16:27.946 I/NativeImage(15375): [WxImageLoader] listenerList->size() [1]
04-18 03:16:27.946 I/NativeImage(15375): [WxImageLoader] config listener removed, count[1]
04-18 03:16:27.947 I/NativeImage(15375): [WxImageLoader] Invoke Listener finished, done.
04-18 03:16:27.969 E/BufferQueueProducer(10441): [ImageReader-720x1600f1m2-10441-0](id:28c900000004,api:1,p:725,c:10441) dequeueBuffer: BufferQueue has been abandoned
04-18 03:16:27.975 I/NativeImage(15375): [WxImageLoader] loadAsync path[wxfile://usr/downloa]
04-18 03:16:27.985 D/CompatibilityChangeReporter(15390): Compat change id reported: 171228096; UID 10246; state: ENABLED
04-18 03:16:27.986 E/BufferQueueProducer(10441): [ImageReader-720x1600f1m2-10441-0](id:28c900000004,api:1,p:725,c:10441) dequeueBuffer: BufferQueue has been abandoned
04-18 03:16:28.002 E/BufferQueueProducer(10441): [ImageReader-720x1600f1m2-10441-0](id:28c900000004,api:1,p:725,c:10441) dequeueBuffer: BufferQueue has been abandoned
04-18 03:16:28.019 E/BufferQueueProducer(10441): [ImageReader-720x1600f1m2-10441-0](id:28c900000004,api:1,p:725,c:10441) dequeueBuffer: BufferQueue has been abandoned
04-18 03:16:28.036 E/BufferQueueProducer(10441): [ImageReader-720x1600f1m2-10441-0](id:28c900000004,api:1,p:725,c:10441) dequeueBuffer: BufferQueue has been abandoned
04-18 03:16:28.052 E/BufferQueueProducer(10441): [ImageReader-720x1600f1m2-10441-0](id:28c900000004,api:1,p:725,c:10441) dequeueBuffer: BufferQueue has been abandoned
04-18 03:16:28.060 W/JSRuntimeLooper(15390): type=1400 audit(0.0:10327): avc: granted { execute } for path="/data/data/com.tencent.mm/tinker/patch-645cb71a/lib/lib/arm64-v8a/libmmv8.so" dev="dm-10" ino=87194 scontext=u:r:untrusted_app:s0:c246,c256,c512,c768 tcontext=u:object_r:app_data_file:s0:c246,c256,c512,c768 tclass=file app=com.tencent.mm
04-18 03:16:28.066 I/NativeImage(15375): [WxImageLoader] file is loaded [wxfile://usr/download_e6f39ec56ee71e8d_1776258780356] bitmap(not null)
04-18 03:16:28.066 I/NativeImage(15375): [WxImageLoader] listenerList->size() [1]
04-18 03:16:28.066 I/NativeImage(15375): [WxImageLoader] config listener removed, count[1]
04-18 03:16:28.069 E/BufferQueueProducer(10441): [ImageReader-720x1600f1m2-10441-0](id:28c900000004,api:1,p:725,c:10441) dequeueBuffer: BufferQueue has been abandoned
04-18 03:16:28.070 I/NativeImage(15375): [WxImageLoader] Invoke Listener finished, done.
04-18 03:16:28.076 I/NativeImage(15375): [WxImageLoader] loadAsync path[wxfile://usr/downloa]
04-18 03:16:28.086 E/BufferQueueProducer(10441): [ImageReader-720x1600f1m2-10441-0](id:28c900000004,api:1,p:725,c:10441) dequeueBuffer: BufferQueue has been abandoned
04-18 03:16:28.102 E/BufferQueueProducer(10441): [ImageReader-720x1600f1m2-10441-0](id:28c900000004,api:1,p:725,c:10441) dequeueBuffer: BufferQueue has been abandoned
04-18 03:16:28.119 E/BufferQueueProducer(10441): [ImageReader-720x1600f1m2-10441-0](id:28c900000004,api:1,p:725,c:10441) dequeueBuffer: BufferQueue has been abandoned
04-18 03:16:28.122 I/NativeImage(15375): [WxImageLoader] file is loaded [wxfile://usr/download_77925a3a9a82da20_1776430349381.jpeg] bitmap(not null)
04-18 03:16:28.122 I/NativeImage(15375): [WxImageLoader] listenerList->size() [1]
04-18 03:16:28.122 I/NativeImage(15375): [WxImageLoader] config listener removed, count[1]
04-18 03:16:28.135 E/BufferQueueProducer(10441): [ImageReader-720x1600f1m2-10441-0](id:28c900000004,api:1,p:725,c:10441) dequeueBuffer: BufferQueue has been abandoned
04-18 03:16:28.152 E/BufferQueueProducer(10441): [ImageReader-720x1600f1m2-10441-0](id:28c900000004,api:1,p:725,c:10441) dequeueBuffer: BufferQueue has been abandoned
04-18 03:16:28.169 E/BufferQueueProducer(10441): [ImageReader-720x1600f1m2-10441-0](id:28c900000004,api:1,p:725,c:10441) dequeueBuffer: BufferQueue has been abandoned
04-18 03:16:28.185 E/BufferQueueProducer(10441): [ImageReader-720x1600f1m2-10441-0](id:28c900000004,api:1,p:725,c:10441) dequeueBuffer: BufferQueue has been abandoned
04-18 03:16:28.202 E/BufferQueueProducer(10441): [ImageReader-720x1600f1m2-10441-0](id:28c900000004,api:1,p:725,c:10441) dequeueBuffer: BufferQueue has been abandoned
04-18 03:16:28.219 E/BufferQueueProducer(10441): [ImageReader-720x1600f1m2-10441-0](id:28c900000004,api:1,p:725,c:10441) dequeueBuffer: BufferQueue has been abandoned
04-18 03:16:28.228 W/[GT]ColdPool#4(15390): type=1400 audit(0.0:10328): avc: granted { execute } for path="/data/data/com.tencent.mm/MicroMsg/AFFUDRPath/resource/udr/biz/ilinkres_55e88e46/libwcwss/d0775caed341bb6a5e7290900d62f134.udr" dev="dm-10" ino=24795 scontext=u:r:untrusted_app:s0:c246,c256,c512,c768 tcontext=u:object_r:app_data_file:s0:c246,c256,c512,c768 tclass=file app=com.tencent.mm
04-18 03:16:28.235 E/BufferQueueProducer(10441): [ImageReader-720x1600f1m2-10441-0](id:28c900000004,api:1,p:725,c:10441) dequeueBuffer: BufferQueue has been abandoned
04-18 03:16:28.244 W/[GT]ColdPool#4(15390): type=1400 audit(0.0:10329): avc: granted { execute } for path="/data/data/com.tencent.mm/MicroMsg/AFFUDRPath/resource/udr/biz/ilinkres_55e88e46/libmmwcwss/fb81866f1624f6931efd3f06774d0653.udr" dev="dm-10" ino=24637 scontext=u:r:untrusted_app:s0:c246,c256,c512,c768 tcontext=u:object_r:app_data_file:s0:c246,c256,c512,c768 tclass=file app=com.tencent.mm
04-18 03:16:28.252 E/BufferQueueProducer(10441): [ImageReader-720x1600f1m2-10441-0](id:28c900000004,api:1,p:725,c:10441) dequeueBuffer: BufferQueue has been abandoned
04-18 03:16:28.269 E/BufferQueueProducer(10441): [ImageReader-720x1600f1m2-10441-0](id:28c900000004,api:1,p:725,c:10441) dequeueBuffer: BufferQueue has been abandoned
04-18 03:16:28.285 E/BufferQueueProducer(10441): [ImageReader-720x1600f1m2-10441-0](id:28c900000004,api:1,p:725,c:10441) dequeueBuffer: BufferQueue has been abandoned
04-18 03:16:28.302 E/BufferQueueProducer(10441): [ImageReader-720x1600f1m2-10441-0](id:28c900000004,api:1,p:725,c:10441) dequeueBuffer: BufferQueue has been abandoned
04-18 03:16:28.319 E/BufferQueueProducer(10441): [ImageReader-720x1600f1m2-10441-0](id:28c900000004,api:1,p:725,c:10441) dequeueBuffer: BufferQueue has been abandoned
04-18 03:16:28.335 E/BufferQueueProducer(10441): [ImageReader-720x1600f1m2-10441-0](id:28c900000004,api:1,p:725,c:10441) dequeueBuffer: BufferQueue has been abandoned
04-18 03:16:28.352 E/BufferQueueProducer(10441): [ImageReader-720x1600f1m2-10441-0](id:28c900000004,api:1,p:725,c:10441) dequeueBuffer: BufferQueue has been abandoned
04-18 03:16:28.385 E/BufferQueueProducer(10441): [ImageReader-720x1600f1m2-10441-0](id:28c900000004,api:1,p:725,c:10441) dequeueBuffer: BufferQueue has been abandoned
04-18 03:16:28.393 I/nt.mm:appbrand(15375): NativeAlloc concurrent copying GC freed 52509(2704KB) AllocSpace objects, 45(14MB) LOS objects, 39% free, 36MB/60MB, paused 146us,92us total 413.298ms
04-18 03:16:28.402 E/BufferQueueProducer(10441): [ImageReader-720x1600f1m2-10441-0](id:28c900000004,api:1,p:725,c:10441) dequeueBuffer: BufferQueue has been abandoned
04-18 03:16:28.419 E/BufferQueueProducer(10441): [ImageReader-720x1600f1m2-10441-0](id:28c900000004,api:1,p:725,c:10441) dequeueBuffer: BufferQueue has been abandoned
04-18 03:16:28.428 W/libc    (15390): Access denied finding property "ro.vendor.perf.scroll_opt.heavy_app"
04-18 03:16:28.435 E/BufferQueueProducer(10441): [ImageReader-720x1600f1m2-10441-0](id:28c900000004,api:1,p:725,c:10441) dequeueBuffer: BufferQueue has been abandoned
04-18 03:16:28.452 E/BufferQueueProducer(10441): [ImageReader-720x1600f1m2-10441-0](id:28c900000004,api:1,p:725,c:10441) dequeueBuffer: BufferQueue has been abandoned
04-18 03:16:28.468 E/BufferQueueProducer(10441): [ImageReader-720x1600f1m2-10441-0](id:28c900000004,api:1,p:725,c:10441) dequeueBuffer: BufferQueue has been abandoned
04-18 03:16:28.538 D/HeapGCOptimizerV2#Native(13770): set max heap usage to add gc diff to 0.700000
04-18 03:16:28.543 I/NativeImage(15375): [WxImageLoader] Invoke Listener finished, done.
04-18 03:16:28.550 I/NativeImage(15375): [WxImageLoader] loadAsync path[wxfile://usr/downloa]
04-18 03:16:28.551 E/BufferQueueProducer(10441): [ImageReader-720x1600f1m2-10441-0](id:28c900000004,api:1,p:725,c:10441) dequeueBuffer: BufferQueue has been abandoned
04-18 03:16:28.564 I/NativeImage(15375): [WxImageLoader] loadAsync path[wxfile://usr/downloa]
04-18 03:16:28.565 I/NativeImage(15375): [WxImageLoader] file is loaded [wxfile://usr/download_ec4c88c86786aff_1776258780364.png] bitmap(not null)
04-18 03:16:28.565 I/NativeImage(15375): [WxImageLoader] listenerList->size() [1]
04-18 03:16:28.565 I/NativeImage(15375): [WxImageLoader] config listener removed, count[1]
04-18 03:16:28.650 E/XWeb.Core.NTransXweb(15390): XWEB_NATIVE_TRANS NTransManager_Bind xweb78 bind to 0x0x6d78cf02b0
04-18 03:16:28.650 E/XWeb.Core.NTrans(15390): xweb bind native manager 0x78cf02b0
04-18 03:16:28.744 I/NativeImage(15375): [WxImageLoader] Invoke Listener finished, done.
04-18 03:16:28.760 I/NativeImage(15375): [WxImageLoader] file is loaded [wxfile://usr/download_1f34456335cc8a14_1776258780369.png] bitmap(not null)
04-18 03:16:28.760 I/NativeImage(15375): [WxImageLoader] listenerList->size() [1]
04-18 03:16:28.760 I/NativeImage(15375): [WxImageLoader] config listener removed, count[1]
04-18 03:16:28.838 I/NativeImage(15375): [WxImageLoader] Invoke Listener finished, done.
04-18 03:16:28.838 I/NativeImage(15375): [WxImageLoader] file is loaded [magicadbrandservice-13003.731748://resources/avif_detection.avif] bitmap(not null)
04-18 03:16:28.838 I/NativeImage(15375): [WxImageLoader] listenerList->size() [1]
04-18 03:16:28.838 I/NativeImage(15375): [WxImageLoader] config listener removed, count[1]
04-18 03:16:28.842 I/encent.mm:patc(14430): Background young concurrent copying GC freed 687682(21MB) AllocSpace objects, 60(3984KB) LOS objects, 35% free, 43MB/66MB, paused 243us,163us total 243.805ms
04-18 03:16:28.847 I/NativeImage(15375): [WxImageLoader] Invoke Listener finished, done.
04-18 03:16:28.950 I/v8      (15390): SetInvokeRenderCallbackInner
04-18 03:16:28.984 E/BufferQueueProducer(10441): [ImageReader-720x1600f1m2-10441-0](id:28c900000004,api:1,p:725,c:10441) dequeueBuffer: BufferQueue has been abandoned
04-18 03:16:28.994 I/v8      (15390): v8_flags.code_range_fix: false
04-18 03:16:29.001 E/BufferQueueProducer(10441): [ImageReader-720x1600f1m2-10441-0](id:28c900000004,api:1,p:725,c:10441) dequeueBuffer: BufferQueue has been abandoned
04-18 03:16:29.000 W/Chrome_InProcRe(15390): type=1400 audit(0.0:10330): avc: granted { execute } for path="/data/data/com.tencent.mm/app_xweb_data/xweb_1460055/extracted_xwalkcore/libxwebcore.so" dev="dm-10" ino=48754 scontext=u:r:untrusted_app:s0:c246,c256,c512,c768 tcontext=u:object_r:app_data_file:s0:c246,c256,c512,c768 tclass=file app=com.tencent.mm
04-18 03:16:29.018 E/BufferQueueProducer(10441): [ImageReader-720x1600f1m2-10441-0](id:28c900000004,api:1,p:725,c:10441) dequeueBuffer: BufferQueue has been abandoned
04-18 03:16:29.034 E/BufferQueueProducer(10441): [ImageReader-720x1600f1m2-10441-0](id:28c900000004,api:1,p:725,c:10441) dequeueBuffer: BufferQueue has been abandoned
04-18 03:16:29.051 E/BufferQueueProducer(10441): [ImageReader-720x1600f1m2-10441-0](id:28c900000004,api:1,p:725,c:10441) dequeueBuffer: BufferQueue has been abandoned
04-18 03:16:29.067 E/BufferQueueProducer(10441): [ImageReader-720x1600f1m2-10441-0](id:28c900000004,api:1,p:725,c:10441) dequeueBuffer: BufferQueue has been abandoned
04-18 03:16:29.084 E/BufferQueueProducer(10441): [ImageReader-720x1600f1m2-10441-0](id:28c900000004,api:1,p:725,c:10441) dequeueBuffer: BufferQueue has been abandoned
04-18 03:16:29.100 E/BufferQueueProducer(10441): [ImageReader-720x1600f1m2-10441-0](id:28c900000004,api:1,p:725,c:10441) dequeueBuffer: BufferQueue has been abandoned
04-18 03:16:29.118 E/BufferQueueProducer(10441): [ImageReader-720x1600f1m2-10441-0](id:28c900000004,api:1,p:725,c:10441) dequeueBuffer: BufferQueue has been abandoned
04-18 03:16:29.130 D/Linux   (10441): [Posix_connect Debug]Process com.zbb.automation :8081
04-18 03:16:29.134 E/BufferQueueProducer(10441): [ImageReader-720x1600f1m2-10441-0](id:28c900000004,api:1,p:725,c:10441) dequeueBuffer: BufferQueue has been abandoned
04-18 03:16:29.151 E/BufferQueueProducer(10441): [ImageReader-720x1600f1m2-10441-0](id:28c900000004,api:1,p:725,c:10441) dequeueBuffer: BufferQueue has been abandoned
04-18 03:16:29.168 E/BufferQueueProducer(10441): [ImageReader-720x1600f1m2-10441-0](id:28c900000004,api:1,p:725,c:10441) dequeueBuffer: BufferQueue has been abandoned
04-18 03:16:29.184 E/BufferQueueProducer(10441): [ImageReader-720x1600f1m2-10441-0](id:28c900000004,api:1,p:725,c:10441) dequeueBuffer: BufferQueue has been abandoned
04-18 03:16:29.201 E/BufferQueueProducer(10441): [ImageReader-720x1600f1m2-10441-0](id:28c900000004,api:1,p:725,c:10441) dequeueBuffer: BufferQueue has been abandoned
04-18 03:16:29.218 E/BufferQueueProducer(10441): [ImageReader-720x1600f1m2-10441-0](id:28c900000004,api:1,p:725,c:10441) dequeueBuffer: BufferQueue has been abandoned
04-18 03:16:29.234 E/BufferQueueProducer(10441): [ImageReader-720x1600f1m2-10441-0](id:28c900000004,api:1,p:725,c:10441) dequeueBuffer: BufferQueue has been abandoned
04-18 03:16:29.251 E/BufferQueueProducer(10441): [ImageReader-720x1600f1m2-10441-0](id:28c900000004,api:1,p:725,c:10441) dequeueBuffer: BufferQueue has been abandoned
04-18 03:16:29.267 E/BufferQueueProducer(10441): [ImageReader-720x1600f1m2-10441-0](id:28c900000004,api:1,p:725,c:10441) dequeueBuffer: BufferQueue has been abandoned
04-18 03:16:29.283 E/BufferQueueProducer(10441): [ImageReader-720x1600f1m2-10441-0](id:28c900000004,api:1,p:725,c:10441) dequeueBuffer: BufferQueue has been abandoned
04-18 03:16:29.301 E/BufferQueueProducer(10441): [ImageReader-720x1600f1m2-10441-0](id:28c900000004,api:1,p:725,c:10441) dequeueBuffer: BufferQueue has been abandoned
04-18 03:16:29.315 W/MediaCodec-JNI(15390): pid:15390,client name:com.tencent.mm:appbrand0
04-18 03:16:29.317 E/BufferQueueProducer(10441): [ImageReader-720x1600f1m2-10441-0](id:28c900000004,api:1,p:725,c:10441) dequeueBuffer: BufferQueue has been abandoned
04-18 03:16:29.331 W/AudioCapabilities(15390): Unsupported mime audio/x-ms-wma
04-18 03:16:29.334 E/BufferQueueProducer(10441): [ImageReader-720x1600f1m2-10441-0](id:28c900000004,api:1,p:725,c:10441) dequeueBuffer: BufferQueue has been abandoned
04-18 03:16:29.335 W/AudioCapabilities(15390): Unsupported mime audio/x-ms-wma
04-18 03:16:29.336 W/AudioCapabilities(15390): Unsupported mime audio/mpeg-L1
04-18 03:16:29.337 W/AudioCapabilities(15390): Unsupported mime audio/mpeg-L2
04-18 03:16:29.337 W/AudioCapabilities(15390): Unsupported mime audio/mpeg-L1
04-18 03:16:29.337 W/AudioCapabilities(15390): Unsupported mime audio/mpeg-L2
04-18 03:16:29.337 W/AudioCapabilities(15390): Unsupported mime audio/ra
04-18 03:16:29.338 W/AudioCapabilities(15390): Unsupported mime audio/ra
04-18 03:16:29.338 W/AudioCapabilities(15390): Unsupported mime audio/alac
04-18 03:16:29.338 W/AudioCapabilities(15390): Unsupported mime audio/alac
04-18 03:16:29.339 W/AudioCapabilities(15390): Unsupported mime audio/ape
04-18 03:16:29.339 W/AudioCapabilities(15390): Unsupported mime audio/x-ape
04-18 03:16:29.339 W/AudioCapabilities(15390): Unsupported mime audio/ape
04-18 03:16:29.339 W/AudioCapabilities(15390): Unsupported mime audio/x-ape
04-18 03:16:29.340 W/AudioCapabilities(15390): Unsupported mime audio/adpcm
04-18 03:16:29.340 W/AudioCapabilities(15390): Unsupported mime audio/x-ms-adpcm
04-18 03:16:29.340 W/AudioCapabilities(15390): Unsupported mime audio/pcm
04-18 03:16:29.340 W/AudioCapabilities(15390): Unsupported mime audio/pcm
04-18 03:16:29.340 W/AudioCapabilities(15390): Unsupported mime audio/dsd
04-18 03:16:29.340 W/AudioCapabilities(15390): Unsupported mime audio/dsd
04-18 03:16:29.341 W/VideoCapabilities(15390): Unsupported mime video/rv
04-18 03:16:29.341 W/VideoCapabilities(15390): Unsupported mime video/rv
04-18 03:16:29.341 W/VideoCapabilities(15390): Unsupported mime video/x-ms-wmv
04-18 03:16:29.342 W/VideoCapabilities(15390): Unsupported mime video/x-ms-wmv2
04-18 03:16:29.342 W/VideoCapabilities(15390): Unsupported mime video/x-ms-wmv
04-18 03:16:29.343 W/VideoCapabilities(15390): Unsupported mime video/x-ms-wmv2
04-18 03:16:29.345 W/VideoCapabilities(15390): Unsupported mime video/divx3
04-18 03:16:29.345 W/VideoCapabilities(15390): Unsupported mime video/divx3
04-18 03:16:29.346 W/VideoCapabilities(15390): Unsupported mime video/flv1
04-18 03:16:29.346 W/VideoCapabilities(15390): Unsupported mime video/x-flv
04-18 03:16:29.347 W/VideoCapabilities(15390): Unsupported mime video/flv1
04-18 03:16:29.347 W/VideoCapabilities(15390): Unsupported mime video/x-flv
04-18 03:16:29.348 W/VideoCapabilities(15390): Unsupported mime video/mjpeg
04-18 03:16:29.348 W/VideoCapabilities(15390): Unsupported mime video/x-motion-jpeg
04-18 03:16:29.348 W/VideoCapabilities(15390): Unsupported mime video/mjpeg
04-18 03:16:29.349 W/VideoCapabilities(15390): Unsupported mime video/x-motion-jpeg
04-18 03:16:29.349 W/AudioCapabilities(15390): Unsupported mime audio/x-adpcm-dvi-ima
04-18 03:16:29.350 W/AudioCapabilities(15390): Unsupported mime audio/x-adpcm-dvi-ima
04-18 03:16:29.350 W/AudioCapabilities(15390): Unsupported mime audio/x-adpcm-ms
04-18 03:16:29.350 E/BufferQueueProducer(10441): [ImageReader-720x1600f1m2-10441-0](id:28c900000004,api:1,p:725,c:10441) dequeueBuffer: BufferQueue has been abandoned
04-18 03:16:29.350 W/AudioCapabilities(15390): Unsupported mime audio/x-adpcm-ms
04-18 03:16:29.352 W/AudioCapabilities(15390): Unsupported mime audio/alac
04-18 03:16:29.352 W/AudioCapabilities(15390): Unsupported mime audio/alac
04-18 03:16:29.353 W/AudioCapabilities(15390): Unsupported mime audio/ape
04-18 03:16:29.353 W/AudioCapabilities(15390): Unsupported mime audio/ape
04-18 03:16:29.362 W/VideoCapabilities(15390): Unsupported mime image/vnd.android.heic
04-18 03:16:29.363 W/VideoCapabilities(15390): Unsupported mime image/vnd.android.heic
04-18 03:16:29.363 W/VideoCapabilities(15390): Unsupported mime image/vnd.android.heic
04-18 03:16:29.367 W/VideoCapabilities(15390): Unsupported mime video/x-ms-wmv
04-18 03:16:29.367 E/BufferQueueProducer(10441): [ImageReader-720x1600f1m2-10441-0](id:28c900000004,api:1,p:725,c:10441) dequeueBuffer: BufferQueue has been abandoned
04-18 03:16:29.368 W/VideoCapabilities(15390): Unsupported mime video/x-ms-wmv
04-18 03:16:29.378 W/AccessibilityServiceImpl(10441): getCurrentPackageName 尝试在 非主线程调用，已在主线程重新执行
04-18 03:16:29.383 E/BufferQueueProducer(10441): [ImageReader-720x1600f1m2-10441-0](id:28c900000004,api:1,p:725,c:10441) dequeueBuffer: BufferQueue has been abandoned
04-18 03:16:29.387 I/ReactNativeJS(10441): [ZBB INFO] [微信] 当前包名: com.tencent.mm
04-18 03:16:29.388 I/ReactNativeJS(10441): [ZBB SUCCESS] [微信] 微信已打开
04-18 03:16:29.389 I/ReactNativeJS(10441): [ZBB INFO] [流程] 阶段三：搜索并进入小程序
04-18 03:16:29.400 E/BufferQueueProducer(10441): [ImageReader-720x1600f1m2-10441-0](id:28c900000004,api:1,p:725,c:10441) dequeueBuffer: BufferQueue has been abandoned
04-18 03:16:29.417 E/BufferQueueProducer(10441): [ImageReader-720x1600f1m2-10441-0](id:28c900000004,api:1,p:725,c:10441) dequeueBuffer: BufferQueue has been abandoned
04-18 03:16:29.434 E/BufferQueueProducer(10441): [ImageReader-720x1600f1m2-10441-0](id:28c900000004,api:1,p:725,c:10441) dequeueBuffer: BufferQueue has been abandoned
04-18 03:16:29.443 I/ReactNativeJS(10441): [ZBB INFO] [流程] 阶段三：搜索并进入小程序
04-18 03:16:29.443 I/ReactNativeJS(10441): [ZBB INFO] [流程] 阶段四：进入绿城云小程序
04-18 03:16:29.450 D/AccessibilityServiceImpl(10441): 找到已启用的 ZBB 无障碍服务: com.zbb.automation/.AccessibilityServiceImpl
04-18 03:16:29.451 E/BufferQueueProducer(10441): [ImageReader-720x1600f1m2-10441-0](id:28c900000004,api:1,p:725,c:10441) dequeueBuffer: BufferQueue has been abandoned
04-18 03:16:29.451 W/unknown:ReactNative(10441): StatusBarModule: Ignored status bar change, current activity is edge-to-edge.
04-18 03:16:29.452 W/unknown:ReactNative(10441): StatusBarModule: Ignored status bar change, current activity is edge-to-edge.
04-18 03:16:29.455 I/ReactNativeJS(10441): [ZBB INFO] [微信] ⑨: 下拉微信首页...
04-18 03:16:29.467 E/BufferQueueProducer(10441): [ImageReader-720x1600f1m2-10441-0](id:28c900000004,api:1,p:725,c:10441) dequeueBuffer: BufferQueue has been abandoned
04-18 03:16:29.484 E/BufferQueueProducer(10441): [ImageReader-720x1600f1m2-10441-0](id:28c900000004,api:1,p:725,c:10441) dequeueBuffer: BufferQueue has been abandoned
04-18 03:16:29.500 E/BufferQueueProducer(10441): [ImageReader-720x1600f1m2-10441-0](id:28c900000004,api:1,p:725,c:10441) dequeueBuffer: BufferQueue has been abandoned
04-18 03:16:29.534 E/BufferQueueProducer(10441): [ImageReader-720x1600f1m2-10441-0](id:28c900000004,api:1,p:725,c:10441) dequeueBuffer: BufferQueue has been abandoned
04-18 03:16:29.536 E/XWeb.Core.NTransXweb(15390): XWEB_NATIVE_TRANS XWebNTransModule inject ntrans success
04-18 03:16:29.550 E/BufferQueueProducer(10441): [ImageReader-720x1600f1m2-10441-0](id:28c900000004,api:1,p:725,c:10441) dequeueBuffer: BufferQueue has been abandoned
04-18 03:16:29.567 E/BufferQueueProducer(10441): [ImageReader-720x1600f1m2-10441-0](id:28c900000004,api:1,p:725,c:10441) dequeueBuffer: BufferQueue has been abandoned
04-18 03:16:29.583 E/BufferQueueProducer(10441): [ImageReader-720x1600f1m2-10441-0](id:28c900000004,api:1,p:725,c:10441) dequeueBuffer: BufferQueue has been abandoned
04-18 03:16:29.585 D/AccessibilityServiceImpl(10441): 收到无障碍事件类型: 2048
04-18 03:16:29.585 D/AccessibilityServiceImpl(10441): 窗口内容变化
04-18 03:16:29.600 E/BufferQueueProducer(10441): [ImageReader-720x1600f1m2-10441-0](id:28c900000004,api:1,p:725,c:10441) dequeueBuffer: BufferQueue has been abandoned
04-18 03:16:29.617 E/BufferQueueProducer(10441): [ImageReader-720x1600f1m2-10441-0](id:28c900000004,api:1,p:725,c:10441) dequeueBuffer: BufferQueue has been abandoned
04-18 03:16:29.634 E/BufferQueueProducer(10441): [ImageReader-720x1600f1m2-10441-0](id:28c900000004,api:1,p:725,c:10441) dequeueBuffer: BufferQueue has been abandoned
