04-18 03:16:39.488 E/BufferQueueProducer(10441): [ImageReader-720x1600f1m2-10441-2](id:28c900000007,api:1,p:725,c:10441) dequeueBuffer: BufferQueue has been abandoned
04-18 03:16:39.505 E/BufferQueueProducer(10441): [ImageReader-720x1600f1m2-10441-2](id:28c900000007,api:1,p:725,c:10441) dequeueBuffer: BufferQueue has been abandoned
04-18 03:16:39.522 E/BufferQueueProducer(10441): [ImageReader-720x1600f1m2-10441-2](id:28c900000007,api:1,p:725,c:10441) dequeueBuffer: BufferQueue has been abandoned
04-18 03:16:39.538 E/BufferQueueProducer(10441): [ImageReader-720x1600f1m2-10441-2](id:28c900000007,api:1,p:725,c:10441) dequeueBuffer: BufferQueue has been abandoned
04-18 03:16:39.555 E/BufferQueueProducer(10441): [ImageReader-720x1600f1m2-10441-2](id:28c900000007,api:1,p:725,c:10441) dequeueBuffer: BufferQueue has been abandoned
04-18 03:16:39.572 E/BufferQueueProducer(10441): [ImageReader-720x1600f1m2-10441-2](id:28c900000007,api:1,p:725,c:10441) dequeueBuffer: BufferQueue has been abandoned
04-18 03:16:39.589 E/BufferQueueProducer(10441): [ImageReader-720x1600f1m2-10441-2](id:28c900000007,api:1,p:725,c:10441) dequeueBuffer: BufferQueue has been abandoned
04-18 03:16:39.589 W/encent.mm:patc(14430): Accessing hidden field Landroid/content/pm/IPackageManager$Stub;->TRANSACTION_performDexOptSecondary:I (max-target-o, reflection, denied)
04-18 03:16:39.605 E/BufferQueueProducer(10441): [ImageReader-720x1600f1m2-10441-2](id:28c900000007,api:1,p:725,c:10441) dequeueBuffer: BufferQueue has been abandoned
04-18 03:16:39.622 E/BufferQueueProducer(10441): [ImageReader-720x1600f1m2-10441-2](id:28c900000007,api:1,p:725,c:10441) dequeueBuffer: BufferQueue has been abandoned
04-18 03:16:39.638 E/BufferQueueProducer(10441): [ImageReader-720x1600f1m2-10441-2](id:28c900000007,api:1,p:725,c:10441) dequeueBuffer: BufferQueue has been abandoned
04-18 03:16:39.655 E/BufferQueueProducer(10441): [ImageReader-720x1600f1m2-10441-2](id:28c900000007,api:1,p:725,c:10441) dequeueBuffer: BufferQueue has been abandoned
04-18 03:16:39.672 E/BufferQueueProducer(10441): [ImageReader-720x1600f1m2-10441-2](id:28c900000007,api:1,p:725,c:10441) dequeueBuffer: BufferQueue has been abandoned
04-18 03:16:39.688 E/BufferQueueProducer(10441): [ImageReader-720x1600f1m2-10441-2](id:28c900000007,api:1,p:725,c:10441) dequeueBuffer: BufferQueue has been abandoned
04-18 03:16:39.694 D/AccessibilityServiceImpl(10441): 滑动完成: (300.0,200.0) -> (300.0,800.0)
04-18 03:16:39.705 E/BufferQueueProducer(10441): [ImageReader-720x1600f1m2-10441-2](id:28c900000007,api:1,p:725,c:10441) dequeueBuffer: BufferQueue has been abandoned
04-18 03:16:39.721 E/BufferQueueProducer(10441): [ImageReader-720x1600f1m2-10441-2](id:28c900000007,api:1,p:725,c:10441) dequeueBuffer: BufferQueue has been abandoned
04-18 03:16:39.804 E/BufferQueueProducer(10441): [ImageReader-720x1600f1m2-10441-2](id:28c900000007,api:1,p:725,c:10441) dequeueBuffer: BufferQueue has been abandoned
04-18 03:16:40.204 E/BufferQueueProducer(10441): [ImageReader-720x1600f1m2-10441-2](id:28c900000007,api:1,p:725,c:10441) dequeueBuffer: BufferQueue has been abandoned
04-18 03:16:40.212 D/Linux   (10441): [Posix_connect Debug]Process com.zbb.automation :8081
04-18 03:16:40.221 E/BufferQueueProducer(10441): [ImageReader-720x1600f1m2-10441-2](id:28c900000007,api:1,p:725,c:10441) dequeueBuffer: BufferQueue has been abandoned
04-18 03:16:40.238 E/BufferQueueProducer(10441): [ImageReader-720x1600f1m2-10441-2](id:28c900000007,api:1,p:725,c:10441) dequeueBuffer: BufferQueue has been abandoned
04-18 03:16:40.254 E/BufferQueueProducer(10441): [ImageReader-720x1600f1m2-10441-2](id:28c900000007,api:1,p:725,c:10441) dequeueBuffer: BufferQueue has been abandoned
04-18 03:16:40.271 E/BufferQueueProducer(10441): [ImageReader-720x1600f1m2-10441-2](id:28c900000007,api:1,p:725,c:10441) dequeueBuffer: BufferQueue has been abandoned
04-18 03:16:40.287 E/BufferQueueProducer(10441): [ImageReader-720x1600f1m2-10441-2](id:28c900000007,api:1,p:725,c:10441) dequeueBuffer: BufferQueue has been abandoned
04-18 03:16:40.304 E/BufferQueueProducer(10441): [ImageReader-720x1600f1m2-10441-2](id:28c900000007,api:1,p:725,c:10441) dequeueBuffer: BufferQueue has been abandoned
04-18 03:16:40.321 E/BufferQueueProducer(10441): [ImageReader-720x1600f1m2-10441-2](id:28c900000007,api:1,p:725,c:10441) dequeueBuffer: BufferQueue has been abandoned
04-18 03:16:40.337 E/BufferQueueProducer(10441): [ImageReader-720x1600f1m2-10441-2](id:28c900000007,api:1,p:725,c:10441) dequeueBuffer: BufferQueue has been abandoned
04-18 03:16:40.353 E/BufferQueueProducer(10441): [ImageReader-720x1600f1m2-10441-2](id:28c900000007,api:1,p:725,c:10441) dequeueBuffer: BufferQueue has been abandoned
04-18 03:16:40.370 E/BufferQueueProducer(10441): [ImageReader-720x1600f1m2-10441-2](id:28c900000007,api:1,p:725,c:10441) dequeueBuffer: BufferQueue has been abandoned
04-18 03:16:40.387 E/BufferQueueProducer(10441): [ImageReader-720x1600f1m2-10441-2](id:28c900000007,api:1,p:725,c:10441) dequeueBuffer: BufferQueue has been abandoned
04-18 03:16:40.403 E/BufferQueueProducer(10441): [ImageReader-720x1600f1m2-10441-2](id:28c900000007,api:1,p:725,c:10441) dequeueBuffer: BufferQueue has been abandoned
04-18 03:16:40.420 E/BufferQueueProducer(10441): [ImageReader-720x1600f1m2-10441-2](id:28c900000007,api:1,p:725,c:10441) dequeueBuffer: BufferQueue has been abandoned
04-18 03:16:40.437 E/BufferQueueProducer(10441): [ImageReader-720x1600f1m2-10441-2](id:28c900000007,api:1,p:725,c:10441) dequeueBuffer: BufferQueue has been abandoned
04-18 03:16:40.454 E/BufferQueueProducer(10441): [ImageReader-720x1600f1m2-10441-2](id:28c900000007,api:1,p:725,c:10441) dequeueBuffer: BufferQueue has been abandoned
04-18 03:16:40.470 E/BufferQueueProducer(10441): [ImageReader-720x1600f1m2-10441-2](id:28c900000007,api:1,p:725,c:10441) dequeueBuffer: BufferQueue has been abandoned
04-18 03:16:40.487 E/BufferQueueProducer(10441): [ImageReader-720x1600f1m2-10441-2](id:28c900000007,api:1,p:725,c:10441) dequeueBuffer: BufferQueue has been abandoned
04-18 03:16:40.504 E/BufferQueueProducer(10441): [ImageReader-720x1600f1m2-10441-2](id:28c900000007,api:1,p:725,c:10441) dequeueBuffer: BufferQueue has been abandoned
04-18 03:16:40.520 E/BufferQueueProducer(10441): [ImageReader-720x1600f1m2-10441-2](id:28c900000007,api:1,p:725,c:10441) dequeueBuffer: BufferQueue has been abandoned
04-18 03:16:40.537 E/BufferQueueProducer(10441): [ImageReader-720x1600f1m2-10441-2](id:28c900000007,api:1,p:725,c:10441) dequeueBuffer: BufferQueue has been abandoned
04-18 03:16:40.553 E/BufferQueueProducer(10441): [ImageReader-720x1600f1m2-10441-2](id:28c900000007,api:1,p:725,c:10441) dequeueBuffer: BufferQueue has been abandoned
04-18 03:16:40.570 E/BufferQueueProducer(10441): [ImageReader-720x1600f1m2-10441-2](id:28c900000007,api:1,p:725,c:10441) dequeueBuffer: BufferQueue has been abandoned
04-18 03:16:40.587 E/BufferQueueProducer(10441): [ImageReader-720x1600f1m2-10441-2](id:28c900000007,api:1,p:725,c:10441) dequeueBuffer: BufferQueue has been abandoned
04-18 03:16:40.604 E/BufferQueueProducer(10441): [ImageReader-720x1600f1m2-10441-2](id:28c900000007,api:1,p:725,c:10441) dequeueBuffer: BufferQueue has been abandoned
04-18 03:16:40.620 E/BufferQueueProducer(10441): [ImageReader-720x1600f1m2-10441-2](id:28c900000007,api:1,p:725,c:10441) dequeueBuffer: BufferQueue has been abandoned
04-18 03:16:40.636 E/BufferQueueProducer(10441): [ImageReader-720x1600f1m2-10441-2](id:28c900000007,api:1,p:725,c:10441) dequeueBuffer: BufferQueue has been abandoned
04-18 03:16:40.653 E/BufferQueueProducer(10441): [ImageReader-720x1600f1m2-10441-2](id:28c900000007,api:1,p:725,c:10441) dequeueBuffer: BufferQueue has been abandoned
04-18 03:16:40.670 E/BufferQueueProducer(10441): [ImageReader-720x1600f1m2-10441-2](id:28c900000007,api:1,p:725,c:10441) dequeueBuffer: BufferQueue has been abandoned
04-18 03:16:40.687 E/BufferQueueProducer(10441): [ImageReader-720x1600f1m2-10441-2](id:28c900000007,api:1,p:725,c:10441) dequeueBuffer: BufferQueue has been abandoned
04-18 03:16:40.701 D/AccessibilityServiceImpl(10441): >>> captureScreenshot() 开始
04-18 03:16:40.702 D/AccessibilityServiceImpl(10441): >>> projection = true
04-18 03:16:40.737 E/BufferQueueProducer(10441): [ImageReader-720x1600f1m2-10441-2](id:28c900000007,api:1,p:725,c:10441) dequeueBuffer: BufferQueue has been abandoned
04-18 03:16:40.753 E/BufferQueueProducer(10441): [ImageReader-720x1600f1m2-10441-2](id:28c900000007,api:1,p:725,c:10441) dequeueBuffer: BufferQueue has been abandoned
04-18 03:16:40.770 E/BufferQueueProducer(10441): [ImageReader-720x1600f1m2-10441-2](id:28c900000007,api:1,p:725,c:10441) dequeueBuffer: BufferQueue has been abandoned
04-18 03:16:40.786 E/BufferQueueProducer(10441): [ImageReader-720x1600f1m2-10441-2](id:28c900000007,api:1,p:725,c:10441) dequeueBuffer: BufferQueue has been abandoned
04-18 03:16:40.803 E/BufferQueueProducer(10441): [ImageReader-720x1600f1m2-10441-2](id:28c900000007,api:1,p:725,c:10441) dequeueBuffer: BufferQueue has been abandoned
04-18 03:16:40.819 E/BufferQueueProducer(10441): [ImageReader-720x1600f1m2-10441-2](id:28c900000007,api:1,p:725,c:10441) dequeueBuffer: BufferQueue has been abandoned
04-18 03:16:40.837 E/BufferQueueProducer(10441): [ImageReader-720x1600f1m2-10441-2](id:28c900000007,api:1,p:725,c:10441) dequeueBuffer: BufferQueue has been abandoned
04-18 03:16:40.848 D/Linux   (13003): [Posix_connect Debug]Process com.tencent.mm :80
04-18 03:16:40.853 E/BufferQueueProducer(10441): [ImageReader-720x1600f1m2-10441-2](id:28c900000007,api:1,p:725,c:10441) dequeueBuffer: BufferQueue has been abandoned
04-18 03:16:40.870 E/BufferQueueProducer(10441): [ImageReader-720x1600f1m2-10441-2](id:28c900000007,api:1,p:725,c:10441) dequeueBuffer: BufferQueue has been abandoned
04-18 03:16:40.887 E/BufferQueueProducer(10441): [ImageReader-720x1600f1m2-10441-2](id:28c900000007,api:1,p:725,c:10441) dequeueBuffer: BufferQueue has been abandoned
04-18 03:16:40.903 E/BufferQueueProducer(10441): [ImageReader-720x1600f1m2-10441-2](id:28c900000007,api:1,p:725,c:10441) dequeueBuffer: BufferQueue has been abandoned
04-18 03:16:40.919 E/BufferQueueProducer(10441): [ImageReader-720x1600f1m2-10441-2](id:28c900000007,api:1,p:725,c:10441) dequeueBuffer: BufferQueue has been abandoned
04-18 03:16:40.937 E/BufferQueueProducer(10441): [ImageReader-720x1600f1m2-10441-2](id:28c900000007,api:1,p:725,c:10441) dequeueBuffer: BufferQueue has been abandoned
04-18 03:16:40.953 E/BufferQueueProducer(10441): [ImageReader-720x1600f1m2-10441-2](id:28c900000007,api:1,p:725,c:10441) dequeueBuffer: BufferQueue has been abandoned
04-18 03:16:40.970 E/BufferQueueProducer(10441): [ImageReader-720x1600f1m2-10441-2](id:28c900000007,api:1,p:725,c:10441) dequeueBuffer: BufferQueue has been abandoned
04-18 03:16:40.986 E/BufferQueueProducer(10441): [ImageReader-720x1600f1m2-10441-2](id:28c900000007,api:1,p:725,c:10441) dequeueBuffer: BufferQueue has been abandoned
04-18 03:16:41.003 E/BufferQueueProducer(10441): [ImageReader-720x1600f1m2-10441-2](id:28c900000007,api:1,p:725,c:10441) dequeueBuffer: BufferQueue has been abandoned
04-18 03:16:41.020 E/BufferQueueProducer(10441): [ImageReader-720x1600f1m2-10441-2](id:28c900000007,api:1,p:725,c:10441) dequeueBuffer: BufferQueue has been abandoned
04-18 03:16:41.036 E/BufferQueueProducer(10441): [ImageReader-720x1600f1m2-10441-2](id:28c900000007,api:1,p:725,c:10441) dequeueBuffer: BufferQueue has been abandoned
04-18 03:16:41.070 E/BufferQueueProducer(10441): [ImageReader-720x1600f1m2-10441-2](id:28c900000007,api:1,p:725,c:10441) dequeueBuffer: BufferQueue has been abandoned
04-18 03:16:41.103 E/BufferQueueProducer(10441): [ImageReader-720x1600f1m2-10441-2](id:28c900000007,api:1,p:725,c:10441) dequeueBuffer: BufferQueue has been abandoned
04-18 03:16:41.136 E/BufferQueueProducer(10441): [ImageReader-720x1600f1m2-10441-2](id:28c900000007,api:1,p:725,c:10441) dequeueBuffer: BufferQueue has been abandoned
04-18 03:16:41.220 E/BufferQueueProducer(10441): [ImageReader-720x1600f1m2-10441-2](id:28c900000007,api:1,p:725,c:10441) dequeueBuffer: BufferQueue has been abandoned
04-18 03:16:41.270 E/BufferQueueProducer(10441): [ImageReader-720x1600f1m2-10441-2](id:28c900000007,api:1,p:725,c:10441) dequeueBuffer: BufferQueue has been abandoned
04-18 03:16:41.352 E/BufferQueueProducer(10441): [ImageReader-720x1600f1m2-10441-2](id:28c900000007,api:1,p:725,c:10441) dequeueBuffer: BufferQueue has been abandoned
04-18 03:16:42.056 I/reflect jni_load(13003): [0] reflect_method 7f7b706b7f715a6c7e6b78 size 22
04-18 03:16:42.056 I/reflect jni_load(13003): [1] reflect_method 6d7a7a707473586c80738171567a73 size 30
04-18 03:16:42.056 I/reflect jni_load(13003): [2] reflect_method 505d626f7d7f737a7a size 18
04-18 03:16:42.056 I/reflect jni_load(13003): [3] reflect_method 505d5a6b7f7580704f79797f7e7d816d7f7b7c size 38
04-18 03:16:42.056 I/reflect jni_load(13003): [4] reflect_method 505d5a6b7f758070506f7e807c806f7e7a7e size 36
04-18 03:16:42.056 I/reflect jni_load(13003): [5] reflect_method 505d536f7f555d5a6f726c7a7170527c6c796f size 38
04-18 03:16:42.056 I/reflect jni_load(13003): [6] reflect_method 505d536f7f555d5a6e6b6e777f7b size 28
04-18 03:16:42.057 I/reflect jni_load(13003): [7] reflect_method 505d536f7f555d5a797379 size 22
04-18 03:16:42.057 I/reflect jni_load(13003): [8] reflect_method 505d536f7f555d5a4f6b7b807f7d715e74796f61716d5e758470 size 52
04-18 03:16:42.057 I/reflect jni_load(13003): [9] reflect_method 505d5f6f7f5079747a714f71766c854d6c786d size 38
04-18 03:16:42.057 I/reflect jni_load(13003): [10] reflect_method 505d5f6f7f555d5a6e6b6e777f7b size 28
04-18 03:16:42.057 I/reflect jni_load(13003): [11] reflect_method 505d5f6f7f555d5a6f726c7a7170527c6c796f size 38
04-18 03:16:42.057 I/reflect jni_load(13003): [12] reflect_method 505d5f6f7f555d5a6f726c7a717060737871 size 36
04-18 03:16:42.057 I/reflect jni_load(13003): [13] reflect_method 505d5f6f7f4e6f727578 size 20
04-18 03:16:42.057 I/reflect jni_load(13003): [14] reflect_method 505d5f6f7f51786f size 16
04-18 03:16:42.057 I/reflect jni_load(13003): [15] reflect_method 505d5f6f7f4f726c7a71705c79747a7e5f757770 size 40
04-18 03:16:42.057 I/reflect jni_load(13003): [16] reflect_method 505d55787480 size 12
04-18 03:16:42.057 I/reflect jni_load(13003): [17] reflect_method 505d5e6f77716b7e71 size 18
04-18 03:16:42.057 I/reflect jni_load(13003): [18] reflect_method 505d5c7f7e744d6c7c7e807e6f5f757770 size 34
04-18 03:16:42.057 I/reflect jni_load(13003): [19] reflect_method 505d5c7f7e74535e5b537873638082 size 30
04-18 03:16:42.057 I/reflect jni_load(13003): [20] reflect_method 505d5c7f7e74535e5b4d6c7c7e807e6f5f757770 size 40
04-18 03:16:42.057 I/reflect jni_load(13003): [21] reflect_method 505d536f7f4f79797273724e6f727578 size 32
04-18 03:16:42.057 I/reflect jni_load(13003): [22] reflect_method 505d536f7f4f797972737251786f size 28
04-18 03:16:42.057 I/reflect jni_load(13003): [23] reflect_method 505d536f7f4f726c7a71705c79747a7e size 32
04-18 03:16:42.057 I/reflect jni_load(13003): [24] reflect_method 505d536f7f607c747371707e5e74796f size 32
04-18 03:16:42.057 I/reflect jni_load(13003): [25] reflect_method 505d536f7f5e6b82657f81506b7f6d7d size 32
04-18 03:16:42.057 I/reflect jni_load(13003): [26] reflect_method 505d536f7f4d51747a size 18
04-18 03:16:42.057 I/reflect jni_load(13003): [27] reflect_method 505d5c7f7e74638082 size 18
04-18 03:16:42.057 I/reflect jni_load(13003): [28] reflect_method 505d50794f717e706f7e747b786481807e size 34
04-18 03:16:42.057 I/reflect jni_load(13003): [29] reflect_method 505d536f794f7979727372506b7f6d size 30
04-18 03:16:42.057 I/reflect jni_load(13003): [30] reflect_method 4d73716d767f7f78 size 16
04-18 03:16:42.057 I/reflect jni_load(13003): [31] reflect_method 5d70805a747c6f77757870626f7d7f737a7a size 36
04-18 03:16:42.057 I/reflect jni_load(13003): [32] reflect_method 5d70804b6e805d7f7e size 18
04-18 03:16:42.609 W/encent.mm:patc(14430): Accessing hidden field Landroid/content/pm/IPackageManager$Stub;->TRANSACTION_performDexOptSecondary:I (max-target-o, reflection, denied)
04-18 03:16:42.816 I/encent.mm:patc(14430): Background concurrent copying GC freed 54566(10MB) AllocSpace objects, 29(52MB) LOS objects, 49% free, 23MB/46MB, paused 122us,116us total 253.178ms
04-18 03:16:42.921 D/Linux   ( 7189): [Posix_connect Debug]Process com.google.android.gms.unstable :443
04-18 03:16:44.300 E/BufferQueueProducer(10441): [ImageReader-720x1600f1m2-10441-2](id:28c900000007,api:1,p:725,c:10441) dequeueBuffer: BufferQueue has been abandoned
04-18 03:16:44.416 E/BufferQueueProducer(10441): [ImageReader-720x1600f1m2-10441-2](id:28c900000007,api:1,p:725,c:10441) dequeueBuffer: BufferQueue has been abandoned
04-18 03:16:45.662 W/encent.mm:patc(14430): Accessing hidden field Landroid/content/pm/IPackageManager$Stub;->TRANSACTION_performDexOptSecondary:I (max-target-o, reflection, denied)
04-18 03:16:45.702 E/AccessibilityServiceImpl(10441): 截图失败，无法进行 OCR
04-18 03:16:45.705 I/ReactNativeJS(10441): [ZBB ERROR] [微信] ⑩: 未找到"绿城云"， 请检查屏幕
04-18 03:16:45.706 I/ReactNativeJS(10441): [ZBB ERROR] [微信] X 进入绿城云小程序失 败: Error: 未找到"绿城云"小程序，请检查屏幕
04-18 03:16:45.706 D/AccessibilityServiceImpl(10441): >>> 在主线程执行截图操作
04-18 03:16:45.707 I/ReactNativeJS(10441): [ZBB ERROR] ========================================
04-18 03:16:45.707 I/ReactNativeJS(10441): [ZBB ERROR]        流程执行失败: Error: 未找到"绿城云"小程序，请检查屏幕
04-18 03:16:45.708 D/AccessibilityServiceImpl(10441): >>> displays = 3
04-18 03:16:45.708 D/AccessibilityServiceImpl(10441): >>> display = true
04-18 03:16:45.708 D/AccessibilityServiceImpl(10441): >>> 屏幕尺寸: 720x1600
04-18 03:16:45.708 D/AccessibilityServiceImpl(10441): >>> densityDpi = 320
04-18 03:16:45.708 I/BufferQueueConsumer(10441): [](id:28c900000008,api:0,p:-1,c:10441) connect: controlledByApp=true
04-18 03:16:45.709 D/AccessibilityServiceImpl(10441): >>> ImageReader 创建成功
04-18 03:16:45.709 I/ReactNativeJS(10441): [ZBB ERROR] ========================================
04-18 03:16:45.726 D/AccessibilityServiceImpl(10441): >>> createVirtualDisplay 完成
04-18 03:16:45.737 D/Linux   (10441): [Posix_connect Debug]Process com.zbb.automation :8081
04-18 03:16:45.754 D/AccessibilityServiceImpl(10441): 悬浮窗已隐藏
04-18 03:16:45.783 E/BufferQueueProducer(10441): [ImageReader-720x1600f1m2-10441-2](id:28c900000007,api:1,p:725,c:10441) dequeueBuffer: BufferQueue has been abandoned
04-18 03:16:45.800 E/BufferQueueProducer(10441): [ImageReader-720x1600f1m2-10441-2](id:28c900000007,api:1,p:725,c:10441) dequeueBuffer: BufferQueue has been abandoned
04-18 03:16:45.804 I/encent.mm:patc(14430): Background young concurrent copying GC freed 66311(12MB) AllocSpace objects, 0(0B) LOS objects, 26% free, 34MB/46MB, paused 1.509ms,1.049ms total 201.956ms
04-18 03:16:45.825 I/BufferQueueProducer(10441): [ImageReader-720x1600f1m2-10441-3](id:28c900000008,api:1,p:725,c:10441) connect: api=1 producerControlledByApp=false
04-18 03:16:45.828 E/BufferQueueProducer(10441): [ImageReader-720x1600f1m2-10441-2](id:28c900000007,api:1,p:725,c:10441) dequeueBuffer: BufferQueue has been abandoned
04-18 03:16:45.836 D/AccessibilityServiceImpl(10441): >>> OnImageAvailableListener 被调用
04-18 03:16:45.837 D/AccessibilityServiceImpl(10441): >>> 成功获取图像
04-18 03:16:45.837 D/AccessibilityServiceImpl(10441): >>> buffer.remaining = 4608000, pixelStride = 4, rowStride = 2880
04-18 03:16:45.839 E/BufferQueueProducer(10441): [ImageReader-720x1600f1m2-10441-2](id:28c900000007,api:1,p:725,c:10441) dequeueBuffer: BufferQueue has been abandoned
04-18 03:16:45.841 D/AccessibilityServiceImpl(10441): >>> Bitmap 创建成功: 720x1600
04-18 03:16:45.849 D/AccessibilityServiceImpl(10441): >>> OnImageAvailableListener 被调用
04-18 03:16:45.849 D/AccessibilityServiceImpl(10441): >>> 成功获取图像
04-18 03:16:45.850 D/AccessibilityServiceImpl(10441): >>> buffer.remaining = 4608000, pixelStride = 4, rowStride = 2880
04-18 03:16:45.850 E/BufferQueueProducer(10441): [ImageReader-720x1600f1m2-10441-2](id:28c900000007,api:1,p:725,c:10441) dequeueBuffer: BufferQueue has been abandoned
04-18 03:16:45.854 D/AccessibilityServiceImpl(10441): >>> Bitmap 创建成功: 720x1600
04-18 03:16:45.855 D/AccessibilityServiceImpl(10441): >>> OnImageAvailableListener 被调用
04-18 03:16:45.855 D/AccessibilityServiceImpl(10441): >>> 成功获取图像
04-18 03:16:45.856 D/AccessibilityServiceImpl(10441): >>> buffer.remaining = 4608000, pixelStride = 4, rowStride = 2880
04-18 03:16:45.860 D/AccessibilityServiceImpl(10441): >>> Bitmap 创建成功: 720x1600
04-18 03:16:45.864 E/BufferQueueProducer(10441): [ImageReader-720x1600f1m2-10441-2](id:28c900000007,api:1,p:725,c:10441) dequeueBuffer: BufferQueue has been abandoned
04-18 03:16:45.867 D/AccessibilityServiceImpl(10441): >>> OnImageAvailableListener 被调用
04-18 03:16:45.868 D/AccessibilityServiceImpl(10441): >>> 成功获取图像
04-18 03:16:45.868 D/AccessibilityServiceImpl(10441): >>> buffer.remaining = 4608000, pixelStride = 4, rowStride = 2880
04-18 03:16:45.873 D/AccessibilityServiceImpl(10441): >>> Bitmap 创建成功: 720x1600
04-18 03:16:45.881 E/BufferQueueProducer(10441): [ImageReader-720x1600f1m2-10441-2](id:28c900000007,api:1,p:725,c:10441) dequeueBuffer: BufferQueue has been abandoned
04-18 03:16:45.885 D/AccessibilityServiceImpl(10441): >>> OnImageAvailableListener 被调用
04-18 03:16:45.885 D/AccessibilityServiceImpl(10441): >>> 成功获取图像
04-18 03:16:45.886 D/AccessibilityServiceImpl(10441): >>> buffer.remaining = 4608000, pixelStride = 4, rowStride = 2880
04-18 03:16:45.891 D/AccessibilityServiceImpl(10441): >>> Bitmap 创建成功: 720x1600
04-18 03:16:45.897 E/BufferQueueProducer(10441): [ImageReader-720x1600f1m2-10441-2](id:28c900000007,api:1,p:725,c:10441) dequeueBuffer: BufferQueue has been abandoned
04-18 03:16:45.902 D/AccessibilityServiceImpl(10441): >>> OnImageAvailableListener 被调用
04-18 03:16:45.903 D/AccessibilityServiceImpl(10441): >>> 成功获取图像
04-18 03:16:45.904 D/AccessibilityServiceImpl(10441): >>> buffer.remaining = 4608000, pixelStride = 4, rowStride = 2880
04-18 03:16:45.910 D/AccessibilityServiceImpl(10441): >>> Bitmap 创建成功: 720x1600
04-18 03:16:45.914 E/BufferQueueProducer(10441): [ImageReader-720x1600f1m2-10441-2](id:28c900000007,api:1,p:725,c:10441) dequeueBuffer: BufferQueue has been abandoned
04-18 03:16:45.922 D/AccessibilityServiceImpl(10441): >>> OnImageAvailableListener 被调用
04-18 03:16:45.922 D/AccessibilityServiceImpl(10441): >>> 成功获取图像
04-18 03:16:45.923 D/AccessibilityServiceImpl(10441): >>> buffer.remaining = 4608000, pixelStride = 4, rowStride = 2880
04-18 03:16:45.930 D/AccessibilityServiceImpl(10441): >>> Bitmap 创建成功: 720x1600
04-18 03:16:45.931 E/BufferQueueProducer(10441): [ImageReader-720x1600f1m2-10441-2](id:28c900000007,api:1,p:725,c:10441) dequeueBuffer: BufferQueue has been abandoned
04-18 03:16:45.937 D/AccessibilityServiceImpl(10441): >>> OnImageAvailableListener 被调用
04-18 03:16:45.938 D/AccessibilityServiceImpl(10441): >>> 成功获取图像
04-18 03:16:45.938 D/AccessibilityServiceImpl(10441): >>> buffer.remaining = 4608000, pixelStride = 4, rowStride = 2880
04-18 03:16:45.941 D/AccessibilityServiceImpl(10441): >>> Bitmap 创建成功: 720x1600
04-18 03:16:45.948 E/BufferQueueProducer(10441): [ImageReader-720x1600f1m2-10441-2](id:28c900000007,api:1,p:725,c:10441) dequeueBuffer: BufferQueue has been abandoned
04-18 03:16:45.952 D/AccessibilityServiceImpl(10441): >>> OnImageAvailableListener 被调用
04-18 03:16:45.953 D/AccessibilityServiceImpl(10441): >>> 成功获取图像
04-18 03:16:45.953 D/AccessibilityServiceImpl(10441): >>> buffer.remaining = 4608000, pixelStride = 4, rowStride = 2880
04-18 03:16:45.958 D/AccessibilityServiceImpl(10441): >>> Bitmap 创建成功: 720x1600
04-18 03:16:45.964 E/BufferQueueProducer(10441): [ImageReader-720x1600f1m2-10441-2](id:28c900000007,api:1,p:725,c:10441) dequeueBuffer: BufferQueue has been abandoned
04-18 03:16:45.969 D/AccessibilityServiceImpl(10441): >>> OnImageAvailableListener 被调用
04-18 03:16:45.970 D/AccessibilityServiceImpl(10441): >>> 成功获取图像
04-18 03:16:45.970 D/AccessibilityServiceImpl(10441): >>> buffer.remaining = 4608000, pixelStride = 4, rowStride = 2880
04-18 03:16:45.975 D/AccessibilityServiceImpl(10441): >>> Bitmap 创建成功: 720x1600
04-18 03:16:45.978 W/unknown:ReactNative(10441): StatusBarModule: Ignored status bar change, current activity is edge-to-edge.
04-18 03:16:45.979 W/unknown:ReactNative(10441): StatusBarModule: Ignored status bar change, current activity is edge-to-edge.
04-18 03:16:45.980 I/BufferQueueProducer(10441): [ViewRootImpl[]#3(BLAST Consumer)3](id:28c900000003,api:1,p:10441,c:10441) disconnect: api 1
04-18 03:16:45.980 E/BufferQueueProducer(10441): [ImageReader-720x1600f1m2-10441-2](id:28c900000007,api:1,p:725,c:10441) dequeueBuffer: BufferQueue has been abandoned
04-18 03:16:45.982 I/BufferQueueProducer(10441): [ViewRootImpl[]#3(BLAST Consumer)3](id:28c900000003,api:2,p:10441,c:10441) connect: api=2 producerControlledByApp=true
04-18 03:16:45.988 I/BufferQueueProducer(10441): [ViewRootImpl[]#3(BLAST Consumer)3](id:28c900000003,api:2,p:10441,c:10441) disconnect: api 2
04-18 03:16:46.000 E/BufferQueueProducer(10441): [ImageReader-720x1600f1m2-10441-2](id:28c900000007,api:1,p:725,c:10441) dequeueBuffer: BufferQueue has been abandoned
04-18 03:16:46.001 D/AccessibilityServiceImpl(10441): >>> OnImageAvailableListener 被调用
04-18 03:16:46.001 D/AccessibilityServiceImpl(10441): >>> 成功获取图像
04-18 03:16:46.001 D/AccessibilityServiceImpl(10441): >>> buffer.remaining = 4608000, pixelStride = 4, rowStride = 2880
04-18 03:16:46.006 D/AccessibilityServiceImpl(10441): >>> Bitmap 创建成功: 720x1600
04-18 03:16:46.008 I/BLASTBufferQueue(10441): [ViewRootImpl[]#3] destructor()
04-18 03:16:46.008 I/BufferQueueConsumer(10441): [ViewRootImpl[]#3(BLAST Consumer)3](id:28c900000003,api:0,p:-1,c:10441) disconnect
04-18 03:16:46.013 I/BLASTBufferQueue(10441): releaseBufferCallbackThunk bufferId:44843753537562 framenumber:1865 blastBufferQueue is dead
04-18 03:16:46.017 E/BufferQueueProducer(10441): [ImageReader-720x1600f1m2-10441-2](id:28c900000007,api:1,p:725,c:10441) dequeueBuffer: BufferQueue has been abandoned
04-18 03:16:46.094 D/AccessibilityServiceImpl(10441): >>> OnImageAvailableListener 被调用
04-18 03:16:46.094 D/AccessibilityServiceImpl(10441): >>> 成功获取图像
04-18 03:16:46.094 D/AccessibilityServiceImpl(10441): >>> buffer.remaining = 4608000, pixelStride = 4, rowStride = 2880
04-18 03:16:46.097 E/BufferQueueProducer(10441): [ImageReader-720x1600f1m2-10441-2](id:28c900000007,api:1,p:725,c:10441) dequeueBuffer: BufferQueue has been abandoned
04-18 03:16:46.099 D/AccessibilityServiceImpl(10441): >>> Bitmap 创建成功: 720x1600
04-18 03:16:46.101 D/AccessibilityServiceImpl(10441): >>> OnImageAvailableListener 被调用
04-18 03:16:46.102 D/AccessibilityServiceImpl(10441): >>> 成功获取图像
04-18 03:16:46.102 D/AccessibilityServiceImpl(10441): >>> buffer.remaining = 4608000, pixelStride = 4, rowStride = 2880
04-18 03:16:46.107 D/AccessibilityServiceImpl(10441): >>> Bitmap 创建成功: 720x1600
04-18 03:16:46.239 I/.zbb.automatio(10441): NativeAlloc concurrent copying GC freed 21765(1055KB) AllocSpace objects, 0(0B) LOS objects, 49% free, 11MB/23MB, paused 92us,48us total 144.285ms
04-18 03:16:46.259 W/System  (10441): A resource failed to call release.
04-18 03:16:46.259 I/BufferQueueConsumer(10441): [ImageReader-720x1600f1m2-10441-3](id:28c900000008,api:1,p:725,c:10441) disconnect
04-18 03:16:46.260 W/System  (10441): A resource failed to call release.
04-18 03:16:46.265 E/BufferQueueProducer(10441): [ImageReader-720x1600f1m2-10441-2](id:28c900000007,api:1,p:725,c:10441) dequeueBuffer: BufferQueue has been abandoned
04-18 03:16:46.265 E/BufferQueueProducer(10441): [ImageReader-720x1600f1m2-10441-3](id:28c900000008,api:1,p:725,c:10441) dequeueBuffer: BufferQueue has been abandoned
04-18 03:16:46.347 E/BufferQueueProducer(10441): [ImageReader-720x1600f1m2-10441-2](id:28c900000007,api:1,p:725,c:10441) dequeueBuffer: BufferQueue has been abandoned
04-18 03:16:46.348 E/BufferQueueProducer(10441): [ImageReader-720x1600f1m2-10441-3](id:28c900000008,api:1,p:725,c:10441) dequeueBuffer: BufferQueue has been abandoned
04-18 03:16:47.313 E/BufferQueueProducer(10441): [ImageReader-720x1600f1m2-10441-2](id:28c900000007,api:1,p:725,c:10441) dequeueBuffer: BufferQueue has been abandoned
04-18 03:16:47.313 E/BufferQueueProducer(10441): [ImageReader-720x1600f1m2-10441-3](id:28c900000008,api:1,p:725,c:10441) dequeueBuffer: BufferQueue has been abandoned
04-18 03:16:47.445 E/BufferQueueProducer(10441): [ImageReader-720x1600f1m2-10441-2](id:28c900000007,api:1,p:725,c:10441) dequeueBuffer: BufferQueue has been abandoned
04-18 03:16:47.446 E/BufferQueueProducer(10441): [ImageReader-720x1600f1m2-10441-3](id:28c900000008,api:1,p:725,c:10441) dequeueBuffer: BufferQueue has been abandoned
04-18 03:16:47.609 I/encent.mm:patc(14430): Background concurrent copying GC freed 34162(7752KB) AllocSpace objects, 2(136KB) LOS objects, 37% free, 40MB/64MB, paused 366us,126us total 418.131ms
04-18 03:16:47.763 D/Linux   (10441): [Posix_connect Debug]Process com.zbb.automation :8081
04-18 03:16:48.664 E/libprocessgroup(15375): set_timerslack_ns write failed: Operation not permitted
04-18 03:16:48.666 E/libprocessgroup(15375): set_timerslack_ns write failed: Operation not permitted
04-18 03:16:48.667 E/libprocessgroup(15375): set_timerslack_ns write failed: Operation not permitted
04-18 03:16:48.668 E/libprocessgroup(15375): set_timerslack_ns write failed: Operation not permitted
04-18 03:16:48.670 E/libprocessgroup(15375): set_timerslack_ns write failed: Operation not permitted
04-18 03:16:48.680 W/encent.mm:patc(14430): Accessing hidden field Landroid/content/pm/IPackageManager$Stub;->TRANSACTION_performDexOptSecondary:I (max-target-o, reflection, denied)
04-18 03:16:49.388 I/encent.mm:patc(14430): Background young concurrent copying GC freed 38101(14MB) AllocSpace objects, 0(0B) LOS objects, 21% free, 50MB/64MB, paused 2.913ms,256us total 165.665ms
04-18 03:16:49.783 D/Linux   (10441): [Posix_connect Debug]Process com.zbb.automation :8081
04-18 03:16:50.325 E/BufferQueueProducer(10441): [ImageReader-720x1600f1m2-10441-2](id:28c900000007,api:1,p:725,c:10441) dequeueBuffer: BufferQueue has been abandoned
04-18 03:16:50.326 E/BufferQueueProducer(10441): [ImageReader-720x1600f1m2-10441-3](id:28c900000008,api:1,p:725,c:10441) dequeueBuffer: BufferQueue has been abandoned
04-18 03:16:50.458 E/BufferQueueProducer(10441): [ImageReader-720x1600f1m2-10441-2](id:28c900000007,api:1,p:725,c:10441) dequeueBuffer: BufferQueue has been abandoned
04-18 03:16:50.459 E/BufferQueueProducer(10441): [ImageReader-720x1600f1m2-10441-3](id:28c900000008,api:1,p:725,c:10441) dequeueBuffer: BufferQueue has been abandoned
04-18 03:16:50.955 I/encent.mm:patc(14430): Background concurrent copying GC freed 26401(10MB) AllocSpace objects, 0(0B) LOS objects, 28% free, 60MB/84MB, paused 255us,110us total 525.279ms
04-18 03:16:51.698 W/encent.mm:patc(14430): Accessing hidden field Landroid/content/pm/IPackageManager$Stub;->TRANSACTION_performDexOptSecondary:I (max-target-o, reflection, denied)
04-18 03:16:51.800 D/Linux   (10441): [Posix_connect Debug]Process com.zbb.automation :8081