--------- beginning of main
04-17 22:12:52.760 W/System  (22892): A resource failed to call close.
04-17 22:12:52.760 W/System  (22892): A resource failed to call close.
04-17 22:12:52.760 W/System  (22892): A resource failed to call close.
04-17 22:12:52.760 W/System  (22892): A resource failed to call close.
04-17 22:12:52.760 W/System  (22892): A resource failed to call close.
04-17 22:12:52.760 W/System  (22892): A resource failed to call close.
04-17 22:12:52.973 W/d.ugc.aweme:sm(24102): Accessing hidden field Landroid/app/ActivityThread;->mLastProcessState:I (blocked, reflection, denied)
04-17 22:12:53.784 E/BufferQueueProducer(22169): [ImageReader-720x1600f1m2-22169-0](id:56990000000c,api:1,p:718,c:22169) dequeueBuffer: BufferQueue has been abandoned
04-17 22:12:53.949 E/BufferQueueProducer(22169): [ImageReader-720x1600f1m2-22169-0](id:56990000000c,api:1,p:718,c:22169) dequeueBuffer: BufferQueue has been abandoned
04-17 22:12:54.540 E/AccessibilityServiceImpl(22169): 截图失败，无法进行 OCR
04-17 22:12:54.544 I/ReactNativeJS(22169): [ZBB WARN] [微信] ⑩: OCR 首次失败，尝试重新请求截图权限...
04-17 22:12:54.545 I/ReactNativeJS(22169): [ZBB] 请求 MediaProjection 权限...
04-17 22:12:54.549 D/AutomationModule(22169): >>> 没有保存的 MediaProjection 权限
04-17 22:12:54.552 D/AccessibilityServiceImpl(22169): >>> 在主线程执行截图操作
04-17 22:12:54.556 D/AccessibilityServiceImpl(22169): >>> displays = 2
04-17 22:12:54.556 D/AccessibilityServiceImpl(22169): >>> display = true
04-17 22:12:54.557 D/AccessibilityServiceImpl(22169): >>> 屏幕尺寸: 720x1600
04-17 22:12:54.557 D/AccessibilityServiceImpl(22169): >>> densityDpi = 320
04-17 22:12:54.558 I/BufferQueueConsumer(22169): [](id:56990000000d,api:0,p:-1,c:22169) connect: controlledByApp=true
04-17 22:12:54.560 D/AccessibilityServiceImpl(22169): >>> ImageReader 创建成功
04-17 22:12:54.577 D/AccessibilityServiceImpl(22169): >>> createVirtualDisplay 完成
04-17 22:12:54.578 D/AccessibilityServiceImpl(22169): 收到无障碍事件类型: 2048
04-17 22:12:54.578 D/AccessibilityServiceImpl(22169): 窗口内容变化
04-17 22:12:54.581 D/AccessibilityServiceImpl(22169): 收到无障碍事件类型: 2048
04-17 22:12:54.581 D/AccessibilityServiceImpl(22169): 窗口内容变化
04-17 22:12:54.584 D/AccessibilityServiceImpl(22169): 收到无障碍事件类型: 2048
04-17 22:12:54.584 D/AccessibilityServiceImpl(22169): 窗口内容变化
04-17 22:12:54.584 D/AccessibilityServiceImpl(22169): 收到无障碍事件类型: 2048
04-17 22:12:54.584 D/AccessibilityServiceImpl(22169): 窗口内容变化
04-17 22:12:54.593 D/MediaProjectionService(22169): 前台服务已启动
04-17 22:12:54.598 D/MediaProjectionService(22169): MediaProjectionService onStartCommand
04-17 22:12:54.601 D/Linux   (22169): [Posix_connect Debug]Process com.zbb.automation :8081
04-17 22:12:54.633 E/BufferQueueProducer(22169): [ImageReader-720x1600f1m2-22169-0](id:56990000000c,api:1,p:718,c:22169) dequeueBuffer: BufferQueue has been abandoned
04-17 22:12:54.654 E/BufferQueueProducer(22169): [ImageReader-720x1600f1m2-22169-0](id:56990000000c,api:1,p:718,c:22169) dequeueBuffer: BufferQueue has been abandoned
04-17 22:12:54.666 E/BufferQueueProducer(22169): [ImageReader-720x1600f1m2-22169-0](id:56990000000c,api:1,p:718,c:22169) dequeueBuffer: BufferQueue has been abandoned
04-17 22:12:54.696 I/BufferQueueProducer(22169): [ImageReader-720x1600f1m2-22169-1](id:56990000000d,api:1,p:718,c:22169) connect: api=1 producerControlledByApp=false
04-17 22:12:54.700 E/BufferQueueProducer(22169): [ImageReader-720x1600f1m2-22169-0](id:56990000000c,api:1,p:718,c:22169) dequeueBuffer: BufferQueue has been abandoned
04-17 22:12:54.710 D/AccessibilityServiceImpl(22169): >>> OnImageAvailableListener 被调用
04-17 22:12:54.710 D/AccessibilityServiceImpl(22169): >>> 成功获取图像
04-17 22:12:54.711 D/AccessibilityServiceImpl(22169): >>> buffer.remaining = 4608000, pixelStride = 4, rowStride = 2880
04-17 22:12:54.712 E/BufferQueueProducer(22169): [ImageReader-720x1600f1m2-22169-0](id:56990000000c,api:1,p:718,c:22169) dequeueBuffer: BufferQueue has been abandoned
04-17 22:12:54.716 D/AccessibilityServiceImpl(22169): >>> Bitmap 创建成功: 720x1600
04-17 22:12:54.727 D/AccessibilityServiceImpl(22169): >>> OnImageAvailableListener 被调用
04-17 22:12:54.728 D/AccessibilityServiceImpl(22169): >>> 成功获取图像
04-17 22:12:54.730 E/BufferQueueProducer(22169): [ImageReader-720x1600f1m2-22169-0](id:56990000000c,api:1,p:718,c:22169) dequeueBuffer: BufferQueue has been abandoned
04-17 22:12:54.730 D/AccessibilityServiceImpl(22169): >>> buffer.remaining = 4608000, pixelStride = 4, rowStride = 2880
04-17 22:12:54.735 D/AccessibilityServiceImpl(22169): >>> Bitmap 创建成功: 720x1600
04-17 22:12:54.737 E/BufferQueueProducer(22169): [ImageReader-720x1600f1m2-22169-0](id:56990000000c,api:1,p:718,c:22169) dequeueBuffer: BufferQueue has been abandoned
04-17 22:12:54.737 D/AccessibilityServiceImpl(22169): >>> OnImageAvailableListener 被调用
04-17 22:12:54.738 D/AccessibilityServiceImpl(22169): >>> 成功获取图像
04-17 22:12:54.738 D/AccessibilityServiceImpl(22169): >>> buffer.remaining = 4608000, pixelStride = 4, rowStride = 2880
04-17 22:12:54.744 D/AccessibilityServiceImpl(22169): >>> Bitmap 创建成功: 720x1600
04-17 22:12:54.745 D/AccessibilityServiceImpl(22169): >>> OnImageAvailableListener 被调用
04-17 22:12:54.745 D/AccessibilityServiceImpl(22169): >>> 成功获取图像
04-17 22:12:54.745 D/AccessibilityServiceImpl(22169): >>> buffer.remaining = 4608000, pixelStride = 4, rowStride = 2880
04-17 22:12:54.747 E/BufferQueueProducer(22169): [ImageReader-720x1600f1m2-22169-0](id:56990000000c,api:1,p:718,c:22169) dequeueBuffer: BufferQueue has been abandoned
04-17 22:12:54.751 D/AccessibilityServiceImpl(22169): >>> Bitmap 创建成功: 720x1600
04-17 22:12:54.754 D/AccessibilityServiceImpl(22169): >>> OnImageAvailableListener 被调用
04-17 22:12:54.754 D/AccessibilityServiceImpl(22169): >>> 成功获取图像
04-17 22:12:54.754 D/AccessibilityServiceImpl(22169): >>> buffer.remaining = 4608000, pixelStride = 4, rowStride = 2880
04-17 22:12:54.758 D/AccessibilityServiceImpl(22169): >>> Bitmap 创建成功: 720x1600
04-17 22:12:54.764 E/BufferQueueProducer(22169): [ImageReader-720x1600f1m2-22169-0](id:56990000000c,api:1,p:718,c:22169) dequeueBuffer: BufferQueue has been abandoned
04-17 22:12:54.768 D/AccessibilityServiceImpl(22169): >>> OnImageAvailableListener 被调用
04-17 22:12:54.769 D/AccessibilityServiceImpl(22169): >>> 成功获取图像
04-17 22:12:54.769 D/AccessibilityServiceImpl(22169): >>> buffer.remaining = 4608000, pixelStride = 4, rowStride = 2880
04-17 22:12:54.773 D/AccessibilityServiceImpl(22169): >>> Bitmap 创建成功: 720x1600
04-17 22:12:54.781 E/BufferQueueProducer(22169): [ImageReader-720x1600f1m2-22169-0](id:56990000000c,api:1,p:718,c:22169) dequeueBuffer: BufferQueue has been abandoned
04-17 22:12:54.792 D/AccessibilityServiceImpl(22169): >>> OnImageAvailableListener 被调用
04-17 22:12:54.792 D/AccessibilityServiceImpl(22169): >>> 成功获取图像
04-17 22:12:54.794 D/AccessibilityServiceImpl(22169): >>> buffer.remaining = 4608000, pixelStride = 4, rowStride = 2880
04-17 22:12:54.798 E/BufferQueueProducer(22169): [ImageReader-720x1600f1m2-22169-0](id:56990000000c,api:1,p:718,c:22169) dequeueBuffer: BufferQueue has been abandoned
04-17 22:12:54.800 D/AccessibilityServiceImpl(22169): >>> Bitmap 创建成功: 720x1600
04-17 22:12:54.802 D/AccessibilityServiceImpl(22169): >>> OnImageAvailableListener 被调用
04-17 22:12:54.803 D/AccessibilityServiceImpl(22169): >>> 成功获取图像
04-17 22:12:54.804 D/AccessibilityServiceImpl(22169): >>> buffer.remaining = 4608000, pixelStride = 4, rowStride = 2880
04-17 22:12:54.808 D/AccessibilityServiceImpl(22169): >>> Bitmap 创建成功: 720x1600
04-17 22:12:54.814 E/BufferQueueProducer(22169): [ImageReader-720x1600f1m2-22169-0](id:56990000000c,api:1,p:718,c:22169) dequeueBuffer: BufferQueue has been abandoned
04-17 22:12:54.817 D/AccessibilityServiceImpl(22169): >>> OnImageAvailableListener 被调用
04-17 22:12:54.818 D/AccessibilityServiceImpl(22169): >>> 成功获取图像
04-17 22:12:54.818 D/AccessibilityServiceImpl(22169): >>> buffer.remaining = 4608000, pixelStride = 4, rowStride = 2880
04-17 22:12:54.823 D/AccessibilityServiceImpl(22169): >>> Bitmap 创建成功: 720x1600
04-17 22:12:54.831 E/BufferQueueProducer(22169): [ImageReader-720x1600f1m2-22169-0](id:56990000000c,api:1,p:718,c:22169) dequeueBuffer: BufferQueue has been abandoned
04-17 22:12:54.840 D/AccessibilityServiceImpl(22169): >>> OnImageAvailableListener 被调用
04-17 22:12:54.840 D/AccessibilityServiceImpl(22169): >>> 成功获取图像
04-17 22:12:54.841 D/AccessibilityServiceImpl(22169): >>> buffer.remaining = 4608000, pixelStride = 4, rowStride = 2880
04-17 22:12:54.848 E/BufferQueueProducer(22169): [ImageReader-720x1600f1m2-22169-0](id:56990000000c,api:1,p:718,c:22169) dequeueBuffer: BufferQueue has been abandoned
04-17 22:12:54.854 D/AccessibilityServiceImpl(22169): >>> Bitmap 创建成功: 720x1600
04-17 22:12:54.856 D/AccessibilityServiceImpl(22169): >>> OnImageAvailableListener 被调用
04-17 22:12:54.856 D/AccessibilityServiceImpl(22169): >>> 成功获取图像
04-17 22:12:54.857 D/AccessibilityServiceImpl(22169): >>> buffer.remaining = 4608000, pixelStride = 4, rowStride = 2880
04-17 22:12:54.862 D/AccessibilityServiceImpl(22169): >>> Bitmap 创建成功: 720x1600
04-17 22:12:54.863 E/BufferQueueProducer(22169): [ImageReader-720x1600f1m2-22169-0](id:56990000000c,api:1,p:718,c:22169) dequeueBuffer: BufferQueue has been abandoned
04-17 22:12:54.872 D/AccessibilityServiceImpl(22169): >>> OnImageAvailableListener 被调用
04-17 22:12:54.872 D/AccessibilityServiceImpl(22169): >>> 成功获取图像
04-17 22:12:54.872 D/AccessibilityServiceImpl(22169): >>> buffer.remaining = 4608000, pixelStride = 4, rowStride = 2880
04-17 22:12:54.877 D/AccessibilityServiceImpl(22169): >>> Bitmap 创建成功: 720x1600
04-17 22:12:54.880 E/BufferQueueProducer(22169): [ImageReader-720x1600f1m2-22169-0](id:56990000000c,api:1,p:718,c:22169) dequeueBuffer: BufferQueue has been abandoned
04-17 22:12:54.885 D/AccessibilityServiceImpl(22169): >>> OnImageAvailableListener 被调用
04-17 22:12:54.885 D/AccessibilityServiceImpl(22169): >>> 成功获取图像
04-17 22:12:54.886 D/AccessibilityServiceImpl(22169): >>> buffer.remaining = 4608000, pixelStride = 4, rowStride = 2880
04-17 22:12:54.890 D/AccessibilityServiceImpl(22169): >>> Bitmap 创建成功: 720x1600
04-17 22:12:54.897 E/BufferQueueProducer(22169): [ImageReader-720x1600f1m2-22169-0](id:56990000000c,api:1,p:718,c:22169) dequeueBuffer: BufferQueue has been abandoned
04-17 22:12:54.900 D/AccessibilityServiceImpl(22169): >>> OnImageAvailableListener 被调用
04-17 22:12:54.902 D/AccessibilityServiceImpl(22169): >>> 成功获取图像
04-17 22:12:54.903 D/AccessibilityServiceImpl(22169): >>> buffer.remaining = 4608000, pixelStride = 4, rowStride = 2880
04-17 22:12:54.908 D/AccessibilityServiceImpl(22169): >>> Bitmap 创建成功: 720x1600
04-17 22:12:54.913 E/BufferQueueProducer(22169): [ImageReader-720x1600f1m2-22169-0](id:56990000000c,api:1,p:718,c:22169) dequeueBuffer: BufferQueue has been abandoned
04-17 22:12:54.917 D/AccessibilityServiceImpl(22169): >>> OnImageAvailableListener 被调用
04-17 22:12:54.918 D/AccessibilityServiceImpl(22169): >>> 成功获取图像
04-17 22:12:54.918 D/AccessibilityServiceImpl(22169): >>> buffer.remaining = 4608000, pixelStride = 4, rowStride = 2880
04-17 22:12:54.931 E/BufferQueueProducer(22169): [ImageReader-720x1600f1m2-22169-0](id:56990000000c,api:1,p:718,c:22169) dequeueBuffer: BufferQueue has been abandoned
04-17 22:12:54.931 D/AccessibilityServiceImpl(22169): >>> Bitmap 创建成功: 720x1600
04-17 22:12:54.938 D/AccessibilityServiceImpl(22169): >>> OnImageAvailableListener 被调用
04-17 22:12:54.940 D/AccessibilityServiceImpl(22169): >>> 成功获取图像
04-17 22:12:54.941 D/AccessibilityServiceImpl(22169): >>> buffer.remaining = 4608000, pixelStride = 4, rowStride = 2880
04-17 22:12:54.947 E/BufferQueueProducer(22169): [ImageReader-720x1600f1m2-22169-0](id:56990000000c,api:1,p:718,c:22169) dequeueBuffer: BufferQueue has been abandoned
04-17 22:12:54.951 D/AccessibilityServiceImpl(22169): >>> Bitmap 创建成功: 720x1600
04-17 22:12:54.953 D/AccessibilityServiceImpl(22169): >>> OnImageAvailableListener 被调用
04-17 22:12:54.954 D/AccessibilityServiceImpl(22169): >>> 成功获取图像
04-17 22:12:54.954 D/AccessibilityServiceImpl(22169): >>> buffer.remaining = 4608000, pixelStride = 4, rowStride = 2880
04-17 22:12:54.960 D/AccessibilityServiceImpl(22169): >>> Bitmap 创建成功: 720x1600
04-17 22:12:54.963 E/BufferQueueProducer(22169): [ImageReader-720x1600f1m2-22169-0](id:56990000000c,api:1,p:718,c:22169) dequeueBuffer: BufferQueue has been abandoned
04-17 22:12:54.966 D/AccessibilityServiceImpl(22169): >>> OnImageAvailableListener 被调用
04-17 22:12:54.967 D/AccessibilityServiceImpl(22169): >>> 成功获取图像
04-17 22:12:54.967 D/AccessibilityServiceImpl(22169): >>> buffer.remaining = 4608000, pixelStride = 4, rowStride = 2880
04-17 22:12:54.977 D/AccessibilityServiceImpl(22169): >>> Bitmap 创建成功: 720x1600
04-17 22:12:54.980 E/BufferQueueProducer(22169): [ImageReader-720x1600f1m2-22169-0](id:56990000000c,api:1,p:718,c:22169) dequeueBuffer: BufferQueue has been abandoned
04-17 22:12:54.983 D/AccessibilityServiceImpl(22169): >>> OnImageAvailableListener 被调用
04-17 22:12:54.983 D/AccessibilityServiceImpl(22169): >>> 成功获取图像
04-17 22:12:54.984 D/AccessibilityServiceImpl(22169): >>> buffer.remaining = 4608000, pixelStride = 4, rowStride = 2880
04-17 22:12:54.992 D/AccessibilityServiceImpl(22169): >>> Bitmap 创建成功: 720x1600
04-17 22:12:54.997 E/BufferQueueProducer(22169): [ImageReader-720x1600f1m2-22169-0](id:56990000000c,api:1,p:718,c:22169) dequeueBuffer: BufferQueue has been abandoned
04-17 22:12:55.002 D/AccessibilityServiceImpl(22169): >>> OnImageAvailableListener 被调用
04-17 22:12:55.002 D/AccessibilityServiceImpl(22169): >>> 成功获取图像
04-17 22:12:55.003 D/AccessibilityServiceImpl(22169): >>> buffer.remaining = 4608000, pixelStride = 4, rowStride = 2880
04-17 22:12:55.007 D/AccessibilityServiceImpl(22169): >>> Bitmap 创建成功: 720x1600
04-17 22:12:55.008 I/.zbb.automatio(22169): NativeAlloc concurrent copying GC freed 151270(6585KB) AllocSpace objects, 0(0B) LOS objects, 50% free, 14MB/29MB, paused 120us,35us total 166.887ms
04-17 22:12:55.014 E/BufferQueueProducer(22169): [ImageReader-720x1600f1m2-22169-0](id:56990000000c,api:1,p:718,c:22169) dequeueBuffer: BufferQueue has been abandoned
04-17 22:12:55.017 D/AccessibilityServiceImpl(22169): >>> OnImageAvailableListener 被调用
04-17 22:12:55.018 D/AccessibilityServiceImpl(22169): >>> 成功获取图像
04-17 22:12:55.019 D/AccessibilityServiceImpl(22169): >>> buffer.remaining = 4608000, pixelStride = 4, rowStride = 2880
04-17 22:12:55.024 D/AccessibilityServiceImpl(22169): >>> Bitmap 创建成功: 720x1600
04-17 22:12:55.030 E/BufferQueueProducer(22169): [ImageReader-720x1600f1m2-22169-0](id:56990000000c,api:1,p:718,c:22169) dequeueBuffer: BufferQueue has been abandoned
04-17 22:12:55.036 D/AccessibilityServiceImpl(22169): >>> OnImageAvailableListener 被调用
04-17 22:12:55.037 D/AccessibilityServiceImpl(22169): >>> 成功获取图像
04-17 22:12:55.038 D/AccessibilityServiceImpl(22169): >>> buffer.remaining = 4608000, pixelStride = 4, rowStride = 2880
04-17 22:12:55.046 D/AccessibilityServiceImpl(22169): >>> Bitmap 创建成功: 720x1600
04-17 22:12:55.048 E/BufferQueueProducer(22169): [ImageReader-720x1600f1m2-22169-0](id:56990000000c,api:1,p:718,c:22169) dequeueBuffer: BufferQueue has been abandoned
04-17 22:12:55.057 D/AccessibilityServiceImpl(22169): >>> OnImageAvailableListener 被调用
04-17 22:12:55.058 D/AccessibilityServiceImpl(22169): >>> 成功获取图像
04-17 22:12:55.060 D/AccessibilityServiceImpl(22169): >>> buffer.remaining = 4608000, pixelStride = 4, rowStride = 2880
04-17 22:12:55.064 E/BufferQueueProducer(22169): [ImageReader-720x1600f1m2-22169-0](id:56990000000c,api:1,p:718,c:22169) dequeueBuffer: BufferQueue has been abandoned
04-17 22:12:55.065 D/AccessibilityServiceImpl(22169): >>> Bitmap 创建成功: 720x1600
04-17 22:12:55.067 D/AccessibilityServiceImpl(22169): >>> OnImageAvailableListener 被调用
04-17 22:12:55.068 D/AccessibilityServiceImpl(22169): >>> 成功获取图像
04-17 22:12:55.071 D/AccessibilityServiceImpl(22169): >>> buffer.remaining = 4608000, pixelStride = 4, rowStride = 2880
04-17 22:12:55.076 D/AccessibilityServiceImpl(22169): >>> Bitmap 创建成功: 720x1600
04-17 22:12:55.080 E/BufferQueueProducer(22169): [ImageReader-720x1600f1m2-22169-0](id:56990000000c,api:1,p:718,c:22169) dequeueBuffer: BufferQueue has been abandoned
04-17 22:12:55.084 D/AccessibilityServiceImpl(22169): >>> OnImageAvailableListener 被调用
04-17 22:12:55.085 D/AccessibilityServiceImpl(22169): >>> 成功获取图像
04-17 22:12:55.092 D/AccessibilityServiceImpl(22169): >>> buffer.remaining = 4608000, pixelStride = 4, rowStride = 2880
04-17 22:12:55.096 D/AccessibilityServiceImpl(22169): >>> Bitmap 创建成功: 720x1600
04-17 22:12:55.097 E/BufferQueueProducer(22169): [ImageReader-720x1600f1m2-22169-0](id:56990000000c,api:1,p:718,c:22169) dequeueBuffer: BufferQueue has been abandoned
04-17 22:12:55.113 E/BufferQueueProducer(22169): [ImageReader-720x1600f1m2-22169-0](id:56990000000c,api:1,p:718,c:22169) dequeueBuffer: BufferQueue has been abandoned
04-17 22:12:55.149 E/BufferQueueProducer(22169): [ImageReader-720x1600f1m2-22169-0](id:56990000000c,api:1,p:718,c:22169) dequeueBuffer: BufferQueue has been abandoned
04-17 22:12:55.149 D/AccessibilityServiceImpl(22169): >>> OnImageAvailableListener 被调用
04-17 22:12:55.149 D/AccessibilityServiceImpl(22169): >>> 成功获取图像
04-17 22:12:55.149 D/AccessibilityServiceImpl(22169): >>> buffer.remaining = 4608000, pixelStride = 4, rowStride = 2880
04-17 22:12:55.153 D/AccessibilityServiceImpl(22169): >>> Bitmap 创建成功: 720x1600
04-17 22:12:55.154 D/AccessibilityServiceImpl(22169): >>> OnImageAvailableListener 被调用
04-17 22:12:55.155 D/AccessibilityServiceImpl(22169): >>> 成功获取图像
04-17 22:12:55.155 D/AccessibilityServiceImpl(22169): >>> buffer.remaining = 4608000, pixelStride = 4, rowStride = 2880
04-17 22:12:55.159 D/AccessibilityServiceImpl(22169): >>> Bitmap 创建成功: 720x1600
04-17 22:12:55.165 E/BufferQueueProducer(22169): [ImageReader-720x1600f1m2-22169-0](id:56990000000c,api:1,p:718,c:22169) dequeueBuffer: BufferQueue has been abandoned
04-17 22:12:55.167 D/AccessibilityServiceImpl(22169): >>> OnImageAvailableListener 被调用
04-17 22:12:55.167 D/AccessibilityServiceImpl(22169): >>> 成功获取图像
04-17 22:12:55.167 D/AccessibilityServiceImpl(22169): >>> buffer.remaining = 4608000, pixelStride = 4, rowStride = 2880
04-17 22:12:55.170 D/AccessibilityServiceImpl(22169): >>> Bitmap 创建成功: 720x1600
04-17 22:12:55.224 E/FA      (22892): Task exception on worker thread: java.lang.IllegalStateException: AppMeasurement is not initialized: com.google.android.gms.internal.measurement.zzgl.zzch(Unknown Source:9)
04-17 22:12:55.249 D/BoundBrokerSvc(31527): onBind: Intent { act=com.google.android.gms.measurement.START pkg=com.google.android.gms }
04-17 22:12:55.249 D/BoundBrokerSvc(31527): Loading bound service for intent: Intent { act=com.google.android.gms.measurement.START pkg=com.google.android.gms }
04-17 22:12:55.263 E/BufferQueueProducer(22169): [ImageReader-720x1600f1m2-22169-0](id:56990000000c,api:1,p:718,c:22169) dequeueBuffer: BufferQueue has been abandoned
04-17 22:12:55.270 D/AccessibilityServiceImpl(22169): >>> OnImageAvailableListener 被调用
04-17 22:12:55.270 D/AccessibilityServiceImpl(22169): >>> 成功获取图像
04-17 22:12:55.271 D/AccessibilityServiceImpl(22169): >>> buffer.remaining = 4608000, pixelStride = 4, rowStride = 2880
04-17 22:12:55.274 D/AccessibilityServiceImpl(22169): >>> Bitmap 创建成功: 720x1600
04-17 22:12:55.288 I/BufferQueueConsumer(22169): [](id:56990000000e,api:0,p:-1,c:22169) connect: controlledByApp=false
04-17 22:12:55.294 I/BLASTBufferQueue(22169): [ViewRootImpl[MainActivity]#12] constructor()
04-17 22:12:55.296 I/BufferQueueProducer(22169): [ViewRootImpl[MainActivity]#12(BLAST Consumer)12](id:56990000000e,api:1,p:22169,c:22169) connect: api=1 producerControlledByApp=true
04-17 22:12:55.297 E/BufferQueueProducer(22169): [ImageReader-720x1600f1m2-22169-0](id:56990000000c,api:1,p:718,c:22169) dequeueBuffer: BufferQueue has been abandoned
04-17 22:12:55.314 E/BufferQueueProducer(22169): [ImageReader-720x1600f1m2-22169-0](id:56990000000c,api:1,p:718,c:22169) dequeueBuffer: BufferQueue has been abandoned
04-17 22:12:55.364 E/BufferQueueProducer(22169): [ImageReader-720x1600f1m2-22169-0](id:56990000000c,api:1,p:718,c:22169) dequeueBuffer: BufferQueue has been abandoned
04-17 22:12:55.368 D/AccessibilityServiceImpl(22169): >>> OnImageAvailableListener 被调用
04-17 22:12:55.368 D/AccessibilityServiceImpl(22169): >>> 成功获取图像
04-17 22:12:55.369 D/AccessibilityServiceImpl(22169): >>> buffer.remaining = 4608000, pixelStride = 4, rowStride = 2880
04-17 22:12:55.373 D/AccessibilityServiceImpl(22169): >>> Bitmap 创建成功: 720x1600
04-17 22:12:55.382 E/BufferQueueProducer(22169): [ImageReader-720x1600f1m2-22169-0](id:56990000000c,api:1,p:718,c:22169) dequeueBuffer: BufferQueue has been abandoned
04-17 22:12:55.383 D/AccessibilityServiceImpl(22169): >>> OnImageAvailableListener 被调用
04-17 22:12:55.383 D/AccessibilityServiceImpl(22169): >>> 成功获取图像
04-17 22:12:55.384 D/AccessibilityServiceImpl(22169): >>> buffer.remaining = 4608000, pixelStride = 4, rowStride = 2880
04-17 22:12:55.388 D/AccessibilityServiceImpl(22169): >>> Bitmap 创建成功: 720x1600
04-17 22:12:55.398 E/BufferQueueProducer(22169): [ImageReader-720x1600f1m2-22169-0](id:56990000000c,api:1,p:718,c:22169) dequeueBuffer: BufferQueue has been abandoned
04-17 22:12:55.399 D/AccessibilityServiceImpl(22169): >>> OnImageAvailableListener 被调用
04-17 22:12:55.399 D/AccessibilityServiceImpl(22169): >>> 成功获取图像
04-17 22:12:55.399 D/AccessibilityServiceImpl(22169): >>> buffer.remaining = 4608000, pixelStride = 4, rowStride = 2880
04-17 22:12:55.404 D/AccessibilityServiceImpl(22169): >>> Bitmap 创建成功: 720x1600
04-17 22:12:55.405 D/AccessibilityServiceImpl(22169): 收到无障碍事件类型: 32
04-17 22:12:55.405 D/AccessibilityServiceImpl(22169): 窗口变化: com.zbb.automation.MainActivity
04-17 22:12:55.414 E/BufferQueueProducer(22169): [ImageReader-720x1600f1m2-22169-0](id:56990000000c,api:1,p:718,c:22169) dequeueBuffer: BufferQueue has been abandoned
04-17 22:12:55.415 D/AccessibilityServiceImpl(22169): >>> OnImageAvailableListener 被调用
04-17 22:12:55.416 D/AccessibilityServiceImpl(22169): >>> 成功获取图像
04-17 22:12:55.416 D/AccessibilityServiceImpl(22169): >>> buffer.remaining = 4608000, pixelStride = 4, rowStride = 2880
04-17 22:12:55.421 D/AccessibilityServiceImpl(22169): >>> Bitmap 创建成功: 720x1600
04-17 22:12:55.431 E/BufferQueueProducer(22169): [ImageReader-720x1600f1m2-22169-0](id:56990000000c,api:1,p:718,c:22169) dequeueBuffer: BufferQueue has been abandoned
04-17 22:12:55.432 D/AccessibilityServiceImpl(22169): >>> OnImageAvailableListener 被调用
04-17 22:12:55.432 D/AccessibilityServiceImpl(22169): >>> 成功获取图像
04-17 22:12:55.433 D/AccessibilityServiceImpl(22169): >>> buffer.remaining = 4608000, pixelStride = 4, rowStride = 2880
04-17 22:12:55.436 D/AccessibilityServiceImpl(22169): >>> Bitmap 创建成功: 720x1600
04-17 22:12:55.448 E/BufferQueueProducer(22169): [ImageReader-720x1600f1m2-22169-0](id:56990000000c,api:1,p:718,c:22169) dequeueBuffer: BufferQueue has been abandoned
04-17 22:12:55.449 D/AccessibilityServiceImpl(22169): >>> OnImageAvailableListener 被调用
04-17 22:12:55.449 D/AccessibilityServiceImpl(22169): >>> 成功获取图像
04-17 22:12:55.450 D/AccessibilityServiceImpl(22169): >>> buffer.remaining = 4608000, pixelStride = 4, rowStride = 2880
04-17 22:12:55.455 D/AccessibilityServiceImpl(22169): >>> Bitmap 创建成功: 720x1600
04-17 22:12:55.465 E/BufferQueueProducer(22169): [ImageReader-720x1600f1m2-22169-0](id:56990000000c,api:1,p:718,c:22169) dequeueBuffer: BufferQueue has been abandoned
04-17 22:12:55.466 D/AccessibilityServiceImpl(22169): >>> OnImageAvailableListener 被调用
04-17 22:12:55.466 D/AccessibilityServiceImpl(22169): >>> 成功获取图像
04-17 22:12:55.466 D/AccessibilityServiceImpl(22169): >>> buffer.remaining = 4608000, pixelStride = 4, rowStride = 2880
04-17 22:12:55.469 D/AccessibilityServiceImpl(22169): >>> Bitmap 创建成功: 720x1600
04-17 22:12:55.482 E/BufferQueueProducer(22169): [ImageReader-720x1600f1m2-22169-0](id:56990000000c,api:1,p:718,c:22169) dequeueBuffer: BufferQueue has been abandoned
04-17 22:12:55.483 D/AccessibilityServiceImpl(22169): >>> OnImageAvailableListener 被调用
04-17 22:12:55.483 D/AccessibilityServiceImpl(22169): >>> 成功获取图像
04-17 22:12:55.483 D/AccessibilityServiceImpl(22169): >>> buffer.remaining = 4608000, pixelStride = 4, rowStride = 2880
04-17 22:12:55.489 D/AccessibilityServiceImpl(22169): >>> Bitmap 创建成功: 720x1600
04-17 22:12:55.500 E/BufferQueueProducer(22169): [ImageReader-720x1600f1m2-22169-0](id:56990000000c,api:1,p:718,c:22169) dequeueBuffer: BufferQueue has been abandoned
04-17 22:12:55.509 D/AccessibilityServiceImpl(22169): >>> OnImageAvailableListener 被调用
04-17 22:12:55.511 D/AccessibilityServiceImpl(22169): >>> 成功获取图像
04-17 22:12:55.511 D/AccessibilityServiceImpl(22169): >>> buffer.remaining = 4608000, pixelStride = 4, rowStride = 2880
04-17 22:12:55.519 E/BufferQueueProducer(22169): [ImageReader-720x1600f1m2-22169-0](id:56990000000c,api:1,p:718,c:22169) dequeueBuffer: BufferQueue has been abandoned
04-17 22:12:55.522 D/AccessibilityServiceImpl(22169): >>> Bitmap 创建成功: 720x1600
04-17 22:12:55.526 D/AccessibilityServiceImpl(22169): >>> OnImageAvailableListener 被调用
04-17 22:12:55.529 D/AccessibilityServiceImpl(22169): >>> 成功获取图像
04-17 22:12:55.530 D/AccessibilityServiceImpl(22169): >>> buffer.remaining = 4608000, pixelStride = 4, rowStride = 2880
04-17 22:12:55.532 D/AccessibilityServiceImpl(22169): >>> Bitmap 创建成功: 720x1600
04-17 22:12:55.535 E/BufferQueueProducer(22169): [ImageReader-720x1600f1m2-22169-0](id:56990000000c,api:1,p:718,c:22169) dequeueBuffer: BufferQueue has been abandoned
04-17 22:12:55.540 D/AccessibilityServiceImpl(22169): >>> OnImageAvailableListener 被调用
04-17 22:12:55.543 D/AccessibilityServiceImpl(22169): >>> 成功获取图像
04-17 22:12:55.543 D/AccessibilityServiceImpl(22169): >>> buffer.remaining = 4608000, pixelStride = 4, rowStride = 2880
04-17 22:12:55.546 D/AccessibilityServiceImpl(22169): >>> Bitmap 创建成功: 720x1600
04-17 22:12:55.546 D/AccessibilityServiceImpl(22169): 收到无障碍事件类型: 32
04-17 22:12:55.546 D/AccessibilityServiceImpl(22169): 窗口变化: com.android.systemui.media.MediaProjectionPermissionActivity
04-17 22:12:55.549 E/BufferQueueProducer(22169): [ImageReader-720x1600f1m2-22169-0](id:56990000000c,api:1,p:718,c:22169) dequeueBuffer: BufferQueue has been abandoned
04-17 22:12:55.554 D/AccessibilityServiceImpl(22169): >>> OnImageAvailableListener 被调用
04-17 22:12:55.556 D/AccessibilityServiceImpl(22169): >>> 成功获取图像
04-17 22:12:55.556 D/AccessibilityServiceImpl(22169): >>> buffer.remaining = 4608000, pixelStride = 4, rowStride = 2880
04-17 22:12:55.559 D/AccessibilityServiceImpl(22169): >>> Bitmap 创建成功: 720x1600
04-17 22:12:55.563 E/BufferQueueProducer(22169): [ImageReader-720x1600f1m2-22169-0](id:56990000000c,api:1,p:718,c:22169) dequeueBuffer: BufferQueue has been abandoned
04-17 22:12:55.569 D/AccessibilityServiceImpl(22169): >>> OnImageAvailableListener 被调用
04-17 22:12:55.572 D/AccessibilityServiceImpl(22169): >>> 成功获取图像
04-17 22:12:55.572 D/AccessibilityServiceImpl(22169): >>> buffer.remaining = 4608000, pixelStride = 4, rowStride = 2880
04-17 22:12:55.575 D/AccessibilityServiceImpl(22169): >>> Bitmap 创建成功: 720x1600
04-17 22:12:55.583 E/BufferQueueProducer(22169): [ImageReader-720x1600f1m2-22169-0](id:56990000000c,api:1,p:718,c:22169) dequeueBuffer: BufferQueue has been abandoned
04-17 22:12:55.587 I/ActivityTaskManager( 1296): Displayed com.android.systemui/.media.MediaProjectionPermissionActivity: +356ms
04-17 22:12:55.588 D/AccessibilityServiceImpl(22169): >>> OnImageAvailableListener 被调用
04-17 22:12:55.591 D/AccessibilityServiceImpl(22169): >>> 成功获取图像
04-17 22:12:55.592 D/AccessibilityServiceImpl(22169): >>> buffer.remaining = 4608000, pixelStride = 4, rowStride = 2880
04-17 22:12:55.599 D/AccessibilityServiceImpl(22169): >>> Bitmap 创建成功: 720x1600
04-17 22:12:55.599 E/BufferQueueProducer(22169): [ImageReader-720x1600f1m2-22169-0](id:56990000000c,api:1,p:718,c:22169) dequeueBuffer: BufferQueue has been abandoned
04-17 22:12:55.605 D/AccessibilityServiceImpl(22169): >>> OnImageAvailableListener 被调用
04-17 22:12:55.608 D/AccessibilityServiceImpl(22169): >>> 成功获取图像
04-17 22:12:55.609 D/AccessibilityServiceImpl(22169): >>> buffer.remaining = 4608000, pixelStride = 4, rowStride = 2880
04-17 22:12:55.615 E/BufferQueueProducer(22169): [ImageReader-720x1600f1m2-22169-0](id:56990000000c,api:1,p:718,c:22169) dequeueBuffer: BufferQueue has been abandoned
04-17 22:12:55.615 D/AccessibilityServiceImpl(22169): >>> Bitmap 创建成功: 720x1600
04-17 22:12:55.620 D/AccessibilityServiceImpl(22169): >>> OnImageAvailableListener 被调用
04-17 22:12:55.623 D/AccessibilityServiceImpl(22169): >>> 成功获取图像
04-17 22:12:55.624 D/AccessibilityServiceImpl(22169): >>> buffer.remaining = 4608000, pixelStride = 4, rowStride = 2880
04-17 22:12:55.630 D/AccessibilityServiceImpl(22169): >>> Bitmap 创建成功: 720x1600
04-17 22:12:55.632 E/BufferQueueProducer(22169): [ImageReader-720x1600f1m2-22169-0](id:56990000000c,api:1,p:718,c:22169) dequeueBuffer: BufferQueue has been abandoned
04-17 22:12:55.638 D/AccessibilityServiceImpl(22169): >>> OnImageAvailableListener 被调用
04-17 22:12:55.642 D/AccessibilityServiceImpl(22169): >>> 成功获取图像
04-17 22:12:55.643 D/AccessibilityServiceImpl(22169): >>> buffer.remaining = 4608000, pixelStride = 4, rowStride = 2880
04-17 22:12:55.647 D/AccessibilityServiceImpl(22169): >>> Bitmap 创建成功: 720x1600
04-17 22:12:55.649 I/com.tencent.mm(22892): Background young concurrent copying GC freed 293630(17MB) AllocSpace objects, 2(104KB) LOS objects, 23% free, 55MB/72MB, paused 1.553ms,96us total 137.842ms
04-17 22:12:55.649 E/BufferQueueProducer(22169): [ImageReader-720x1600f1m2-22169-0](id:56990000000c,api:1,p:718,c:22169) dequeueBuffer: BufferQueue has been abandoned
04-17 22:12:55.654 D/AccessibilityServiceImpl(22169): >>> OnImageAvailableListener 被调用
04-17 22:12:55.658 D/AccessibilityServiceImpl(22169): >>> 成功获取图像
04-17 22:12:55.659 D/AccessibilityServiceImpl(22169): >>> buffer.remaining = 4608000, pixelStride = 4, rowStride = 2880
04-17 22:12:55.664 D/AccessibilityServiceImpl(22169): >>> Bitmap 创建成功: 720x1600
04-17 22:12:55.665 E/BufferQueueProducer(22169): [ImageReader-720x1600f1m2-22169-0](id:56990000000c,api:1,p:718,c:22169) dequeueBuffer: BufferQueue has been abandoned
04-17 22:12:55.670 D/AccessibilityServiceImpl(22169): >>> OnImageAvailableListener 被调用
04-17 22:12:55.676 D/AccessibilityServiceImpl(22169): >>> 成功获取图像
04-17 22:12:55.676 D/AccessibilityServiceImpl(22169): >>> buffer.remaining = 4608000, pixelStride = 4, rowStride = 2880
04-17 22:12:55.682 E/BufferQueueProducer(22169): [ImageReader-720x1600f1m2-22169-0](id:56990000000c,api:1,p:718,c:22169) dequeueBuffer: BufferQueue has been abandoned
04-17 22:12:55.683 D/AccessibilityServiceImpl(22169): >>> Bitmap 创建成功: 720x1600
04-17 22:12:55.683 E/libprocessgroup(25444): set_timerslack_ns write failed: Operation not permitted
04-17 22:12:55.688 D/AccessibilityServiceImpl(22169): >>> OnImageAvailableListener 被调用
04-17 22:12:55.691 D/AccessibilityServiceImpl(22169): >>> 成功获取图像
04-17 22:12:55.692 D/AccessibilityServiceImpl(22169): >>> buffer.remaining = 4608000, pixelStride = 4, rowStride = 2880
04-17 22:12:55.693 E/libprocessgroup(25444): set_timerslack_ns write failed: Operation not permitted
04-17 22:12:55.697 D/AccessibilityServiceImpl(22169): >>> Bitmap 创建成功: 720x1600
04-17 22:12:55.699 E/BufferQueueProducer(22169): [ImageReader-720x1600f1m2-22169-0](id:56990000000c,api:1,p:718,c:22169) dequeueBuffer: BufferQueue has been abandoned
04-17 22:12:55.704 D/AccessibilityServiceImpl(22169): >>> OnImageAvailableListener 被调用
04-17 22:12:55.705 E/libprocessgroup(25444): set_timerslack_ns write failed: Operation not permitted
04-17 22:12:55.706 E/libprocessgroup(25444): set_timerslack_ns write failed: Operation not permitted
04-17 22:12:55.706 I/.zbb.automatio(22169): NativeAlloc concurrent copying GC freed 5959(288KB) AllocSpace objects, 0(0B) LOS objects, 49% free, 14MB/29MB, paused 85us,31us total 192.254ms
04-17 22:12:55.706 E/libprocessgroup(25444): set_timerslack_ns write failed: Operation not permitted
04-17 22:12:55.707 D/AccessibilityServiceImpl(22169): >>> 成功获取图像
04-17 22:12:55.707 D/AccessibilityServiceImpl(22169): >>> buffer.remaining = 4608000, pixelStride = 4, rowStride = 2880
04-17 22:12:55.710 D/AccessibilityServiceImpl(22169): >>> Bitmap 创建成功: 720x1600
04-17 22:12:55.715 E/BufferQueueProducer(22169): [ImageReader-720x1600f1m2-22169-0](id:56990000000c,api:1,p:718,c:22169) dequeueBuffer: BufferQueue has been abandoned
04-17 22:12:55.718 D/AccessibilityServiceImpl(22169): >>> OnImageAvailableListener 被调用
04-17 22:12:55.724 D/AccessibilityServiceImpl(22169): >>> 成功获取图像
04-17 22:12:55.724 D/AccessibilityServiceImpl(22169): >>> buffer.remaining = 4608000, pixelStride = 4, rowStride = 2880
04-17 22:12:55.727 D/AccessibilityServiceImpl(22169): >>> Bitmap 创建成功: 720x1600
04-17 22:12:55.731 E/BufferQueueProducer(22169): [ImageReader-720x1600f1m2-22169-0](id:56990000000c,api:1,p:718,c:22169) dequeueBuffer: BufferQueue has been abandoned
04-17 22:12:55.735 D/AccessibilityServiceImpl(22169): >>> OnImageAvailableListener 被调用
04-17 22:12:55.738 D/AccessibilityServiceImpl(22169): >>> 成功获取图像
04-17 22:12:55.739 D/AccessibilityServiceImpl(22169): >>> buffer.remaining = 4608000, pixelStride = 4, rowStride = 2880
04-17 22:12:55.742 D/AccessibilityServiceImpl(22169): >>> Bitmap 创建成功: 720x1600
04-17 22:12:55.747 E/BufferQueueProducer(22169): [ImageReader-720x1600f1m2-22169-0](id:56990000000c,api:1,p:718,c:22169) dequeueBuffer: BufferQueue has been abandoned
04-17 22:12:55.751 D/AccessibilityServiceImpl(22169): >>> OnImageAvailableListener 被调用
04-17 22:12:55.755 D/AccessibilityServiceImpl(22169): >>> 成功获取图像
04-17 22:12:55.755 D/AccessibilityServiceImpl(22169): >>> buffer.remaining = 4608000, pixelStride = 4, rowStride = 2880
04-17 22:12:55.757 D/AccessibilityServiceImpl(22169): >>> Bitmap 创建成功: 720x1600
04-17 22:12:55.764 E/BufferQueueProducer(22169): [ImageReader-720x1600f1m2-22169-0](id:56990000000c,api:1,p:718,c:22169) dequeueBuffer: BufferQueue has been abandoned
04-17 22:12:55.768 D/AccessibilityServiceImpl(22169): >>> OnImageAvailableListener 被调用
04-17 22:12:55.772 D/AccessibilityServiceImpl(22169): >>> 成功获取图像
04-17 22:12:55.772 D/AccessibilityServiceImpl(22169): >>> buffer.remaining = 4608000, pixelStride = 4, rowStride = 2880
04-17 22:12:55.776 D/AccessibilityServiceImpl(22169): >>> Bitmap 创建成功: 720x1600
04-17 22:12:55.782 E/BufferQueueProducer(22169): [ImageReader-720x1600f1m2-22169-0](id:56990000000c,api:1,p:718,c:22169) dequeueBuffer: BufferQueue has been abandoned
04-17 22:12:55.786 D/AccessibilityServiceImpl(22169): >>> OnImageAvailableListener 被调用
04-17 22:12:55.790 D/AccessibilityServiceImpl(22169): >>> 成功获取图像
04-17 22:12:55.790 D/AccessibilityServiceImpl(22169): >>> buffer.remaining = 4608000, pixelStride = 4, rowStride = 2880
04-17 22:12:55.793 D/AccessibilityServiceImpl(22169): >>> Bitmap 创建成功: 720x1600
04-17 22:12:55.798 E/BufferQueueProducer(22169): [ImageReader-720x1600f1m2-22169-0](id:56990000000c,api:1,p:718,c:22169) dequeueBuffer: BufferQueue has been abandoned
04-17 22:12:55.802 D/AccessibilityServiceImpl(22169): >>> OnImageAvailableListener 被调用
04-17 22:12:55.806 D/AccessibilityServiceImpl(22169): >>> 成功获取图像
04-17 22:12:55.806 D/AccessibilityServiceImpl(22169): >>> buffer.remaining = 4608000, pixelStride = 4, rowStride = 2880
04-17 22:12:55.810 D/AccessibilityServiceImpl(22169): >>> Bitmap 创建成功: 720x1600
04-17 22:12:55.815 E/BufferQueueProducer(22169): [ImageReader-720x1600f1m2-22169-0](id:56990000000c,api:1,p:718,c:22169) dequeueBuffer: BufferQueue has been abandoned
04-17 22:12:55.819 D/AccessibilityServiceImpl(22169): >>> OnImageAvailableListener 被调用
04-17 22:12:55.823 D/AccessibilityServiceImpl(22169): >>> 成功获取图像
04-17 22:12:55.823 D/AccessibilityServiceImpl(22169): >>> buffer.remaining = 4608000, pixelStride = 4, rowStride = 2880
04-17 22:12:55.826 D/AccessibilityServiceImpl(22169): >>> Bitmap 创建成功: 720x1600
04-17 22:12:55.832 E/BufferQueueProducer(22169): [ImageReader-720x1600f1m2-22169-0](id:56990000000c,api:1,p:718,c:22169) dequeueBuffer: BufferQueue has been abandoned
04-17 22:12:55.836 D/AccessibilityServiceImpl(22169): >>> OnImageAvailableListener 被调用
04-17 22:12:55.840 D/AccessibilityServiceImpl(22169): >>> 成功获取图像
04-17 22:12:55.840 D/AccessibilityServiceImpl(22169): >>> buffer.remaining = 4608000, pixelStride = 4, rowStride = 2880
04-17 22:12:55.843 D/AccessibilityServiceImpl(22169): >>> Bitmap 创建成功: 720x1600
04-17 22:12:55.848 E/BufferQueueProducer(22169): [ImageReader-720x1600f1m2-22169-0](id:56990000000c,api:1,p:718,c:22169) dequeueBuffer: BufferQueue has been abandoned
04-17 22:12:55.853 D/AccessibilityServiceImpl(22169): >>> OnImageAvailableListener 被调用
04-17 22:12:55.857 D/AccessibilityServiceImpl(22169): >>> 成功获取图像
04-17 22:12:55.857 D/AccessibilityServiceImpl(22169): >>> buffer.remaining = 4608000, pixelStride = 4, rowStride = 2880
04-17 22:12:55.860 D/AccessibilityServiceImpl(22169): >>> Bitmap 创建成功: 720x1600
04-17 22:12:55.866 E/BufferQueueProducer(22169): [ImageReader-720x1600f1m2-22169-0](id:56990000000c,api:1,p:718,c:22169) dequeueBuffer: BufferQueue has been abandoned
04-17 22:12:55.870 D/AccessibilityServiceImpl(22169): >>> OnImageAvailableListener 被调用
04-17 22:12:55.874 D/AccessibilityServiceImpl(22169): >>> 成功获取图像
04-17 22:12:55.874 D/AccessibilityServiceImpl(22169): >>> buffer.remaining = 4608000, pixelStride = 4, rowStride = 2880
04-17 22:12:55.877 D/AccessibilityServiceImpl(22169): >>> Bitmap 创建成功: 720x1600
04-17 22:12:55.882 E/BufferQueueProducer(22169): [ImageReader-720x1600f1m2-22169-0](id:56990000000c,api:1,p:718,c:22169) dequeueBuffer: BufferQueue has been abandoned
04-17 22:12:55.886 D/AccessibilityServiceImpl(22169): >>> OnImageAvailableListener 被调用
04-17 22:12:55.890 D/AccessibilityServiceImpl(22169): >>> 成功获取图像
04-17 22:12:55.891 D/AccessibilityServiceImpl(22169): >>> buffer.remaining = 4608000, pixelStride = 4, rowStride = 2880
04-17 22:12:55.893 D/AccessibilityServiceImpl(22169): >>> Bitmap 创建成功: 720x1600
04-17 22:12:55.897 E/BufferQueueProducer(22169): [ImageReader-720x1600f1m2-22169-0](id:56990000000c,api:1,p:718,c:22169) dequeueBuffer: BufferQueue has been abandoned
04-17 22:12:55.901 D/AccessibilityServiceImpl(22169): >>> OnImageAvailableListener 被调用
04-17 22:12:55.904 D/AccessibilityServiceImpl(22169): >>> 成功获取图像
04-17 22:12:55.905 D/AccessibilityServiceImpl(22169): >>> buffer.remaining = 4608000, pixelStride = 4, rowStride = 2880
04-17 22:12:55.907 D/AccessibilityServiceImpl(22169): >>> Bitmap 创建成功: 720x1600
04-17 22:12:55.915 E/BufferQueueProducer(22169): [ImageReader-720x1600f1m2-22169-0](id:56990000000c,api:1,p:718,c:22169) dequeueBuffer: BufferQueue has been abandoned
04-17 22:12:55.920 D/AccessibilityServiceImpl(22169): >>> OnImageAvailableListener 被调用
04-17 22:12:55.924 D/AccessibilityServiceImpl(22169): >>> 成功获取图像
04-17 22:12:55.924 D/AccessibilityServiceImpl(22169): >>> buffer.remaining = 4608000, pixelStride = 4, rowStride = 2880
04-17 22:12:55.927 D/AccessibilityServiceImpl(22169): >>> Bitmap 创建成功: 720x1600
04-17 22:12:55.931 E/BufferQueueProducer(22169): [ImageReader-720x1600f1m2-22169-0](id:56990000000c,api:1,p:718,c:22169) dequeueBuffer: BufferQueue has been abandoned
04-17 22:12:55.936 D/AccessibilityServiceImpl(22169): >>> OnImageAvailableListener 被调用
04-17 22:12:55.940 D/AccessibilityServiceImpl(22169): >>> 成功获取图像
04-17 22:12:55.940 D/AccessibilityServiceImpl(22169): >>> buffer.remaining = 4608000, pixelStride = 4, rowStride = 2880
04-17 22:12:55.944 D/AccessibilityServiceImpl(22169): >>> Bitmap 创建成功: 720x1600
04-17 22:12:55.948 E/BufferQueueProducer(22169): [ImageReader-720x1600f1m2-22169-0](id:56990000000c,api:1,p:718,c:22169) dequeueBuffer: BufferQueue has been abandoned
04-17 22:12:55.953 D/AccessibilityServiceImpl(22169): >>> OnImageAvailableListener 被调用
04-17 22:12:55.957 D/AccessibilityServiceImpl(22169): >>> 成功获取图像
04-17 22:12:55.958 D/AccessibilityServiceImpl(22169): >>> buffer.remaining = 4608000, pixelStride = 4, rowStride = 2880
04-17 22:12:55.961 D/AccessibilityServiceImpl(22169): >>> Bitmap 创建成功: 720x1600
04-17 22:12:55.964 E/BufferQueueProducer(22169): [ImageReader-720x1600f1m2-22169-0](id:56990000000c,api:1,p:718,c:22169) dequeueBuffer: BufferQueue has been abandoned
04-17 22:12:55.969 D/AccessibilityServiceImpl(22169): >>> OnImageAvailableListener 被调用
04-17 22:12:55.972 D/AccessibilityServiceImpl(22169): >>> 成功获取图像
04-17 22:12:55.973 D/AccessibilityServiceImpl(22169): >>> buffer.remaining = 4608000, pixelStride = 4, rowStride = 2880
04-17 22:12:55.976 D/AccessibilityServiceImpl(22169): >>> Bitmap 创建成功: 720x1600
04-17 22:12:55.981 E/BufferQueueProducer(22169): [ImageReader-720x1600f1m2-22169-0](id:56990000000c,api:1,p:718,c:22169) dequeueBuffer: BufferQueue has been abandoned
04-17 22:12:55.985 D/AccessibilityServiceImpl(22169): >>> OnImageAvailableListener 被调用
04-17 22:12:55.997 I/BufferQueueProducer(22892): [ViewRootImpl[LauncherUI]#0(BLAST Consumer)0](id:596c00000000,api:1,p:22892,c:22892) disconnect: api 1
04-17 22:12:56.003 W/ratelimit(22169): Single process limit 250/s drop 5 lines.
04-17 22:12:56.003 D/AccessibilityServiceImpl(22169): >>> OnImageAvailableListener 被调用
04-17 22:12:56.004 I/BLASTBufferQueue(22892): [ViewRootImpl[LauncherUI]#0] destructor()
04-17 22:12:56.004 I/BufferQueueConsumer(22892): [ViewRootImpl[LauncherUI]#0(BLAST Consumer)0](id:596c00000000,api:0,p:-1,c:22892) disconnect
04-17 22:12:56.005 D/AccessibilityServiceImpl(22169): >>> 成功获取图像
04-17 22:12:56.006 D/AccessibilityServiceImpl(22169): >>> buffer.remaining = 4608000, pixelStride = 4, rowStride = 2880
04-17 22:12:56.010 D/AccessibilityServiceImpl(22169): >>> Bitmap 创建成功: 720x1600
04-17 22:12:56.015 E/BufferQueueProducer(22169): [ImageReader-720x1600f1m2-22169-0](id:56990000000c,api:1,p:718,c:22169) dequeueBuffer: BufferQueue has been abandoned
04-17 22:12:56.022 D/AccessibilityServiceImpl(22169): >>> OnImageAvailableListener 被调用
04-17 22:12:56.024 D/AccessibilityServiceImpl(22169): >>> 成功获取图像
04-17 22:12:56.026 D/AccessibilityServiceImpl(22169): >>> buffer.remaining = 4608000, pixelStride = 4, rowStride = 2880
04-17 22:12:56.029 E/BufferQueueProducer(22169): [ImageReader-720x1600f1m2-22169-0](id:56990000000c,api:1,p:718,c:22169) dequeueBuffer: BufferQueue has been abandoned
04-17 22:12:56.030 D/AccessibilityServiceImpl(22169): >>> Bitmap 创建成功: 720x1600
04-17 22:12:56.034 D/AccessibilityServiceImpl(22169): >>> OnImageAvailableListener 被调用
04-17 22:12:56.034 D/AccessibilityServiceImpl(22169): >>> 成功获取图像
04-17 22:12:56.034 D/AccessibilityServiceImpl(22169): >>> buffer.remaining = 4608000, pixelStride = 4, rowStride = 2880
04-17 22:12:56.037 D/AccessibilityServiceImpl(22169): >>> Bitmap 创建成功: 720x1600
04-17 22:12:56.045 E/BufferQueueProducer(22169): [ImageReader-720x1600f1m2-22169-0](id:56990000000c,api:1,p:718,c:22169) dequeueBuffer: BufferQueue has been abandoned
04-17 22:12:56.046 D/AccessibilityServiceImpl(22169): >>> OnImageAvailableListener 被调用
04-17 22:12:56.047 D/AccessibilityServiceImpl(22169): >>> 成功获取图像
04-17 22:12:56.047 D/AccessibilityServiceImpl(22169): >>> buffer.remaining = 4608000, pixelStride = 4, rowStride = 2880
04-17 22:12:56.050 D/AccessibilityServiceImpl(22169): >>> Bitmap 创建成功: 720x1600
04-17 22:12:56.062 E/BufferQueueProducer(22169): [ImageReader-720x1600f1m2-22169-0](id:56990000000c,api:1,p:718,c:22169) dequeueBuffer: BufferQueue has been abandoned
04-17 22:12:56.063 D/AccessibilityServiceImpl(22169): >>> OnImageAvailableListener 被调用
04-17 22:12:56.063 D/AccessibilityServiceImpl(22169): >>> 成功获取图像
04-17 22:12:56.063 D/AccessibilityServiceImpl(22169): >>> buffer.remaining = 4608000, pixelStride = 4, rowStride = 2880
04-17 22:12:56.069 D/AccessibilityServiceImpl(22169): >>> Bitmap 创建成功: 720x1600
04-17 22:12:56.078 E/BufferQueueProducer(22169): [ImageReader-720x1600f1m2-22169-0](id:56990000000c,api:1,p:718,c:22169) dequeueBuffer: BufferQueue has been abandoned
04-17 22:12:56.079 D/AccessibilityServiceImpl(22169): >>> OnImageAvailableListener 被调用
04-17 22:12:56.079 D/AccessibilityServiceImpl(22169): >>> 成功获取图像
04-17 22:12:56.079 D/AccessibilityServiceImpl(22169): >>> buffer.remaining = 4608000, pixelStride = 4, rowStride = 2880
04-17 22:12:56.082 D/AccessibilityServiceImpl(22169): >>> Bitmap 创建成功: 720x1600
04-17 22:12:56.095 E/BufferQueueProducer(22169): [ImageReader-720x1600f1m2-22169-0](id:56990000000c,api:1,p:718,c:22169) dequeueBuffer: BufferQueue has been abandoned
04-17 22:12:56.096 D/AccessibilityServiceImpl(22169): >>> OnImageAvailableListener 被调用
04-17 22:12:56.096 D/AccessibilityServiceImpl(22169): >>> 成功获取图像
04-17 22:12:56.096 D/AccessibilityServiceImpl(22169): >>> buffer.remaining = 4608000, pixelStride = 4, rowStride = 2880
04-17 22:12:56.099 D/AccessibilityServiceImpl(22169): >>> Bitmap 创建成功: 720x1600
04-17 22:12:56.112 E/BufferQueueProducer(22169): [ImageReader-720x1600f1m2-22169-0](id:56990000000c,api:1,p:718,c:22169) dequeueBuffer: BufferQueue has been abandoned
04-17 22:12:56.112 D/AccessibilityServiceImpl(22169): >>> OnImageAvailableListener 被调用
04-17 22:12:56.112 D/AccessibilityServiceImpl(22169): >>> 成功获取图像
04-17 22:12:56.113 D/AccessibilityServiceImpl(22169): >>> buffer.remaining = 4608000, pixelStride = 4, rowStride = 2880
04-17 22:12:56.116 D/AccessibilityServiceImpl(22169): >>> Bitmap 创建成功: 720x1600
04-17 22:12:56.129 E/BufferQueueProducer(22169): [ImageReader-720x1600f1m2-22169-0](id:56990000000c,api:1,p:718,c:22169) dequeueBuffer: BufferQueue has been abandoned
04-17 22:12:56.129 D/AccessibilityServiceImpl(22169): >>> OnImageAvailableListener 被调用
04-17 22:12:56.130 D/AccessibilityServiceImpl(22169): >>> 成功获取图像
04-17 22:12:56.130 D/AccessibilityServiceImpl(22169): >>> buffer.remaining = 4608000, pixelStride = 4, rowStride = 2880
04-17 22:12:56.133 D/AccessibilityServiceImpl(22169): >>> Bitmap 创建成功: 720x1600
04-17 22:12:56.161 I/BLASTBufferQueue(22892): releaseBufferCallbackThunk bufferId:98320391340034 framenumber:94 blastBufferQueue is dead
04-17 22:12:56.163 E/BufferQueueProducer(22169): [ImageReader-720x1600f1m2-22169-0](id:56990000000c,api:1,p:718,c:22169) dequeueBuffer: BufferQueue has been abandoned
04-17 22:12:56.165 D/AccessibilityServiceImpl(22169): >>> OnImageAvailableListener 被调用
04-17 22:12:56.165 D/AccessibilityServiceImpl(22169): >>> 成功获取图像
04-17 22:12:56.166 D/AccessibilityServiceImpl(22169): >>> buffer.remaining = 4608000, pixelStride = 4, rowStride = 2880
04-17 22:12:56.169 D/AccessibilityServiceImpl(22169): >>> Bitmap 创建成功: 720x1600
04-17 22:12:56.180 E/BufferQueueProducer(22169): [ImageReader-720x1600f1m2-22169-0](id:56990000000c,api:1,p:718,c:22169) dequeueBuffer: BufferQueue has been abandoned
04-17 22:12:56.180 D/AccessibilityServiceImpl(22169): >>> OnImageAvailableListener 被调用
04-17 22:12:56.181 D/AccessibilityServiceImpl(22169): >>> 成功获取图像
04-17 22:12:56.181 D/AccessibilityServiceImpl(22169): >>> buffer.remaining = 4608000, pixelStride = 4, rowStride = 2880
04-17 22:12:56.185 D/AccessibilityServiceImpl(22169): >>> Bitmap 创建成功: 720x1600
04-17 22:12:56.313 E/BufferQueueProducer(22169): [ImageReader-720x1600f1m2-22169-0](id:56990000000c,api:1,p:718,c:22169) dequeueBuffer: BufferQueue has been abandoned
04-17 22:12:56.316 D/AccessibilityServiceImpl(22169): >>> OnImageAvailableListener 被调用
04-17 22:12:56.316 D/AccessibilityServiceImpl(22169): >>> 成功获取图像
04-17 22:12:56.316 D/AccessibilityServiceImpl(22169): >>> buffer.remaining = 4608000, pixelStride = 4, rowStride = 2880
04-17 22:12:56.319 D/AccessibilityServiceImpl(22169): >>> Bitmap 创建成功: 720x1600
04-17 22:12:56.516 E/BufferQueueProducer(22169): [ImageReader-720x1600f1m2-22169-0](id:56990000000c,api:1,p:718,c:22169) dequeueBuffer: BufferQueue has been abandoned
04-17 22:12:56.517 D/AccessibilityServiceImpl(22169): >>> OnImageAvailableListener 被调用
04-17 22:12:56.517 D/AccessibilityServiceImpl(22169): >>> 成功获取图像
04-17 22:12:56.518 D/AccessibilityServiceImpl(22169): >>> buffer.remaining = 4608000, pixelStride = 4, rowStride = 2880
04-17 22:12:56.520 D/AccessibilityServiceImpl(22169): >>> Bitmap 创建成功: 720x1600
04-17 22:12:56.533 E/BufferQueueProducer(22169): [ImageReader-720x1600f1m2-22169-0](id:56990000000c,api:1,p:718,c:22169) dequeueBuffer: BufferQueue has been abandoned
04-17 22:12:56.536 D/AccessibilityServiceImpl(22169): >>> OnImageAvailableListener 被调用
04-17 22:12:56.536 D/AccessibilityServiceImpl(22169): >>> 成功获取图像
04-17 22:12:56.537 D/AccessibilityServiceImpl(22169): >>> buffer.remaining = 4608000, pixelStride = 4, rowStride = 2880
04-17 22:12:56.540 D/AccessibilityServiceImpl(22169): >>> Bitmap 创建成功: 720x1600
04-17 22:12:56.613 D/Linux   (22169): [Posix_connect Debug]Process com.zbb.automation :8081
04-17 22:12:56.629 E/BufferQueueProducer(22169): [ImageReader-720x1600f1m2-22169-0](id:56990000000c,api:1,p:718,c:22169) dequeueBuffer: BufferQueue has been abandoned
04-17 22:12:56.632 D/AccessibilityServiceImpl(22169): >>> OnImageAvailableListener 被调用
04-17 22:12:56.632 D/AccessibilityServiceImpl(22169): >>> 成功获取图像
04-17 22:12:56.633 D/AccessibilityServiceImpl(22169): >>> buffer.remaining = 4608000, pixelStride = 4, rowStride = 2880
04-17 22:12:56.637 D/AccessibilityServiceImpl(22169): >>> Bitmap 创建成功: 720x1600
04-17 22:12:56.645 E/BufferQueueProducer(22169): [ImageReader-720x1600f1m2-22169-0](id:56990000000c,api:1,p:718,c:22169) dequeueBuffer: BufferQueue has been abandoned
04-17 22:12:56.646 D/AccessibilityServiceImpl(22169): >>> OnImageAvailableListener 被调用
04-17 22:12:56.646 D/AccessibilityServiceImpl(22169): >>> 成功获取图像
04-17 22:12:56.647 D/AccessibilityServiceImpl(22169): >>> buffer.remaining = 4608000, pixelStride = 4, rowStride = 2880
04-17 22:12:56.652 D/AccessibilityServiceImpl(22169): >>> Bitmap 创建成功: 720x1600
04-17 22:12:56.661 E/BufferQueueProducer(22169): [ImageReader-720x1600f1m2-22169-0](id:56990000000c,api:1,p:718,c:22169) dequeueBuffer: BufferQueue has been abandoned
04-17 22:12:56.662 D/AccessibilityServiceImpl(22169): >>> OnImageAvailableListener 被调用
04-17 22:12:56.663 D/AccessibilityServiceImpl(22169): >>> 成功获取图像
