04-15 21:48:05.979 E/gcblocker(  585): gc block end, 139184072,1602
04-15 21:48:06.084 D/HeapGCOptimizerV2#Native(  585): Heap SetIdealFootprint is called, origin: 183586816, new :183586816
04-15 21:48:06.084 I/droid.ugc.awem(  585): Background young concurrent copying GC freed 845598(42MB) AllocSpace objects, 497(0B) LOS objects, 7% free, 161MB/175MB, paused 198us,142us total 105.179ms
04-15 21:48:06.484 D/AccessibilityServiceImpl( 6206): 收到无障碍事件类型: 2048
04-15 21:48:06.484 D/AccessibilityServiceImpl( 6206): 窗口内容变化
04-15 21:48:06.607 E/droid.ugc.awem(  585): Profile data size exceeds 1500000 bytes. Profile will not be written to disk. It requires 1989737 bytes.
04-15 21:48:06.608 W/droid.ugc.awem(  585): Could not save profiling info to /data/misc/profiles/cur/0/com.ss.android.ugc.aweme/primary.prof
04-15 21:48:06.787 E/droid.ugc.awem(  585): Profile data size exceeds 1500000 bytes. Profile will not be written to disk. It requires 1989737 bytes.
04-15 21:48:06.787 W/droid.ugc.awem(  585): Could not save profiling info to /data/misc/profiles/cur/0/com.ss.android.ugc.aweme/primary.prof
04-15 21:48:06.871 D/Linux   ( 6206): [Posix_connect Debug]Process com.zbb.automation :8081
04-15 21:48:07.008 E/droid.ugc.awem(  585): Profile data size exceeds 1500000 bytes. Profile will not be written to disk. It requires 1989613 bytes.
04-15 21:48:07.008 W/droid.ugc.awem(  585): Could not save profiling info to /data/misc/profiles/cur/0/com.ss.android.ugc.aweme/primary.prof
04-15 21:48:07.563 E/droid.ugc.awem(  585): Profile data size exceeds 1500000 bytes. Profile will not be written to disk. It requires 1989623 bytes.
04-15 21:48:07.563 W/droid.ugc.awem(  585): Could not save profiling info to /data/misc/profiles/cur/0/com.ss.android.ugc.aweme/primary.prof
04-15 21:48:08.608 W/d.ugc.aweme:sm( 1631): Accessing hidden field Landroid/app/ActivityThread;->mLastProcessState:I (blocked, reflection, denied)
04-15 21:48:08.764 E/droid.ugc.awem(  585): Profile data size exceeds 1500000 bytes. Profile will not be written to disk. It requires 1989623 bytes.
04-15 21:48:08.764 W/droid.ugc.awem(  585): Could not save profiling info to /data/misc/profiles/cur/0/com.ss.android.ugc.aweme/primary.prof
04-15 21:48:08.894 D/Linux   ( 6206): [Posix_connect Debug]Process com.zbb.automation :8081
04-15 21:48:08.965 E/droid.ugc.awem(  585): Profile data size exceeds 1500000 bytes. Profile will not be written to disk. It requires 1989623 bytes.
04-15 21:48:08.965 W/droid.ugc.awem(  585): Could not save profiling info to /data/misc/profiles/cur/0/com.ss.android.ugc.aweme/primary.prof
04-15 21:48:09.129 I/ReactNativeJS( 6206): [ZBB INFO] [抖音：步骤3] 使用节点树验证是否进入对话框...
04-15 21:48:09.139 W/AccessibilityServiceImpl( 6206): findNodeByText 尝试在非主线程调用，已在主线程重新执行
04-15 21:48:09.173 W/AccessibilityServiceImpl( 6206): findNodeByText 尝试在非主线程调用，已在主线程重新执行
04-15 21:48:09.192 W/AccessibilityServiceImpl( 6206): findNodeByText 尝试在非主线程调用，已在主线程重新执行
04-15 21:48:09.208 W/AccessibilityServiceImpl( 6206): findNodeByText 尝试在非主线程调用，已在主线程重新执行
04-15 21:48:09.221 W/AccessibilityServiceImpl( 6206): findNodeByText 尝试在非主线程调用，已在主线程重新执行
04-15 21:48:09.234 W/AccessibilityServiceImpl( 6206): findNodeByText 尝试在非主线程调用，已在主线程重新执行
04-15 21:48:09.250 I/ReactNativeJS( 6206): [ZBB INFO] [节点检测] 找到聊天特征: "表情"
04-15 21:48:09.252 I/ReactNativeJS( 6206): [ZBB SUCCESS] [抖音：步骤3] 已进入对话框
04-15 21:48:09.420 E/droid.ugc.awem(  585): Profile data size exceeds 1500000 bytes. Profile will not be written to disk. It requires 1989623 bytes.
04-15 21:48:09.420 W/droid.ugc.awem(  585): Could not save profiling info to /data/misc/profiles/cur/0/com.ss.android.ugc.aweme/primary.prof
04-15 21:48:09.433 D/TaskScheduler(  585): clear task tid =594 affinity
04-15 21:48:09.525 I/ReactNativeJS( 6206): [ZBB INFO] [抖音：步骤4] 进入对话框并识别对方消息...
04-15 21:48:09.532 W/unknown:ReactNative( 6206): StatusBarModule: Ignored status bar change, current activity is edge-to-edge.
04-15 21:48:09.532 W/unknown:ReactNative( 6206): StatusBarModule: Ignored status bar change, current activity is edge-to-edge.
04-15 21:48:10.178 E/droid.ugc.awem(  585): Profile data size exceeds 1500000 bytes. Profile will not be written to disk. It requires 1989516 bytes.
04-15 21:48:10.178 W/droid.ugc.awem(  585): Could not save profiling info to /data/misc/profiles/cur/0/com.ss.android.ugc.aweme/primary.prof
04-15 21:48:10.923 D/Linux   ( 6206): [Posix_connect Debug]Process com.zbb.automation :8081
04-15 21:48:10.951 E/droid.ugc.awem(  585): Profile data size exceeds 1500000 bytes. Profile will not be written to disk. It requires 1989516 bytes.
04-15 21:48:10.951 W/droid.ugc.awem(  585): Could not save profiling info to /data/misc/profiles/cur/0/com.ss.android.ugc.aweme/primary.prof
04-15 21:48:11.617 W/d.ugc.aweme:sm( 1631): Accessing hidden field Landroid/app/ActivityThread;->mLastProcessState:I (blocked, reflection, denied)
04-15 21:48:12.180 E/droid.ugc.awem(  585): Profile data size exceeds 1500000 bytes. Profile will not be written to disk. It requires 1989516 bytes.
04-15 21:48:12.180 W/droid.ugc.awem(  585): Could not save profiling info to /data/misc/profiles/cur/0/com.ss.android.ugc.aweme/primary.prof
04-15 21:48:12.946 D/Linux   ( 6206): [Posix_connect Debug]Process com.zbb.automation :8081
04-15 21:48:14.630 W/d.ugc.aweme:sm( 1631): Accessing hidden field Landroid/app/ActivityThread;->mLastProcessState:I (blocked, reflection, denied)
04-15 21:48:14.965 D/Linux   ( 6206): [Posix_connect Debug]Process com.zbb.automation :8081
04-15 21:48:15.194 E/droid.ugc.awem(  585): Profile data size exceeds 1500000 bytes. Profile will not be written to disk. It requires 1989516 bytes.
04-15 21:48:15.194 W/droid.ugc.awem(  585): Could not save profiling info to /data/misc/profiles/cur/0/com.ss.android.ugc.aweme/primary.prof
04-15 21:48:16.166 E/droid.ugc.awem(  585): Profile data size exceeds 1500000 bytes. Profile will not be written to disk. It requires 1989516 bytes.
04-15 21:48:16.166 W/droid.ugc.awem(  585): Could not save profiling info to /data/misc/profiles/cur/0/com.ss.android.ugc.aweme/primary.prof
04-15 21:48:16.911 E/droid.ugc.awem(  585): Profile data size exceeds 1500000 bytes. Profile will not be written to disk. It requires 1989516 bytes.
04-15 21:48:16.911 W/droid.ugc.awem(  585): Could not save profiling info to /data/misc/profiles/cur/0/com.ss.android.ugc.aweme/primary.prof
04-15 21:48:16.991 D/Linux   ( 6206): [Posix_connect Debug]Process com.zbb.automation :8081
04-15 21:48:17.642 W/d.ugc.aweme:sm( 1631): Accessing hidden field Landroid/app/ActivityThread;->mLastProcessState:I (blocked, reflection, denied)
04-15 21:48:17.956 E/droid.ugc.awem(  585): Profile data size exceeds 1500000 bytes. Profile will not be written to disk. It requires 1989516 bytes.
04-15 21:48:17.956 W/droid.ugc.awem(  585): Could not save profiling info to /data/misc/profiles/cur/0/com.ss.android.ugc.aweme/primary.prof
04-15 21:48:19.024 D/Linux   ( 6206): [Posix_connect Debug]Process com.zbb.automation :8081
04-15 21:48:19.964 E/droid.ugc.awem(  585): Profile data size exceeds 1500000 bytes. Profile will not be written to disk. It requires 1989516 bytes.
04-15 21:48:19.964 W/droid.ugc.awem(  585): Could not save profiling info to /data/misc/profiles/cur/0/com.ss.android.ugc.aweme/primary.prof
04-15 21:48:20.654 W/d.ugc.aweme:sm( 1631): Accessing hidden field Landroid/app/ActivityThread;->mLastProcessState:I (blocked, reflection, denied)
04-15 21:48:20.946 E/droid.ugc.awem(  585): Profile data size exceeds 1500000 bytes. Profile will not be written to disk. It requires 1989516 bytes.
04-15 21:48:20.947 W/droid.ugc.awem(  585): Could not save profiling info to /data/misc/profiles/cur/0/com.ss.android.ugc.aweme/primary.prof
04-15 21:48:21.054 D/Linux   ( 6206): [Posix_connect Debug]Process com.zbb.automation :8081
04-15 21:48:21.592 I/ReactNativeJS( 6206): [ZBB INFO] [抖音：步骤4] 使用节点树验证对话框已打开...
04-15 21:48:21.597 W/AccessibilityServiceImpl( 6206): findNodeByText 尝试在非主线程调用，已在主线程重新执行
04-15 21:48:21.631 W/AccessibilityServiceImpl( 6206): findNodeByText 尝试在非主线程调用，已在主线程重新执行
04-15 21:48:21.664 W/AccessibilityServiceImpl( 6206): findNodeByText 尝试在非主线程调用，已在主线程重新执行
04-15 21:48:21.696 W/AccessibilityServiceImpl( 6206): findNodeByText 尝试在非主线程调用，已在主线程重新执行
04-15 21:48:21.727 W/AccessibilityServiceImpl( 6206): findNodeByText 尝试在非主线程调用，已在主线程重新执行
04-15 21:48:21.757 W/AccessibilityServiceImpl( 6206): findNodeByText 尝试在非主线程调用，已在主线程重新执行
04-15 21:48:21.795 I/ReactNativeJS( 6206): [ZBB INFO] [节点检测] 找到聊天特征: "表情"
04-15 21:48:21.798 I/ReactNativeJS( 6206): [ZBB SUCCESS] [抖音：步骤4] 对话框已打开
04-15 21:48:21.802 I/ReactNativeJS( 6206): [ZBB INFO] [抖音：步骤4] 识别对方发送的最新消息...
04-15 21:48:21.804 I/ReactNativeJS( 6206): [ZBB INFO] [抖音：步骤4] 上滑确保最新消息可见...
04-15 21:48:21.855 W/SweepInterpreterCacheOpt(  585): setCompileThreshold has value < 0
04-15 21:48:21.857 W/SweepInterpreterCacheOpt(  585): setCompileThreshold has value < 0
04-15 21:48:21.912 E/droid.ugc.awem(  585): Profile data size exceeds 1500000 bytes. Profile will not be written to disk. It requires 1989516 bytes.
04-15 21:48:21.912 W/droid.ugc.awem(  585): Could not save profiling info to /data/misc/profiles/cur/0/com.ss.android.ugc.aweme/primary.prof
04-15 21:48:22.040 E/droid.ugc.awem(  585): Profile data size exceeds 1500000 bytes. Profile will not be written to disk. It requires 1989516 bytes.
04-15 21:48:22.040 W/droid.ugc.awem(  585): Could not save profiling info to /data/misc/profiles/cur/0/com.ss.android.ugc.aweme/primary.prof
04-15 21:48:22.327 D/AccessibilityServiceImpl( 6206): 滑动完成: (360.0,1038.0) -> (360.0,519.0)
04-15 21:48:22.456 E/droid.ugc.awem(  585): Profile data size exceeds 1500000 bytes. Profile will not be written to disk. It requires 1989516 bytes.
04-15 21:48:22.456 W/droid.ugc.awem(  585): Could not save profiling info to /data/misc/profiles/cur/0/com.ss.android.ugc.aweme/primary.prof
04-15 21:48:23.072 D/Linux   ( 6206): [Posix_connect Debug]Process com.zbb.automation :8081
04-15 21:48:23.666 W/d.ugc.aweme:sm( 1631): Accessing hidden field Landroid/app/ActivityThread;->mLastProcessState:I (blocked, reflection, denied)
04-15 21:48:24.090 E/droid.ugc.awem(  585): Profile data size exceeds 1500000 bytes. Profile will not be written to disk. It requires 1989516 bytes.
04-15 21:48:24.090 W/droid.ugc.awem(  585): Could not save profiling info to /data/misc/profiles/cur/0/com.ss.android.ugc.aweme/primary.prof
04-15 21:48:24.336 W/AccessibilityServiceImpl( 6206): recognizeText 尝试在非主线程调用，已在主线程重新执行
04-15 21:48:24.475 E/droid.ugc.awem(  585): Profile data size exceeds 1500000 bytes. Profile will not be written to disk. It requires 1989516 bytes.
04-15 21:48:24.475 W/droid.ugc.awem(  585): Could not save profiling info to /data/misc/profiles/cur/0/com.ss.android.ugc.aweme/primary.prof
04-15 21:48:24.504 D/AccessibilityServiceImpl( 6206): Node OCR 识别到 30 个文字节点
04-15 21:48:24.508 D/AccessibilityServiceImpl( 6206): 收到无障碍事件类型: 2048
04-15 21:48:24.508 D/AccessibilityServiceImpl( 6206): 窗口内容变化
04-15 21:48:24.511 I/ReactNativeJS( 6206): [ZBB INFO] [抖音：步骤4] OCR识别到 30 个文字
04-15 21:48:24.516 W/AccessibilityServiceImpl( 6206): findNodeByText 尝试在非主线程调用，已在主线程重新执行
04-15 21:48:24.525 W/AccessibilityServiceImpl( 6206): findNodeByText 尝试在非主线程调用，已在主线程重新执行
04-15 21:48:24.535 W/AccessibilityServiceImpl( 6206): findNodeByText 尝试在非主线程调用，已在主线程重新执行
04-15 21:48:24.544 W/AccessibilityServiceImpl( 6206): findNodeByText 尝试在非主线程调用，已在主线程重新执行
04-15 21:48:24.555 W/AccessibilityServiceImpl( 6206): findNodeByText 尝试在非主线程调用，已在主线程重新执行
04-15 21:48:24.563 D/AccessibilityServiceImpl( 6206): 收到无障碍事件类型: 2048
04-15 21:48:24.563 D/AccessibilityServiceImpl( 6206): 窗口内容变化
04-15 21:48:24.564 W/AccessibilityServiceImpl( 6206): findNodeByText 尝试在非主线程调用，已在主线程重新执行
04-15 21:48:24.573 W/AccessibilityServiceImpl( 6206): findNodeByText 尝试在非主线程调用，已在主线程重新执行
04-15 21:48:24.582 W/AccessibilityServiceImpl( 6206): findNodeByText 尝试在非主线程调用，已在主线程重新执行
04-15 21:48:24.591 W/AccessibilityServiceImpl( 6206): findNodeByText 尝试在非主线程调用，已在主线程重新执行
04-15 21:48:24.599 W/AccessibilityServiceImpl( 6206): findNodeByText 尝试在非主线程调用，已在主线程重新执行
04-15 21:48:24.609 W/AccessibilityServiceImpl( 6206): findNodeByText 尝试在非主线程调用，已在主线程重新执行
04-15 21:48:24.617 W/AccessibilityServiceImpl( 6206): findNodeByText 尝试在非主线程调用，已在主线程重新执行
04-15 21:48:24.626 W/AccessibilityServiceImpl( 6206): findNodeByText 尝试在非主线程调用，已在主线程重新执行
04-15 21:48:24.635 W/AccessibilityServiceImpl( 6206): findNodeByText 尝试在非主线程调用，已在主线程重新执行
04-15 21:48:24.638 E/droid.ugc.awem(  585): Profile data size exceeds 1500000 bytes. Profile will not be written to disk. It requires 1989516 bytes.
04-15 21:48:24.638 W/droid.ugc.awem(  585): Could not save profiling info to /data/misc/profiles/cur/0/com.ss.android.ugc.aweme/primary.prof
04-15 21:48:24.647 W/AccessibilityServiceImpl( 6206): findNodeByText 尝试在非主线程调用，已在主线程重新执行
04-15 21:48:24.656 I/ReactNativeJS( 6206): [ZBB INFO] [抖音：步骤4] 找到 10 条候选消息
04-15 21:48:24.657 I/ReactNativeJS( 6206): [ZBB SUCCESS] [抖音：步骤4] 识别到最新消息: "吴女士15014236546"
04-15 21:48:24.659 I/ReactNativeJS( 6206): [ZBB INFO] [抖音：步骤4] 消息位置: 起始X=106, Y=900
04-15 21:48:24.664 D/AccessibilityServiceImpl( 6206): 收到无障碍事件类型: 2048
04-15 21:48:24.664 D/AccessibilityServiceImpl( 6206): 窗口内容变化
04-15 21:48:24.800 I/ReactNativeJS( 6206): [ZBB INFO] [抖音：步骤5] 长按消息...
04-15 21:48:24.800 E/droid.ugc.awem(  585): Profile data size exceeds 1500000 bytes. Profile will not be written to disk. It requires 1989516 bytes.
04-15 21:48:24.800 W/droid.ugc.awem(  585): Could not save profiling info to /data/misc/profiles/cur/0/com.ss.android.ugc.aweme/primary.prof
04-15 21:48:24.807 W/unknown:ReactNative( 6206): StatusBarModule: Ignored status bar change, current activity is edge-to-edge.
04-15 21:48:24.807 W/unknown:ReactNative( 6206): StatusBarModule: Ignored status bar change, current activity is edge-to-edge.
04-15 21:48:25.093 D/Linux   ( 6206): [Posix_connect Debug]Process com.zbb.automation :8081
04-15 21:48:25.972 E/droid.ugc.awem(  585): Profile data size exceeds 1500000 bytes. Profile will not be written to disk. It requires 1989516 bytes.
04-15 21:48:25.972 W/droid.ugc.awem(  585): Could not save profiling info to /data/misc/profiles/cur/0/com.ss.android.ugc.aweme/primary.prof
04-15 21:48:26.674 W/d.ugc.aweme:sm( 1631): Accessing hidden field Landroid/app/ActivityThread;->mLastProcessState:I (blocked, reflection, denied)
04-15 21:48:27.126 D/Linux   ( 6206): [Posix_connect Debug]Process com.zbb.automation :8081
04-15 21:48:28.383 E/droid.ugc.awem(  585): Profile data size exceeds 1500000 bytes. Profile will not be written to disk. It requires 1989536 bytes.
04-15 21:48:28.383 W/droid.ugc.awem(  585): Could not save profiling info to /data/misc/profiles/cur/0/com.ss.android.ugc.aweme/primary.prof
04-15 21:48:29.152 D/Linux   ( 6206): [Posix_connect Debug]Process com.zbb.automation :8081
04-15 21:48:29.685 W/d.ugc.aweme:sm( 1631): Accessing hidden field Landroid/app/ActivityThread;->mLastProcessState:I (blocked, reflection, denied)
04-15 21:48:30.011 E/droid.ugc.awem(  585): Profile data size exceeds 1500000 bytes. Profile will not be written to disk. It requires 1989536 bytes.
04-15 21:48:30.011 W/droid.ugc.awem(  585): Could not save profiling info to /data/misc/profiles/cur/0/com.ss.android.ugc.aweme/primary.prof
04-15 21:48:30.060 D/Badger/JNI(  585): eventDispatch start
04-15 21:48:30.061 I/Badger/NativeMain(  585): nativeSetServerTS start
04-15 21:48:30.187 E/droid.ugc.awem(  585): Profile data size exceeds 1500000 bytes. Profile will not be written to disk. It requires 1989551 bytes.
04-15 21:48:30.187 W/droid.ugc.awem(  585): Could not save profiling info to /data/misc/profiles/cur/0/com.ss.android.ugc.aweme/primary.prof
04-15 21:48:30.360 E/droid.ugc.awem(  585): Profile data size exceeds 1500000 bytes. Profile will not be written to disk. It requires 1989551 bytes.
04-15 21:48:30.360 W/droid.ugc.awem(  585): Could not save profiling info to /data/misc/profiles/cur/0/com.ss.android.ugc.aweme/primary.prof
04-15 21:48:31.179 D/Linux   ( 6206): [Posix_connect Debug]Process com.zbb.automation :8081
04-15 21:48:31.677 E/droid.ugc.awem(  585): Profile data size exceeds 1500000 bytes. Profile will not be written to disk. It requires 1989551 bytes.
04-15 21:48:31.677 W/droid.ugc.awem(  585): Could not save profiling info to /data/misc/profiles/cur/0/com.ss.android.ugc.aweme/primary.prof
04-15 21:48:32.694 W/d.ugc.aweme:sm( 1631): Accessing hidden field Landroid/app/ActivityThread;->mLastProcessState:I (blocked, reflection, denied)
04-15 21:48:32.791 D/HeapGCOptimizerV2#Native(  585): Heap SetIdealFootprint is called, origin: 183586816, new :183586816
04-15 21:48:33.210 D/Linux   ( 6206): [Posix_connect Debug]Process com.zbb.automation :8081
04-15 21:48:33.830 I/uni::fml::log(  585): [INFO:unisus_cloud_service.cc(1053)] Cloud request execute timed check task
04-15 21:48:33.834 I/uni::fml::log(  585): [INFO:unisus_cloud_service.cc(451)] Cloud request cancel, interval limit: 3600, from: timedCheck
04-15 21:48:33.835 I/uni::fml::log(  585): [INFO:unisus_cloud_service.cc(143)] Cloud get sdk config key: bdp_cloud_config
04-15 21:48:33.836 I/uni::fml::log(  585): [INFO:unisus_cloud_service.cc(1048)] Cloud request setup timed check task, interval: 10
04-15 21:48:33.849 E/droid.ugc.awem(  585): Profile data size exceeds 1500000 bytes. Profile will not be written to disk. It requires 1989551 bytes.
04-15 21:48:33.849 W/droid.ugc.awem(  585): Could not save profiling info to /data/misc/profiles/cur/0/com.ss.android.ugc.aweme/primary.prof
04-15 21:48:35.243 D/Linux   ( 6206): [Posix_connect Debug]Process com.zbb.automation :8081
04-15 21:48:35.705 W/d.ugc.aweme:sm( 1631): Accessing hidden field Landroid/app/ActivityThread;->mLastProcessState:I (blocked, reflection, denied)
04-15 21:48:35.861 E/droid.ugc.awem(  585): Profile data size exceeds 1500000 bytes. Profile will not be written to disk. It requires 1989551 bytes.
04-15 21:48:35.861 W/droid.ugc.awem(  585): Could not save profiling info to /data/misc/profiles/cur/0/com.ss.android.ugc.aweme/primary.prof
04-15 21:48:37.271 D/Linux   ( 6206): [Posix_connect Debug]Process com.zbb.automation :8081
04-15 21:48:38.207 I/ReactNativeJS( 6206): [ZBB INFO] [抖音：步骤5] 消息内容: "吴女士15014236546"
04-15 21:48:38.209 I/ReactNativeJS( 6206): [ZBB INFO] [抖音：步骤5] 消息起始位置: (106, 900)
04-15 21:48:38.213 I/ReactNativeJS( 6206): [ZBB INFO] [抖音：步骤5] 长按消息开头: (106, 900)
04-15 21:48:38.717 W/d.ugc.aweme:sm( 1631): Accessing hidden field Landroid/app/ActivityThread;->mLastProcessState:I (blocked, reflection, denied)
04-15 21:48:38.751 D/AccessibilityServiceImpl( 6206): 收到无障碍事件类型: 2
04-15 21:48:38.780 I/AudioManager(  585): In isBluetoothScoOn(), calling application: com.ss.android.ugc.aweme
04-15 21:48:38.781 D/AudioManager(  585): isBluetoothScoOn()=false
04-15 21:48:38.803 D/NATIVE_ALLOCATOR(  585): hook to set MaxDequeuedBufferCount, from buffer count:2, to buffer count:3
04-15 21:48:38.803 I/BufferQueueConsumer(  585): [](id:2490000000c,api:0,p:-1,c:585) connect: controlledByApp=false
04-15 21:48:38.803 I/BLASTBufferQueue(  585): [ViewRootImpl[PopupWindow:dcfe59f]#9] constructor()
04-15 21:48:38.804 I/BufferQueueProducer(  585): [ViewRootImpl[PopupWindow:dcfe59f]#9(BLAST Consumer)9](id:2490000000c,api:1,p:585,c:585) connect: api=1 producerControlledByApp=true
04-15 21:48:38.804 D/NATIVE_ALLOCATOR(  585): hook to set MaxDequeuedBufferCount, from buffer count:2, to buffer count:3
04-15 21:48:38.836 E/droid.ugc.awem(  585): Profile data size exceeds 1500000 bytes. Profile will not be written to disk. It requires 1989551 bytes.
04-15 21:48:38.836 W/droid.ugc.awem(  585): Could not save profiling info to /data/misc/profiles/cur/0/com.ss.android.ugc.aweme/primary.prof
04-15 21:48:38.844 D/NATIVE_ALLOCATOR(  585): hook to set MaxDequeuedBufferCount, from buffer count:2, to buffer count:3
04-15 21:48:38.844 I/BufferQueueConsumer(  585): [](id:2490000000d,api:0,p:-1,c:585) connect: controlledByApp=false
04-15 21:48:38.845 I/BLASTBufferQueue(  585): [ViewRootImpl[PopupWindow:fa3a784]#10] constructor()
04-15 21:48:38.846 I/BufferQueueProducer(  585): [ViewRootImpl[PopupWindow:fa3a784]#10(BLAST Consumer)10](id:2490000000d,api:1,p:585,c:585) connect: api=1 producerControlledByApp=true
04-15 21:48:38.847 D/NATIVE_ALLOCATOR(  585): hook to set MaxDequeuedBufferCount, from buffer count:2, to buffer count:3
04-15 21:48:38.863 D/NATIVE_ALLOCATOR(  585): hook to set MaxDequeuedBufferCount, from buffer count:2, to buffer count:3
04-15 21:48:38.863 I/BufferQueueConsumer(  585): [](id:2490000000e,api:0,p:-1,c:585) connect: controlledByApp=false
04-15 21:48:38.863 I/BLASTBufferQueue(  585): [ViewRootImpl[PopupWindow:4caa169]#11] constructor()
04-15 21:48:38.865 I/BufferQueueProducer(  585): [ViewRootImpl[PopupWindow:4caa169]#11(BLAST Consumer)11](id:2490000000e,api:1,p:585,c:585) connect: api=1 producerControlledByApp=true
04-15 21:48:38.865 D/NATIVE_ALLOCATOR(  585): hook to set MaxDequeuedBufferCount, from buffer count:2, to buffer count:3
04-15 21:48:38.968 D/AccessibilityServiceImpl( 6206): 收到无障碍事件类型: 32
04-15 21:48:38.968 D/AccessibilityServiceImpl( 6206): 窗口变化: android.widget.FrameLayout
04-15 21:48:38.982 E/droid.ugc.awem(  585): Profile data size exceeds 1500000 bytes. Profile will not be written to disk. It requires 1989598 bytes.
04-15 21:48:38.982 W/droid.ugc.awem(  585): Could not save profiling info to /data/misc/profiles/cur/0/com.ss.android.ugc.aweme/primary.prof
04-15 21:48:39.034 D/AccessibilityServiceImpl( 6206): 收到无障碍事件类型: 2048
04-15 21:48:39.035 D/AccessibilityServiceImpl( 6206): 窗口内容变化
04-15 21:48:39.112 E/droid.ugc.awem(  585): Profile data size exceeds 1500000 bytes. Profile will not be written to disk. It requires 1989616 bytes.
04-15 21:48:39.112 W/droid.ugc.awem(  585): Could not save profiling info to /data/misc/profiles/cur/0/com.ss.android.ugc.aweme/primary.prof
04-15 21:48:39.300 D/Linux   ( 6206): [Posix_connect Debug]Process com.zbb.automation :8081
04-15 21:48:39.744 D/AccessibilityServiceImpl( 6206): 点击完成: (106.0, 900.0), 长按=true
04-15 21:48:41.333 D/Linux   ( 6206): [Posix_connect Debug]Process com.zbb.automation :8081
04-15 21:48:41.726 W/d.ugc.aweme:sm( 1631): Accessing hidden field Landroid/app/ActivityThread;->mLastProcessState:I (blocked, reflection, denied)
04-15 21:48:43.002 E/droid.ugc.awem(  585): Profile data size exceeds 1500000 bytes. Profile will not be written to disk. It requires 1989616 bytes.
04-15 21:48:43.002 W/droid.ugc.awem(  585): Could not save profiling info to /data/misc/profiles/cur/0/com.ss.android.ugc.aweme/primary.prof
04-15 21:48:43.363 D/Linux   ( 6206): [Posix_connect Debug]Process com.zbb.automation :8081
04-15 21:48:43.998 E/droid.ugc.awem(  585): Profile data size exceeds 1500000 bytes. Profile will not be written to disk. It requires 1989616 bytes.
04-15 21:48:43.998 W/droid.ugc.awem(  585): Could not save profiling info to /data/misc/profiles/cur/0/com.ss.android.ugc.aweme/primary.prof
04-15 21:48:44.737 W/d.ugc.aweme:sm( 1631): Accessing hidden field Landroid/app/ActivityThread;->mLastProcessState:I (blocked, reflection, denied)
04-15 21:48:44.872 E/droid.ugc.awem(  585): Profile data size exceeds 1500000 bytes. Profile will not be written to disk. It requires 1989616 bytes.
04-15 21:48:44.873 W/droid.ugc.awem(  585): Could not save profiling info to /data/misc/profiles/cur/0/com.ss.android.ugc.aweme/primary.prof
04-15 21:48:45.390 D/Linux   ( 6206): [Posix_connect Debug]Process com.zbb.automation :8081
04-15 21:48:46.001 E/droid.ugc.awem(  585): Profile data size exceeds 1500000 bytes. Profile will not be written to disk. It requires 1989616 bytes.
04-15 21:48:46.001 W/droid.ugc.awem(  585): Could not save profiling info to /data/misc/profiles/cur/0/com.ss.android.ugc.aweme/primary.prof
04-15 21:48:46.875 E/droid.ugc.awem(  585): Profile data size exceeds 1500000 bytes. Profile will not be written to disk. It requires 1989616 bytes.
04-15 21:48:46.876 W/droid.ugc.awem(  585): Could not save profiling info to /data/misc/profiles/cur/0/com.ss.android.ugc.aweme/primary.prof
04-15 21:48:47.425 D/Linux   ( 6206): [Posix_connect Debug]Process com.zbb.automation :8081
04-15 21:48:47.748 W/d.ugc.aweme:sm( 1631): Accessing hidden field Landroid/app/ActivityThread;->mLastProcessState:I (blocked, reflection, denied)
04-15 21:48:49.012 E/droid.ugc.awem(  585): Profile data size exceeds 1500000 bytes. Profile will not be written to disk. It requires 1989616 bytes.
04-15 21:48:49.012 W/droid.ugc.awem(  585): Could not save profiling info to /data/misc/profiles/cur/0/com.ss.android.ugc.aweme/primary.prof
04-15 21:48:49.448 D/Linux   ( 6206): [Posix_connect Debug]Process com.zbb.automation :8081
04-15 21:48:50.080 E/droid.ugc.awem(  585): Profile data size exceeds 1500000 bytes. Profile will not be written to disk. It requires 1989616 bytes.
04-15 21:48:50.080 W/droid.ugc.awem(  585): Could not save profiling info to /data/misc/profiles/cur/0/com.ss.android.ugc.aweme/primary.prof
04-15 21:48:50.582 W/AccessibilityServiceImpl( 6206): recognizeText 尝试在非主线程调用，已在主线程重新执行
04-15 21:48:50.623 D/AccessibilityServiceImpl( 6206): Node OCR 识别到 15 个文字节点
04-15 21:48:50.627 I/ReactNativeJS( 6206): [ZBB SUCCESS] [抖音：步骤5] 长按成功，复制选项已显示
04-15 21:48:50.753 E/droid.ugc.awem(  585): Profile data size exceeds 1500000 bytes. Profile will not be written to disk. It requires 1989616 bytes.
04-15 21:48:50.753 W/droid.ugc.awem(  585): Could not save profiling info to /data/misc/profiles/cur/0/com.ss.android.ugc.aweme/primary.prof
04-15 21:48:50.757 W/d.ugc.aweme:sm( 1631): Accessing hidden field Landroid/app/ActivityThread;->mLastProcessState:I (blocked, reflection, denied)
04-15 21:48:50.760 I/ReactNativeJS( 6206): [ZBB INFO] [抖音：步骤6] 点击"复制"按钮...
04-15 21:48:50.767 W/unknown:ReactNative( 6206): StatusBarModule: Ignored status bar change, current activity is edge-to-edge.
04-15 21:48:50.768 W/unknown:ReactNative( 6206): StatusBarModule: Ignored status bar change, current activity is edge-to-edge.
04-15 21:48:51.483 D/Linux   ( 6206): [Posix_connect Debug]Process com.zbb.automation :8081
04-15 21:48:52.012 E/droid.ugc.awem(  585): Profile data size exceeds 1500000 bytes. Profile will not be written to disk. It requires 1989616 bytes.
04-15 21:48:52.012 W/droid.ugc.awem(  585): Could not save profiling info to /data/misc/profiles/cur/0/com.ss.android.ugc.aweme/primary.prof
04-15 21:48:53.510 D/Linux   ( 6206): [Posix_connect Debug]Process com.zbb.automation :8081
04-15 21:48:53.766 W/d.ugc.aweme:sm( 1631): Accessing hidden field Landroid/app/ActivityThread;->mLastProcessState:I (blocked, reflection, denied)
04-15 21:48:55.547 D/Linux   ( 6206): [Posix_connect Debug]Process com.zbb.automation :8081
04-15 21:48:56.778 W/d.ugc.aweme:sm( 1631): Accessing hidden field Landroid/app/ActivityThread;->mLastProcessState:I (blocked, reflection, denied)
04-15 21:48:57.574 D/Linux   ( 6206): [Posix_connect Debug]Process com.zbb.automation :8081
04-15 21:48:59.598 D/Linux   ( 6206): [Posix_connect Debug]Process com.zbb.automation :8081
04-15 21:48:59.790 W/d.ugc.aweme:sm( 1631): Accessing hidden field Landroid/app/ActivityThread;->mLastProcessState:I (blocked, reflection, denied)
04-15 21:49:01.633 D/Linux   ( 6206): [Posix_connect Debug]Process com.zbb.automation :8081
04-15 21:49:01.755 W/AccessibilityServiceImpl( 6206): clickByText 尝试在非主线程调用，已在主线程重新执行
04-15 21:49:01.770 D/AccessibilityServiceImpl( 6206): 找到元素 [复制], 位置: (290.0, 557.0)
04-15 21:49:01.785 I/BufferQueueProducer(  585): [ViewRootImpl[PopupWindow:4caa169]#11(BLAST Consumer)11](id:2490000000e,api:1,p:585,c:585) disconnect: api 1
04-15 21:49:01.786 I/BLASTBufferQueue(  585): [ViewRootImpl[PopupWindow:4caa169]#11] destructor()
04-15 21:49:01.787 I/BufferQueueConsumer(  585): [ViewRootImpl[PopupWindow:4caa169]#11(BLAST Consumer)11](id:2490000000e,api:0,p:-1,c:585) disconnect
04-15 21:49:01.795 W/InputEventReceiver(  585): Attempted to finish an input event but the input event receiver has already been disposed.
04-15 21:49:01.798 I/BufferQueueProducer(  585): [ViewRootImpl[PopupWindow:fa3a784]#10(BLAST Consumer)10](id:2490000000d,api:1,p:585,c:585) disconnect: api 1
04-15 21:49:01.798 I/BLASTBufferQueue(  585): [ViewRootImpl[PopupWindow:fa3a784]#10] destructor()
04-15 21:49:01.798 I/BufferQueueConsumer(  585): [ViewRootImpl[PopupWindow:fa3a784]#10(BLAST Consumer)10](id:2490000000d,api:0,p:-1,c:585) disconnect
04-15 21:49:01.801 I/BLASTBufferQueue(  585): releaseBufferCallbackThunk bufferId:2512555868211 framenumber:2 blastBufferQueue is dead
04-15 21:49:01.806 W/InputEventReceiver(  585): Attempted to finish an input event but the input event receiver has already been disposed.
04-15 21:49:01.817 I/BLASTBufferQueue(  585): releaseBufferCallbackThunk bufferId:2512555868206 framenumber:2 blastBufferQueue is dead
04-15 21:49:01.982 D/AccessibilityServiceImpl( 6206): 点击完成: (290.0, 557.0), 长按=false
04-15 21:49:01.988 I/ReactNativeJS( 6206): [ZBB INFO] [抖音：步骤6] 已点击复制按钮
04-15 21:49:02.115 D/AccessibilityServiceImpl( 6206): 收到无障碍事件类型: 1
04-15 21:49:02.116 D/AccessibilityServiceImpl( 6206): 记录用户点击坐标: (282, 683)
04-15 21:49:02.151 I/BufferQueueProducer(  585): [ViewRootImpl[PopupWindow:dcfe59f]#9(BLAST Consumer)9](id:2490000000c,api:1,p:585,c:585) disconnect: api 1
04-15 21:49:02.152 I/BLASTBufferQueue(  585): [ViewRootImpl[PopupWindow:dcfe59f]#9] destructor()
04-15 21:49:02.152 I/BufferQueueConsumer(  585): [ViewRootImpl[PopupWindow:dcfe59f]#9(BLAST Consumer)9](id:2490000000c,api:0,p:-1,c:585) disconnect
04-15 21:49:02.172 I/BLASTBufferQueue(  585): releaseBufferCallbackThunk bufferId:2512555868201 framenumber:16 blastBufferQueue is dead
04-15 21:49:02.226 V/ImeFocusController(  585): onWindowFocus: DecorView@aea2240[SplashActivity] softInputMode=STATE_ALWAYS_HIDDEN|ADJUST_RESIZE
04-15 21:49:02.226 D/ImeFocusController(  585): onViewFocusChanged, view=DecorView@aea2240[SplashActivity], mServedView=DecorView@aea2240[SplashActivity]
04-15 21:49:02.227 V/ImeFocusController(  585): checkFocus: view=DecorView@aea2240[SplashActivity] next=DecorView@aea2240[SplashActivity] force=true package=com.ss.android.ugc.aweme
04-15 21:49:02.249 D/AccessibilityServiceImpl( 6206): 收到无障碍事件类型: 2048
04-15 21:49:02.249 D/AccessibilityServiceImpl( 6206): 窗口内容变化
04-15 21:49:02.249 E/droid.ugc.awem(  585): Profile data size exceeds 1500000 bytes. Profile will not be written to disk. It requires 1989616 bytes.
04-15 21:49:02.250 W/droid.ugc.awem(  585): Could not save profiling info to /data/misc/profiles/cur/0/com.ss.android.ugc.aweme/primary.prof
04-15 21:49:02.802 W/d.ugc.aweme:sm( 1631): Accessing hidden field Landroid/app/ActivityThread;->mLastProcessState:I (blocked, reflection, denied)
04-15 21:49:03.512 W/AccessibilityServiceImpl( 6206): recognizeText 尝试在非主线程调用，已在主线程重新执行
04-15 21:49:03.688 E/droid.ugc.awem(  585): Profile data size exceeds 1500000 bytes. Profile will not be written to disk. It requires 1989616 bytes.
04-15 21:49:03.688 W/droid.ugc.awem(  585): Could not save profiling info to /data/misc/profiles/cur/0/com.ss.android.ugc.aweme/primary.prof
04-15 21:49:03.714 D/AccessibilityServiceImpl( 6206): Node OCR 识别到 43 个文字节点
04-15 21:49:03.726 D/Linux   ( 6206): [Posix_connect Debug]Process com.zbb.automation :8081
04-15 21:49:03.837 E/droid.ugc.awem(  585): Profile data size exceeds 1500000 bytes. Profile will not be written to disk. It requires 1989616 bytes.
04-15 21:49:03.837 W/droid.ugc.awem(  585): Could not save profiling info to /data/misc/profiles/cur/0/com.ss.android.ugc.aweme/primary.prof
04-15 21:49:03.870 D/AccessibilityServiceImpl( 6206): 收到无障碍事件类型: 2048
04-15 21:49:03.870 D/AccessibilityServiceImpl( 6206): 窗口内容变化
04-15 21:49:03.881 D/AccessibilityServiceImpl( 6206): 收到无障碍事件类型: 2048
04-15 21:49:03.881 D/AccessibilityServiceImpl( 6206): 窗口内容变化
04-15 21:49:03.881 D/AccessibilityServiceImpl( 6206): 收到无障碍事件类型: 32
04-15 21:49:03.881 D/AccessibilityServiceImpl( 6206): 窗口变化: com.ss.android.ugc.aweme.main.MainActivity
04-15 21:49:03.987 E/droid.ugc.awem(  585): Profile data size exceeds 1500000 bytes. Profile will not be written to disk. It requires 1989711 bytes.
04-15 21:49:03.987 W/droid.ugc.awem(  585): Could not save profiling info to /data/misc/profiles/cur/0/com.ss.android.ugc.aweme/primary.prof
04-15 21:49:04.135 D/AudioManager(  585): abandonAudioFocus  by com.ss.android.ugc.aweme
04-15 21:49:04.220 D/AccessibilityServiceImpl( 6206): 收到无障碍事件类型: 2048
04-15 21:49:04.220 D/AccessibilityServiceImpl( 6206): 窗口内容变化
04-15 21:49:04.236 D/HeapGCOptimizerV2#Native(  585): Heap SetIdealFootprint is called, origin: 183586816, new :183586816
04-15 21:49:04.236 I/droid.ugc.awem(  585): Background young concurrent copying GC freed 205508(10MB) AllocSpace objects, 60(0B) LOS objects, 4% free, 166MB/175MB, paused 436us,147us total 114.902ms
04-15 21:49:04.239 W/System  (  585): A resource failed to call release.
04-15 21:49:04.249 E/droid.ugc.awem(  585): Profile data size exceeds 1500000 bytes. Profile will not be written to disk. It requires 1989787 bytes.
04-15 21:49:04.249 W/droid.ugc.awem(  585): Could not save profiling info to /data/misc/profiles/cur/0/com.ss.android.ugc.aweme/primary.prof
04-15 21:49:04.320 D/AccessibilityServiceImpl( 6206): 收到无障碍事件类型: 2048
04-15 21:49:04.320 D/AccessibilityServiceImpl( 6206): 窗口内容变化
04-15 21:49:04.384 E/droid.ugc.awem(  585): Profile data size exceeds 1500000 bytes. Profile will not be written to disk. It requires 1989787 bytes.
04-15 21:49:04.384 W/droid.ugc.awem(  585): Could not save profiling info to /data/misc/profiles/cur/0/com.ss.android.ugc.aweme/primary.prof
04-15 21:49:04.426 D/AccessibilityServiceImpl( 6206): 收到无障碍事件类型: 2048
04-15 21:49:04.426 D/AccessibilityServiceImpl( 6206): 窗口内容变化
04-15 21:49:04.509 E/droid.ugc.awem(  585): Profile data size exceeds 1500000 bytes. Profile will not be written to disk. It requires 1989787 bytes.
04-15 21:49:04.509 W/droid.ugc.awem(  585): Could not save profiling info to /data/misc/profiles/cur/0/com.ss.android.ugc.aweme/primary.prof
04-15 21:49:04.526 D/AccessibilityServiceImpl( 6206): 收到无障碍事件类型: 2048
04-15 21:49:04.526 D/AccessibilityServiceImpl( 6206): 窗口内容变化
04-15 21:49:04.742 I/ReactNativeJS( 6206): [ZBB INFO] [抖音：步骤6] 剪贴板内容: (空)
04-15 21:49:04.743 I/ReactNativeJS( 6206): [ZBB WARN] [抖音：步骤6] 剪贴板为空，复制可能失败
04-15 21:49:04.749 I/ReactNativeJS( 6206): [ZBB INFO] [流程] 剪贴板内容: "null"
04-15 21:49:04.750 I/ReactNativeJS( 6206): [ZBB INFO] [流程] 阶段二：打开微信
04-15 21:49:04.863 D/AccessibilityServiceImpl( 6206): 收到无障碍事件类型: 64
04-15 21:49:04.863 D/AccessibilityServiceImpl( 6206): 收到通知 [com.zbb.automation]: 正在读取客户信息...
04-15 21:49:04.863 D/AccessibilityServiceImpl( 6206): ZBB自动化
04-15 21:49:04.899 I/ReactNativeJS( 6206): [ZBB INFO] [流程] 阶段三：打开微信
04-15 21:49:04.905 D/AccessibilityServiceImpl( 6206): 找到已启用的 ZBB 无障碍服务: com.zbb.automation/.AccessibilityServiceImpl
04-15 21:49:04.908 I/ReactNativeJS( 6206): [ZBB INFO] [微信] 正在启动微信...
04-15 21:49:04.908 I/ReactNativeJS( 6206): [ZBB] 正在启动应用: com.tencent.mm
04-15 21:49:04.910 W/unknown:ReactNative( 6206): StatusBarModule: Ignored status bar change, current activity is edge-to-edge.
04-15 21:49:04.910 W/unknown:ReactNative( 6206): StatusBarModule: Ignored status bar change, current activity is edge-to-edge.
04-15 21:49:04.914 D/Linux   ( 6206): [Posix_connect Debug]Process com.zbb.automation :8081
04-15 21:49:04.920 W/AccessibilityServiceImpl( 6206): launchApp 尝试在非主线程调用，已在主线程重新执行
04-15 21:49:04.947 D/AccessibilityServiceImpl( 6206): 正在启动应用: com.tencent.mm
04-15 21:49:04.978 D/AccessibilityServiceImpl( 6206): 应用启动成功: com.tencent.mm
04-15 21:49:04.983 I/ReactNativeJS( 6206): [ZBB SUCCESS] [微信] 微信已启动
04-15 21:49:05.015 D/TaskScheduler(  585): clear task tid =6817 affinity
04-15 21:49:05.015 D/TaskScheduler(  585): clear_task_cpu_affinity:6817
04-15 21:49:05.214 E/droid.ugc.awem(  585): Profile data size exceeds 1500000 bytes. Profile will not be written to disk. It requires 1989787 bytes.
04-15 21:49:05.214 W/droid.ugc.awem(  585): Could not save profiling info to /data/misc/profiles/cur/0/com.ss.android.ugc.aweme/primary.prof
04-15 21:49:05.334 I/droid.ugc.awem(  585): JIT allocated 68KB for compiled code of int com.ss.android.ugc.aweme.feed.model.ProtobufAwemeStructV2Adapter.encodedSize(com.ss.android.ugc.aweme.feed.model.Aweme)
04-15 21:49:05.355 I/BufferQueueConsumer(30223): [](id:760f00000002,api:0,p:-1,c:30223) connect: controlledByApp=false
04-15 21:49:05.357 I/BLASTBufferQueue(30223): [ViewRootImpl[LauncherUI]#2] constructor()
04-15 21:49:05.368 I/BufferQueueProducer(30223): [ViewRootImpl[LauncherUI]#2(BLAST Consumer)2](id:760f00000002,api:1,p:30223,c:30223) connect: api=1 producerControlledByApp=true
04-15 21:49:05.389 I/com.tencent.mm(30223): Background young concurrent copying GC freed 279824(11MB) AllocSpace objects, 8(160KB) LOS objects, 26% free, 56MB/77MB, paused 2.318ms,416us total 200.037ms
04-15 21:49:05.473 D/AccessibilityServiceImpl( 6206): 收到无障碍事件类型: 32
04-15 21:49:05.473 D/AccessibilityServiceImpl( 6206): 窗口变化: com.tencent.mm.ui.LauncherUI
04-15 21:49:05.488 I/tencent.mm:pus(21997): Background concurrent copying GC freed 111136(4568KB) AllocSpace objects, 19(380KB) LOS objects, 49% free, 12MB/24MB, paused 574us,151us total 360.667ms
04-15 21:49:05.499 W/System  (21997): A resource failed to call close.
04-15 21:49:05.501 W/System  (21997): A resource failed to call close.
04-15 21:49:05.506 V/ImeFocusController(30223): onWindowFocus: DecorView@60f1e05[LauncherUI] softInputMode=STATE_UNSPECIFIED|ADJUST_NOTHING|IS_FORWARD_NAVIGATION
04-15 21:49:05.506 V/ImeFocusController(30223): Restarting due to isRestartOnNextWindowFocus as true
04-15 21:49:05.506 D/ImeFocusController(30223): onViewFocusChanged, view=DecorView@60f1e05[LauncherUI], mServedView=DecorView@60f1e05[LauncherUI]
04-15 21:49:05.506 V/ImeFocusController(30223): checkFocus: view=DecorView@60f1e05[LauncherUI] next=DecorView@60f1e05[LauncherUI] force=true package=com.tencent.mm
04-15 21:49:05.542 E/droid.ugc.awem(  585): Profile data size exceeds 1500000 bytes. Profile will not be written to disk. It requires 1989806 bytes.
04-15 21:49:05.542 W/droid.ugc.awem(  585): Could not save profiling info to /data/misc/profiles/cur/0/com.ss.android.ugc.aweme/primary.prof
04-15 21:49:05.586 I/wechatlv(30223): [lite_app_center.cc:2219, _CheckMd5]:start to checkMd5
04-15 21:49:05.597 I/flutter (30223): [INFO:/data/landun/workspace/wxa_lite_app/third_party/luggage/fml/message_loop.cc(31)] create MessageLoop for current thread
04-15 21:49:05.611 I/libc    ( 6868): SetHeapTaggingLevel: tag level set to 0
04-15 21:49:05.615 W/System  (30223): A resource failed to call close.
04-15 21:49:05.617 W/System  (30223): A resource failed to call close.
04-15 21:49:05.619 I/BufferQueueProducer(  585): [ViewRootImpl[SplashActivity]#6(BLAST Consumer)6](id:24900000008,api:1,p:585,c:585) disconnect: api 1
04-15 21:49:05.629 E/nt.mm:appbrand( 6868): Not starting debugger since process cannot load the jdwp agent.
04-15 21:49:05.633 E/libprocessgroup(30223): set_timerslack_ns write failed: Operation not permitted
04-15 21:49:05.634 E/libprocessgroup(30223): set_timerslack_ns write failed: Operation not permitted
04-15 21:49:05.641 I/BLASTBufferQueue(  585): [ViewRootImpl[SplashActivity]#6] destructor()
04-15 21:49:05.641 I/BufferQueueConsumer(  585): [ViewRootImpl[SplashActivity]#6(BLAST Consumer)6](id:24900000008,api:0,p:-1,c:585) disconnect
04-15 21:49:05.645 D/ProcessState( 6868): Binder ioctl to enable oneway spam detection failed: Invalid argument
04-15 21:49:05.661 I/mars::stn(21997): [longlink_connect_monitor.cc:530, OnHeartbeatAlarmSet]:longlink_progress on_heartbeat_set, time: 430599288, time interval:210000
04-15 21:49:05.708 D/AccessibilityServiceImpl( 6206): 收到无障碍事件类型: 32
04-15 21:49:05.709 D/AccessibilityServiceImpl( 6206): 窗口变化: android.widget.FrameLayout
04-15 21:49:05.714 W/RSpaceLiveRatio(  585): RSpaceLiveRatio newRatio = 95
04-15 21:49:05.715 D/AccessibilityServiceImpl( 6206): 收到无障碍事件类型: 2048
04-15 21:49:05.715 D/AccessibilityServiceImpl( 6206): 窗口内容变化
04-15 21:49:05.715 D/CompatibilityChangeReporter( 6868): Compat change id reported: 171979766; UID 10246; state: ENABLED
04-15 21:49:05.722 I/libc    ( 6895): SetHeapTaggingLevel: tag level set to 0
04-15 21:49:05.732 E/nt.mm:appbrand( 6895): Not starting debugger since process cannot load the jdwp agent.
04-15 21:49:05.735 D/ProcessState( 6895): Binder ioctl to enable oneway spam detection failed: Invalid argument
04-15 21:49:05.740 D/ApplicationLoaders( 6868): Returning zygote-cached class loader: /system/framework/android.test.base.jar
04-15 21:49:05.751 D/Linux   ( 6206): [Posix_connect Debug]Process com.zbb.automation :8081
04-15 21:49:05.776 V/GraphicsEnvironment( 6868): ANGLE Developer option for 'com.tencent.mm' set to: 'default'
04-15 21:49:05.777 V/GraphicsEnvironment( 6868): App is not on the allowlist for updatable production driver.
04-15 21:49:05.778 D/NetworkSecurityConfig( 6868): Using Network Security Config from resource b7 debugBuild: false
04-15 21:49:05.778 D/NetworkSecurityConfig( 6868): Using Network Security Config from resource b7 debugBuild: false
04-15 21:49:05.802 D/CompatibilityChangeReporter( 6895): Compat change id reported: 171979766; UID 10246; state: ENABLED
04-15 21:49:05.811 D/AccessibilityServiceImpl( 6206): 收到无障碍事件类型: 2048
04-15 21:49:05.811 D/AccessibilityServiceImpl( 6206): 窗口内容变化
04-15 21:49:05.815 W/d.ugc.aweme:sm( 1631): Accessing hidden field Landroid/app/ActivityThread;->mLastProcessState:I (blocked, reflection, denied)
04-15 21:49:05.823 W/nt.mm:appbrand( 6868): Accessing hidden field Landroid/app/ActivityThread$H;->RELAUNCH_ACTIVITY:I (max-target-o, reflection, denied)
04-15 21:49:05.831 W/nt.mm:appbrand( 6868): Accessing hidden field Landroid/app/ActivityThread$H;->APPLICATION_INFO_CHANGED:I (max-target-o, reflection, denied)
04-15 21:49:05.840 D/BatteryStatsService( 1296): notePemString  noteWhich: 49,arg1: -2, arg2: -1, arg3: 585, arg4: 6193, name: com.ss.android.ugc.aweme
04-15 21:49:05.843 D/BatteryStatsService( 1296): notePemString  noteWhich: 49,arg1: -2, arg2: -1, arg3: 585, arg4: 6193, name: com.ss.android.ugc.aweme
04-15 21:49:05.846 D/ApplicationLoaders( 6895): Returning zygote-cached class loader: /system/framework/android.test.base.jar
04-15 21:49:05.848 I/mars::stn(21997): [longlink_connect_monitor.cc:530, OnHeartbeatAlarmSet]:longlink_progress on_heartbeat_set, time: 430599474, time interval:210000
04-15 21:49:05.876 I/BLASTBufferQueue(  585): releaseBufferCallbackThunk bufferId:2512555868194 framenumber:461 blastBufferQueue is dead
04-15 21:49:05.897 V/GraphicsEnvironment( 6895): ANGLE Developer option for 'com.tencent.mm' set to: 'default'
04-15 21:49:05.897 V/GraphicsEnvironment( 6895): App is not on the allowlist for updatable production driver.
04-15 21:49:05.898 D/NetworkSecurityConfig( 6895): Using Network Security Config from resource b7 debugBuild: false
04-15 21:49:05.899 D/NetworkSecurityConfig( 6895): Using Network Security Config from resource b7 debugBuild: false
04-15 21:49:05.902 V/NativeCrash( 6868): Alternative stack installed.
04-15 21:49:05.902 V/NativeCrash( 6868): Signal handler installed.
04-15 21:49:05.907 I/nt.mm:appbrand( 6868): Thread[1,tid=6868,Native,Thread*=0xb400006eb722b380,peer=0x7221c158,"main"] recursive attempt to load library "/data/app/~~1N9La9Xt_Eo1BzVcJyCj-A==/com.tencent.mm-VjqhVGRAcUYFaUSueWTakQ==/lib/arm64/libtrace-canary.so"
04-15 21:49:05.908 I/nt.mm:appbrand( 6868): Thread[1,tid=6868,Native,Thread*=0xb400006eb722b380,peer=0x7221c158,"main"] recursive attempt to load library "/data/app/~~1N9La9Xt_Eo1BzVcJyCj-A==/com.tencent.mm-VjqhVGRAcUYFaUSueWTakQ==/lib/arm64/libtrace-canary.so"
04-15 21:49:05.908 I/nt.mm:appbrand( 6868): Thread[1,tid=6868,Native,Thread*=0xb400006eb722b380,peer=0x7221c158,"main"] recursive attempt to load library "/data/app/~~1N9La9Xt_Eo1BzVcJyCj-A==/com.tencent.mm-VjqhVGRAcUYFaUSueWTakQ==/lib/arm64/libtrace-canary.so"
04-15 21:49:05.910 D/AccessibilityServiceImpl( 6206): 收到无障碍事件类型: 2048
04-15 21:49:05.910 D/AccessibilityServiceImpl( 6206): 窗口内容变化
04-15 21:49:05.938 W/SQLiteCompatibilityWalFlags( 6868): Cannot read global setting sqlite_compatibility_wal_flags - Application state not available
04-15 21:49:05.945 W/nt.mm:appbrand( 6895): Accessing hidden field Landroid/app/ActivityThread$H;->RELAUNCH_ACTIVITY:I (max-target-o, reflection, denied)
04-15 21:49:05.951 W/nt.mm:appbrand( 6895): Accessing hidden field Landroid/app/ActivityThread$H;->APPLICATION_INFO_CHANGED:I (max-target-o, reflection, denied)
04-15 21:49:05.970 D/JniHook ( 6868): JNI_OnLoad
04-15 21:49:05.970 D/JniHook ( 6868): VM_RUNTIME_HIDDEN_API_EXEMPTIONS is true
04-15 21:49:05.970 D/JniHook ( 6868): Hidden API restrictions disabled
04-15 21:49:06.002 V/NativeCrash( 6895): Alternative stack installed.
04-15 21:49:06.002 V/NativeCrash( 6895): Signal handler installed.
04-15 21:49:06.006 I/nt.mm:appbrand( 6895): Thread[1,tid=6895,Native,Thread*=0xb400006eb722b380,peer=0x7221c158,"main"] recursive attempt to load library "/data/app/~~1N9La9Xt_Eo1BzVcJyCj-A==/com.tencent.mm-VjqhVGRAcUYFaUSueWTakQ==/lib/arm64/libtrace-canary.so"
04-15 21:49:06.006 I/nt.mm:appbrand( 6895): Thread[1,tid=6895,Native,Thread*=0xb400006eb722b380,peer=0x7221c158,"main"] recursive attempt to load library "/data/app/~~1N9La9Xt_Eo1BzVcJyCj-A==/com.tencent.mm-VjqhVGRAcUYFaUSueWTakQ==/lib/arm64/libtrace-canary.so"
04-15 21:49:06.006 I/nt.mm:appbrand( 6895): Thread[1,tid=6895,Native,Thread*=0xb400006eb722b380,peer=0x7221c158,"main"] recursive attempt to load library "/data/app/~~1N9La9Xt_Eo1BzVcJyCj-A==/com.tencent.mm-VjqhVGRAcUYFaUSueWTakQ==/lib/arm64/libtrace-canary.so"
04-15 21:49:06.028 W/SQLiteCompatibilityWalFlags( 6895): Cannot read global setting sqlite_compatibility_wal_flags - Application state not available
04-15 21:49:06.047 D/jnicat  ( 6868): cacheitem("java/lang/Throwable", "toString", "()Ljava/lang/String;", 1)
04-15 21:49:06.047 D/jnicat  ( 6868): cacheitem("android/util/Log", "getStackTraceString", "(Ljava/lang/Throwable;)Ljava/lang/String;", 2)
04-15 21:49:06.049 D/JniHook ( 6895): JNI_OnLoad
04-15 21:49:06.049 D/JniHook ( 6895): VM_RUNTIME_HIDDEN_API_EXEMPTIONS is true
04-15 21:49:06.049 D/JniHook ( 6895): Hidden API restrictions disabled
04-15 21:49:06.121 E/droid.ugc.awem(  585): Profile data size exceeds 1500000 bytes. Profile will not be written to disk. It requires 1989806 bytes.
04-15 21:49:06.121 W/droid.ugc.awem(  585): Could not save profiling info to /data/misc/profiles/cur/0/com.ss.android.ugc.aweme/primary.prof
04-15 21:49:06.135 D/AccessibilityServiceImpl( 6206): 收到无障碍事件类型: 2048
04-15 21:49:06.135 D/AccessibilityServiceImpl( 6206): 窗口内容变化
04-15 21:49:06.169 D/jnicat  ( 6895): cacheitem("java/lang/Throwable", "toString", "()Ljava/lang/String;", 1)
04-15 21:49:06.169 D/jnicat  ( 6895): cacheitem("android/util/Log", "getStackTraceString", "(Ljava/lang/Throwable;)Ljava/lang/String;", 2)
04-15 21:49:06.197 D/jnicat  ( 6868): cacheitem("java/lang/Throwable", "toString", "()Ljava/lang/String;", 1)
04-15 21:49:06.197 D/jnicat  ( 6868): cacheitem("android/util/Log", "getStackTraceString", "(Ljava/lang/Throwable;)Ljava/lang/String;", 2)
04-15 21:49:06.194 W/wc_srvinit_1( 6868): type=1400 audit(0.0:183850): avc: granted { execute } for path="/data/data/com.tencent.mm/tinker/patch-6bfe441f/lib/lib/arm64-v8a/libmmv8.so" dev="dm-10" ino=73898 scontext=u:r:untrusted_app:s0:c246,c256,c512,c768 tcontext=u:object_r:app_data_file:s0:c246,c256,c512,c768 tclass=file app=com.tencent.mm
04-15 21:49:06.244 D/jnicat  ( 6868): cacheitem("java/lang/Throwable", "toString", "()Ljava/lang/String;", 1)
04-15 21:49:06.244 D/jnicat  ( 6868): cacheitem("android/util/Log", "getStackTraceString", "(Ljava/lang/Throwable;)Ljava/lang/String;", 2)
04-15 21:49:06.256 D/jnicat  ( 6868): cacheitem("java/lang/Throwable", "toString", "()Ljava/lang/String;", 1)
04-15 21:49:06.256 D/jnicat  ( 6868): cacheitem("android/util/Log", "getStackTraceString", "(Ljava/lang/Throwable;)Ljava/lang/String;", 2)
04-15 21:49:06.263 D/jnicat  ( 6868): cacheitem("java/lang/Throwable", "toString", "()Ljava/lang/String;", 1)
04-15 21:49:06.263 D/jnicat  ( 6868): cacheitem("android/util/Log", "getStackTraceString", "(Ljava/lang/Throwable;)Ljava/lang/String;", 2)
04-15 21:49:06.299 D/hw-ProcessState( 6868): Binder ioctl to enable oneway spam detection failed: Invalid argument
04-15 21:49:06.311 D/jnicat  ( 6868): cacheitem("java/lang/Throwable", "toString", "()Ljava/lang/String;", 1)
04-15 21:49:06.311 D/jnicat  ( 6868): cacheitem("android/util/Log", "getStackTraceString", "(Ljava/lang/Throwable;)Ljava/lang/String;", 2)
04-15 21:49:06.348 I/chromium( 6868): [0415/214906.348263:INFO:mm_cronet_network_change_notify.cc(59)] remain size: 1
04-15 21:49:06.360 I/chromium( 6868): [6990:0415/214906.360416:INFO:socket_impl.cc(157)] andromeda init, build time: Dec 24 2025,13:01:54
04-15 21:49:06.360 I/chromium( 6868): [6990:0415/214906.360517:INFO:socket_impl.cc(158)] default supported QUIC versions: RFCv1
04-15 21:49:06.360 I/chromium( 6868): [6990:0415/214906.360599:INFO:socket_impl.cc(173)]  pipe fd[0] 135, fd[1] 137
04-15 21:49:06.365 I/chromium( 6868): [6990:0415/214906.361025:INFO:runner.cc(76)] mmcronet::quic::recycle tid 7050
04-15 21:49:06.373 I/chromium( 6868): [6990:0415/214906.365320:INFO:runner.cc(65)] mmcronet::quic::timeout-guard tid 7051
04-15 21:49:06.375 I/chromium( 6868): [6990:0415/214906.373935:INFO:runner.cc(55)] mmcronet::quic::proxy tid 7053
04-15 21:49:06.376 D/AccessibilityServiceImpl( 6206): 收到无障碍事件类型: 2048
04-15 21:49:06.376 D/AccessibilityServiceImpl( 6206): 窗口内容变化
04-15 21:49:06.397 D/jnicat  ( 6895): cacheitem("java/lang/Throwable", "toString", "()Ljava/lang/String;", 1)
04-15 21:49:06.398 D/jnicat  ( 6895): cacheitem("android/util/Log", "getStackTraceString", "(Ljava/lang/Throwable;)Ljava/lang/String;", 2)
04-15 21:49:06.414 D/jnicat  ( 6895): cacheitem("java/lang/Throwable", "toString", "()Ljava/lang/String;", 1)
