04-15 21:49:21.767 I/ReactNativeJS( 6206): [ZBB INFO] [微信] 当前包名: com.tencent.mm
04-15 21:49:21.768 I/ReactNativeJS( 6206): [ZBB SUCCESS] [微信] 微信已打开
04-15 21:49:21.769 I/ReactNativeJS( 6206): [ZBB INFO] [流程] 阶段三：搜索并进入小程序
04-15 21:49:21.988 I/ReactNativeJS( 6206): [ZBB INFO] [流程] 阶段四：进入绿城云小程序
04-15 21:49:21.993 D/AccessibilityServiceImpl( 6206): 找到已启用的 ZBB 无障碍服务: com.zbb.automation/.AccessibilityServiceImpl
04-15 21:49:21.997 W/unknown:ReactNative( 6206): StatusBarModule: Ignored status bar change, current activity is edge-to-edge.
04-15 21:49:21.997 W/unknown:ReactNative( 6206): StatusBarModule: Ignored status bar change, current activity is edge-to-edge.
04-15 21:49:22.001 I/.zbb.automatio( 6206): Background young concurrent copying GC freed 289080(13MB) AllocSpace objects, 0(0B) LOS objects, 47% free, 14MB/28MB, paused 230us,64us total 130.002ms
04-15 21:49:22.006 D/Linux   ( 6206): [Posix_connect Debug]Process com.zbb.automation :8081
04-15 21:49:22.021 I/ReactNativeJS( 6206): [ZBB INFO] [校准] 使用已保存的校准坐标
04-15 21:49:22.043 I/ReactNativeJS( 6206): [ZBB INFO] [流程] 请求屏幕截图权限（MediaProjection）...
04-15 21:49:22.045 I/ReactNativeJS( 6206): [ZBB] 请求 MediaProjection 权限...
04-15 21:49:22.054 D/MediaProjectionService( 6206): 前台服务已启动
04-15 21:49:22.057 D/MediaProjectionService( 6206): MediaProjectionService 已创建
04-15 21:49:22.059 D/CompatibilityChangeReporter( 6206): Compat change id reported: 160794467; UID 10294; state: ENABLED
04-15 21:49:22.067 D/MediaProjectionService( 6206): MediaProjectionService onStartCommand
04-15 21:49:22.392 D/AccessibilityServiceImpl( 6206): 收到无障碍事件类型: 64
04-15 21:49:22.608 E/FA      (30223): Task exception on worker thread: java.lang.IllegalStateException: AppMeasurement is not initialized: com.google.android.gms.internal.measurement.zzgl.zzch(Unknown Source:9)
04-15 21:49:22.682 I/BufferQueueConsumer( 6206): [](id:183e00000007,api:0,p:-1,c:6206) connect: controlledByApp=false
04-15 21:49:22.683 I/BLASTBufferQueue( 6206): [ViewRootImpl[MainActivity]#7] constructor()
04-15 21:49:22.684 I/BufferQueueProducer( 6206): [ViewRootImpl[MainActivity]#7(BLAST Consumer)7](id:183e00000007,api:1,p:6206,c:6206) connect: api=1 producerControlledByApp=true
04-15 21:49:22.818 I/ActivityTaskManager( 1296): Displayed com.android.systemui/.media.MediaProjectionPermissionActivity: +201ms
04-15 21:49:22.855 D/AccessibilityServiceImpl( 6206): 收到无障碍事件类型: 32
04-15 21:49:22.855 D/AccessibilityServiceImpl( 6206): 窗口变化: com.android.systemui.media.MediaProjectionPermissionActivity
04-15 21:49:23.106 E/libprocessgroup( 6868): set_timerslack_ns write failed: Operation not permitted
04-15 21:49:23.106 E/libprocessgroup( 6868): set_timerslack_ns write failed: Operation not permitted
04-15 21:49:23.107 E/libprocessgroup( 6868): set_timerslack_ns write failed: Operation not permitted
04-15 21:49:23.107 E/libprocessgroup( 6868): set_timerslack_ns write failed: Operation not permitted
04-15 21:49:23.109 E/libprocessgroup( 6868): set_timerslack_ns write failed: Operation not permitted
04-15 21:49:23.305 I/BufferQueueProducer(30223): [ViewRootImpl[LauncherUI]#2(BLAST Consumer)2](id:760f00000002,api:1,p:30223,c:30223) disconnect: api 1
04-15 21:49:23.325 I/BLASTBufferQueue(30223): [ViewRootImpl[LauncherUI]#2] destructor()
04-15 21:49:23.325 I/BufferQueueConsumer(30223): [ViewRootImpl[LauncherUI]#2(BLAST Consumer)2](id:760f00000002,api:0,p:-1,c:30223) disconnect
04-15 21:49:23.425 I/BLASTBufferQueue(30223): releaseBufferCallbackThunk bufferId:129806796587018 framenumber:18 blastBufferQueue is dead
04-15 21:49:24.021 E/libprocessgroup(30223): set_timerslack_ns write failed: Operation not permitted
04-15 21:49:24.022 E/libprocessgroup(30223): set_timerslack_ns write failed: Operation not permitted
04-15 21:49:24.026 D/Linux   ( 6206): [Posix_connect Debug]Process com.zbb.automation :8081
04-15 21:49:24.040 I/mars::stn(21997): [longlink_connect_monitor.cc:530, OnHeartbeatAlarmSet]:longlink_progress on_heartbeat_set, time: 430617666, time interval:210000
04-15 21:49:24.285 W/System  (30223): A resource failed to call close.
04-15 21:49:24.290 W/System  (30223): A resource failed to call close.
04-15 21:49:24.880 D/AutomationModule( 6206): >>> onMediaProjectionResult 被调用, resultCode = -1
04-15 21:49:24.880 D/AutomationModule( 6206): >>> 正在创建 MediaProjection
04-15 21:49:24.882 D/AutomationModule( 6206): >>> 正在设置 MediaProjection 到服务
04-15 21:49:24.882 D/AccessibilityServiceImpl( 6206): MediaProjection 已设置
04-15 21:49:24.882 D/AutomationModule( 6206): >>> 权限授权成功，开始截图...
04-15 21:49:24.883 I/ReactNativeJS( 6206): [ZBB SUCCESS] [流程] MediaProjection 权限已授权
04-15 21:49:24.886 I/ReactNativeJS( 6206): [ZBB INFO] [桌面] 按 Home 键返回桌面...
04-15 21:49:24.909 D/Linux   ( 6206): [Posix_connect Debug]Process com.zbb.automation :8081
04-15 21:49:24.933 V/ImeFocusController( 6206): onWindowFocus: DecorView@b367525[MainActivity] softInputMode=STATE_UNSPECIFIED|ADJUST_RESIZE|IS_FORWARD_NAVIGATION
04-15 21:49:24.933 V/ImeFocusController( 6206): Restarting due to isRestartOnNextWindowFocus as true
04-15 21:49:24.933 D/ImeFocusController( 6206): onViewFocusChanged, view=DecorView@b367525[MainActivity], mServedView=DecorView@b367525[MainActivity]
04-15 21:49:24.933 V/ImeFocusController( 6206): checkFocus: view=DecorView@b367525[MainActivity] next=DecorView@b367525[MainActivity] force=true package=com.zbb.automation
04-15 21:49:24.936 D/AccessibilityServiceImpl( 6206): 收到无障碍事件类型: 1
04-15 21:49:24.973 D/AudioManager( 6206): abandonAudioFocus  by com.zbb.automation
04-15 21:49:25.081 D/AccessibilityServiceImpl( 6206): 收到无障碍事件类型: 2048
04-15 21:49:25.082 D/AccessibilityServiceImpl( 6206): 窗口内容变化
04-15 21:49:25.089 D/AccessibilityServiceImpl( 6206): 收到无障碍事件类型: 32
04-15 21:49:25.089 D/AccessibilityServiceImpl( 6206): 窗口变化: com.bbk.launcher2.Launcher
04-15 21:49:25.302 I/BufferQueueProducer( 6206): [ViewRootImpl[MainActivity]#7(BLAST Consumer)7](id:183e00000007,api:1,p:6206,c:6206) disconnect: api 1
04-15 21:49:25.313 I/BLASTBufferQueue( 6206): [ViewRootImpl[MainActivity]#7] destructor()
04-15 21:49:25.313 I/BufferQueueConsumer( 6206): [ViewRootImpl[MainActivity]#7(BLAST Consumer)7](id:183e00000007,api:0,p:-1,c:6206) disconnect
04-15 21:49:25.344 I/BLASTBufferQueue( 6206): releaseBufferCallbackThunk bufferId:26654567039005 framenumber:19 blastBufferQueue is dead
04-15 21:49:25.383 D/AutomationModule( 6206): >>> 调用 captureScreenshot
04-15 21:49:25.383 D/AccessibilityServiceImpl( 6206): >>> captureScreenshot() 开始
04-15 21:49:25.383 D/AccessibilityServiceImpl( 6206): >>> projection = true
04-15 21:49:25.384 D/AccessibilityServiceImpl( 6206): >>> 在主线程执行截图操作
04-15 21:49:25.385 D/AccessibilityServiceImpl( 6206): >>> displays = 1
04-15 21:49:25.385 D/AccessibilityServiceImpl( 6206): >>> display = true
04-15 21:49:25.386 D/AccessibilityServiceImpl( 6206): >>> 屏幕尺寸: 720x1600
04-15 21:49:25.386 D/AccessibilityServiceImpl( 6206): >>> densityDpi = 320
04-15 21:49:25.387 I/BufferQueueConsumer( 6206): [](id:183e00000008,api:0,p:-1,c:6206) connect: controlledByApp=true
04-15 21:49:25.387 D/AccessibilityServiceImpl( 6206): >>> ImageReader 创建成功
04-15 21:49:25.390 E/AccessibilityServiceImpl( 6206): >>> 截图失败: Requires CAPTURE_SECURE_VIDEO_OUTPUT or an appropriate MediaProjection token to create a secure virtual display.
04-15 21:49:25.390 W/System.err( 6206): java.lang.SecurityException: Requires CAPTURE_SECURE_VIDEO_OUTPUT or an appropriate MediaProjection token to create a secure virtual display.
04-15 21:49:25.391 W/System.err( 6206):         at android.os.Parcel.createExceptionOrNull(Parcel.java:2440)
04-15 21:49:25.392 W/System.err( 6206):         at android.os.Parcel.createException(Parcel.java:2424)
04-15 21:49:25.392 W/System.err( 6206):         at android.os.Parcel.readException(Parcel.java:2407)
04-15 21:49:25.392 W/System.err( 6206):         at android.os.Parcel.readException(Parcel.java:2349)
04-15 21:49:25.392 W/System.err( 6206):         at android.hardware.display.IDisplayManager$Stub$Proxy.createVirtualDisplay(IDisplayManager.java:1551)
04-15 21:49:25.392 W/System.err( 6206):         at android.hardware.display.DisplayManagerGlobal.createVirtualDisplay(DisplayManagerGlobal.java:596)
04-15 21:49:25.392 W/System.err( 6206):         at android.hardware.display.DisplayManager.createVirtualDisplay(DisplayManager.java:950)
04-15 21:49:25.392 W/System.err( 6206):         at android.media.projection.MediaProjection.createVirtualDisplay(MediaProjection.java:172)
04-15 21:49:25.392 W/System.err( 6206):         at android.media.projection.MediaProjection.createVirtualDisplay(MediaProjection.java:150)
04-15 21:49:25.392 W/System.err( 6206):         at com.zbb.automation.AccessibilityServiceImpl.captureScreenshot$lambda$59(AccessibilityServiceImpl.kt:1876)
04-15 21:49:25.392 W/System.err( 6206):         at com.zbb.automation.AccessibilityServiceImpl.$r8$lambda$flgd5MyvysoALLP1qwacozcDkO0(Unknown Source:0)
04-15 21:49:25.392 W/System.err( 6206):         at com.zbb.automation.AccessibilityServiceImpl$$ExternalSyntheticLambda5.run(D8$$SyntheticClass:0)
04-15 21:49:25.392 W/System.err( 6206):         at android.os.Handler.handleCallback(Handler.java:938)
04-15 21:49:25.393 W/System.err( 6206):         at android.os.Handler.dispatchMessage(Handler.java:99)
04-15 21:49:25.393 W/System.err( 6206):         at android.os.Looper.loopOnce(Looper.java:233)
04-15 21:49:25.393 W/System.err( 6206):         at android.os.Looper.loop(Looper.java:334)
04-15 21:49:25.393 W/System.err( 6206):         at android.app.ActivityThread.main(ActivityThread.java:8397)
04-15 21:49:25.393 W/System.err( 6206):         at java.lang.reflect.Method.invoke(Native Method)
04-15 21:49:25.393 W/System.err( 6206):         at com.android.internal.os.RuntimeInit$MethodAndArgsCaller.run(RuntimeInit.java:582)
04-15 21:49:25.393 W/System.err( 6206):         at com.android.internal.os.ZygoteInit.main(ZygoteInit.java:1065)
04-15 21:49:25.393 E/AutomationModule( 6206): >>> 截图返回 null
04-15 21:49:25.681 D/AccessibilityServiceImpl( 6206): 收到无障碍事件类型: 32
04-15 21:49:25.681 D/AccessibilityServiceImpl( 6206): 窗口变化: com.bbk.launcher2.Launcher
04-15 21:49:26.043 D/Linux   ( 6206): [Posix_connect Debug]Process com.zbb.automation :8081
04-15 21:49:26.123 D/AccessibilityServiceImpl( 6206): 收到无障碍事件类型: 1
04-15 21:49:26.140 D/AccessibilityServiceImpl( 6206): 记录用户点击坐标: (278, 1027)
04-15 21:49:26.221 I/BufferQueueConsumer(30223): [](id:760f00000003,api:0,p:-1,c:30223) connect: controlledByApp=false
04-15 21:49:26.222 I/BLASTBufferQueue(30223): [ViewRootImpl[LauncherUI]#3] constructor()
04-15 21:49:26.227 I/BufferQueueProducer(30223): [ViewRootImpl[LauncherUI]#3(BLAST Consumer)3](id:760f00000003,api:1,p:30223,c:30223) connect: api=1 producerControlledByApp=true
04-15 21:49:26.318 V/ImeFocusController(30223): onWindowFocus: DecorView@60f1e05[LauncherUI] softInputMode=STATE_UNSPECIFIED|ADJUST_NOTHING|IS_FORWARD_NAVIGATION
04-15 21:49:26.318 V/ImeFocusController(30223): Restarting due to isRestartOnNextWindowFocus as true
04-15 21:49:26.318 D/ImeFocusController(30223): onViewFocusChanged, view=DecorView@60f1e05[LauncherUI], mServedView=DecorView@60f1e05[LauncherUI]
04-15 21:49:26.318 V/ImeFocusController(30223): checkFocus: view=DecorView@60f1e05[LauncherUI] next=DecorView@60f1e05[LauncherUI] force=true package=com.tencent.mm
04-15 21:49:26.344 D/AccessibilityServiceImpl( 6206): 收到无障碍事件类型: 32
04-15 21:49:26.344 D/AccessibilityServiceImpl( 6206): 窗口变化: com.tencent.mm.ui.LauncherUI
04-15 21:49:26.393 E/libprocessgroup(30223): set_timerslack_ns write failed: Operation not permitted
04-15 21:49:26.401 E/libprocessgroup(30223): set_timerslack_ns write failed: Operation not permitted
04-15 21:49:26.410 I/mars::stn(21997): [longlink_connect_monitor.cc:530, OnHeartbeatAlarmSet]:longlink_progress on_heartbeat_set, time: 430620036, time interval:210000
04-15 21:49:26.420 I/mars::stn(21997): [longlink_connect_monitor.cc:530, OnHeartbeatAlarmSet]:longlink_progress on_heartbeat_set, time: 430620046, time interval:210000
04-15 21:49:26.445 D/AccessibilityServiceImpl( 6206): 收到无障碍事件类型: 4096
04-15 21:49:26.531 D/AccessibilityServiceImpl( 6206): 收到无障碍事件类型: 2048
04-15 21:49:26.531 D/AccessibilityServiceImpl( 6206): 窗口内容变化
04-15 21:49:26.633 D/AccessibilityServiceImpl( 6206): 收到无障碍事件类型: 2048
04-15 21:49:26.634 D/AccessibilityServiceImpl( 6206): 窗口内容变化
04-15 21:49:26.916 D/AccessibilityServiceImpl( 6206): 收到无障碍事件类型: 2048
04-15 21:49:26.916 I/ReactNativeJS( 6206): [ZBB INFO] [桌面：步骤2] 点击桌面上的"绿城云"小程序...
04-15 21:49:26.916 D/AccessibilityServiceImpl( 6206): 窗口内容变化
04-15 21:49:26.921 I/ReactNativeJS( 6206): [ZBB INFO] [桌面：步骤2] 使用校准坐标: (306, 584)
04-15 21:49:27.021 D/AccessibilityServiceImpl( 6206): 收到无障碍事件类型: 2048
04-15 21:49:27.021 D/AccessibilityServiceImpl( 6206): 窗口内容变化
04-15 21:49:27.137 D/AccessibilityServiceImpl( 6206): 点击完成: (306.0, 583.875), 长按=false
04-15 21:49:27.140 I/ReactNativeJS( 6206): [ZBB SUCCESS] [桌面：步骤2] 点击"绿城云"成功
04-15 21:49:27.143 I/ReactNativeJS( 6206): [ZBB INFO] [桌面：步骤2] 等待小程序加载...
04-15 21:49:27.169 E/libprocessgroup(30223): set_timerslack_ns write failed: Operation not permitted
04-15 21:49:27.198 W/[GT]HotPool#5(30223): type=1400 audit(0.0:183886): avc: denied { read } for name="interrupts" dev="proc" ino=4026532235 scontext=u:r:untrusted_app:s0:c246,c256,c512,c768 tcontext=u:object_r:proc_interrupts:s0 tclass=file permissive=0 app=com.tencent.mm
04-15 21:49:27.202 W/[GT]HotPool#5(30223): type=1400 audit(0.0:183887): avc: denied { read } for name="diskstats" dev="proc" ino=4026532417 scontext=u:r:untrusted_app:s0:c246,c256,c512,c768 tcontext=u:object_r:proc_diskstats:s0 tclass=file permissive=0 app=com.tencent.mm
04-15 21:49:27.202 W/[GT]HotPool#5(30223): type=1400 audit(0.0:183888): avc: denied { read } for name="filesystems" dev="proc" ino=4026532408 scontext=u:r:untrusted_app:s0:c246,c256,c512,c768 tcontext=u:object_r:proc_filesystems:s0 tclass=file permissive=0 app=com.tencent.mm
04-15 21:49:27.248 D/AccessibilityServiceImpl( 6206): 收到无障碍事件类型: 2048
04-15 21:49:27.248 D/AccessibilityServiceImpl( 6206): 窗口内容变化
04-15 21:49:27.270 D/AccessibilityServiceImpl( 6206): 收到无障碍事件类型: 2048
04-15 21:49:27.270 D/AccessibilityServiceImpl( 6206): 窗口内容变化
04-15 21:49:27.274 W/[GT]HotPool#5(30223): type=1400 audit(0.0:183889): avc: denied { search } for name="android_usb" dev="sysfs" ino=39002 scontext=u:r:untrusted_app:s0:c246,c256,c512,c768 tcontext=u:object_r:sysfs_android_usb:s0 tclass=dir permissive=0 app=com.tencent.mm
04-15 21:49:27.383 D/AccessibilityServiceImpl( 6206): 收到无障碍事件类型: 2048
04-15 21:49:27.383 D/AccessibilityServiceImpl( 6206): 窗口内容变化
04-15 21:49:27.416 W/libc    (30223): Access denied finding property "ro.bootimage.build.fingerprint"
04-15 21:49:27.651 E/libprocessgroup(30223): set_timerslack_ns write failed: Operation not permitted
04-15 21:49:27.818 D/AccessibilityServiceImpl( 6206): 收到无障碍事件类型: 2048
04-15 21:49:27.819 D/AccessibilityServiceImpl( 6206): 窗口内容变化
04-15 21:49:27.918 D/AccessibilityServiceImpl( 6206): 收到无障碍事件类型: 2048
04-15 21:49:27.918 D/AccessibilityServiceImpl( 6206): 窗口内容变化
04-15 21:49:28.061 D/Linux   ( 6206): [Posix_connect Debug]Process com.zbb.automation :8081
04-15 21:49:30.085 D/Linux   ( 6206): [Posix_connect Debug]Process com.zbb.automation :8081
04-15 21:49:32.113 D/Linux   ( 6206): [Posix_connect Debug]Process com.zbb.automation :8081
04-15 21:49:32.155 I/ReactNativeJS( 6206): [ZBB INFO] [小程序：步骤3] 点击"我要推荐"...
04-15 21:49:32.157 I/ReactNativeJS( 6206): [ZBB INFO] [小程序：步骤3] 使用校准坐标: (180, 506)
04-15 21:49:32.276 D/AccessibilityServiceImpl( 6206): 收到无障碍事件类型: 2048
04-15 21:49:32.276 D/AccessibilityServiceImpl( 6206): 窗口内容变化
04-15 21:49:32.372 D/AccessibilityServiceImpl( 6206): 点击完成: (180.0, 506.025), 长按=false
04-15 21:49:32.379 I/ReactNativeJS( 6206): [ZBB SUCCESS] [小程序：步骤3] 点击"我要推荐"成功
04-15 21:49:32.381 I/ReactNativeJS( 6206): [ZBB INFO] [小程序：步骤3] 等待页面加载...
04-15 21:49:32.410 W/[GT]HotPool#1(30223): type=1400 audit(0.0:183899): avc: denied { read } for name="interrupts" dev="proc" ino=4026532235 scontext=u:r:untrusted_app:s0:c246,c256,c512,c768 tcontext=u:object_r:proc_interrupts:s0 tclass=file permissive=0 app=com.tencent.mm
04-15 21:49:32.650 W/libc    (30223): Access denied finding property "ro.bootimage.build.fingerprint"
04-15 21:49:33.456 D/AccessibilityServiceImpl( 6206): 收到无障碍事件类型: 2048
04-15 21:49:33.458 D/AccessibilityServiceImpl( 6206): 窗口内容变化
04-15 21:49:33.476 D/AccessibilityServiceImpl( 6206): 收到无障碍事件类型: 2048
04-15 21:49:33.476 D/AccessibilityServiceImpl( 6206): 窗口内容变化
04-15 21:49:33.476 D/AccessibilityServiceImpl( 6206): 收到无障碍事件类型: 32
04-15 21:49:33.477 D/AccessibilityServiceImpl( 6206): 窗口变化: android.widget.FrameLayout
04-15 21:49:33.728 D/AccessibilityServiceImpl( 6206): 收到无障碍事件类型: 2048
04-15 21:49:33.728 D/AccessibilityServiceImpl( 6206): 窗口内容变化
04-15 21:49:33.788 D/AccessibilityServiceImpl( 6206): 收到无障碍事件类型: 2048
04-15 21:49:33.788 D/AccessibilityServiceImpl( 6206): 窗口内容变化
04-15 21:49:33.841 D/AccessibilityServiceImpl( 6206): 收到无障碍事件类型: 2048
04-15 21:49:33.842 D/AccessibilityServiceImpl( 6206): 窗口内容变化
04-15 21:49:33.957 D/AccessibilityServiceImpl( 6206): 收到无障碍事件类型: 2048
04-15 21:49:33.957 D/AccessibilityServiceImpl( 6206): 窗口内容变化
04-15 21:49:34.056 D/AccessibilityServiceImpl( 6206): 收到无障碍事件类型: 2048
04-15 21:49:34.057 D/AccessibilityServiceImpl( 6206): 窗口内容变化
04-15 21:49:34.143 D/Linux   ( 6206): [Posix_connect Debug]Process com.zbb.automation :8081
04-15 21:49:35.911 D/AccessibilityServiceImpl( 6206): 收到无障碍事件类型: 2048
04-15 21:49:35.911 D/AccessibilityServiceImpl( 6206): 窗口内容变化
04-15 21:49:36.021 D/AccessibilityServiceImpl( 6206): 收到无障碍事件类型: 2048
04-15 21:49:36.021 D/AccessibilityServiceImpl( 6206): 窗口内容变化
04-15 21:49:36.113 D/AccessibilityServiceImpl( 6206): 收到无障碍事件类型: 2048
04-15 21:49:36.113 D/AccessibilityServiceImpl( 6206): 窗口内容变化
04-15 21:49:36.115 D/AccessibilityServiceImpl( 6206): 收到无障碍事件类型: 4
04-15 21:49:36.159 D/Linux   ( 6206): [Posix_connect Debug]Process com.zbb.automation :8081
04-15 21:49:36.223 D/AccessibilityServiceImpl( 6206): 收到无障碍事件类型: 2048
04-15 21:49:36.224 D/AccessibilityServiceImpl( 6206): 窗口内容变化
04-15 21:49:36.306 E/libprocessgroup( 6868): set_timerslack_ns write failed: Operation not permitted
04-15 21:49:36.306 E/libprocessgroup( 6868): set_timerslack_ns write failed: Operation not permitted
04-15 21:49:36.338 D/AccessibilityServiceImpl( 6206): 收到无障碍事件类型: 2048
04-15 21:49:36.339 D/AccessibilityServiceImpl( 6206): 窗口内容变化
04-15 21:49:36.454 D/AccessibilityServiceImpl( 6206): 收到无障碍事件类型: 2048
04-15 21:49:36.455 D/AccessibilityServiceImpl( 6206): 窗口内容变化
04-15 21:49:36.522 W/com.tencent.mm(30223): type=1400 audit(0.0:183908): avc: granted { execute } for path="/data/data/com.tencent.mm/app_xweb_data/xweb_1460055/apk/oat/arm64/base.odex" dev="dm-10" ino=81147 scontext=u:r:untrusted_app:s0:c246,c256,c512,c768 tcontext=u:object_r:app_data_file:s0:c246,c256,c512,c768 tclass=file app=com.tencent.mm
04-15 21:49:36.533 I/com.tencent.mm(30223): Background young concurrent copying GC freed 535559(20MB) AllocSpace objects, 85(1752KB) LOS objects, 14% free, 65MB/76MB, paused 232us,181us total 100.568ms
04-15 21:49:36.541 I/PSCoreBridge(30223): setStandAloneMode:false
04-15 21:49:36.538 W/com.tencent.mm(30223): type=1400 audit(0.0:183909): avc: granted { execute } for path="/data/data/com.tencent.mm/app_xweb_data/xweb_1460055/extracted_xwalkcore/libWXAMSDK.so" dev="dm-10" ino=51732 scontext=u:r:untrusted_app:s0:c246,c256,c512,c768 tcontext=u:object_r:app_data_file:s0:c246,c256,c512,c768 tclass=file app=com.tencent.mm
04-15 21:49:36.538 W/com.tencent.mm(30223): type=1400 audit(0.0:183910): avc: granted { execute } for path="/data/data/com.tencent.mm/app_xweb_data/xweb_1460055/extracted_xwalkcore/libffmpeg.so" dev="dm-10" ino=51492 scontext=u:r:untrusted_app:s0:c246,c256,c512,c768 tcontext=u:object_r:app_data_file:s0:c246,c256,c512,c768 tclass=file app=com.tencent.mm
04-15 21:49:36.542 W/com.tencent.mm(30223): type=1400 audit(0.0:183911): avc: granted { execute } for path="/data/data/com.tencent.mm/app_xweb_data/xweb_1460055/extracted_xwalkcore/libxwebcore.so" dev="dm-10" ino=48754 scontext=u:r:untrusted_app:s0:c246,c256,c512,c768 tcontext=u:object_r:app_data_file:s0:c246,c256,c512,c768 tclass=file app=com.tencent.mm
04-15 21:49:36.552 I/XWeb.Core(30223): [0415/214936.552047:INFO:xweb/xweb_pinus/lib/webview_entry_point.cc:38] JNI_OnLoad start register jni
04-15 21:49:36.552 I/XWeb.Core(30223): [0415/214936.552533:INFO:xweb/xweb_pinus/lib/webview_entry_point.cc:44] JNI_OnLoad end
04-15 21:49:36.553 I/PSViewDelegate(30223): setNotifyCallBackChannel:gr5.i@ea870a0
04-15 21:49:36.553 I/XWebCallBackChannel(30223): SetNotifyCallBackChannel, callback:gr5.i@ea870a0
04-15 21:49:36.554 I/PSViewDelegate(30223): setLogCallBack:gr5.j@bc8e459
04-15 21:49:36.571 D/AccessibilityServiceImpl( 6206): 收到无障碍事件类型: 2048
04-15 21:49:36.571 D/AccessibilityServiceImpl( 6206): 窗口内容变化
04-15 21:49:36.582 I/XWeb.Core(30223): [0415/214936.582041:INFO:xweb/xweb_comm/modules/hevc_hls_support/xweb_hevc_and_hls_switcher.cc:20] [XWEB_HEVC_HLS_SUPPORT] enable hevc and hls
04-15 21:49:36.610 I/XWeb.Core(30223): [0415/214936.610944:INFO:xweb/xweb_pinus/lib/webview_jni_onload.cc:20] OnJNIOnLoadInit
04-15 21:49:36.618 I/XWeb.Core.fake_dlfcn(30223): 6c8ef0a000-6c8eff0000 r-xp 00000000 fd:0a 63378                          /data/app/~~1N9La9Xt_Eo1BzVcJyCj-A==/com.tencent.mm-VjqhVGRAcUYFaUSueWTakQ==/lib/arm64/libwechatxlog.so
04-15 21:49:36.619 I/XWeb.Core.fake_dlfcn(30223): /data/app/~~1N9La9Xt_Eo1BzVcJyCj-A==/com.tencent.mm-VjqhVGRAcUYFaUSueWTakQ==/lib/arm64/libwechatxlog.so loaded in Android at 0x6c8ef0a000
04-15 21:49:36.619 I/XWeb.Core.fake_dlfcn(30223): xlogger_IsEnabledFor found at 0x6c8ef41330
04-15 21:49:36.619 I/XWeb.Core.fake_dlfcn(30223): xlogger_VPrint found at 0x6c8ef4143c
04-15 21:49:36.619 I/XWeb.Core(30223): [0415/214936.619169:INFO:xweb/xweb_comm/xweb_common_logic.cc:88] [XWEB] initNativeXlog success
04-15 21:49:36.619 I/XWeb.Core(30223): [0415/214936.619204:INFO:xweb/xweb_comm/xweb_common_logic.cc:217] [XWEB_COMMON] CommonLogic g_library_process_type:PROCESS_BROWSER:1
04-15 21:49:36.655 W/libc    (30223): Access denied finding property "ro.vendor.api_level"
04-15 21:49:36.670 W/com.tencent.mm(30223): type=1400 audit(0.0:183912): avc: granted { execute } for path="/data/data/com.tencent.mm/app_xweb_data/xweb_1460055/extracted_xwalkcore/oat/arm64/media_player_extension.odex" dev="dm-10" ino=81409 scontext=u:r:untrusted_app:s0:c246,c256,c512,c768 tcontext=u:object_r:app_data_file:s0:c246,c256,c512,c768 tclass=file app=com.tencent.mm
04-15 21:49:36.680 I/XWebSysUtils(30223): setLocalStoragePatthSuffix = com.tencent.mm.619
04-15 21:49:36.798 E/leged_process_( 7493): Not starting debugger since process cannot load the jdwp agent.
04-15 21:49:36.801 D/ProcessState( 7493): Binder ioctl to enable oneway spam detection failed: Invalid argument
04-15 21:49:36.825 D/CompatibilityChangeReporter( 7493): Compat change id reported: 171979766; UID 10246; state: ENABLED
04-15 21:49:36.839 D/ApplicationLoaders( 7493): Returning zygote-cached class loader: /system/framework/android.test.base.jar
04-15 21:49:36.866 V/GraphicsEnvironment( 7493): ANGLE Developer option for 'com.tencent.mm' set to: 'default'
04-15 21:49:36.866 V/GraphicsEnvironment( 7493): App is not on the allowlist for updatable production driver.
04-15 21:49:36.867 D/NetworkSecurityConfig( 7493): Using Network Security Config from resource b7 debugBuild: false
04-15 21:49:36.867 D/NetworkSecurityConfig( 7493): Using Network Security Config from resource b7 debugBuild: false
04-15 21:49:36.886 D/AccessibilityServiceImpl( 6206): 收到无障碍事件类型: 2048
04-15 21:49:36.887 D/AccessibilityServiceImpl( 6206): 窗口内容变化
04-15 21:49:36.897 W/leged_process_( 7493): Accessing hidden field Landroid/app/ActivityThread$H;->RELAUNCH_ACTIVITY:I (max-target-o, reflection, denied)
04-15 21:49:36.903 W/leged_process_( 7493): Accessing hidden field Landroid/app/ActivityThread$H;->APPLICATION_INFO_CHANGED:I (max-target-o, reflection, denied)
04-15 21:49:36.963 V/NativeCrash( 7493): Alternative stack installed.
04-15 21:49:36.963 V/NativeCrash( 7493): Signal handler installed.
04-15 21:49:36.999 I/XWeb.Core( 7493): initResource ts:1776260976999 locales:[af, af_FEMININE, af_MASCULINE, af_NEUTER, am, am_FEMININE, am_MASCULINE, am_NEUTER, ar, ar_FEMININE, ar_MASCULINE, ar_NEUTER, as, as_FEMININE, as_MASCULINE, as_NEUTER, az, az_FEMININE, az_MASCULINE, az_NEUTER, be, be_FEMININE, be_MASCULINE, be_NEUTER, bg, bg_FEMININE, bg_MASCULINE, bg_NEUTER, bn, bn_FEMININE, bn_MASCULINE, bn_NEUTER, bs, bs_FEMININE, bs_MASCULINE, bs_NEUTER, ca, ca_FEMININE, ca_MASCULINE, ca_NEUTER, cs, cs_FEMININE, cs_MASCULINE, cs_NEUTER, da, da_FEMININE, da_MASCULINE, da_NEUTER, de, de_FEMININE, de_MASCULINE, de_NEUTER, el, el_FEMININE, el_MASCULINE, el_NEUTER, en-GB, en-GB_FEMININE, en-GB_MASCULINE, en-GB_NEUTER, en-US, en-US_FEMININE, en-US_MASCULINE, en-US_NEUTER, es, es-419, es-419_FEMININE, es-419_MASCULINE, es-419_NEUTER, es_FEMININE, es_MASCULINE, es_NEUTER, et, et_FEMININE, et_MASCULINE, et_NEUTER, eu, eu_FEMININE, eu_MASCULINE, eu_NEUTER, fa, fa_FEMININE, fa_MASCULINE, fa_NEUTER, fi, fi_FEMININE, fi_MASCULINE, fi_NEUTER, fil, fil_FEMININE, fil_MASCULINE, fil_NEUTER, fr, fr-CA, fr-CA_FEMININE, fr-CA_MASCULINE, fr-CA_NEUTER, fr_FEMININE, fr_MASCULINE, fr_NEUTER, gl, gl_FEMININE, gl_MASCULINE, gl_NEUTER, gu, gu_FEMININE, gu_MASCULINE, gu_NEUTER, he, he_FEMININE, he_MASCULINE, he_NEUTER, hi, hi_FEMININE, hi_MASCULINE, hi_NEUTER, hr, hr_FEMININE, hr_MASCULINE, hr_NEUTER, hu, hu_FEMININE, hu_MASCULINE, hu_NEUTER, hy, hy_FEMININE, hy_MASCULINE, hy_NEUTER, id, id_FEMININE, id_MASCULINE, id_NEUTER, is, is_FEMININE, is_MASCULINE, is_NEUTER, it, it_FEMININE, it_MASCULINE, it_NEUTER, ja, ja_FEMININE, ja_MASCULINE, ja_NEUTER, ka, ka_FEMININE, ka_MASCULINE, ka_NEUTER, kk, kk_FEMININE, kk_MASCULINE, kk_NEUTER, km, km_FEMININE, km_MASCULINE, km_NEUTER, kn, kn_FEMININE, kn_MASCULINE, kn_NEUTER, ko, ko_FEMININE, ko_MASCULINE, ko_NEUTER, ky, ky_FEMININE, ky_MASCULINE, ky_NEUTER, lo, lo_FEMININE, lo_MASCULINE, lo_NEUTER, lt, lt_FEMININE, lt_MASCULINE, lt_NEUTER, lv, lv_FEMININE, lv_MASCULINE, lv_NEUTER, mk, mk_FEMININE, mk_MASCULINE, mk_NEUTER, ml, ml_FEMININE, ml_MASCULINE, ml_NEUTER, mn, mn_FEMININE, mn_MASCULINE, mn_NEUTER, mr, mr_FEMININE, mr_MASCULINE, mr_NEUTER, ms, ms_FEMININE, ms_MASCULINE, ms_NEUTER, my, my_FEMININE, my_MASCULINE, my_NEUTER, nb, nb_FEMININE, nb_MASCULINE, nb_NEUTER, ne, ne_FEMININE, ne_MASCULINE, ne_NEUTER, nl, nl_FEMININE, nl_MASCULINE, nl_NEUTER, or, or_FEMININE, or_MASCULINE, or_NEUTER, pa, pa_FEMININE, pa_MASCULINE, pa_NEUTER, pl, pl_FEMININE, pl_MASCULINE, pl_NEUTER, pt-BR, pt-BR_FEMININE, pt-BR_MASCULINE, pt-BR_NEUTER, pt-PT, pt-PT_FEMININE, pt-PT_MASCULINE, pt-PT_NEUTER, ro, ro_FEMININE, ro_MASCULINE, ro_NEUTER, ru, ru_FEMININE, ru_MASCULINE, ru_NEUTER, si, si_FEMININE, si_MASCULINE, si_NEUTER, sk, sk_FEMININE, sk_MASCULINE, sk_NEUTER, sl, sl_FEMININE, sl_MASCULINE, sl_NEUTER, sq, sq_FEMININE, sq_MASCULINE, sq_NEUTER, sr, sr-Latn, sr-Latn_FEMININE, sr-Latn_MASCULINE, sr-Latn_NEUTER, sr_FEMININE, sr_MASCULINE, sr_NEUTER, sv, sv_FEMININE, sv_MASCULINE, sv_NEUTER, sw, sw_FEMININE, sw_MASCULINE, sw_NEUTER, ta, ta_FEMININE, ta_MASCULINE, ta_NEUTER, te, te_FEMININE, te_MASCULINE, te_NEUTER, th, th_FEMININE, th_MASCULINE, th_NEUTER, tr, tr_FEMININE, tr_MASCULINE, tr_NEUTER, uk, uk_FEMININE, uk_MASCULINE, uk_NEUTER, ur, ur_FEMININE, ur_MASCULINE, ur_NEUTER, uz, uz_FEMININE, uz_MASCULINE, uz_NEUTER, vi, vi_FEMININE, vi_MASCULINE, vi_NEUTER, zh-CN, zh-CN_FEMININE, zh-CN_MASCULINE, zh-CN_NEUTER, zh-HK, zh-HK_FEMININE, zh-HK_MASCULINE, zh-HK_NEUTER, zh-TW, zh-TW_FEMININE, zh-TW_MASCULINE, zh-TW_NEUTER, zu, zu_FEMININE, zu_MASCULINE, zu_NEUTER]
04-15 21:49:37.000 I/XWeb.Core( 7493): [XWEB_MULTI_PROCESS_POLICY] ChildProcessService service:com.tencent.xweb.pinus.sdk.process.PrivilegedProcessService0@4249288 ts:1776260977000
04-15 21:49:37.000 I/XWeb.Core( 7493): loadXWebLibraryInNonIsolatedProcess do nothing now because of ffmpeg.so
04-15 21:49:37.004 I/XWeb.Core( 7493): [XWEB_MULTI_PROCESS_POLICY] onCreate, creating new ChildProcessService pid=7493
04-15 21:49:37.004 I/XWeb.Core( 7493): [XWEB_MULTI_PROCESS_POLICY] onBind mServiceBound:false ts:1776260977004
04-15 21:49:37.004 I/XWeb.Core( 7493): loadXWebLibraryInNonIsolatedProcess, from runtime, start
04-15 21:49:37.004 I/XWeb.Core( 7493): loadXWebLibraryInNonIsolatedProcess load:/data/user/0/com.tencent.mm/app_xweb_data/xweb_1460055/extracted_xwalkcore/libWXAMSDK.so
04-15 21:49:37.004 I/XWeb.Core( 7493): [XWEB_MULTI_PROCESS_POLICY] mainThreadMain pid:7493 ts:1776260977004
04-15 21:49:37.006 I/XWeb.Core( 7493): loadXWebLibraryInNonIsolatedProcess, from runtime, start
04-15 21:49:37.006 I/XWeb.Core( 7493): loadXWebLibraryInNonIsolatedProcess load:/data/user/0/com.tencent.mm/app_xweb_data/xweb_1460055/extracted_xwalkcore/libffmpeg.so
04-15 21:49:37.007 I/XWeb.Core( 7493): loadXWebLibraryInNonIsolatedProcess load:/data/user/0/com.tencent.mm/app_xweb_data/xweb_1460055/extracted_xwalkcore/libxwebcore.so
04-15 21:49:37.014 I/XWeb.Core( 7493): [0415/214937.014532:INFO:xweb/xweb_pinus/lib/webview_entry_point.cc:38] JNI_OnLoad start register jni
04-15 21:49:37.015 I/XWeb.Core( 7493): [0415/214937.015020:INFO:xweb/xweb_pinus/lib/webview_entry_point.cc:44] JNI_OnLoad end
04-15 21:49:37.015 I/XWeb.Core( 7493): loadXWebLibraryInNonIsolatedProcess, finish
04-15 21:49:37.015 I/XWeb.Core( 7493): setCustomFontInChildProcess serviceName:com.tencent.xweb.pinus.sdk.process.PrivilegedProcessService0, processType:gpu-process
04-15 21:49:37.018 I/XWeb.Core( 7493): [XWEB_MULTI_PROCESS_POLICY] bindToCaller, clazz:dalvik.system.DexClassLoader[DexPathList[[zip file "/data/user/0/com.tencent.mm/app_xweb_data/xweb_1460055/apk/base.apk"],nativeLibraryDirectories=[/data/user/0/com.tencent.mm/app_xweb_data/xweb_1460055/extracted_xwalkcore, /system/lib64, /system/system_ext/lib64]]]239547103
04-15 21:49:37.020 I/XWeb.Core( 7493): [XWEB_MULTI_PROCESS_POLICY] setupConnection ts:1776260977020
04-15 21:49:37.020 I/XWeb.Core( 7493): [XWEB_MULTI_PROCESS_POLICY] createXWebChildProcessService ts:1776260977020
04-15 21:49:37.020 I/XWeb.Core( 7493): [0415/214937.020891:INFO:xweb/xweb_pinus/lib/webview_jni_onload.cc:20] OnJNIOnLoadInit
04-15 21:49:37.026 E/XWeb.Core.fake_dlfcn( 7493):  not found in my userspace
04-15 21:49:37.026 E/XWeb.Core( 7493): [0415/214937.026590:ERROR:xweb/xweb_comm/xweb_common_logic.cc:74] [XWEB] initNativeXlog fake_dlopen fail
04-15 21:49:37.026 I/XWeb.Core( 7493): [0415/214937.026632:INFO:xweb/xweb_comm/xweb_common_logic.cc:219] [XWEB_COMMON] CommonLogic g_library_process_type:PROCESS_CHILD:4
04-15 21:49:37.026 I/XWeb.Core( 7493): [0415/214937.026756:INFO:xweb/xweb_pinus/lib/webview_jni_onload.cc:24] OnJNIOnLoadInit end
04-15 21:49:37.027 I/XWeb.Core( 7493): [0415/214937.027785:INFO:xweb/xweb_comm/modules/proxy_detail/proxy_detail_config.cc:44] [XWEB_PROXY_DETAIL] ProxyDetailConfig, enable_log_all_ is false
04-15 21:49:37.028 I/XWeb.Core( 7493): [0415/214937.028027:INFO:base/files/memory_mapped_file_posix.cc:105] [XWEB_MULTI_PROCESS] mmap file, file_path:93, map_start:28672, map_size:9248768, data_offset:3940, flags:1
04-15 21:49:37.028 I/XWeb.Core( 7493): [0415/214937.028117:INFO:base/i18n/icu_util.cc:310] [XWEB_RESOURCES_FIX] |InitializeICUWithFileDescriptorInternal|. err: 0
04-15 21:49:37.028 E/XWeb.Core( 7493): [0415/214937.028616:ERROR:base/i18n/rtl.cc:160] Failed to set the ICU default locale to . Falling back to en-US.
04-15 21:49:37.029 W/XWeb.Core( 7493): [0415/214937.029078:WARNING:xweb_tracing_config.cc:22] [XWEB_COMP_HW_PERFETTO] xweb_comp_hw_perfetto:0
04-15 21:49:37.038 I/XWeb.Core( 7493): [0415/214937.038331:INFO:ui/gl/gl_switches.cc:297] [XWEB_DEFAULT_ANGLE_VULKAN_FIX] |IsDefaultANGLEVulkan| base::FeatureList::IsEnabled(kDefaultANGLEVulkan): 0
04-15 21:49:37.044 D/hw-ProcessState( 7493): Binder ioctl to enable oneway spam detection failed: Invalid argument
04-15 21:49:37.063 I/XWeb.Core( 7493): [0415/214937.063031:INFO:xweb/xweb_base/modules/gpu_workarounds/xweb_gpu_workarounds.cc:23] [XWEB_GPU_WORKAROUNDS] has switch kXwebGpuWorkarounds, GetSwitchValueASCII, cl_string:{"features":["use_virtualized_gl_contexts"],"gl_renderer":"Maleoon.*","gl_vendor":"HUAWEI"}
04-15 21:49:37.063 I/XWeb.Core( 7493): [0415/214937.063160:INFO:xweb/xweb_base/modules/gpu_workarounds/xweb_gpu_workarounds.cc:38] [XWEB_GPU_WORKAROUNDS] feature: use_virtualized_gl_contexts
04-15 21:49:37.063 I/XWeb.Core( 7493): [0415/214937.063187:INFO:xweb/xweb_base/modules/gpu_workarounds/xweb_gpu_workarounds.cc:45] [XWEB_GPU_WORKAROUNDS] value for renderer_string: Maleoon.*
04-15 21:49:37.063 I/XWeb.Core( 7493): [0415/214937.063201:INFO:xweb/xweb_base/modules/gpu_workarounds/xweb_gpu_workarounds.cc:50] [XWEB_GPU_WORKAROUNDS] value for vendor_string: HUAWEI
04-15 21:49:37.063 I/XWeb.Core( 7493): [0415/214937.063219:INFO:gpu/config/gpu_util.cc:91] [XWEB_GPU_WORKAROUNDS] gpu_info.gl_vendor:ARM, gpu_info.gl_renderer:Mali-G57 MC2
04-15 21:49:37.063 I/XWeb.Core( 7493): [0415/214937.063242:INFO:gpu/config/gpu_util.cc:104] [XWEB_GPU_WORKAROUNDS] regex not match
04-15 21:49:37.075 I/XWeb.Core( 7493): [0415/214937.075047:INFO:xweb/xweb_comm/gpu/xweb_content_gpu_client.cc:84] [XWEB_COMMON] logging::SetLogMessageHandler gpu XWeblogHandler
04-15 21:49:37.077 I/XWeb.Core( 7493): [0415/214937.075527:INFO:xweb/xweb_comm/gpu/xweb_content_gpu_client.cc:89] [XWEB_COMMON] royle-sameLayer XWebContentGpuClient::GpuServiceInitialized in_process_gpu_:0, com.tencent.mm:xweb_privileged_process_0, thread name:CrGpuMain
04-15 21:49:37.077 I/XWeb.Core( 7493): [0415/214937.077686:INFO:xweb/xweb_comm/modules/same_layer/extend_plugin_peer.cc:60] [XWEB_SAME_LAYER] royle-sameLayer ExtendPluginPeer::ExtendPluginPeer process_type:gpu-process, in_process_gpu_:0
04-15 21:49:37.078 W/libc    ( 7493): Access denied finding property "ro.vendor.api_level"
04-15 21:49:37.195 D/AccessibilityServiceImpl( 6206): 收到无障碍事件类型: 2048
04-15 21:49:37.195 D/AccessibilityServiceImpl( 6206): 窗口内容变化
04-15 21:49:37.294 D/AccessibilityServiceImpl( 6206): 收到无障碍事件类型: 2048
04-15 21:49:37.295 D/AccessibilityServiceImpl( 6206): 窗口内容变化
04-15 21:49:37.391 I/ReactNativeJS( 6206): [ZBB INFO] [小程序：步骤3] 检查是否进入报备页面...
04-15 21:49:37.395 W/AccessibilityServiceImpl( 6206): recognizeText 尝试在非主线程调用，已在主线程重新执行
04-15 21:49:37.407 D/AccessibilityServiceImpl( 6206): Node OCR 识别到 0 个文字节点
04-15 21:49:37.729 I/nt.mm:appbrand( 6868): Explicit concurrent copying GC freed 188815(9361KB) AllocSpace objects, 106(24MB) LOS objects, 49% free, 14MB/29MB, paused 190us,89us total 163.186ms
04-15 21:49:37.766 D/AccessibilityServiceImpl( 6206): 收到无障碍事件类型: 2048
04-15 21:49:37.766 D/AccessibilityServiceImpl( 6206): 窗口内容变化
04-15 21:49:38.027 I/nt.mm:appbrand( 6895): Explicit concurrent copying GC freed 74443(4281KB) AllocSpace objects, 34(57MB) LOS objects, 50% free, 15MB/30MB, paused 144us,56us total 136.384ms
04-15 21:49:38.175 D/Linux   ( 6206): [Posix_connect Debug]Process com.zbb.automation :8081
04-15 21:49:38.467 W/MediaCodec-JNI( 7493): pid:7493,client name:com.tencent.mm:xweb_privileged_process_0
04-15 21:49:38.484 W/AudioCapabilities( 7493): Unsupported mime audio/x-ms-wma
04-15 21:49:38.484 W/AudioCapabilities( 7493): Unsupported mime audio/x-ms-wma
04-15 21:49:38.485 W/AudioCapabilities( 7493): Unsupported mime audio/mpeg-L1
04-15 21:49:38.485 W/AudioCapabilities( 7493): Unsupported mime audio/mpeg-L2
04-15 21:49:38.485 W/AudioCapabilities( 7493): Unsupported mime audio/mpeg-L1
04-15 21:49:38.485 W/AudioCapabilities( 7493): Unsupported mime audio/mpeg-L2
04-15 21:49:38.485 W/AudioCapabilities( 7493): Unsupported mime audio/ra
04-15 21:49:38.485 W/AudioCapabilities( 7493): Unsupported mime audio/ra
04-15 21:49:38.485 W/AudioCapabilities( 7493): Unsupported mime audio/alac
04-15 21:49:38.485 W/AudioCapabilities( 7493): Unsupported mime audio/alac
04-15 21:49:38.485 W/AudioCapabilities( 7493): Unsupported mime audio/ape
04-15 21:49:38.485 W/AudioCapabilities( 7493): Unsupported mime audio/x-ape
04-15 21:49:38.485 W/AudioCapabilities( 7493): Unsupported mime audio/ape
04-15 21:49:38.485 W/AudioCapabilities( 7493): Unsupported mime audio/x-ape
04-15 21:49:38.485 W/AudioCapabilities( 7493): Unsupported mime audio/adpcm
04-15 21:49:38.485 W/AudioCapabilities( 7493): Unsupported mime audio/x-ms-adpcm
04-15 21:49:38.486 W/AudioCapabilities( 7493): Unsupported mime audio/pcm
04-15 21:49:38.486 W/AudioCapabilities( 7493): Unsupported mime audio/pcm
04-15 21:49:38.486 W/AudioCapabilities( 7493): Unsupported mime audio/dsd
04-15 21:49:38.486 W/AudioCapabilities( 7493): Unsupported mime audio/dsd
04-15 21:49:38.486 W/VideoCapabilities( 7493): Unsupported mime video/rv
04-15 21:49:38.486 W/VideoCapabilities( 7493): Unsupported mime video/rv
04-15 21:49:38.486 W/VideoCapabilities( 7493): Unsupported mime video/x-ms-wmv
04-15 21:49:38.487 W/VideoCapabilities( 7493): Unsupported mime video/x-ms-wmv2
04-15 21:49:38.487 W/VideoCapabilities( 7493): Unsupported mime video/x-ms-wmv
04-15 21:49:38.487 W/VideoCapabilities( 7493): Unsupported mime video/x-ms-wmv2
04-15 21:49:38.487 W/VideoCapabilities( 7493): Unsupported mime video/divx3
04-15 21:49:38.487 W/VideoCapabilities( 7493): Unsupported mime video/divx3
04-15 21:49:38.487 W/VideoCapabilities( 7493): Unsupported mime video/flv1
04-15 21:49:38.487 W/VideoCapabilities( 7493): Unsupported mime video/x-flv
04-15 21:49:38.487 W/VideoCapabilities( 7493): Unsupported mime video/flv1
04-15 21:49:38.487 W/VideoCapabilities( 7493): Unsupported mime video/x-flv
04-15 21:49:38.487 W/VideoCapabilities( 7493): Unsupported mime video/mjpeg
04-15 21:49:38.488 W/VideoCapabilities( 7493): Unsupported mime video/x-motion-jpeg
04-15 21:49:38.488 W/VideoCapabilities( 7493): Unsupported mime video/mjpeg
04-15 21:49:38.488 W/VideoCapabilities( 7493): Unsupported mime video/x-motion-jpeg
04-15 21:49:38.488 W/AudioCapabilities( 7493): Unsupported mime audio/x-adpcm-dvi-ima
04-15 21:49:38.488 W/AudioCapabilities( 7493): Unsupported mime audio/x-adpcm-dvi-ima
04-15 21:49:38.488 W/AudioCapabilities( 7493): Unsupported mime audio/x-adpcm-ms
04-15 21:49:38.488 W/AudioCapabilities( 7493): Unsupported mime audio/x-adpcm-ms
04-15 21:49:38.488 W/AudioCapabilities( 7493): Unsupported mime audio/alac
04-15 21:49:38.488 W/AudioCapabilities( 7493): Unsupported mime audio/alac
04-15 21:49:38.488 W/AudioCapabilities( 7493): Unsupported mime audio/ape
04-15 21:49:38.489 W/AudioCapabilities( 7493): Unsupported mime audio/ape
04-15 21:49:38.492 W/VideoCapabilities( 7493): Unsupported mime image/vnd.android.heic
04-15 21:49:38.492 W/VideoCapabilities( 7493): Unsupported mime image/vnd.android.heic
04-15 21:49:38.492 W/VideoCapabilities( 7493): Unsupported mime image/vnd.android.heic
04-15 21:49:38.494 W/VideoCapabilities( 7493): Unsupported mime video/x-ms-wmv
04-15 21:49:38.494 W/VideoCapabilities( 7493): Unsupported mime video/x-ms-wmv
04-15 21:49:39.321 W/System  (30223): A resource failed to call close.
04-15 21:49:39.321 W/System  (30223): A resource failed to call close.
04-15 21:49:39.321 W/System  (30223): A resource failed to call close.
04-15 21:49:39.322 W/System  (30223): A resource failed to call close.
04-15 21:49:39.323 W/System  (30223): A resource failed to call close.
04-15 21:49:39.323 W/System  (30223): A resource failed to call close.
04-15 21:49:39.417 W/AccessibilityServiceImpl( 6206): recognizeText 尝试在非主线程调用，已在主线程重新执行
04-15 21:49:39.424 D/AccessibilityServiceImpl( 6206): Node OCR 识别到 0 个文字节点
04-15 21:49:40.196 D/Linux   ( 6206): [Posix_connect Debug]Process com.zbb.automation :8081
04-15 21:49:41.440 W/AccessibilityServiceImpl( 6206): recognizeText 尝试在非主线程调用，已在主线程重新执行
04-15 21:49:41.447 D/AccessibilityServiceImpl( 6206): Node OCR 识别到 0 个文字节点
04-15 21:49:42.226 D/Linux   ( 6206): [Posix_connect Debug]Process com.zbb.automation :8081
04-15 21:49:43.460 W/AccessibilityServiceImpl( 6206): recognizeText 尝试在非主线程调用，已在主线程重新执行
04-15 21:49:43.471 D/AccessibilityServiceImpl( 6206): Node OCR 识别到 0 个文字节点
04-15 21:49:43.702 I/ReactNativeJNI( 6206): Error occurred, shutting down websocket connection: WebSocket exception <Unknown error>
04-15 21:49:43.702 W/ReactNativeJNI( 6206): Couldn't connect to packager, will silently retry
04-15 21:49:43.707 E/unknown:ReconnectingWebSocket( 6206): Error occurred, shutting down websocket connection: Websocket exception
04-15 21:49:43.707 E/unknown:ReconnectingWebSocket( 6206): java.io.EOFException
04-15 21:49:43.707 E/unknown:ReconnectingWebSocket( 6206):      at okio.RealBufferedSource.require(RealBufferedSource.kt:204)
04-15 21:49:43.707 E/unknown:ReconnectingWebSocket( 6206):      at okio.RealBufferedSource.readByte(RealBufferedSource.kt:214)
04-15 21:49:43.707 E/unknown:ReconnectingWebSocket( 6206):      at okhttp3.internal.ws.WebSocketReader.readHeader(WebSocketReader.kt:119)
04-15 21:49:43.707 E/unknown:ReconnectingWebSocket( 6206):      at okhttp3.internal.ws.WebSocketReader.processNextFrame(WebSocketReader.kt:102)
04-15 21:49:43.707 E/unknown:ReconnectingWebSocket( 6206):      at okhttp3.internal.ws.RealWebSocket.loopReader(RealWebSocket.kt:293)
04-15 21:49:43.707 E/unknown:ReconnectingWebSocket( 6206):      at okhttp3.internal.ws.RealWebSocket$connect$1.onResponse(RealWebSocket.kt:195)
04-15 21:49:43.707 E/unknown:ReconnectingWebSocket( 6206):      at okhttp3.internal.connection.RealCall$AsyncCall.run(RealCall.kt:519)
04-15 21:49:43.707 E/unknown:ReconnectingWebSocket( 6206):      at java.util.concurrent.ThreadPoolExecutor.runWorker(ThreadPoolExecutor.java:1167)
04-15 21:49:43.707 E/unknown:ReconnectingWebSocket( 6206):      at java.util.concurrent.ThreadPoolExecutor$Worker.run(ThreadPoolExecutor.java:641)
04-15 21:49:43.707 E/unknown:ReconnectingWebSocket( 6206):      at java.lang.Thread.run(Thread.java:922)
04-15 21:49:43.708 W/unknown:ReconnectingWebSocket( 6206): Couldn't connect to "ws://192.168.31.55:8081/inspector/network", will silently retry
04-15 21:49:43.717 W/ReactNativeJS( 6206): Cannot connect to Metro.
04-15 21:49:43.717 W/ReactNativeJS( 6206):
04-15 21:49:43.717 W/ReactNativeJS( 6206): Try the following to fix the issue:
04-15 21:49:43.717 W/ReactNativeJS( 6206): - Ensure that Metro is running and available on the same network
04-15 21:49:43.717 W/ReactNativeJS( 6206): - Ensure that your device/emulator is connected to your machine and has USB debugging enabled - run 'adb devices' to see a list of connected devices
04-15 21:49:43.717 W/ReactNativeJS( 6206): - If you're on a physical device connected to the same machine, run 'adb reverse tcp:8081 tcp:8081' to forward requests from your device
04-15 21:49:43.717 W/ReactNativeJS( 6206): - If your device is on the same Wi-Fi network, set 'Debug server host & port for device' in 'Dev settings' to your machine's IP address and the port of the local dev server - e.g. 10.0.1.1:8081
04-15 21:49:43.717 W/ReactNativeJS( 6206):
04-15 21:49:43.717 W/ReactNativeJS( 6206): URL: 192.168.31.55:8081
04-15 21:49:43.717 W/ReactNativeJS( 6206):
04-15 21:49:43.717 W/ReactNativeJS( 6206): Error: undefined
04-15 21:49:43.977 E/libprocessgroup( 6868): set_timerslack_ns write failed: Operation not permitted
04-15 21:49:43.981 E/libprocessgroup( 6868): set_timerslack_ns write failed: Operation not permitted
04-15 21:49:43.983 E/libprocessgroup( 6868): set_timerslack_ns write failed: Operation not permitted