04-15 21:47:08.161 I/ReactNativeJS( 6206): [ZBB] 正在启动应用: com.ss.android.ugc.aweme
04-15 21:47:08.165 W/AccessibilityServiceImpl( 6206): launchApp 尝试在非主线程调用，已在主线程重新执行
04-15 21:47:08.172 W/unknown:ReactNative( 6206): StatusBarModule: Ignored status bar change, current activity is edge-to-edge.
04-15 21:47:08.172 W/unknown:ReactNative( 6206): StatusBarModule: Ignored status bar change, current activity is edge-to-edge.
04-15 21:47:08.242 I/BufferQueueConsumer( 6206): [](id:183e00000006,api:0,p:-1,c:6206) connect: controlledByApp=false
04-15 21:47:08.243 I/BLASTBufferQueue( 6206): [ViewRootImpl[]#6] constructor()
04-15 21:47:08.246 I/BufferQueueProducer( 6206): [ViewRootImpl[]#6(BLAST Consumer)6](id:183e00000006,api:1,p:6206,c:6206) connect: api=1 producerControlledByApp=true
04-15 21:47:08.303 D/CompatibilityChangeReporter( 6206): Compat change id reported: 147798919; UID 10294; state: ENABLED
04-15 21:47:08.323 D/AccessibilityServiceImpl( 6206): 正在启动应用: com.ss.android.ugc.aweme
04-15 21:47:08.347 D/AccessibilityServiceImpl( 6206): 应用启动成功: com.ss.android.ugc.aweme
04-15 21:47:08.348 D/AccessibilityServiceImpl( 6206): 收到无障碍事件类型: 2048
04-15 21:47:08.348 D/AccessibilityServiceImpl( 6206): 窗口内容变化
04-15 21:47:08.372 D/AudioManager( 6206): abandonAudioFocus  by com.zbb.automation
04-15 21:47:08.395 D/AccessibilityServiceImpl( 6206): 收到无障碍事件类型: 32
04-15 21:47:08.395 D/AccessibilityServiceImpl( 6206): 窗口变化: android.widget.LinearLayout
04-15 21:47:08.399 I/ReactNativeJS( 6206): [ZBB INFO] [抖音：步骤1] 抖音已启动，等待界面加载...
04-15 21:47:08.402 W/d.ugc.aweme:sm( 1631): Accessing hidden field Landroid/app/ActivityThread;->mLastProcessState:I (blocked, reflection, denied)
04-15 21:47:08.475 D/AccessibilityServiceImpl( 6206): 收到无障碍事件类型: 2048
04-15 21:47:08.475 D/AccessibilityServiceImpl( 6206): 窗口内容变化
04-15 21:47:08.475 D/AccessibilityServiceImpl( 6206): 收到无障碍事件类型: 64
04-15 21:47:08.475 D/AccessibilityServiceImpl( 6206): 收到通知 [com.zbb.automation]: ZBB 自动化流程开始！
04-15 21:47:08.475 D/AccessibilityServiceImpl( 6206): ZBB自动化
04-15 21:47:08.752 I/AudioManager(  585): In isBluetoothScoOn(), calling application: com.ss.android.ugc.aweme
04-15 21:47:08.754 D/AudioManager(  585): isBluetoothScoOn()=false
04-15 21:47:08.769 D/TaskScheduler(  585): clear task tid =594 affinity
04-15 21:47:08.866 D/AudioTrack(  585): stop(portId:70, sessionId:489): 0x6e572fade0, prior state:STATE_FLUSHED
04-15 21:47:08.869 V/PlayerBase(  585): baseStop() piid=719
04-15 21:47:08.875 V/PlayerBase(  585): baseRelease() piid=719 state=4
04-15 21:47:08.876 D/AudioTrack(  585): ~AudioTrack(70): 0x6e572fade0
04-15 21:47:08.876 D/AudioTrack(  585): getpackName client name com.ss.android.ugc.aweme(585)
04-15 21:47:08.877 D/AudioTrack(  585): stop(portId:70, sessionId:489): 0x6e572fade0, prior state:STATE_FLUSHED
04-15 21:47:08.985 I/BufferQueueProducer( 6206): [ViewRootImpl[MainActivity]#4(BLAST Consumer)4](id:183e00000004,api:1,p:6206,c:6206) disconnect: api 1
04-15 21:47:09.002 I/BLASTBufferQueue( 6206): [ViewRootImpl[MainActivity]#4] destructor()
04-15 21:47:09.002 I/BufferQueueConsumer( 6206): [ViewRootImpl[MainActivity]#4(BLAST Consumer)4](id:183e00000004,api:0,p:-1,c:6206) disconnect
04-15 21:47:09.023 W/RSpaceLiveRatio(  585): RSpaceLiveRatio newRatio = 75
04-15 21:47:09.288 D/ByteNN: (  585): version:[3.11.20], AB:[18:8e6].
04-15 21:47:09.288 I/ByteNN: (  585): ByteNN version: 3.11.20.
04-15 21:47:09.291 W/libc    (  585): Access denied finding property "ro.hardware.chipname"
04-15 21:47:09.291 D/ByteNN: (  585): Run ByteNN with CPU forward type.
04-15 21:47:09.292 W/libc    (  585): Access denied finding property "ro.hardware.chipname"
04-15 21:47:09.293 W/SweepInterpreterCacheOpt(  585): setCompileThreshold has value < 0
04-15 21:47:09.294 I/ByteNN: (  585): ByteNN finish init with backend 0
04-15 21:47:09.309 E/JitNterpHotnessOpt(  585): Error set nterp_hotness_lookup
04-15 21:47:09.494 I/Choreographer(  585): Skipped 45 frames!  The application may be doing too much work on its main thread.
04-15 21:47:09.525 D/NATIVE_ALLOCATOR(  585): hook to set MaxDequeuedBufferCount, from buffer count:2, to buffer count:3
04-15 21:47:09.525 I/BufferQueueConsumer(  585): [](id:24900000008,api:0,p:-1,c:585) connect: controlledByApp=false
04-15 21:47:09.526 I/BLASTBufferQueue(  585): [ViewRootImpl[SplashActivity]#6] constructor()
04-15 21:47:09.528 I/BufferQueueProducer(  585): [ViewRootImpl[SplashActivity]#6(BLAST Consumer)6](id:24900000008,api:1,p:585,c:585) connect: api=1 producerControlledByApp=true
04-15 21:47:09.529 D/NATIVE_ALLOCATOR(  585): hook to set MaxDequeuedBufferCount, from buffer count:2, to buffer count:3
04-15 21:47:09.603 D/Linux   ( 6206): [Posix_connect Debug]Process com.zbb.automation :8081
04-15 21:47:09.604 D/AudioManager(21997): dispatching onPlaybackConfigChanged()
04-15 21:47:09.605 D/AudioManager(21997): dispatching onPlaybackConfigChanged()
04-15 21:47:09.613 D/AudioManager(30223): dispatching onPlaybackConfigChanged()
04-15 21:47:09.615 D/AudioManager(30223): dispatching onPlaybackConfigChanged()
04-15 21:47:09.632 D/AccessibilityServiceImpl( 6206): 收到无障碍事件类型: 32
04-15 21:47:09.632 D/AccessibilityServiceImpl( 6206): 窗口变化: com.ss.android.ugc.aweme.main.MainActivity
04-15 21:47:09.634 I/OpenGLRenderer(  585): Davey! duration=854ms; Flags=1, FrameTimelineVsyncId=2858334, IntendedVsync=139128434091284, Vsync=139129184091299, InputEventId=0, HandleInputStart=139129189389677, AnimationStart=139129189391215, PerformTraversalsStart=139129189705061, DrawStart=139129224455831, FrameDeadline=139128454091284, FrameInterval=139129189287292, FrameStartTime=16666667, SyncQueued=139129255519292, SyncStart=139129255702984, IssueDrawCommandsStart=139129258116215, SwapBuffers=139129283352523, FrameCompleted=139129288391908, DequeueBufferDuration=1506385, QueueBufferDuration=677461, GpuCompleted=139129288391908, SwapBuffersCompleted=139129288257138, DisplayPresentTime=138631510135186,
04-15 21:47:09.655 V/ImeFocusController(  585): onWindowFocus: DecorView@aea2240[SplashActivity] softInputMode=STATE_ALWAYS_HIDDEN|ADJUST_RESIZE|IS_FORWARD_NAVIGATION
04-15 21:47:09.655 V/ImeFocusController(  585): Restarting due to isRestartOnNextWindowFocus as true
04-15 21:47:09.655 D/ImeFocusController(  585): onViewFocusChanged, view=DecorView@aea2240[SplashActivity], mServedView=DecorView@aea2240[SplashActivity]
04-15 21:47:09.655 V/ImeFocusController(  585): checkFocus: view=DecorView@aea2240[SplashActivity] next=DecorView@aea2240[SplashActivity] force=true package=com.ss.android.ugc.aweme
04-15 21:47:09.678 I/BLASTBufferQueue( 6206): releaseBufferCallbackThunk bufferId:26654567038993 framenumber:39 blastBufferQueue is dead
04-15 21:47:09.734 E/LiveStrategyNative(  585): [DNSOptimizeProcessor.cpp:1028]: LSSettings is null
04-15 21:47:09.770 D/AccessibilityServiceImpl( 6206): 收到无障碍事件类型: 32
04-15 21:47:09.778 D/AccessibilityServiceImpl( 6206): 窗口变化: com.ss.android.ugc.aweme.main.MainActivity
04-15 21:47:09.927 E/droid.ugc.awem(  585): Profile data size exceeds 1500000 bytes. Profile will not be written to disk. It requires 1931720 bytes.
04-15 21:47:09.927 W/droid.ugc.awem(  585): Could not save profiling info to /data/misc/profiles/cur/0/com.ss.android.ugc.aweme/primary.prof
04-15 21:47:10.022 E/droid.ugc.awem(  585): No package ID 0e found for ID 0x0ee592dd.
04-15 21:47:10.025 E/droid.ugc.awem(  585): No package ID 0e found for ID 0x0ee592dd.
04-15 21:47:10.027 E/droid.ugc.awem(  585): No package ID 0e found for ID 0x0ee592dd.
04-15 21:47:10.029 E/droid.ugc.awem(  585): No package ID 0e found for ID 0x0ee592dd.
04-15 21:47:10.099 D/NATIVE_ALLOCATOR(  585): hook to set MaxDequeuedBufferCount, from buffer count:2, to buffer count:3
04-15 21:47:10.099 I/BufferQueueConsumer(  585): [](id:24900000009,api:0,p:-1,c:585) connect: controlledByApp=false
04-15 21:47:10.100 I/BLASTBufferQueue(  585): [SurfaceView[com.ss.android.ugc.aweme/com.ss.android.ugc.aweme.splash.SplashActivity]#7] constructor()
04-15 21:47:10.128 E/droid.ugc.awem(  585): Profile data size exceeds 1500000 bytes. Profile will not be written to disk. It requires 1982977 bytes.
04-15 21:47:10.128 W/droid.ugc.awem(  585): Could not save profiling info to /data/misc/profiles/cur/0/com.ss.android.ugc.aweme/primary.prof
04-15 21:47:10.156 D/AccessibilityServiceImpl( 6206): 收到无障碍事件类型: 2048
04-15 21:47:10.156 D/AccessibilityServiceImpl( 6206): 窗口内容变化
04-15 21:47:10.166 I/BufferQueueProducer(  585): [SurfaceView[com.ss.android.ugc.aweme/com.ss.android.ugc.aweme.splash.SplashActivity]#7(BLAST Consumer)7](id:24900000009,api:1,p:585,c:585) connect: api=1 producerControlledByApp=true
--------- beginning of system
04-15 21:47:10.171 D/BatteryStatsService( 1296): notePemString  noteWhich: 49,arg1: 720, arg2: 1281, arg3: 585, arg4: 173, name: com.ss.android.ugc.aweme
04-15 21:47:10.179 D/NATIVE_ALLOCATOR(  585): hook to set MaxDequeuedBufferCount, from buffer count:2, to buffer count:3
04-15 21:47:10.179 I/BufferQueueConsumer(  585): [](id:2490000000a,api:0,p:-1,c:585) connect: controlledByApp=false
04-15 21:47:10.179 I/BLASTBufferQueue(  585): [SurfaceView[com.ss.android.ugc.aweme/com.ss.android.ugc.aweme.splash.SplashActivity]#8] constructor()
04-15 21:47:10.184 D/AudioTrack(  585): INSP: type=audio,case=1,set=0x6e57cd6c50,stream_type=-1,sample_rate=44100,format=0x1,channel_mask=0x3,frame_count=1888,flags=0x0,notification_frames=0,session_id=0,transfer_type=3,uid=-1,pid=-1
04-15 21:47:10.184 D/AudioTrack(  585): INSP: type=audio,case=1,attributes=1,content_type=2,usage=1,source=0,flags=0x800
04-15 21:47:10.184 D/AudioTrack(  585): getpackName client name com.ss.android.ugc.aweme(585)
04-15 21:47:10.184 D/AudioTrack(  585): getpackName client name com.ss.android.ugc.aweme(585)
04-15 21:47:10.184 D/AudioTrack(  585): set(): Building AudioTrack with attributes: usage = 1, content = 2, flags = 0x800, tags = []
04-15 21:47:10.184 D/AudioTrack(  585): getpackName client name com.ss.android.ugc.aweme(585)
04-15 21:47:10.184 E/AudioTrack(  585): getpackName can't get client name
04-15 21:47:10.184 D/AudioSystem(  585): +setParameters(): PlaybackCaptureProtectSupport=
04-15 21:47:10.185 D/AudioTrack(  585): getpackName client name com.ss.android.ugc.aweme(585)
04-15 21:47:10.190 D/AccessibilityServiceImpl( 6206): 收到无障碍事件类型: 2048
04-15 21:47:10.191 D/AccessibilityServiceImpl( 6206): 窗口内容变化
04-15 21:47:10.194 D/AccessibilityServiceImpl( 6206): 收到无障碍事件类型: 32
04-15 21:47:10.194 D/AccessibilityServiceImpl( 6206): 窗口变化: com.ss.android.ugc.aweme.homepage.tab.ui.CustomRelativeLayout
04-15 21:47:10.196 D/AudioTrack(  585): get APPSharePck , clientName com.ss.android.ugc.aweme  appSharePck NULL
04-15 21:47:10.196 D/AudioTrack(  585): set(): 0x6e57cd6c50, Create AudioTrackThread, tid = 6683
04-15 21:47:10.214 I/BufferQueueProducer(  585): [SurfaceView[com.ss.android.ugc.aweme/com.ss.android.ugc.aweme.splash.SplashActivity]#8(BLAST Consumer)8](id:2490000000a,api:1,p:585,c:585) connect: api=1 producerControlledByApp=true
04-15 21:47:10.218 D/AudioTrack(  585): createTrack_l(72): 0x6e57cd6c50, mCblk = 0x6c9d242000, mLatency = 84, mAfLatency = 42, frameCount = 1888, mSampleRate = 44100, mFlags = 0, mReqFrameCount = 1888, mNotificationFramesAct = 629
04-15 21:47:10.218 D/AudioTrack(  585): getpackName client name com.ss.android.ugc.aweme(585)
04-15 21:47:10.219 D/BatteryStatsService( 1296): notePemString  noteWhich: 49,arg1: 720, arg2: 1281, arg3: 585, arg4: 1227, name: com.ss.android.ugc.aweme
04-15 21:47:10.226 W/AudioTrack(  585): Use of stream types is deprecated for operations other than volume control
04-15 21:47:10.226 W/AudioTrack(  585): See the documentation of AudioTrack() for what to use instead with android.media.AudioAttributes to qualify your playback use case
04-15 21:47:10.229 V/PlayerBase(  585): baseStart() piid=735 deviceId=0
04-15 21:47:10.233 D/AudioTrack(  585): start(portId:72, sessionId:505): prior state:STATE_STOPPED
04-15 21:47:10.233 D/AudioManager(21997): dispatching onPlaybackConfigChanged()
04-15 21:47:10.233 D/AudioTrack(  585): getpackName client name com.ss.android.ugc.aweme(585)
04-15 21:47:10.233 D/AudioManager(30223): dispatching onPlaybackConfigChanged()
04-15 21:47:10.233 D/AudioTrack(  585): start(72): 0x6e57cd6c50, prior state:STATE_STOPPED
04-15 21:47:10.250 W/#gecko-update-t(  585): type=1400 audit(0.0:183721): avc: granted { execute } for path="/data/data/com.ss.android.ugc.aweme/files/plugins/com.ss.android.ugc.aweme.pcdn/version-38409008/lib/libodlDownloader.so" dev="dm-10" ino=55144 scontext=u:r:untrusted_app:s0:c234,c256,c512,c768 tcontext=u:object_r:app_data_file:s0:c234,c256,c512,c768 tclass=file app=com.ss.android.ugc.aweme
04-15 21:47:10.271 D/AudioManager(30223): dispatching onPlaybackConfigChanged()
04-15 21:47:10.271 D/AudioManager(21997): dispatching onPlaybackConfigChanged()
04-15 21:47:10.515 D/AccessibilityServiceImpl( 6206): 收到无障碍事件类型: 2048
04-15 21:47:10.515 D/AccessibilityServiceImpl( 6206): 窗口内容变化
04-15 21:47:10.520 D/AccessibilityServiceImpl( 6206): 收到无障碍事件类型: 32
04-15 21:47:10.520 D/AccessibilityServiceImpl( 6206): 窗口变化: android.widget.FrameLayout
04-15 21:47:10.537 D/BatteryStatsService( 1296): notePemString  noteWhich: 49,arg1: 720, arg2: 1281, arg3: 585, arg4: 173, name: com.ss.android.ugc.aweme
04-15 21:47:10.547 D/BatteryStatsService( 1296): notePemString  noteWhich: 49,arg1: 720, arg2: 1281, arg3: 585, arg4: 1227, name: com.ss.android.ugc.aweme
04-15 21:47:10.594 E/droid.ugc.awem(  585): Profile data size exceeds 1500000 bytes. Profile will not be written to disk. It requires 1982977 bytes.
04-15 21:47:10.594 W/droid.ugc.awem(  585): Could not save profiling info to /data/misc/profiles/cur/0/com.ss.android.ugc.aweme/primary.prof
04-15 21:47:10.769 D/HeapGCOptimizerV2#Native(  585): Heap SetIdealFootprint is called, origin: 234895568, new :234895568
04-15 21:47:10.769 I/droid.ugc.awem(  585): CollectorTransition concurrent copying GC freed 615462(31MB) AllocSpace objects, 137(0B) LOS objects, 10% free, 200MB/224MB, paused 357us,3.060ms total 409.900s
04-15 21:47:10.853 W/System  (  585): A resource failed to call release.
04-15 21:47:10.871 E/droid.ugc.awem(  585): Profile data size exceeds 1500000 bytes. Profile will not be written to disk. It requires 1983036 bytes.
04-15 21:47:10.871 W/droid.ugc.awem(  585): Could not save profiling info to /data/misc/profiles/cur/0/com.ss.android.ugc.aweme/primary.prof
04-15 21:47:10.892 W/ByteVC2_dec(  585): decoder [info]: BVC2: decoder (V0.9.8.0) is created! ctx = 0x6ed73c6780, gpu_mode = 0
04-15 21:47:10.894 W/ByteVC2_dec(  585): decoder [info]: BVC2: decoder (V0.9.8.0) is created! ctx = 0x6ed74135c0, gpu_mode = 0
04-15 21:47:10.902 W/ByteVC2_dec(  585): decoder [info]: BVC2: decoder (V0.9.8.0) is created! ctx = 0x6ed7410800, gpu_mode = 0
04-15 21:47:10.912 W/ByteVC2_dec(  585): decoder [info]: BVC2: decoder (V0.9.8.0) is created! ctx = 0x6ed73eb7c0, gpu_mode = 0
04-15 21:47:10.920 W/ByteVC2_dec(  585): decoder [info]: BVC2: decoder flush, ctx = 0x6ed73eb7c0
04-15 21:47:10.920 W/ByteVC2_dec(  585): decoder [info]: BVC2: decoder destroy, ctx = 0x6ed73eb7c0
04-15 21:47:10.930 W/ByteVC2_dec(  585): decoder [info]: BVC2: decoder (V0.9.8.0) is created! ctx = 0x6ed73f1300, gpu_mode = 0
04-15 21:47:10.950 W/ByteVC2_dec(  585): decoder [info]: BVC2: decoder flush, ctx = 0x6ed74135c0
04-15 21:47:10.950 W/ByteVC2_dec(  585): decoder [info]: BVC2: decoder destroy, ctx = 0x6ed74135c0
04-15 21:47:10.954 W/ByteVC2_dec(  585): decoder [info]: BVC2: decoder flush, ctx = 0x6ed7410800
04-15 21:47:10.957 W/ByteVC2_dec(  585): decoder [info]: BVC2: decoder destroy, ctx = 0x6ed7410800
04-15 21:47:10.958 I/ByteVC1_dec(  585): bytevc1_dec [info]: Bytedance bytevc1 ByteVC1 decoder (V2.4.2-commit-e5b733c4) is created.
04-15 21:47:10.958 I/ByteVC1_dec(  585):
04-15 21:47:10.970 W/ByteVC2_dec(  585): decoder [info]: BVC2: decoder flush, ctx = 0x6ed73c6780
04-15 21:47:10.979 W/ByteVC2_dec(  585): decoder [info]: BVC2: decoder destroy, ctx = 0x6ed73c6780
04-15 21:47:10.979 E/ttheif  (  585): [ttheif_dec.c, decode_to_rgb565_extern_buffer, 3910]decode error, enc_type: 2
04-15 21:47:10.979 W/ByteVC2_dec(  585): decoder [info]: BVC2: decoder flush, ctx = 0x6ed73f1300
04-15 21:47:10.979 W/ByteVC2_dec(  585): decoder [info]: BVC2: decoder destroy, ctx = 0x6ed73f1300
04-15 21:47:10.980 W/ByteVC2_dec(  585): decoder [info]: BVC2: decoder (V0.9.8.0) is created! ctx = 0x6ed73c6780, gpu_mode = 0
04-15 21:47:11.019 W/ByteVC2_dec(  585): decoder [info]: BVC2: decoder flush, ctx = 0x6ed73c6780
04-15 21:47:11.019 W/ByteVC2_dec(  585): decoder [info]: BVC2: decoder destroy, ctx = 0x6ed73c6780
04-15 21:47:11.019 E/ttheif  (  585): [ttheif_dec.c, decode_to_rgb565, 3647]decode error, enc_type: 2, has_alpha: 1 bit_depth: 8
04-15 21:47:11.033 E/HeifDecoderImpl(  585): getSize: not supported!
04-15 21:47:11.042 E/HeifDecoderImpl(  585): getSize: not supported!
04-15 21:47:11.043 E/HeifDecoderImpl(  585): getSize: not supported!
04-15 21:47:11.048 E/HeifDecoderImpl(  585): getSize: not supported!
04-15 21:47:11.053 D/HeifDecoderImpl(  585): No valid image or sequence available
04-15 21:47:11.053 D/skia    (  585): --- Failed to create image decoder with message 'invalid input'
04-15 21:47:11.070 I/ByteVC1_dec(  585): bytevc1_dec [info]: Bytedance bytevc1 ByteVC1 decoder (V2.4.2-commit-e5b733c4) is created.
04-15 21:47:11.070 I/ByteVC1_dec(  585):
04-15 21:47:11.129 E/droid.ugc.awem(  585): Profile data size exceeds 1500000 bytes. Profile will not be written to disk. It requires 1983958 bytes.
04-15 21:47:11.129 W/droid.ugc.awem(  585): Could not save profiling info to /data/misc/profiles/cur/0/com.ss.android.ugc.aweme/primary.prof
04-15 21:47:11.132 W/ByteVC2_dec(  585): decoder [info]: BVC2: decoder (V0.9.8.0) is created! ctx = 0x6ed73f1300, gpu_mode = 0
04-15 21:47:11.164 W/ByteVC2_dec(  585): decoder [info]: BVC2: decoder flush, ctx = 0x6ed73f1300
04-15 21:47:11.164 W/ByteVC2_dec(  585): decoder [info]: BVC2: decoder destroy, ctx = 0x6ed73f1300
04-15 21:47:11.164 E/ttheif  (  585): [ttheif_dec.c, decode_to_rgb565_extern_buffer, 3910]decode error, enc_type: 2
04-15 21:47:11.164 W/ByteVC2_dec(  585): decoder [info]: BVC2: decoder (V0.9.8.0) is created! ctx = 0x6ed73f1300, gpu_mode = 0
04-15 21:47:11.179 W/ByteVC2_dec(  585): decoder [info]: BVC2: decoder flush, ctx = 0x6ed73f1300
04-15 21:47:11.180 W/ByteVC2_dec(  585): decoder [info]: BVC2: decoder destroy, ctx = 0x6ed73f1300
04-15 21:47:11.180 E/ttheif  (  585): [ttheif_dec.c, decode_to_rgb565, 3647]decode error, enc_type: 2, has_alpha: 1 bit_depth: 8
04-15 21:47:11.182 E/HeifDecoderImpl(  585): getSize: not supported!
04-15 21:47:11.185 E/HeifDecoderImpl(  585): getSize: not supported!
04-15 21:47:11.185 E/HeifDecoderImpl(  585): getSize: not supported!
04-15 21:47:11.188 E/HeifDecoderImpl(  585): getSize: not supported!
04-15 21:47:11.189 D/HeifDecoderImpl(  585): No valid image or sequence available
04-15 21:47:11.190 D/skia    (  585): --- Failed to create image decoder with message 'invalid input'
04-15 21:47:11.195 W/ByteVC2_dec(  585): decoder [info]: BVC2: decoder (V0.9.8.0) is created! ctx = 0x6ed73c6780, gpu_mode = 0
04-15 21:47:11.218 W/ByteVC2_dec(  585): decoder [info]: BVC2: decoder flush, ctx = 0x6ed73c6780
04-15 21:47:11.218 W/ByteVC2_dec(  585): decoder [info]: BVC2: decoder destroy, ctx = 0x6ed73c6780
04-15 21:47:11.218 E/ttheif  (  585): [ttheif_dec.c, decode_to_rgb565_extern_buffer, 3910]decode error, enc_type: 2
04-15 21:47:11.219 W/ByteVC2_dec(  585): decoder [info]: BVC2: decoder (V0.9.8.0) is created! ctx = 0x6ed7410800, gpu_mode = 0
04-15 21:47:11.234 W/ByteVC2_dec(  585): decoder [info]: BVC2: decoder flush, ctx = 0x6ed7410800
04-15 21:47:11.234 W/ByteVC2_dec(  585): decoder [info]: BVC2: decoder destroy, ctx = 0x6ed7410800
04-15 21:47:11.234 E/ttheif  (  585): [ttheif_dec.c, decode_to_rgb565, 3647]decode error, enc_type: 2, has_alpha: 1 bit_depth: 8
04-15 21:47:11.236 E/HeifDecoderImpl(  585): getSize: not supported!
04-15 21:47:11.239 E/HeifDecoderImpl(  585): getSize: not supported!
04-15 21:47:11.239 E/HeifDecoderImpl(  585): getSize: not supported!
04-15 21:47:11.242 E/HeifDecoderImpl(  585): getSize: not supported!
04-15 21:47:11.245 D/HeifDecoderImpl(  585): No valid image or sequence available
04-15 21:47:11.246 D/skia    (  585): --- Failed to create image decoder with message 'invalid input'
04-15 21:47:11.282 E/droid.ugc.awem(  585): Profile data size exceeds 1500000 bytes. Profile will not be written to disk. It requires 1983958 bytes.
04-15 21:47:11.282 W/droid.ugc.awem(  585): Could not save profiling info to /data/misc/profiles/cur/0/com.ss.android.ugc.aweme/primary.prof
04-15 21:47:11.333 I/KEVA.NATIVE(  585): delete single value file
04-15 21:47:11.336 I/KEVA.NATIVE(  585): delete single value file
04-15 21:47:11.340 I/KEVA.NATIVE(  585): delete single value file
04-15 21:47:11.342 I/KEVA.NATIVE(  585): delete single value file
04-15 21:47:11.345 I/KEVA.NATIVE(  585): delete single value file
04-15 21:47:11.348 I/KEVA.NATIVE(  585): delete single value file
04-15 21:47:11.350 I/KEVA.NATIVE(  585): delete single value file
04-15 21:47:11.353 I/KEVA.NATIVE(  585): delete single value file
04-15 21:47:11.356 I/KEVA.NATIVE(  585): delete single value file
04-15 21:47:11.359 I/KEVA.NATIVE(  585): delete single value file
04-15 21:47:11.361 I/KEVA.NATIVE(  585): delete single value file
04-15 21:47:11.364 I/KEVA.NATIVE(  585): delete single value file
04-15 21:47:11.367 I/KEVA.NATIVE(  585): delete single value file
04-15 21:47:11.376 E/gcblocker(  585): gc block end, 139130470,601
04-15 21:47:11.413 W/d.ugc.aweme:sm( 1631): Accessing hidden field Landroid/app/ActivityThread;->mLastProcessState:I (blocked, reflection, denied)
04-15 21:47:11.440 E/droid.ugc.awem(  585): Profile data size exceeds 1500000 bytes. Profile will not be written to disk. It requires 1983958 bytes.
04-15 21:47:11.440 W/droid.ugc.awem(  585): Could not save profiling info to /data/misc/profiles/cur/0/com.ss.android.ugc.aweme/primary.prof
04-15 21:47:11.536 D/AccessibilityServiceImpl( 6206): 收到无障碍事件类型: 2048
04-15 21:47:11.536 D/AccessibilityServiceImpl( 6206): 窗口内容变化
04-15 21:47:11.572 E/droid.ugc.awem(  585): Profile data size exceeds 1500000 bytes. Profile will not be written to disk. It requires 1983993 bytes.
04-15 21:47:11.572 W/droid.ugc.awem(  585): Could not save profiling info to /data/misc/profiles/cur/0/com.ss.android.ugc.aweme/primary.prof
04-15 21:47:11.581 D/skia    (  585): SkJpegCodec::onGetPixels +
04-15 21:47:11.586 D/skia    (  585): SkJpegCodec::onGetPixels -
04-15 21:47:11.640 D/Linux   ( 6206): [Posix_connect Debug]Process com.zbb.automation :8081
04-15 21:47:11.706 E/droid.ugc.awem(  585): Profile data size exceeds 1500000 bytes. Profile will not be written to disk. It requires 1983993 bytes.
04-15 21:47:11.706 W/droid.ugc.awem(  585): Could not save profiling info to /data/misc/profiles/cur/0/com.ss.android.ugc.aweme/primary.prof
04-15 21:47:11.823 I/Choreographer(  585): Skipped 43 frames!  The application may be doing too much work on its main thread.
04-15 21:47:11.831 E/droid.ugc.awem(  585): Profile data size exceeds 1500000 bytes. Profile will not be written to disk. It requires 1983979 bytes.
04-15 21:47:11.831 W/droid.ugc.awem(  585): Could not save profiling info to /data/misc/profiles/cur/0/com.ss.android.ugc.aweme/primary.prof
04-15 21:47:11.851 I/droid.ugc.awem(  585): JIT allocated 60KB for compiled code of com.ss.android.ugc.aweme.profile.model.User com.ss.android.ugc.aweme.profile.model.ProtobufUserStructV2Adapter.decode(com.squareup.wire.ProtoReader)
04-15 21:47:11.910 W/ByteVC2_dec(  585): decoder [info]: BVC2: decoder (V0.9.8.0) is created! ctx = 0x6ed7410800, gpu_mode = 0
04-15 21:47:11.945 W/ByteVC2_dec(  585): decoder [info]: BVC2: decoder flush, ctx = 0x6ed7410800
04-15 21:47:11.945 W/ByteVC2_dec(  585): decoder [info]: BVC2: decoder destroy, ctx = 0x6ed7410800
04-15 21:47:11.945 E/ttheif  (  585): [ttheif_dec.c, decode_to_rgb565_extern_buffer, 3910]decode error, enc_type: 2
04-15 21:47:11.946 W/ByteVC2_dec(  585): decoder [info]: BVC2: decoder (V0.9.8.0) is created! ctx = 0x6ed7410800, gpu_mode = 0
04-15 21:47:11.972 E/droid.ugc.awem(  585): Profile data size exceeds 1500000 bytes. Profile will not be written to disk. It requires 1984115 bytes.
04-15 21:47:11.972 W/droid.ugc.awem(  585): Could not save profiling info to /data/misc/profiles/cur/0/com.ss.android.ugc.aweme/primary.prof
04-15 21:47:11.982 W/ByteVC2_dec(  585): decoder [info]: BVC2: decoder flush, ctx = 0x6ed7410800
04-15 21:47:11.982 W/ByteVC2_dec(  585): decoder [info]: BVC2: decoder destroy, ctx = 0x6ed7410800
04-15 21:47:11.982 E/ttheif  (  585): [ttheif_dec.c, decode_to_rgb565, 3647]decode error, enc_type: 2, has_alpha: 1 bit_depth: 8
04-15 21:47:11.984 E/HeifDecoderImpl(  585): getSize: not supported!
04-15 21:47:11.987 E/HeifDecoderImpl(  585): getSize: not supported!
04-15 21:47:11.987 E/HeifDecoderImpl(  585): getSize: not supported!
04-15 21:47:11.990 E/HeifDecoderImpl(  585): getSize: not supported!
04-15 21:47:11.993 D/HeifDecoderImpl(  585): No valid image or sequence available
04-15 21:47:11.993 D/skia    (  585): --- Failed to create image decoder with message 'invalid input'
04-15 21:47:12.000 W/ByteVC2_dec(  585): decoder [info]: BVC2: decoder (V0.9.8.0) is created! ctx = 0x6ed7410800, gpu_mode = 0
04-15 21:47:12.036 W/ByteVC2_dec(  585): decoder [info]: BVC2: decoder flush, ctx = 0x6ed7410800
04-15 21:47:12.036 W/ByteVC2_dec(  585): decoder [info]: BVC2: decoder destroy, ctx = 0x6ed7410800
04-15 21:47:12.036 E/ttheif  (  585): [ttheif_dec.c, decode_to_rgb565_extern_buffer, 3910]decode error, enc_type: 2
04-15 21:47:12.037 W/ByteVC2_dec(  585): decoder [info]: BVC2: decoder (V0.9.8.0) is created! ctx = 0x6ed7410800, gpu_mode = 0
04-15 21:47:12.051 W/ByteVC2_dec(  585): decoder [info]: BVC2: decoder flush, ctx = 0x6ed7410800
04-15 21:47:12.051 W/ByteVC2_dec(  585): decoder [info]: BVC2: decoder destroy, ctx = 0x6ed7410800
04-15 21:47:12.051 E/ttheif  (  585): [ttheif_dec.c, decode_to_rgb565, 3647]decode error, enc_type: 2, has_alpha: 1 bit_depth: 8
04-15 21:47:12.054 E/HeifDecoderImpl(  585): getSize: not supported!
04-15 21:47:12.055 I/OpenGLRenderer(  585): Davey! duration=935ms; Flags=0, FrameTimelineVsyncId=2858584, IntendedVsync=139130796339835, Vsync=139131513006516, InputEventId=0, HandleInputStart=139131518541985, AnimationStart=139131518543292, PerformTraversalsStart=139131519232215, DrawStart=139131718423215, FrameDeadline=139130816339835, FrameInterval=139131518456754, FrameStartTime=16666667, SyncQueued=139131724640831, SyncStart=139131724728215, IssueDrawCommandsStart=139131725858985, SwapBuffers=139131728957062, FrameCompleted=139131732064831, DequeueBufferDuration=16846, QueueBufferDuration=426154, GpuCompleted=139131732064831, SwapBuffersCompleted=139131729735831, DisplayPresentTime=138632425093724,
04-15 21:47:12.057 E/HeifDecoderImpl(  585): getSize: not supported!
04-15 21:47:12.057 E/HeifDecoderImpl(  585): getSize: not supported!
04-15 21:47:12.060 E/HeifDecoderImpl(  585): getSize: not supported!
04-15 21:47:12.062 D/HeifDecoderImpl(  585): No valid image or sequence available
04-15 21:47:12.063 D/skia    (  585): --- Failed to create image decoder with message 'invalid input'
04-15 21:47:12.068 W/ByteVC2_dec(  585): decoder [info]: BVC2: decoder (V0.9.8.0) is created! ctx = 0x6ed7410800, gpu_mode = 0
04-15 21:47:12.084 W/ByteVC2_dec(  585): decoder [info]: BVC2: decoder flush, ctx = 0x6ed7410800
04-15 21:47:12.084 W/ByteVC2_dec(  585): decoder [info]: BVC2: decoder destroy, ctx = 0x6ed7410800
04-15 21:47:12.084 E/ttheif  (  585): [ttheif_dec.c, decode_to_rgb565_extern_buffer, 3910]decode error, enc_type: 2
04-15 21:47:12.085 W/ByteVC2_dec(  585): decoder [info]: BVC2: decoder (V0.9.8.0) is created! ctx = 0x6ed7410800, gpu_mode = 0
04-15 21:47:12.099 W/ByteVC2_dec(  585): decoder [info]: BVC2: decoder flush, ctx = 0x6ed7410800
04-15 21:47:12.100 W/ByteVC2_dec(  585): decoder [info]: BVC2: decoder destroy, ctx = 0x6ed7410800
04-15 21:47:12.100 E/ttheif  (  585): [ttheif_dec.c, decode_to_rgb565, 3647]decode error, enc_type: 2, has_alpha: 1 bit_depth: 8
04-15 21:47:12.102 E/HeifDecoderImpl(  585): getSize: not supported!
04-15 21:47:12.102 E/droid.ugc.awem(  585): Profile data size exceeds 1500000 bytes. Profile will not be written to disk. It requires 1984120 bytes.
04-15 21:47:12.103 W/droid.ugc.awem(  585): Could not save profiling info to /data/misc/profiles/cur/0/com.ss.android.ugc.aweme/primary.prof
04-15 21:47:12.108 E/HeifDecoderImpl(  585): getSize: not supported!
04-15 21:47:12.108 E/HeifDecoderImpl(  585): getSize: not supported!
04-15 21:47:12.111 E/HeifDecoderImpl(  585): getSize: not supported!
04-15 21:47:12.112 D/HeifDecoderImpl(  585): No valid image or sequence available
04-15 21:47:12.113 D/skia    (  585): --- Failed to create image decoder with message 'invalid input'
04-15 21:47:12.230 E/droid.ugc.awem(  585): Profile data size exceeds 1500000 bytes. Profile will not be written to disk. It requires 1984120 bytes.
04-15 21:47:12.230 W/droid.ugc.awem(  585): Could not save profiling info to /data/misc/profiles/cur/0/com.ss.android.ugc.aweme/primary.prof
04-15 21:47:12.260 D/AccessibilityServiceImpl( 6206): 收到无障碍事件类型: 2048
04-15 21:47:12.260 D/AccessibilityServiceImpl( 6206): 窗口内容变化
04-15 21:47:12.279 W/BitmapFactory(  585): bitmap marked for reuse (41472 bytes) can't fit new bitmap (82944 bytes)
04-15 21:47:12.283 D/AccessibilityServiceImpl( 6206): 收到无障碍事件类型: 2048
04-15 21:47:12.283 D/AccessibilityServiceImpl( 6206): 窗口内容变化
04-15 21:47:12.311 D/AudioTrack(  585): pause(72): 0x6e57cd6c50, prior state:STATE_ACTIVE
04-15 21:47:12.311 D/AudioTrack(  585): getpackName client name com.ss.android.ugc.aweme(585)
04-15 21:47:12.332 V/PlayerBase(  585): basePause() piid=735
04-15 21:47:12.333 D/AudioManager(21997): dispatching onPlaybackConfigChanged()
04-15 21:47:12.333 D/AudioManager(30223): dispatching onPlaybackConfigChanged()
04-15 21:47:12.359 E/droid.ugc.awem(  585): Profile data size exceeds 1500000 bytes. Profile will not be written to disk. It requires 1984453 bytes.
04-15 21:47:12.359 W/droid.ugc.awem(  585): Could not save profiling info to /data/misc/profiles/cur/0/com.ss.android.ugc.aweme/primary.prof
04-15 21:47:12.388 D/AccessibilityServiceImpl( 6206): 收到无障碍事件类型: 2048
04-15 21:47:12.388 D/AccessibilityServiceImpl( 6206): 窗口内容变化
04-15 21:47:12.389 D/AccessibilityServiceImpl( 6206): 收到无障碍事件类型: 4096
04-15 21:47:12.404 I/AudioManager(  585): In isBluetoothScoOn(), calling application: com.ss.android.ugc.aweme
04-15 21:47:12.405 D/AudioManager(  585): isBluetoothScoOn()=false
04-15 21:47:12.458 W/View    (  585): requestLayout() improperly called by com.bytedance.dux.widget.RadiusLayout{f59f412 V.E...... ......ID 0,0-345,460 #7f0a1a1f app:id/dar} during layout: running second layout pass
04-15 21:47:12.467 D/BatteryStatsService( 1296): notePemString  noteWhich: 49,arg1: 343, arg2: 608, arg3: 585, arg4: 173, name: com.ss.android.ugc.aweme
04-15 21:47:12.504 E/droid.ugc.awem(  585): Profile data size exceeds 1500000 bytes. Profile will not be written to disk. It requires 1984526 bytes.
04-15 21:47:12.504 W/droid.ugc.awem(  585): Could not save profiling info to /data/misc/profiles/cur/0/com.ss.android.ugc.aweme/primary.prof
04-15 21:47:12.521 I/ByteVC1_dec(  585): bytevc1_dec [info]: Bytedance bytevc1 ByteVC1 decoder (V2.4.2-commit-e5b733c4) is created.
04-15 21:47:12.521 I/ByteVC1_dec(  585):
04-15 21:47:12.572 D/AccessibilityServiceImpl( 6206): 收到无障碍事件类型: 2048
04-15 21:47:12.572 D/AccessibilityServiceImpl( 6206): 窗口内容变化
04-15 21:47:12.572 D/AccessibilityServiceImpl( 6206): 收到无障碍事件类型: 128
04-15 21:47:12.590 D/BatteryStatsService( 1296): notePemString  noteWhich: 49,arg1: 174, arg2: 309, arg3: 585, arg4: 173, name: com.ss.android.ugc.aweme
04-15 21:47:12.644 E/droid.ugc.awem(  585): Profile data size exceeds 1500000 bytes. Profile will not be written to disk. It requires 1984723 bytes.
04-15 21:47:12.644 W/droid.ugc.awem(  585): Could not save profiling info to /data/misc/profiles/cur/0/com.ss.android.ugc.aweme/primary.prof
04-15 21:47:12.703 D/AccessibilityServiceImpl( 6206): 收到无障碍事件类型: 2048
04-15 21:47:12.703 D/AccessibilityServiceImpl( 6206): 窗口内容变化
04-15 21:47:12.703 D/AccessibilityServiceImpl( 6206): 收到无障碍事件类型: 32
04-15 21:47:12.703 D/AccessibilityServiceImpl( 6206): 窗口变化: com.ss.android.ugc.aweme.homepage.tab.ui.CustomRelativeLayout
04-15 21:47:12.723 D/BatteryStatsService( 1296): notePemString  noteWhich: 49,arg1: 173, arg2: 309, arg3: 585, arg4: 173, name: com.ss.android.ugc.aweme
04-15 21:47:12.737 I/BufferQueueConsumer(  585): [](id:2490000000b,api:0,p:-1,c:585) connect: controlledByApp=true
04-15 21:47:12.744 I/BufferQueueProducer(  585): [SurfaceView[com.ss.android.ugc.aweme/com.ss.android.ugc.aweme.splash.SplashActivity]#7(BLAST Consumer)7](id:24900000009,api:1,p:585,c:585) disconnect: api 1
04-15 21:47:12.747 I/BufferQueueProducer(  585): [SurfaceTexture-0-585-2](id:2490000000b,api:1,p:585,c:585) connect: api=1 producerControlledByApp=true
04-15 21:47:12.794 E/droid.ugc.awem(  585): Profile data size exceeds 1500000 bytes. Profile will not be written to disk. It requires 1985158 bytes.
04-15 21:47:12.794 W/droid.ugc.awem(  585): Could not save profiling info to /data/misc/profiles/cur/0/com.ss.android.ugc.aweme/primary.prof
04-15 21:47:12.853 D/AccessibilityServiceImpl( 6206): 收到无障碍事件类型: 2048
04-15 21:47:12.853 D/AccessibilityServiceImpl( 6206): 窗口内容变化
04-15 21:47:12.910 W/ByteVC2_dec(  585): decoder [info]: BVC2: decoder (V0.9.8.0) is created! ctx = 0x6ed743e100, gpu_mode = 0
04-15 21:47:12.935 W/ByteVC2_dec(  585): decoder [info]: BVC2: decoder flush, ctx = 0x6ed743e100
04-15 21:47:12.935 W/ByteVC2_dec(  585): decoder [info]: BVC2: decoder destroy, ctx = 0x6ed743e100
04-15 21:47:12.953 W/ByteVC2_dec(  585): decoder [info]: BVC2: decoder (V0.9.8.0) is created! ctx = 0x6ed7438600, gpu_mode = 0
04-15 21:47:12.957 W/ByteVC2_dec(  585): decoder [info]: BVC2: decoder (V0.9.8.0) is created! ctx = 0x6ed743e100, gpu_mode = 0
04-15 21:47:12.960 W/ByteVC2_dec(  585): decoder [info]: BVC2: decoder (V0.9.8.0) is created! ctx = 0x6ed742a240, gpu_mode = 0
04-15 21:47:12.974 W/ByteVC2_dec(  585): decoder [info]: BVC2: decoder (V0.9.8.0) is created! ctx = 0x6ed74469c0, gpu_mode = 0
04-15 21:47:12.979 W/ByteVC2_dec(  585): decoder [info]: BVC2: decoder flush, ctx = 0x6ed7438600
04-15 21:47:12.979 W/ByteVC2_dec(  585): decoder [info]: BVC2: decoder destroy, ctx = 0x6ed7438600
04-15 21:47:12.986 W/ByteVC2_dec(  585): decoder [info]: BVC2: decoder (V0.9.8.0) is created! ctx = 0x6ed7440ec0, gpu_mode = 0
04-15 21:47:12.988 W/ByteVC2_dec(  585): decoder [info]: BVC2: decoder flush, ctx = 0x6ed743e100
04-15 21:47:12.988 W/ByteVC2_dec(  585): decoder [info]: BVC2: decoder destroy, ctx = 0x6ed743e100
04-15 21:47:13.001 W/ByteVC2_dec(  585): decoder [info]: BVC2: decoder flush, ctx = 0x6ed742a240
04-15 21:47:13.001 W/ByteVC2_dec(  585): decoder [info]: BVC2: decoder destroy, ctx = 0x6ed742a240
04-15 21:47:13.003 W/ByteVC2_dec(  585): decoder [info]: BVC2: decoder flush, ctx = 0x6ed74469c0
04-15 21:47:13.003 W/ByteVC2_dec(  585): decoder [info]: BVC2: decoder destroy, ctx = 0x6ed74469c0
04-15 21:47:13.023 W/ByteVC2_dec(  585): decoder [info]: BVC2: decoder flush, ctx = 0x6ed7440ec0
04-15 21:47:13.023 W/ByteVC2_dec(  585): decoder [info]: BVC2: decoder destroy, ctx = 0x6ed7440ec0
04-15 21:47:13.025 E/droid.ugc.awem(  585): Profile data size exceeds 1500000 bytes. Profile will not be written to disk. It requires 1985335 bytes.
04-15 21:47:13.025 W/droid.ugc.awem(  585): Could not save profiling info to /data/misc/profiles/cur/0/com.ss.android.ugc.aweme/primary.prof
04-15 21:47:13.140 D/AccessibilityServiceImpl( 6206): 收到无障碍事件类型: 2048
04-15 21:47:13.140 D/AccessibilityServiceImpl( 6206): 窗口内容变化
04-15 21:47:13.151 D/HeapGCOptimizerV2#Native(  585): Heap SetIdealFootprint is called, origin: 183586816, new :183586816
04-15 21:47:13.151 I/droid.ugc.awem(  585): Background young concurrent copying GC freed 1893428(75MB) AllocSpace objects, 656(0B) LOS objects, 13% free, 151MB/175MB, paused 1.260ms,195us total 213.251ms
04-15 21:47:13.165 W/System  (  585): A resource failed to call close.
04-15 21:47:13.185 E/droid.ugc.awem(  585): Profile data size exceeds 1500000 bytes. Profile will not be written to disk. It requires 1985338 bytes.
04-15 21:47:13.185 W/droid.ugc.awem(  585): Could not save profiling info to /data/misc/profiles/cur/0/com.ss.android.ugc.aweme/primary.prof
04-15 21:47:13.222 D/AccessibilityServiceImpl( 6206): 收到无障碍事件类型: 2048
04-15 21:47:13.222 D/AccessibilityServiceImpl( 6206): 窗口内容变化
04-15 21:47:13.223 D/AccessibilityServiceImpl( 6206): 收到无障碍事件类型: 4096
04-15 21:47:13.325 E/droid.ugc.awem(  585): Profile data size exceeds 1500000 bytes. Profile will not be written to disk. It requires 1985588 bytes.
04-15 21:47:13.325 W/droid.ugc.awem(  585): Could not save profiling info to /data/misc/profiles/cur/0/com.ss.android.ugc.aweme/primary.prof
04-15 21:47:13.476 E/droid.ugc.awem(  585): Profile data size exceeds 1500000 bytes. Profile will not be written to disk. It requires 1985592 bytes.
04-15 21:47:13.476 W/droid.ugc.awem(  585): Could not save profiling info to /data/misc/profiles/cur/0/com.ss.android.ugc.aweme/primary.prof
04-15 21:47:13.658 D/Linux   ( 6206): [Posix_connect Debug]Process com.zbb.automation :8081
04-15 21:47:13.848 E/droid.ugc.awem(  585): Profile data size exceeds 1500000 bytes. Profile will not be written to disk. It requires 1985592 bytes.
04-15 21:47:13.848 W/droid.ugc.awem(  585): Could not save profiling info to /data/misc/profiles/cur/0/com.ss.android.ugc.aweme/primary.prof
04-15 21:47:13.980 E/droid.ugc.awem(  585): Profile data size exceeds 1500000 bytes. Profile will not be written to disk. It requires 1985592 bytes.
04-15 21:47:13.980 W/droid.ugc.awem(  585): Could not save profiling info to /data/misc/profiles/cur/0/com.ss.android.ugc.aweme/primary.prof
04-15 21:47:14.387 E/droid.ugc.awem(  585): Profile data size exceeds 1500000 bytes. Profile will not be written to disk. It requires 1985597 bytes.
04-15 21:47:14.387 W/droid.ugc.awem(  585): Could not save profiling info to /data/misc/profiles/cur/0/com.ss.android.ugc.aweme/primary.prof
04-15 21:47:14.421 W/d.ugc.aweme:sm( 1631): Accessing hidden field Landroid/app/ActivityThread;->mLastProcessState:I (blocked, reflection, denied)
04-15 21:47:14.514 E/droid.ugc.awem(  585): Profile data size exceeds 1500000 bytes. Profile will not be written to disk. It requires 1985952 bytes.
04-15 21:47:14.514 W/droid.ugc.awem(  585): Could not save profiling info to /data/misc/profiles/cur/0/com.ss.android.ugc.aweme/primary.prof
04-15 21:47:14.902 E/droid.ugc.awem(  585): Profile data size exceeds 1500000 bytes. Profile will not be written to disk. It requires 1985957 bytes.
04-15 21:47:14.902 W/droid.ugc.awem(  585): Could not save profiling info to /data/misc/profiles/cur/0/com.ss.android.ugc.aweme/primary.prof
04-15 21:47:14.956 W/ByteVC2_dec(  585): decoder [info]: BVC2: decoder (V0.9.8.0) is created! ctx = 0x6ed742a240, gpu_mode = 0
04-15 21:47:14.960 W/ByteVC2_dec(  585): decoder [info]: BVC2: decoder (V0.9.8.0) is created! ctx = 0x6ed7440ec0, gpu_mode = 0
04-15 21:47:14.976 W/ByteVC2_dec(  585): decoder [info]: BVC2: decoder flush, ctx = 0x6ed742a240
04-15 21:47:14.976 W/ByteVC2_dec(  585): decoder [info]: BVC2: decoder destroy, ctx = 0x6ed742a240
04-15 21:47:14.979 W/ByteVC2_dec(  585): decoder [info]: BVC2: decoder (V0.9.8.0) is created! ctx = 0x6ed742a240, gpu_mode = 0
04-15 21:47:14.979 D/AccessibilityServiceImpl( 6206): 收到无障碍事件类型: 2048
04-15 21:47:14.979 D/AccessibilityServiceImpl( 6206): 窗口内容变化
04-15 21:47:14.984 W/ByteVC2_dec(  585): decoder [info]: BVC2: decoder flush, ctx = 0x6ed7440ec0
04-15 21:47:14.984 W/ByteVC2_dec(  585): decoder [info]: BVC2: decoder destroy, ctx = 0x6ed7440ec0
04-15 21:47:14.998 W/ByteVC2_dec(  585): decoder [info]: BVC2: decoder flush, ctx = 0x6ed742a240
04-15 21:47:14.998 W/ByteVC2_dec(  585): decoder [info]: BVC2: decoder destroy, ctx = 0x6ed742a240
04-15 21:47:15.001 W/ByteVC2_dec(  585): decoder [info]: BVC2: decoder (V0.9.8.0) is created! ctx = 0x6ed7440ec0, gpu_mode = 0
04-15 21:47:15.014 W/ByteVC2_dec(  585): decoder [info]: BVC2: decoder flush, ctx = 0x6ed7440ec0
04-15 21:47:15.015 W/ByteVC2_dec(  585): decoder [info]: BVC2: decoder destroy, ctx = 0x6ed7440ec0
04-15 21:47:15.015 W/ByteVC2_dec(  585): decoder [info]: BVC2: decoder (V0.9.8.0) is created! ctx = 0x6ed7440ec0, gpu_mode = 0
04-15 21:47:15.034 E/droid.ugc.awem(  585): Profile data size exceeds 1500000 bytes. Profile will not be written to disk. It requires 1985970 bytes.
04-15 21:47:15.034 W/droid.ugc.awem(  585): Could not save profiling info to /data/misc/profiles/cur/0/com.ss.android.ugc.aweme/primary.prof
04-15 21:47:15.040 W/ByteVC2_dec(  585): decoder [info]: BVC2: decoder (V0.9.8.0) is created! ctx = 0x6ed742a240, gpu_mode = 0
04-15 21:47:15.051 W/ByteVC2_dec(  585): decoder [info]: BVC2: decoder flush, ctx = 0x6ed7440ec0
04-15 21:47:15.051 W/ByteVC2_dec(  585): decoder [info]: BVC2: decoder destroy, ctx = 0x6ed7440ec0
04-15 21:47:15.058 W/ByteVC2_dec(  585): decoder [info]: BVC2: decoder flush, ctx = 0x6ed742a240
04-15 21:47:15.059 W/ByteVC2_dec(  585): decoder [info]: BVC2: decoder destroy, ctx = 0x6ed742a240
04-15 21:47:15.062 W/ByteVC2_dec(  585): decoder [info]: BVC2: decoder (V0.9.8.0) is created! ctx = 0x6ed742a240, gpu_mode = 0
04-15 21:47:15.071 W/ByteVC2_dec(  585): decoder [info]: BVC2: decoder (V0.9.8.0) is created! ctx = 0x6ed7438600, gpu_mode = 0
04-15 21:47:15.071 W/ByteVC2_dec(  585): decoder [info]: BVC2: decoder (V0.9.8.0) is created! ctx = 0x6ed7440ec0, gpu_mode = 0
04-15 21:47:15.072 W/ByteVC2_dec(  585): decoder [info]: BVC2: decoder (V0.9.8.0) is created! ctx = 0x6ed74469c0, gpu_mode = 0
04-15 21:47:15.076 W/ByteVC2_dec(  585): decoder [info]: BVC2: decoder (V0.9.8.0) is created! ctx = 0x6ed742cfc0, gpu_mode = 0
04-15 21:47:15.080 D/AccessibilityServiceImpl( 6206): 收到无障碍事件类型: 2048
04-15 21:47:15.080 D/AccessibilityServiceImpl( 6206): 窗口内容变化
04-15 21:47:15.089 W/ByteVC2_dec(  585): decoder [info]: BVC2: decoder flush, ctx = 0x6ed7438600
04-15 21:47:15.089 W/ByteVC2_dec(  585): decoder [info]: BVC2: decoder destroy, ctx = 0x6ed7438600
04-15 21:47:15.093 W/ByteVC2_dec(  585): decoder [info]: BVC2: decoder flush, ctx = 0x6ed7440ec0
04-15 21:47:15.094 W/ByteVC2_dec(  585): decoder [info]: BVC2: decoder destroy, ctx = 0x6ed7440ec0
04-15 21:47:15.105 W/ByteVC2_dec(  585): decoder [info]: BVC2: decoder flush, ctx = 0x6ed742a240
04-15 21:47:15.105 W/ByteVC2_dec(  585): decoder [info]: BVC2: decoder destroy, ctx = 0x6ed742a240
04-15 21:47:15.109 W/ByteVC2_dec(  585): decoder [info]: BVC2: decoder flush, ctx = 0x6ed74469c0
04-15 21:47:15.109 W/ByteVC2_dec(  585): decoder [info]: BVC2: decoder destroy, ctx = 0x6ed74469c0
04-15 21:47:15.112 W/ByteVC2_dec(  585): decoder [info]: BVC2: decoder flush, ctx = 0x6ed742cfc0
04-15 21:47:15.112 W/ByteVC2_dec(  585): decoder [info]: BVC2: decoder destroy, ctx = 0x6ed742cfc0
04-15 21:47:15.185 W/ByteVC2_dec(  585): decoder [info]: BVC2: decoder (V0.9.8.0) is created! ctx = 0x6ed74469c0, gpu_mode = 0
04-15 21:47:15.224 W/ByteVC2_dec(  585): decoder [info]: BVC2: decoder flush, ctx = 0x6ed74469c0
04-15 21:47:15.224 W/ByteVC2_dec(  585): decoder [info]: BVC2: decoder destroy, ctx = 0x6ed74469c0
04-15 21:47:15.315 E/droid.ugc.awem(  585): Profile data size exceeds 1500000 bytes. Profile will not be written to disk. It requires 1985974 bytes.
04-15 21:47:15.315 W/droid.ugc.awem(  585): Could not save profiling info to /data/misc/profiles/cur/0/com.ss.android.ugc.aweme/primary.prof
04-15 21:47:15.652 E/droid.ugc.awem(  585): Profile data size exceeds 1500000 bytes. Profile will not be written to disk. It requires 1986038 bytes.
04-15 21:47:15.652 W/droid.ugc.awem(  585): Could not save profiling info to /data/misc/profiles/cur/0/com.ss.android.ugc.aweme/primary.prof
04-15 21:47:15.684 D/Linux   ( 6206): [Posix_connect Debug]Process com.zbb.automation :8081
04-15 21:47:15.722 I/droid.ugc.awem(  585): JIT allocated 60KB for compiled code of com.ss.android.ugc.aweme.profile.model.User com.ss.android.ugc.aweme.profile.model.ProtobufUserStructV2Adapter.decode(com.squareup.wire.ProtoReader)
04-15 21:47:16.024 E/droid.ugc.awem(  585): Profile data size exceeds 1500000 bytes. Profile will not be written to disk. It requires 1987011 bytes.
04-15 21:47:16.024 W/droid.ugc.awem(  585): Could not save profiling info to /data/misc/profiles/cur/0/com.ss.android.ugc.aweme/primary.prof
04-15 21:47:16.192 E/droid.ugc.awem(  585): Profile data size exceeds 1500000 bytes. Profile will not be written to disk. It requires 1987155 bytes.
04-15 21:47:16.192 W/droid.ugc.awem(  585): Could not save profiling info to /data/misc/profiles/cur/0/com.ss.android.ugc.aweme/primary.prof
04-15 21:47:16.316 E/droid.ugc.awem(  585): Profile data size exceeds 1500000 bytes. Profile will not be written to disk. It requires 1987160 bytes.
04-15 21:47:16.316 W/droid.ugc.awem(  585): Could not save profiling info to /data/misc/profiles/cur/0/com.ss.android.ugc.aweme/primary.prof
04-15 21:47:16.586 E/droid.ugc.awem(  585): Profile data size exceeds 1500000 bytes. Profile will not be written to disk. It requires 1987164 bytes.
04-15 21:47:16.586 W/droid.ugc.awem(  585): Could not save profiling info to /data/misc/profiles/cur/0/com.ss.android.ugc.aweme/primary.prof
04-15 21:47:16.925 E/droid.ugc.awem(  585): Profile data size exceeds 1500000 bytes. Profile will not be written to disk. It requires 1987553 bytes.
04-15 21:47:16.925 W/droid.ugc.awem(  585): Could not save profiling info to /data/misc/profiles/cur/0/com.ss.android.ugc.aweme/primary.prof
04-15 21:47:17.229 E/droid.ugc.awem(  585): Profile data size exceeds 1500000 bytes. Profile will not be written to disk. It requires 1987785 bytes.
04-15 21:47:17.230 W/droid.ugc.awem(  585): Could not save profiling info to /data/misc/profiles/cur/0/com.ss.android.ugc.aweme/primary.prof
04-15 21:47:17.429 W/d.ugc.aweme:sm( 1631): Accessing hidden field Landroid/app/ActivityThread;->mLastProcessState:I (blocked, reflection, denied)
04-15 21:47:17.700 D/Linux   ( 6206): [Posix_connect Debug]Process com.zbb.automation :8081
04-15 21:47:17.844 D/HeapGCOptimizerV2#Native(  585): Heap SetIdealFootprint is called, origin: 183586816, new :183586816
04-15 21:47:17.844 I/droid.ugc.awem(  585): Background young concurrent copying GC freed 440336(23MB) AllocSpace objects, 271(0B) LOS objects, 12% free, 153MB/175MB, paused 388us,311us total 193.675ms
04-15 21:47:17.856 E/droid.ugc.awem(  585): Profile data size exceeds 1500000 bytes. Profile will not be written to disk. It requires 1987795 bytes.
04-15 21:47:17.856 W/droid.ugc.awem(  585): Could not save profiling info to /data/misc/profiles/cur/0/com.ss.android.ugc.aweme/primary.prof
04-15 21:47:18.183 E/droid.ugc.awem(  585): Profile data size exceeds 1500000 bytes. Profile will not be written to disk. It requires 1987822 bytes.
04-15 21:47:18.183 W/droid.ugc.awem(  585): Could not save profiling info to /data/misc/profiles/cur/0/com.ss.android.ugc.aweme/primary.prof
04-15 21:47:18.561 E/droid.ugc.awem(  585): Profile data size exceeds 1500000 bytes. Profile will not be written to disk. It requires 1987852 bytes.
04-15 21:47:18.562 W/droid.ugc.awem(  585): Could not save profiling info to /data/misc/profiles/cur/0/com.ss.android.ugc.aweme/primary.prof
04-15 21:47:18.670 D/TaskScheduler(  585): bind task core ,tid =585, start core:4, end core:7
04-15 21:47:18.671 W/SweepInterpreterCacheOpt(  585): setCompileThreshold has value < 0
04-15 21:47:18.725 D/AccessibilityServiceImpl( 6206): 收到无障碍事件类型: 2048
04-15 21:47:18.725 D/AccessibilityServiceImpl( 6206): 窗口内容变化
04-15 21:47:18.816 E/droid.ugc.awem(  585): Profile data size exceeds 1500000 bytes. Profile will not be written to disk. It requires 1987856 bytes.
04-15 21:47:18.816 W/droid.ugc.awem(  585): Could not save profiling info to /data/misc/profiles/cur/0/com.ss.android.ugc.aweme/primary.prof
04-15 21:47:18.825 D/AccessibilityServiceImpl( 6206): 收到无障碍事件类型: 2048
04-15 21:47:18.825 D/AccessibilityServiceImpl( 6206): 窗口内容变化
04-15 21:47:18.924 D/AccessibilityServiceImpl( 6206): 收到无障碍事件类型: 2048
04-15 21:47:18.924 D/AccessibilityServiceImpl( 6206): 窗口内容变化
04-15 21:47:18.996 E/droid.ugc.awem(  585): Profile data size exceeds 1500000 bytes. Profile will not be written to disk. It requires 1987860 bytes.
04-15 21:47:18.996 W/droid.ugc.awem(  585): Could not save profiling info to /data/misc/profiles/cur/0/com.ss.android.ugc.aweme/primary.prof
04-15 21:47:19.027 D/AccessibilityServiceImpl( 6206): 收到无障碍事件类型: 2048
04-15 21:47:19.028 D/AccessibilityServiceImpl( 6206): 窗口内容变化
04-15 21:47:19.129 D/AccessibilityServiceImpl( 6206): 收到无障碍事件类型: 2048
04-15 21:47:19.129 D/AccessibilityServiceImpl( 6206): 窗口内容变化
04-15 21:47:19.167 E/droid.ugc.awem(  585): Profile data size exceeds 1500000 bytes. Profile will not be written to disk. It requires 1987864 bytes.
04-15 21:47:19.167 W/droid.ugc.awem(  585): Could not save profiling info to /data/misc/profiles/cur/0/com.ss.android.ugc.aweme/primary.prof
04-15 21:47:19.191 D/TaskScheduler(  585): clear task tid =6722 affinity
04-15 21:47:19.191 D/TaskScheduler(  585): clear_task_cpu_affinity:6722
04-15 21:47:19.228 D/AccessibilityServiceImpl( 6206): 收到无障碍事件类型: 2048
04-15 21:47:19.228 D/AccessibilityServiceImpl( 6206): 窗口内容变化
04-15 21:47:19.328 D/AccessibilityServiceImpl( 6206): 收到无障碍事件类型: 2048
04-15 21:47:19.329 D/AccessibilityServiceImpl( 6206): 窗口内容变化
04-15 21:47:19.397 E/droid.ugc.awem(  585): Profile data size exceeds 1500000 bytes. Profile will not be written to disk. It requires 1987864 bytes.
04-15 21:47:19.397 W/droid.ugc.awem(  585): Could not save profiling info to /data/misc/profiles/cur/0/com.ss.android.ugc.aweme/primary.prof
