04-15 21:49:06.414 D/jnicat  ( 6895): cacheitem("android/util/Log", "getStackTraceString", "(Ljava/lang/Throwable;)Ljava/lang/String;", 2)
04-15 21:49:06.417 D/jnicat  ( 6895): cacheitem("java/lang/Throwable", "toString", "()Ljava/lang/String;", 1)
04-15 21:49:06.417 D/jnicat  ( 6895): cacheitem("android/util/Log", "getStackTraceString", "(Ljava/lang/Throwable;)Ljava/lang/String;", 2)
04-15 21:49:06.435 D/jnicat  ( 6895): cacheitem("java/lang/Throwable", "toString", "()Ljava/lang/String;", 1)
04-15 21:49:06.435 D/jnicat  ( 6895): cacheitem("android/util/Log", "getStackTraceString", "(Ljava/lang/Throwable;)Ljava/lang/String;", 2)
04-15 21:49:06.442 I/com.tencent.mm(30223): Background young concurrent copying GC freed 730926(24MB) AllocSpace objects, 49(1724KB) LOS objects, 31% free, 52MB/76MB, paused 7.607ms,7.841ms total 149.417ms
04-15 21:49:06.447 D/jnicat  ( 6895): cacheitem("java/lang/Throwable", "toString", "()Ljava/lang/String;", 1)
04-15 21:49:06.447 D/jnicat  ( 6895): cacheitem("android/util/Log", "getStackTraceString", "(Ljava/lang/Throwable;)Ljava/lang/String;", 2)
04-15 21:49:06.465 D/HARDCODER( 6868): [com_tencent_mm_hardcoder_HardCoderJNI.cpp,Java_com_tencent_mm_hardcoder_HardCoderJNI_setDebug:415]"setDebug: 1"
04-15 21:49:06.466 D/HARDCODER( 6868): [com_tencent_mm_hardcoder_HardCoderJNI.cpp,Java_com_tencent_mm_hardcoder_HardCoderJNI_setHCEnable:400]"setEnable: 1"
04-15 21:49:06.466 D/HARDCODER( 6868): [client.h,setEnable:422]"setEnable 1 to 1, restart:0"
04-15 21:49:06.468 D/HARDCODER( 6868): [com_tencent_mm_hardcoder_HardCoderJNI.cpp,Java_com_tencent_mm_hardcoder_HardCoderJNI_initHardCoder:152]"initHardCoder, start."
04-15 21:49:06.468 D/HARDCODER( 6868): [client.h,init:476]"init m_remote:mmServer, HEADER_VERSION:4"
04-15 21:49:06.468 D/HARDCODER( 6868): [client.h,tryStartEngine:370]"tryStartEngine, TimeDiff:-1855514076, remote:mmServer, running:-1"
04-15 21:49:06.468 W/HARDCODER( 6868): [localsocket.h,uninit:218]"uninit, pipe:[0,0], m_fd:0, queue:0, flag:1"
04-15 21:49:06.468 D/HARDCODER( 6868): [localsocket.h,createSocket:252]"createSocket, localPath: com.tencent.mm.hardcoder.client.sock, remotePath: mmServer"
04-15 21:49:06.468 W/HARDCODER( 6868): [localsocket.h,createSocket:313]"createSocket, connect socket, ret:0, local:com.tencent.mm.hardcoder.client.sock, remote:mmServer"
04-15 21:49:06.468 W/HARDCODER( 6868): [localsocket.h,createSocket:355]"create ClientProtocal socket:153 local:com.tencent.mm.hardcoder.client.sock remote:mmServer"
04-15 21:49:06.468 D/HARDCODER( 6868): [com_tencent_mm_hardcoder_HardCoderJNI.cpp,Java_com_tencent_mm_hardcoder_HardCoderJNI_initHardCoder:157]"initHardCoder, end."
04-15 21:49:06.471 D/HARDCODER( 6868): [localsocket.h,loop:128]"loop, m_fd:153, maxfd:153, isServer:0"
04-15 21:49:06.478 D/AccessibilityServiceImpl( 6206): 收到无障碍事件类型: 2048
04-15 21:49:06.478 D/AccessibilityServiceImpl( 6206): 窗口内容变化
04-15 21:49:06.479 D/hw-ProcessState( 6895): Binder ioctl to enable oneway spam detection failed: Invalid argument
04-15 21:49:06.394 W/wc_srvinit_1( 6895): type=1400 audit(0.0:183851): avc: granted { execute } for path="/data/data/com.tencent.mm/tinker/patch-6bfe441f/lib/lib/arm64-v8a/libmmv8.so" dev="dm-10" ino=73898 scontext=u:r:untrusted_app:s0:c246,c256,c512,c768 tcontext=u:object_r:app_data_file:s0:c246,c256,c512,c768 tclass=file app=com.tencent.mm
04-15 21:49:06.519 I/chromium( 6895): [7046:0415/214906.518984:INFO:socket_impl.cc(157)] andromeda init, build time: Dec 24 2025,13:01:54
04-15 21:49:06.519 I/chromium( 6895): [7046:0415/214906.519023:INFO:socket_impl.cc(158)] default supported QUIC versions: RFCv1
04-15 21:49:06.519 I/chromium( 6895): [7046:0415/214906.519060:INFO:socket_impl.cc(173)]  pipe fd[0] 134, fd[1] 136
04-15 21:49:06.521 I/chromium( 6895): [7046:0415/214906.519202:INFO:runner.cc(76)] mmcronet::quic::recycle tid 7130
04-15 21:49:06.524 I/chromium( 6895): [7046:0415/214906.521761:INFO:runner.cc(65)] mmcronet::quic::timeout-guard tid 7132
04-15 21:49:06.525 I/chromium( 6895): [7046:0415/214906.524191:INFO:runner.cc(55)] mmcronet::quic::proxy tid 7136
04-15 21:49:06.532 E/zidl2   ( 6868): ::JNI_OnLoad of libzidl2 BEGIN
04-15 21:49:06.533 E/zidl2   ( 6868): ::JNI_OnLoad of libzidl2.so
04-15 21:49:06.534 D/jnicat  ( 6868): cacheitem("java/lang/Throwable", "toString", "()Ljava/lang/String;", 1)
04-15 21:49:06.534 D/jnicat  ( 6868): cacheitem("android/util/Log", "getStackTraceString", "(Ljava/lang/Throwable;)Ljava/lang/String;", 2)
04-15 21:49:06.565 I/MagicBrush( 6868): JNIClass init with className [com/tencent/magicbrush/utils/NativeTaskHelper]
04-15 21:49:06.593 D/jnicat  ( 6868): cacheitem("java/lang/Throwable", "toString", "()Ljava/lang/String;", 1)
04-15 21:49:06.593 D/jnicat  ( 6868): cacheitem("android/util/Log", "getStackTraceString", "(Ljava/lang/Throwable;)Ljava/lang/String;", 2)
04-15 21:49:06.593 D/jnicat  ( 6868): cacheitem("com/tencent/mars/mm/MMStnManager$CallBack", "receiveWeakNetNotify", "(ZI)V", 1)
04-15 21:49:06.593 D/jnicat  ( 6868): cacheitem("com/tencent/mars/sdt/SdtManager$CallBack", "reportSignalDetectResults", "(Ljava/lang/String;)V", 1)
04-15 21:49:06.607 I/ilink2  ( 6868): ::JNI_OnLoad of ilink2 AFF_ALL_IN_ONE_SO_MODE=false
04-15 21:49:06.608 I/ilink2  ( 6868): ilink2_jni_register default entry
04-15 21:49:06.628 V/WCDB.JNIHelp( 6868): Registering com/tencent/wcdb/CursorWindow natives
04-15 21:49:06.635 V/WCDB.JNIHelp( 6868): Registering com/tencent/wcdb/database/ChunkedCursorWindow natives
04-15 21:49:06.635 V/WCDB.JNIHelp( 6868): Registering com/tencent/wcdb/database/SQLiteAsyncQuery natives
04-15 21:49:06.636 V/WCDB.JNIHelp( 6868): Registering com/tencent/wcdb/database/SQLiteDebug natives
04-15 21:49:06.636 V/WCDB.JNIHelp( 6868): Registering com/tencent/wcdb/database/SQLiteDirectQuery natives
04-15 21:49:06.636 V/WCDB.JNIHelp( 6868): Registering com/tencent/wcdb/extension/fts/MMFtsTokenizer natives
04-15 21:49:06.636 V/WCDB.JNIHelp( 6868): Registering com/tencent/wcdb/FileUtils natives
04-15 21:49:06.636 V/WCDB.JNIHelp( 6868): Registering com/tencent/wcdb/repair/BackupKit natives
04-15 21:49:06.636 V/WCDB.JNIHelp( 6868): Registering com/tencent/wcdb/repair/RecoverKit natives
04-15 21:49:06.636 V/WCDB.JNIHelp( 6868): Registering com/tencent/wcdb/repair/DBDumpUtil natives
04-15 21:49:06.636 V/WCDB.JNIHelp( 6868): Registering com/tencent/wcdb/repair/RepairKit$RepairCursor natives
04-15 21:49:06.637 V/WCDB.JNIHelp( 6868): Registering com/tencent/wcdb/support/Log natives
04-15 21:49:06.637 V/WCDB.JNIHelp( 6868): Registering com/tencent/wcdb/database/SQLiteGlobal natives
04-15 21:49:06.646 I/ur.unit_rc( 6868): ::JNI_OnLoad start
04-15 21:49:06.647 I/UnitRC.jni( 6868): <UnitRCJniRegister.cpp:175> load classes count: 33
04-15 21:49:06.647 I/UnitRC.jni( 6868): load classes count: 33
04-15 21:49:06.647 I/ur.unit_rc( 6868): ::JNI_OnLoad end
04-15 21:49:06.648 D/jnicat  ( 6868): cacheitem("java/lang/Throwable", "toString", "()Ljava/lang/String;", 1)
04-15 21:49:06.648 D/jnicat  ( 6868): cacheitem("android/util/Log", "getStackTraceString", "(Ljava/lang/Throwable;)Ljava/lang/String;", 2)
04-15 21:49:06.654 I/ilink2  ( 6868): ::JNI_OnLoad of ilink2 AFF_ALL_IN_ONE_SO_MODE=false
04-15 21:49:06.654 I/ilink2  ( 6868): ilink2_jni_register default entry
04-15 21:49:06.669 E/zlog    ( 6868): ::JNI_OnLoad of libzlog BEGIN
04-15 21:49:06.669 E/zlog    ( 6868): ::JNI_OnLoad of libzlog.so
04-15 21:49:06.690 E/zidl2   ( 6868): ::JNI_OnLoad of libzidl2 BEGIN
04-15 21:49:06.690 E/zidl2   ( 6868): ::JNI_OnLoad of libzidl2.so
04-15 21:49:06.724 D/HARDCODER( 6895): [com_tencent_mm_hardcoder_HardCoderJNI.cpp,Java_com_tencent_mm_hardcoder_HardCoderJNI_setDebug:415]"setDebug: 1"
04-15 21:49:06.735 D/HARDCODER( 6895): [com_tencent_mm_hardcoder_HardCoderJNI.cpp,Java_com_tencent_mm_hardcoder_HardCoderJNI_setHCEnable:400]"setEnable: 1"
04-15 21:49:06.735 D/HARDCODER( 6895): [client.h,setEnable:422]"setEnable 1 to 1, restart:0"
04-15 21:49:06.737 D/HARDCODER( 6895): [com_tencent_mm_hardcoder_HardCoderJNI.cpp,Java_com_tencent_mm_hardcoder_HardCoderJNI_initHardCoder:152]"initHardCoder, start."
04-15 21:49:06.737 D/HARDCODER( 6895): [client.h,init:476]"init m_remote:mmServer, HEADER_VERSION:4"
04-15 21:49:06.737 D/HARDCODER( 6895): [client.h,tryStartEngine:370]"tryStartEngine, TimeDiff:-1855513807, remote:mmServer, running:-1"
04-15 21:49:06.737 W/HARDCODER( 6895): [localsocket.h,uninit:218]"uninit, pipe:[0,0], m_fd:0, queue:0, flag:1"
04-15 21:49:06.737 D/HARDCODER( 6895): [localsocket.h,createSocket:252]"createSocket, localPath: com.tencent.mm.hardcoder.client.sock, remotePath: mmServer"
04-15 21:49:06.737 W/HARDCODER( 6895): [localsocket.h,createSocket:313]"createSocket, connect socket, ret:0, local:com.tencent.mm.hardcoder.client.sock, remote:mmServer"
04-15 21:49:06.737 W/HARDCODER( 6895): [localsocket.h,createSocket:355]"create ClientProtocal socket:149 local:com.tencent.mm.hardcoder.client.sock remote:mmServer"
04-15 21:49:06.737 D/HARDCODER( 6895): [com_tencent_mm_hardcoder_HardCoderJNI.cpp,Java_com_tencent_mm_hardcoder_HardCoderJNI_initHardCoder:157]"initHardCoder, end."
04-15 21:49:06.742 D/HARDCODER( 6895): [localsocket.h,loop:128]"loop, m_fd:149, maxfd:149, isServer:0"
04-15 21:49:06.813 D/AccessibilityServiceImpl( 6206): 收到无障碍事件类型: 2048
04-15 21:49:06.813 D/AccessibilityServiceImpl( 6206): 窗口内容变化
04-15 21:49:06.770 W/wc_srvinit_6( 6868): type=1400 audit(0.0:183853): avc: granted { execute } for path="/data/data/com.tencent.mm/tinker/patch-6bfe441f/lib/lib/arm64-v8a/libaff_biz.so" dev="dm-10" ino=81427 scontext=u:r:untrusted_app:s0:c246,c256,c512,c768 tcontext=u:object_r:app_data_file:s0:c246,c256,c512,c768 tclass=file app=com.tencent.mm
04-15 21:49:06.858 D/AccessibilityServiceImpl( 6206): 收到无障碍事件类型: 2048
04-15 21:49:06.858 D/AccessibilityServiceImpl( 6206): 窗口内容变化
04-15 21:49:06.862 D/AccessibilityServiceImpl( 6206): 收到无障碍事件类型: 32
04-15 21:49:06.862 D/AccessibilityServiceImpl( 6206): 窗口变化: android.widget.FrameLayout
04-15 21:49:06.868 E/zidl2   ( 6895): ::JNI_OnLoad of libzidl2 BEGIN
04-15 21:49:06.870 E/zidl2   ( 6895): ::JNI_OnLoad of libzidl2.so
04-15 21:49:06.946 D/jnicat  ( 6895): cacheitem("java/lang/Throwable", "toString", "()Ljava/lang/String;", 1)
04-15 21:49:06.946 D/jnicat  ( 6895): cacheitem("android/util/Log", "getStackTraceString", "(Ljava/lang/Throwable;)Ljava/lang/String;", 2)
04-15 21:49:06.946 D/jnicat  ( 6895): cacheitem("com/tencent/mars/mm/MMStnManager$CallBack", "receiveWeakNetNotify", "(ZI)V", 1)
04-15 21:49:06.946 D/jnicat  ( 6895): cacheitem("com/tencent/mars/sdt/SdtManager$CallBack", "reportSignalDetectResults", "(Ljava/lang/String;)V", 1)
04-15 21:49:06.986 D/jnicat  ( 6895): cacheitem("java/lang/Throwable", "toString", "()Ljava/lang/String;", 1)
04-15 21:49:06.987 D/jnicat  ( 6895): cacheitem("android/util/Log", "getStackTraceString", "(Ljava/lang/Throwable;)Ljava/lang/String;", 2)
04-15 21:49:07.000 I/ilink2  ( 6895): ::JNI_OnLoad of ilink2 AFF_ALL_IN_ONE_SO_MODE=false
04-15 21:49:07.001 I/ilink2  ( 6895): ilink2_jni_register default entry
04-15 21:49:07.035 V/WCDB.JNIHelp( 6895): Registering com/tencent/wcdb/CursorWindow natives
04-15 21:49:07.035 V/WCDB.JNIHelp( 6895): Registering com/tencent/wcdb/database/ChunkedCursorWindow natives
04-15 21:49:07.036 V/WCDB.JNIHelp( 6895): Registering com/tencent/wcdb/database/SQLiteAsyncQuery natives
04-15 21:49:07.050 V/WCDB.JNIHelp( 6895): Registering com/tencent/wcdb/database/SQLiteDebug natives
04-15 21:49:07.051 V/WCDB.JNIHelp( 6895): Registering com/tencent/wcdb/database/SQLiteDirectQuery natives
04-15 21:49:07.051 V/WCDB.JNIHelp( 6895): Registering com/tencent/wcdb/extension/fts/MMFtsTokenizer natives
04-15 21:49:07.051 V/WCDB.JNIHelp( 6895): Registering com/tencent/wcdb/FileUtils natives
04-15 21:49:07.051 V/WCDB.JNIHelp( 6895): Registering com/tencent/wcdb/repair/BackupKit natives
04-15 21:49:07.051 V/WCDB.JNIHelp( 6895): Registering com/tencent/wcdb/repair/RecoverKit natives
04-15 21:49:07.051 V/WCDB.JNIHelp( 6895): Registering com/tencent/wcdb/repair/DBDumpUtil natives
04-15 21:49:07.051 V/WCDB.JNIHelp( 6895): Registering com/tencent/wcdb/repair/RepairKit$RepairCursor natives
04-15 21:49:07.052 V/WCDB.JNIHelp( 6895): Registering com/tencent/wcdb/support/Log natives
04-15 21:49:07.065 D/AccessibilityServiceImpl( 6206): 收到无障碍事件类型: 2048
04-15 21:49:07.065 D/AccessibilityServiceImpl( 6206): 窗口内容变化
04-15 21:49:07.076 V/WCDB.JNIHelp( 6895): Registering com/tencent/wcdb/database/SQLiteGlobal natives
04-15 21:49:07.096 I/ur.unit_rc( 6895): ::JNI_OnLoad start
04-15 21:49:07.096 I/UnitRC.jni( 6895): <UnitRCJniRegister.cpp:175> load classes count: 33
04-15 21:49:07.096 I/UnitRC.jni( 6895): load classes count: 33
04-15 21:49:07.097 I/ur.unit_rc( 6895): ::JNI_OnLoad end
04-15 21:49:07.111 D/jnicat  ( 6895): cacheitem("java/lang/Throwable", "toString", "()Ljava/lang/String;", 1)
04-15 21:49:07.111 D/jnicat  ( 6895): cacheitem("android/util/Log", "getStackTraceString", "(Ljava/lang/Throwable;)Ljava/lang/String;", 2)
04-15 21:49:07.127 I/ilink2  ( 6895): ::JNI_OnLoad of ilink2 AFF_ALL_IN_ONE_SO_MODE=false
04-15 21:49:07.127 I/ilink2  ( 6895): ilink2_jni_register default entry
04-15 21:49:07.136 I/UnitRC.jni( 6868): <UnitRCJniRegister.cpp:175> load classes count: 241
04-15 21:49:07.136 I/UnitRC.jni( 6868): load classes count: 241
04-15 21:49:07.136 E/aff-module( 6868): ::JNI_OnLoad of aff-biz
04-15 21:49:07.144 I/UnitRC.aff-biz( 6868): <JNI_OnLoad.cpp:22> initUnitRC
04-15 21:49:07.144 I/UnitRC.jni( 6868): load classes count: 0
04-15 21:49:07.144 I/feat_flutter_common( 6868): ::JNI_OnLoad of feat_flutter_common AFF_ALL_IN_ONE_SO_MODE=true
04-15 21:49:07.144 I/feat_flutter_common( 6868): feat_flutter_common_jni_register default entry
04-15 21:49:07.144 I/iam_common( 6868): ::JNI_OnLoad of iam_common AFF_ALL_IN_ONE_SO_MODE=true
04-15 21:49:07.144 I/iam_common( 6868): iam_common_jni_register default entry
04-15 21:49:07.144 I/iam_feat_biz( 6868): ::JNI_OnLoad of iam_feat_biz AFF_ALL_IN_ONE_SO_MODE=true
04-15 21:49:07.144 I/iam_feat_biz( 6868): iam_feat_biz_jni_register default entry
04-15 21:49:07.145 I/iam_feat_brand_service( 6868): ::JNI_OnLoad of iam_feat_brand_service AFF_ALL_IN_ONE_SO_MODE=true
04-15 21:49:07.145 I/iam_feat_brand_service( 6868): iam_feat_brand_service_jni_register default entry
04-15 21:49:07.145 I/iam_feat_chatbot( 6868): ::JNI_OnLoad of iam_feat_chatbot AFF_ALL_IN_ONE_SO_MODE=true
04-15 21:49:07.145 I/iam_feat_chatbot( 6868): iam_feat_chatbot_jni_register default entry
04-15 21:49:07.145 I/iam_feat_data_report( 6868): ::JNI_OnLoad of iam_feat_data_report AFF_ALL_IN_ONE_SO_MODE=true
04-15 21:49:07.145 I/iam_feat_data_report( 6868): iam_feat_data_report_jni_register default entry
04-15 21:49:07.145 I/iam_feat_ecs( 6868): ::JNI_OnLoad of iam_feat_ecs AFF_ALL_IN_ONE_SO_MODE=true
04-15 21:49:07.145 I/iam_feat_ecs( 6868): iam_feat_ecs_jni_register default entry
04-15 21:49:07.145 I/iam_feat_emoticon( 6868): ::JNI_OnLoad of iam_feat_emoticon AFF_ALL_IN_ONE_SO_MODE=true
04-15 21:49:07.145 I/iam_feat_emoticon( 6868): iam_feat_emoticon_jni_register default entry
04-15 21:49:07.145 I/iam_feat_emoticon_native_cpp( 6868): ::JNI_OnLoad of iam_feat_emoticon_native_cpp AFF_ALL_IN_ONE_SO_MODE=true
04-15 21:49:07.145 I/iam_feat_emoticon_native_cpp( 6868): iam_feat_emoticon_native_cpp_jni_register default entry
04-15 21:49:07.145 I/iam_feat_ext_device( 6868): ::JNI_OnLoad of iam_feat_ext_device AFF_ALL_IN_ONE_SO_MODE=true
04-15 21:49:07.145 I/iam_feat_ext_device( 6868): iam_feat_ext_device_jni_register default entry
04-15 21:49:07.145 I/iam_feat_finder_box( 6868): ::JNI_OnLoad of iam_feat_finder_box AFF_ALL_IN_ONE_SO_MODE=true
04-15 21:49:07.145 I/iam_feat_finder_box( 6868): iam_feat_finder_box_jni_register default entry
04-15 21:49:07.145 I/iam_feat_function_call( 6868): ::JNI_OnLoad of iam_feat_function_call AFF_ALL_IN_ONE_SO_MODE=true
04-15 21:49:07.145 I/iam_feat_function_call( 6868): iam_feat_function_call_jni_register default entry
04-15 21:49:07.145 I/iam_feat_game( 6868): ::JNI_OnLoad of iam_feat_game AFF_ALL_IN_ONE_SO_MODE=true
04-15 21:49:07.145 I/iam_feat_game( 6868): iam_feat_game_jni_register default entry
04-15 21:49:07.145 I/iam_feat_local_connection( 6868): ::JNI_OnLoad of iam_feat_local_connection AFF_ALL_IN_ONE_SO_MODE=true
04-15 21:49:07.145 I/iam_feat_local_connection( 6868): iam_feat_local_connection_jni_register default entry
04-15 21:49:07.145 I/iam_feat_mm_foundation( 6868): ::JNI_OnLoad of iam_feat_mm_foundation AFF_ALL_IN_ONE_SO_MODE=true
04-15 21:49:07.145 I/iam_feat_mm_foundation( 6868): iam_feat_mm_foundation_jni_register default entry
04-15 21:49:07.145 I/iam_feat_ovc( 6868): ::JNI_OnLoad of iam_feat_ovc AFF_ALL_IN_ONE_SO_MODE=true
04-15 21:49:07.145 I/iam_feat_ovc( 6868): iam_feat_ovc_jni_register default entry
04-15 21:49:07.145 I/iam_feat_roam( 6868): ::JNI_OnLoad of iam_feat_roam AFF_ALL_IN_ONE_SO_MODE=true
04-15 21:49:07.145 I/iam_feat_roam( 6868): iam_feat_roam_jni_register default entry
04-15 21:49:07.145 I/iam_feat_same_net_verify( 6868): ::JNI_OnLoad of iam_feat_same_net_verify AFF_ALL_IN_ONE_SO_MODE=true
04-15 21:49:07.145 I/iam_feat_same_net_verify( 6868): iam_feat_same_net_verify_jni_register default entry
04-15 21:49:07.145 I/iam_feat_scan( 6868): ::JNI_OnLoad of iam_feat_scan AFF_ALL_IN_ONE_SO_MODE=true
04-15 21:49:07.145 I/iam_feat_scan( 6868): iam_feat_scan_jni_register default entry
04-15 21:49:07.145 I/iam_feat_sns( 6868): ::JNI_OnLoad of iam_feat_sns AFF_ALL_IN_ONE_SO_MODE=true
04-15 21:49:07.145 I/iam_feat_sns( 6868): iam_feat_sns_jni_register default entry
04-15 21:49:07.145 I/iam_feat_sns_ad( 6868): ::JNI_OnLoad of iam_feat_sns_ad AFF_ALL_IN_ONE_SO_MODE=true
04-15 21:49:07.145 I/iam_feat_sns_ad( 6868): iam_feat_sns_ad_jni_register default entry
04-15 21:49:07.145 I/iam_feat_star( 6868): ::JNI_OnLoad of iam_feat_star AFF_ALL_IN_ONE_SO_MODE=true
04-15 21:49:07.145 I/iam_feat_star( 6868): iam_feat_star_jni_register default entry
04-15 21:49:07.145 I/iam_feat_star_api( 6868): ::JNI_OnLoad of iam_feat_star_api AFF_ALL_IN_ONE_SO_MODE=true
04-15 21:49:07.145 I/iam_feat_star_api( 6868): iam_feat_star_api_jni_register default entry
04-15 21:49:07.145 I/iam_feat_status( 6868): ::JNI_OnLoad of iam_feat_status AFF_ALL_IN_ONE_SO_MODE=true
04-15 21:49:07.145 I/iam_feat_status( 6868): iam_feat_status_jni_register default entry
04-15 21:49:07.145 I/iam_feat_voipmp( 6868): ::JNI_OnLoad of iam_feat_voipmp AFF_ALL_IN_ONE_SO_MODE=true
04-15 21:49:07.145 I/iam_feat_voipmp( 6868): iam_feat_voipmp_jni_register default entry
04-15 21:49:07.145 I/iam_feat_vqm( 6868): ::JNI_OnLoad of iam_feat_vqm AFF_ALL_IN_ONE_SO_MODE=true
04-15 21:49:07.145 I/iam_feat_vqm( 6868): iam_feat_vqm_jni_register default entry
04-15 21:49:07.145 I/iam_feat_wcrte_api( 6868): ::JNI_OnLoad of iam_feat_wcrte_api AFF_ALL_IN_ONE_SO_MODE=true
04-15 21:49:07.145 I/iam_feat_wcrte_api( 6868): iam_feat_wcrte_api_jni_register default entry
04-15 21:49:07.145 I/iam_feat_wenote( 6868): ::JNI_OnLoad of iam_feat_wenote AFF_ALL_IN_ONE_SO_MODE=true
04-15 21:49:07.145 I/iam_feat_wenote( 6868): iam_feat_wenote_jni_register default entry
04-15 21:49:07.145 I/iam_lib_zrpc_ext_channel( 6868): ::JNI_OnLoad of iam_lib_zrpc_ext_channel AFF_ALL_IN_ONE_SO_MODE=true
04-15 21:49:07.145 I/iam_lib_zrpc_ext_channel( 6868): iam_lib_zrpc_ext_channel_jni_register default entry
04-15 21:49:07.145 I/zidl_reg( 6868): ::JNI_OnLoad of zidl_reg AFF_ALL_IN_ONE_SO_MODE=true
04-15 21:49:07.148 D/HeapGCOptimizerV2#Native(  585): Heap SetIdealFootprint is called, origin: 182248272, new :182248272
04-15 21:49:07.150 E/zlog    ( 6895): ::JNI_OnLoad of libzlog BEGIN
04-15 21:49:07.150 E/zlog    ( 6895): ::JNI_OnLoad of libzlog.so
04-15 21:49:07.156 E/zidl2   ( 6895): ::JNI_OnLoad of libzidl2 BEGIN
04-15 21:49:07.156 E/zidl2   ( 6895): ::JNI_OnLoad of libzidl2.so
04-15 21:49:07.157 D/AccessibilityServiceImpl( 6206): 收到无障碍事件类型: 2048
04-15 21:49:07.157 D/AccessibilityServiceImpl( 6206): 窗口内容变化
04-15 21:49:07.204 D/AccessibilityServiceImpl( 6206): 收到无障碍事件类型: 2048
04-15 21:49:07.204 D/AccessibilityServiceImpl( 6206): 窗口内容变化
04-15 21:49:07.226 W/wc_srvinit_11( 6895): type=1400 audit(0.0:183858): avc: granted { execute } for path="/data/data/com.tencent.mm/tinker/patch-6bfe441f/lib/lib/arm64-v8a/libaff_biz.so" dev="dm-10" ino=81427 scontext=u:r:untrusted_app:s0:c246,c256,c512,c768 tcontext=u:object_r:app_data_file:s0:c246,c256,c512,c768 tclass=file app=com.tencent.mm
04-15 21:49:07.270 W/[GT]HotPool#7( 6868): type=1400 audit(0.0:183859): avc: granted { execute } for path="/data/data/com.tencent.mm/MicroMsg/AFFUDRPath/resource/udr/biz/ilinkres_55e88e46/libwcwss/d0775caed341bb6a5e7290900d62f134.udr" dev="dm-10" ino=24795 scontext=u:r:untrusted_app:s0:c246,c256,c512,c768 tcontext=u:object_r:app_data_file:s0:c246,c256,c512,c768 tclass=file app=com.tencent.mm
04-15 21:49:07.294 W/[GT]HotPool#7( 6868): type=1400 audit(0.0:183860): avc: granted { execute } for path="/data/data/com.tencent.mm/MicroMsg/AFFUDRPath/resource/udr/biz/ilinkres_55e88e46/libmmwcwss/fb81866f1624f6931efd3f06774d0653.udr" dev="dm-10" ino=24637 scontext=u:r:untrusted_app:s0:c246,c256,c512,c768 tcontext=u:object_r:app_data_file:s0:c246,c256,c512,c768 tclass=file app=com.tencent.mm
04-15 21:49:07.395 D/AccessibilityServiceImpl( 6206): 收到无障碍事件类型: 2048
04-15 21:49:07.395 D/AccessibilityServiceImpl( 6206): 窗口内容变化
04-15 21:49:07.491 D/AccessibilityServiceImpl( 6206): 收到无障碍事件类型: 2048
04-15 21:49:07.491 D/AccessibilityServiceImpl( 6206): 窗口内容变化
04-15 21:49:07.519 D/AccessibilityServiceImpl( 6206): 收到无障碍事件类型: 4096
04-15 21:49:07.539 I/nt.mm:appbrand( 6868): Explicit concurrent copying GC freed 849134(35MB) AllocSpace objects, 98(2796KB) LOS objects, 46% free, 27MB/51MB, paused 245us,69us total 276.837ms
04-15 21:49:07.591 E/droid.ugc.awem(  585): Profile data size exceeds 1500000 bytes. Profile will not be written to disk. It requires 1989806 bytes.
04-15 21:49:07.592 W/droid.ugc.awem(  585): Could not save profiling info to /data/misc/profiles/cur/0/com.ss.android.ugc.aweme/primary.prof
04-15 21:49:07.596 I/NativeImage( 6868): [WxImageLoader] construct
04-15 21:49:07.606 W/[GT]HotPool#7( 6895): type=1400 audit(0.0:183861): avc: granted { execute } for path="/data/data/com.tencent.mm/app_xweb_data/xweb_1460055/apk/oat/arm64/base.odex" dev="dm-10" ino=81147 scontext=u:r:untrusted_app:s0:c246,c256,c512,c768 tcontext=u:object_r:app_data_file:s0:c246,c256,c512,c768 tclass=file app=com.tencent.mm
04-15 21:49:07.626 I/nt.mm:appbrand( 6895): Waiting for a blocking GC AddRemoveAppImageSpace
04-15 21:49:07.752 I/UnitRC.jni( 6895): <UnitRCJniRegister.cpp:175> load classes count: 241
04-15 21:49:07.752 I/UnitRC.jni( 6895): load classes count: 241
04-15 21:49:07.753 E/aff-module( 6895): ::JNI_OnLoad of aff-biz
04-15 21:49:07.785 D/Linux   ( 6206): [Posix_connect Debug]Process com.zbb.automation :8081
04-15 21:49:07.785 I/UnitRC.aff-biz( 6895): <JNI_OnLoad.cpp:22> initUnitRC
04-15 21:49:07.786 I/UnitRC.jni( 6895): load classes count: 0
04-15 21:49:07.786 I/feat_flutter_common( 6895): ::JNI_OnLoad of feat_flutter_common AFF_ALL_IN_ONE_SO_MODE=true
04-15 21:49:07.786 I/feat_flutter_common( 6895): feat_flutter_common_jni_register default entry
04-15 21:49:07.786 I/iam_common( 6895): ::JNI_OnLoad of iam_common AFF_ALL_IN_ONE_SO_MODE=true
04-15 21:49:07.786 I/iam_common( 6895): iam_common_jni_register default entry
04-15 21:49:07.786 I/iam_feat_biz( 6895): ::JNI_OnLoad of iam_feat_biz AFF_ALL_IN_ONE_SO_MODE=true
04-15 21:49:07.786 I/iam_feat_biz( 6895): iam_feat_biz_jni_register default entry
04-15 21:49:07.786 I/iam_feat_brand_service( 6895): ::JNI_OnLoad of iam_feat_brand_service AFF_ALL_IN_ONE_SO_MODE=true
04-15 21:49:07.786 I/iam_feat_brand_service( 6895): iam_feat_brand_service_jni_register default entry
04-15 21:49:07.786 I/iam_feat_chatbot( 6895): ::JNI_OnLoad of iam_feat_chatbot AFF_ALL_IN_ONE_SO_MODE=true
04-15 21:49:07.786 I/iam_feat_chatbot( 6895): iam_feat_chatbot_jni_register default entry
04-15 21:49:07.786 I/iam_feat_data_report( 6895): ::JNI_OnLoad of iam_feat_data_report AFF_ALL_IN_ONE_SO_MODE=true
04-15 21:49:07.786 I/iam_feat_data_report( 6895): iam_feat_data_report_jni_register default entry
04-15 21:49:07.786 I/iam_feat_ecs( 6895): ::JNI_OnLoad of iam_feat_ecs AFF_ALL_IN_ONE_SO_MODE=true
04-15 21:49:07.786 I/iam_feat_ecs( 6895): iam_feat_ecs_jni_register default entry
04-15 21:49:07.786 I/iam_feat_emoticon( 6895): ::JNI_OnLoad of iam_feat_emoticon AFF_ALL_IN_ONE_SO_MODE=true
04-15 21:49:07.786 I/iam_feat_emoticon( 6895): iam_feat_emoticon_jni_register default entry
04-15 21:49:07.786 I/iam_feat_emoticon_native_cpp( 6895): ::JNI_OnLoad of iam_feat_emoticon_native_cpp AFF_ALL_IN_ONE_SO_MODE=true
04-15 21:49:07.786 I/iam_feat_emoticon_native_cpp( 6895): iam_feat_emoticon_native_cpp_jni_register default entry
04-15 21:49:07.786 I/iam_feat_ext_device( 6895): ::JNI_OnLoad of iam_feat_ext_device AFF_ALL_IN_ONE_SO_MODE=true
04-15 21:49:07.786 I/iam_feat_ext_device( 6895): iam_feat_ext_device_jni_register default entry
04-15 21:49:07.786 I/iam_feat_finder_box( 6895): ::JNI_OnLoad of iam_feat_finder_box AFF_ALL_IN_ONE_SO_MODE=true
04-15 21:49:07.786 I/iam_feat_finder_box( 6895): iam_feat_finder_box_jni_register default entry
04-15 21:49:07.786 I/iam_feat_function_call( 6895): ::JNI_OnLoad of iam_feat_function_call AFF_ALL_IN_ONE_SO_MODE=true
04-15 21:49:07.786 I/iam_feat_function_call( 6895): iam_feat_function_call_jni_register default entry
04-15 21:49:07.786 I/iam_feat_game( 6895): ::JNI_OnLoad of iam_feat_game AFF_ALL_IN_ONE_SO_MODE=true
04-15 21:49:07.786 I/iam_feat_game( 6895): iam_feat_game_jni_register default entry
04-15 21:49:07.786 I/iam_feat_local_connection( 6895): ::JNI_OnLoad of iam_feat_local_connection AFF_ALL_IN_ONE_SO_MODE=true
04-15 21:49:07.786 I/iam_feat_local_connection( 6895): iam_feat_local_connection_jni_register default entry
04-15 21:49:07.786 I/iam_feat_mm_foundation( 6895): ::JNI_OnLoad of iam_feat_mm_foundation AFF_ALL_IN_ONE_SO_MODE=true
04-15 21:49:07.786 I/iam_feat_mm_foundation( 6895): iam_feat_mm_foundation_jni_register default entry
04-15 21:49:07.786 I/iam_feat_ovc( 6895): ::JNI_OnLoad of iam_feat_ovc AFF_ALL_IN_ONE_SO_MODE=true
04-15 21:49:07.786 I/iam_feat_ovc( 6895): iam_feat_ovc_jni_register default entry
04-15 21:49:07.786 I/iam_feat_roam( 6895): ::JNI_OnLoad of iam_feat_roam AFF_ALL_IN_ONE_SO_MODE=true
04-15 21:49:07.786 I/iam_feat_roam( 6895): iam_feat_roam_jni_register default entry
04-15 21:49:07.787 I/iam_feat_same_net_verify( 6895): ::JNI_OnLoad of iam_feat_same_net_verify AFF_ALL_IN_ONE_SO_MODE=true
04-15 21:49:07.787 I/iam_feat_same_net_verify( 6895): iam_feat_same_net_verify_jni_register default entry
04-15 21:49:07.787 I/iam_feat_scan( 6895): ::JNI_OnLoad of iam_feat_scan AFF_ALL_IN_ONE_SO_MODE=true
04-15 21:49:07.787 I/iam_feat_scan( 6895): iam_feat_scan_jni_register default entry
04-15 21:49:07.787 I/iam_feat_sns( 6895): ::JNI_OnLoad of iam_feat_sns AFF_ALL_IN_ONE_SO_MODE=true
04-15 21:49:07.787 I/iam_feat_sns( 6895): iam_feat_sns_jni_register default entry
04-15 21:49:07.787 I/iam_feat_sns_ad( 6895): ::JNI_OnLoad of iam_feat_sns_ad AFF_ALL_IN_ONE_SO_MODE=true
04-15 21:49:07.787 I/iam_feat_sns_ad( 6895): iam_feat_sns_ad_jni_register default entry
04-15 21:49:07.787 I/iam_feat_star( 6895): ::JNI_OnLoad of iam_feat_star AFF_ALL_IN_ONE_SO_MODE=true
04-15 21:49:07.787 I/iam_feat_star( 6895): iam_feat_star_jni_register default entry
04-15 21:49:07.787 I/iam_feat_star_api( 6895): ::JNI_OnLoad of iam_feat_star_api AFF_ALL_IN_ONE_SO_MODE=true
04-15 21:49:07.787 I/iam_feat_star_api( 6895): iam_feat_star_api_jni_register default entry
04-15 21:49:07.787 I/iam_feat_status( 6895): ::JNI_OnLoad of iam_feat_status AFF_ALL_IN_ONE_SO_MODE=true
04-15 21:49:07.787 I/iam_feat_status( 6895): iam_feat_status_jni_register default entry
04-15 21:49:07.787 I/iam_feat_voipmp( 6895): ::JNI_OnLoad of iam_feat_voipmp AFF_ALL_IN_ONE_SO_MODE=true
04-15 21:49:07.787 I/iam_feat_voipmp( 6895): iam_feat_voipmp_jni_register default entry
04-15 21:49:07.787 I/iam_feat_vqm( 6895): ::JNI_OnLoad of iam_feat_vqm AFF_ALL_IN_ONE_SO_MODE=true
04-15 21:49:07.787 I/iam_feat_vqm( 6895): iam_feat_vqm_jni_register default entry
04-15 21:49:07.787 I/iam_feat_wcrte_api( 6895): ::JNI_OnLoad of iam_feat_wcrte_api AFF_ALL_IN_ONE_SO_MODE=true
04-15 21:49:07.787 I/iam_feat_wcrte_api( 6895): iam_feat_wcrte_api_jni_register default entry
04-15 21:49:07.787 I/iam_feat_wenote( 6895): ::JNI_OnLoad of iam_feat_wenote AFF_ALL_IN_ONE_SO_MODE=true
04-15 21:49:07.787 I/iam_feat_wenote( 6895): iam_feat_wenote_jni_register default entry
04-15 21:49:07.787 I/iam_lib_zrpc_ext_channel( 6895): ::JNI_OnLoad of iam_lib_zrpc_ext_channel AFF_ALL_IN_ONE_SO_MODE=true
04-15 21:49:07.787 I/iam_lib_zrpc_ext_channel( 6895): iam_lib_zrpc_ext_channel_jni_register default entry
04-15 21:49:07.787 I/zidl_reg( 6895): ::JNI_OnLoad of zidl_reg AFF_ALL_IN_ONE_SO_MODE=true
04-15 21:49:07.865 I/nt.mm:appbrand( 6895): Explicit concurrent copying GC freed 734129(30MB) AllocSpace objects, 64(1348KB) LOS objects, 49% free, 22MB/44MB, paused 4.480ms,92us total 245.902ms
04-15 21:49:07.865 I/nt.mm:appbrand( 6895): WaitForGcToComplete blocked AddRemoveAppImageSpace on Explicit for 239.439ms
04-15 21:49:07.866 I/nt.mm:appbrand( 6895): WaitForGcToComplete blocked Background on AddRemoveAppImageSpace for 138.128ms
04-15 21:49:07.923 I/PSCoreBridge( 6895): setStandAloneMode:false
04-15 21:49:07.926 W/[GT]HotPool#7( 6895): type=1400 audit(0.0:183862): avc: granted { execute } for path="/data/data/com.tencent.mm/app_xweb_data/xweb_1460055/extracted_xwalkcore/libWXAMSDK.so" dev="dm-10" ino=51732 scontext=u:r:untrusted_app:s0:c246,c256,c512,c768 tcontext=u:object_r:app_data_file:s0:c246,c256,c512,c768 tclass=file app=com.tencent.mm
04-15 21:49:08.001 I/XWeb.Core( 6895): [0415/214908.001373:INFO:xweb/xweb_pinus/lib/webview_entry_point.cc:38] JNI_OnLoad start register jni
04-15 21:49:08.003 I/XWeb.Core( 6895): [0415/214908.003797:INFO:xweb/xweb_pinus/lib/webview_entry_point.cc:44] JNI_OnLoad end
04-15 21:49:08.005 I/PSViewDelegate( 6895): setNotifyCallBackChannel:gr5.i@d5eca4b
04-15 21:49:08.008 I/XWebCallBackChannel( 6895): SetNotifyCallBackChannel, callback:gr5.i@d5eca4b
04-15 21:49:08.009 I/PSViewDelegate( 6895): setLogCallBack:gr5.j@4012c28
04-15 21:49:08.061 I/XWeb.Core( 6895): [0415/214908.061129:INFO:xweb/xweb_comm/modules/hevc_hls_support/xweb_hevc_and_hls_switcher.cc:20] [XWEB_HEVC_HLS_SUPPORT] enable hevc and hls
04-15 21:49:08.074 I/NativeImage( 6868): [WxImageLoader] construct
04-15 21:49:08.138 I/XWeb.Core( 6895): [0415/214908.138132:INFO:xweb/xweb_pinus/lib/webview_jni_onload.cc:20] OnJNIOnLoadInit
04-15 21:49:08.152 I/XWeb.Core.fake_dlfcn( 6895): 6c8da89000-6c8db6f000 r-xp 00000000 fd:0a 63378                          /data/app/~~1N9La9Xt_Eo1BzVcJyCj-A==/com.tencent.mm-VjqhVGRAcUYFaUSueWTakQ==/lib/arm64/libwechatxlog.so
04-15 21:49:08.152 I/XWeb.Core.fake_dlfcn( 6895): /data/app/~~1N9La9Xt_Eo1BzVcJyCj-A==/com.tencent.mm-VjqhVGRAcUYFaUSueWTakQ==/lib/arm64/libwechatxlog.so loaded in Android at 0x6c8da89000
04-15 21:49:08.152 I/XWeb.Core.fake_dlfcn( 6895): xlogger_IsEnabledFor found at 0x6c8dac0330
04-15 21:49:08.153 I/XWeb.Core.fake_dlfcn( 6895): xlogger_VPrint found at 0x6c8dac043c
04-15 21:49:08.153 I/XWeb.Core( 6895): [0415/214908.153081:INFO:xweb/xweb_comm/xweb_common_logic.cc:88] [XWEB] initNativeXlog success
04-15 21:49:08.153 I/XWeb.Core( 6895): [0415/214908.153146:INFO:xweb/xweb_comm/xweb_common_logic.cc:217] [XWEB_COMMON] CommonLogic g_library_process_type:PROCESS_BROWSER:1
04-15 21:49:08.476 I/nt.mm:appbrand( 6868): Background concurrent copying GC freed 50937(2456KB) AllocSpace objects, 26(37MB) LOS objects, 42% free, 32MB/56MB, paused 186us,62us total 177.394ms
04-15 21:49:08.477 W/JavaBinder( 6868): BinderProxy is being destroyed but the application did not call unlinkToDeath to unlink all of its death recipients beforehand.  Releasing leaked death recipient: com.tencent.mm.ipcinvoker.c$$a
04-15 21:49:08.478 W/System  ( 6868): A resource failed to call close.
04-15 21:49:08.547 I/NativeImage( 6868): [WxImageLoader] loadAsync path[magicadbrandservice-]
04-15 21:49:08.550 I/NativeImage( 6868): [WxImageLoader] loadAsync path[magicadbrandservice-]
04-15 21:49:08.565 E/HeifDecoderImpl( 6868): getSize: not supported!
04-15 21:49:08.606 E/HeifDecoderImpl( 6868): getSize: not supported!
04-15 21:49:08.606 E/HeifDecoderImpl( 6868): getSize: not supported!
04-15 21:49:08.612 E/HeifDecoderImpl( 6868): getSize: not supported!
04-15 21:49:08.618 E/HeifDecoderImpl( 6868): getSize: not supported!
04-15 21:49:08.631 E/HeifDecoderImpl( 6868): getSize: not supported!
04-15 21:49:08.637 E/HeifDecoderImpl( 6868): getSize: not supported!
04-15 21:49:08.638 E/HeifDecoderImpl( 6868): getSize: not supported!
04-15 21:49:08.642 E/HeifDecoderImpl( 6868): getSize: not supported!
04-15 21:49:08.644 I/NativeImage( 6868): [WxImageLoader] file is loaded [magicadbrandservice-30223.139245208://resources/feedback_medium_2_LM.png] bitmap(not null)
04-15 21:49:08.644 I/NativeImage( 6868): [WxImageLoader] listenerList->size() [1]
04-15 21:49:08.644 I/NativeImage( 6868): [WxImageLoader] config listener removed, count[1]
04-15 21:49:08.648 E/HeifDecoderImpl( 6868): getSize: not supported!
04-15 21:49:08.663 I/NativeImage( 6868): [WxImageLoader] Invoke Listener finished, done.
04-15 21:49:08.673 W/System  ( 6868): A resource failed to call close.
04-15 21:49:08.694 I/NativeImage( 6868): [WxImageLoader] loadAsync path[magicbrandservice-30]
04-15 21:49:08.694 I/NativeImage( 6868): [WxImageLoader] loadAsync path[magicbrandservice-30]
04-15 21:49:08.710 I/NativeImage( 6868): [WxImageLoader] loadAsync path[magicbrandservice-30]
04-15 21:49:08.712 I/NativeImage( 6868): [WxImageLoader] loadAsync path[wxfile://usr/downloa]
04-15 21:49:08.731 W/libc    ( 6895): Access denied finding property "ro.vendor.api_level"
04-15 21:49:08.737 I/NativeImage( 6868): [WxImageLoader] file is loaded [magicbrandservice-30223.139245214://resources/images/fire.png] bitmap(not null)
04-15 21:49:08.737 I/NativeImage( 6868): [WxImageLoader] listenerList->size() [1]
04-15 21:49:08.737 I/NativeImage( 6868): [WxImageLoader] config listener removed, count[1]
04-15 21:49:08.738 I/NativeImage( 6868): [WxImageLoader] Invoke Listener finished, done.
04-15 21:49:08.738 I/NativeImage( 6868): [WxImageLoader] file is loaded [magicbrandservice-30223.139245214://resources/images/close_border.png] bitmap(not null)
04-15 21:49:08.738 I/NativeImage( 6868): [WxImageLoader] listenerList->size() [1]
04-15 21:49:08.738 I/NativeImage( 6868): [WxImageLoader] config listener removed, count[1]
04-15 21:49:08.740 I/NativeImage( 6868): [WxImageLoader] Invoke Listener finished, done.
04-15 21:49:08.742 I/NativeImage( 6868): [WxImageLoader] loadAsync path[wxfile://usr/downloa]
04-15 21:49:08.755 I/NativeImage( 6868): [WxImageLoader] file is loaded [magicbrandservice-30223.139245214://resources/images/arrow_right_lm.png] bitmap(not null)
04-15 21:49:08.755 I/NativeImage( 6868): [WxImageLoader] listenerList->size() [1]
04-15 21:49:08.755 I/NativeImage( 6868): [WxImageLoader] config listener removed, count[1]
04-15 21:49:08.825 W/d.ugc.aweme:sm( 1631): Accessing hidden field Landroid/app/ActivityThread;->mLastProcessState:I (blocked, reflection, denied)
04-15 21:49:08.958 W/[GT]HotPool#7( 6895): type=1400 audit(0.0:183865): avc: granted { execute } for path="/data/data/com.tencent.mm/app_xweb_data/xweb_1460055/extracted_xwalkcore/oat/arm64/media_player_extension.odex" dev="dm-10" ino=81409 scontext=u:r:untrusted_app:s0:c246,c256,c512,c768 tcontext=u:object_r:app_data_file:s0:c246,c256,c512,c768 tclass=file app=com.tencent.mm
04-15 21:49:08.976 I/CameraManagerGlobal( 6895): Connecting to camera service
04-15 21:49:08.978 I/NativeImage( 6868): [WxImageLoader] Invoke Listener finished, done.
04-15 21:49:08.978 I/NativeImage( 6868): [WxImageLoader] file is loaded [wxfile://usr/download_e6f39ec56ee71e8d_1776258780356] bitmap(not null)
04-15 21:49:08.978 I/NativeImage( 6868): [WxImageLoader] listenerList->size() [1]
04-15 21:49:08.978 I/NativeImage( 6868): [WxImageLoader] config listener removed, count[1]
04-15 21:49:08.982 I/NativeImage( 6868): [WxImageLoader] Invoke Listener finished, done.
04-15 21:49:09.001 I/NativeImage( 6868): [WxImageLoader] file is loaded [wxfile://usr/download_ddf1e01084e996e0_1776258780363.jpeg] bitmap(not null)
04-15 21:49:09.001 I/NativeImage( 6868): [WxImageLoader] listenerList->size() [1]
04-15 21:49:09.001 I/NativeImage( 6868): [WxImageLoader] config listener removed, count[1]
04-15 21:49:09.005 I/XWebSysUtils( 6895): setLocalStoragePatthSuffix = com.tencent.mm.appbrand0.619
04-15 21:49:09.015 I/NativeImage( 6868): [WxImageLoader] Invoke Listener finished, done.
04-15 21:49:09.015 I/NativeImage( 6868): [WxImageLoader] file is loaded [magicadbrandservice-30223.139245208://resources/avif_detection.avif] bitmap(not null)
04-15 21:49:09.015 I/NativeImage( 6868): [WxImageLoader] listenerList->size() [1]
04-15 21:49:09.015 I/NativeImage( 6868): [WxImageLoader] config listener removed, count[1]
04-15 21:49:09.016 I/NativeImage( 6868): [WxImageLoader] Invoke Listener finished, done.
04-15 21:49:09.021 I/NativeImage( 6868): [WxImageLoader] loadAsync path[wxfile://usr/downloa]
04-15 21:49:09.043 I/NativeImage( 6868): [WxImageLoader] file is loaded [wxfile://usr/download_ec4c88c86786aff_1776258780364.png] bitmap(not null)
04-15 21:49:09.043 I/NativeImage( 6868): [WxImageLoader] listenerList->size() [1]
04-15 21:49:09.043 I/NativeImage( 6868): [WxImageLoader] config listener removed, count[1]
04-15 21:49:09.108 D/CompatibilityChangeReporter( 6895): Compat change id reported: 171228096; UID 10246; state: ENABLED
04-15 21:49:09.142 W/JSRuntimeLooper( 6895): type=1400 audit(0.0:183866): avc: granted { execute } for path="/data/data/com.tencent.mm/tinker/patch-6bfe441f/lib/lib/arm64-v8a/libmmv8.so" dev="dm-10" ino=73898 scontext=u:r:untrusted_app:s0:c246,c256,c512,c768 tcontext=u:object_r:app_data_file:s0:c246,c256,c512,c768 tclass=file app=com.tencent.mm
04-15 21:49:09.170 W/[GT]ColdPool#5( 6895): type=1400 audit(0.0:183867): avc: granted { execute } for path="/data/data/com.tencent.mm/MicroMsg/AFFUDRPath/resource/udr/biz/ilinkres_55e88e46/libwcwss/d0775caed341bb6a5e7290900d62f134.udr" dev="dm-10" ino=24795 scontext=u:r:untrusted_app:s0:c246,c256,c512,c768 tcontext=u:object_r:app_data_file:s0:c246,c256,c512,c768 tclass=file app=com.tencent.mm
04-15 21:49:09.182 W/libc    ( 6895): Access denied finding property "ro.vendor.perf.scroll_opt.heavy_app"
04-15 21:49:09.190 W/[GT]ColdPool#5( 6895): type=1400 audit(0.0:183868): avc: granted { execute } for path="/data/data/com.tencent.mm/MicroMsg/AFFUDRPath/resource/udr/biz/ilinkres_55e88e46/libmmwcwss/fb81866f1624f6931efd3f06774d0653.udr" dev="dm-10" ino=24637 scontext=u:r:untrusted_app:s0:c246,c256,c512,c768 tcontext=u:object_r:app_data_file:s0:c246,c256,c512,c768 tclass=file app=com.tencent.mm
04-15 21:49:09.218 I/NativeImage( 6868): [WxImageLoader] Invoke Listener finished, done.
04-15 21:49:09.220 I/NativeImage( 6868): [WxImageLoader] loadAsync path[wxfile://usr/downloa]
04-15 21:49:09.229 I/NativeImage( 6868): [WxImageLoader] file is loaded [wxfile://usr/download_1f34456335cc8a14_1776258780369.png] bitmap(not null)
04-15 21:49:09.229 I/NativeImage( 6868): [WxImageLoader] listenerList->size() [1]
04-15 21:49:09.229 I/NativeImage( 6868): [WxImageLoader] config listener removed, count[1]
04-15 21:49:09.239 E/droid.ugc.awem(  585): Profile data size exceeds 1500000 bytes. Profile will not be written to disk. It requires 1989806 bytes.
04-15 21:49:09.239 W/droid.ugc.awem(  585): Could not save profiling info to /data/misc/profiles/cur/0/com.ss.android.ugc.aweme/primary.prof
04-15 21:49:09.248 I/NativeImage( 6868): [WxImageLoader] Invoke Listener finished, done.
04-15 21:49:09.329 E/XWeb.Core.NTransXweb( 6895): XWEB_NATIVE_TRANS NTransManager_Bind xweb78 bind to 0x0x6c25f2b2b0
04-15 21:49:09.329 E/XWeb.Core.NTrans( 6895): xweb bind native manager 0x25f2b2b0
04-15 21:49:09.568 I/v8      ( 6895): SetInvokeRenderCallbackInner
04-15 21:49:09.620 I/v8      ( 6895): v8_flags.code_range_fix: false
04-15 21:49:09.622 W/Chrome_InProcRe( 6895): type=1400 audit(0.0:183869): avc: granted { execute } for path="/data/data/com.tencent.mm/app_xweb_data/xweb_1460055/extracted_xwalkcore/libxwebcore.so" dev="dm-10" ino=48754 scontext=u:r:untrusted_app:s0:c246,c256,c512,c768 tcontext=u:object_r:app_data_file:s0:c246,c256,c512,c768 tclass=file app=com.tencent.mm
04-15 21:49:09.809 D/Linux   ( 6206): [Posix_connect Debug]Process com.zbb.automation :8081
04-15 21:49:09.962 W/MediaCodec-JNI( 6895): pid:6895,client name:com.tencent.mm:appbrand0
04-15 21:49:09.985 W/AudioCapabilities( 6895): Unsupported mime audio/x-ms-wma
04-15 21:49:09.985 W/AudioCapabilities( 6895): Unsupported mime audio/x-ms-wma
04-15 21:49:09.986 W/AudioCapabilities( 6895): Unsupported mime audio/mpeg-L1
04-15 21:49:09.986 W/AudioCapabilities( 6895): Unsupported mime audio/mpeg-L2
04-15 21:49:09.986 W/AudioCapabilities( 6895): Unsupported mime audio/mpeg-L1
04-15 21:49:09.986 W/AudioCapabilities( 6895): Unsupported mime audio/mpeg-L2
04-15 21:49:09.987 W/AudioCapabilities( 6895): Unsupported mime audio/ra
04-15 21:49:09.987 W/AudioCapabilities( 6895): Unsupported mime audio/ra
04-15 21:49:09.987 W/AudioCapabilities( 6895): Unsupported mime audio/alac
04-15 21:49:09.987 W/AudioCapabilities( 6895): Unsupported mime audio/alac
04-15 21:49:09.987 W/AudioCapabilities( 6895): Unsupported mime audio/ape
04-15 21:49:09.987 W/AudioCapabilities( 6895): Unsupported mime audio/x-ape
04-15 21:49:09.988 W/AudioCapabilities( 6895): Unsupported mime audio/ape
04-15 21:49:09.988 W/AudioCapabilities( 6895): Unsupported mime audio/x-ape
04-15 21:49:09.988 W/AudioCapabilities( 6895): Unsupported mime audio/adpcm
04-15 21:49:09.988 W/AudioCapabilities( 6895): Unsupported mime audio/x-ms-adpcm
04-15 21:49:09.988 W/AudioCapabilities( 6895): Unsupported mime audio/pcm
04-15 21:49:09.988 W/AudioCapabilities( 6895): Unsupported mime audio/pcm
04-15 21:49:09.989 W/AudioCapabilities( 6895): Unsupported mime audio/dsd
04-15 21:49:09.989 W/AudioCapabilities( 6895): Unsupported mime audio/dsd
04-15 21:49:09.990 W/VideoCapabilities( 6895): Unsupported mime video/rv
04-15 21:49:09.990 W/VideoCapabilities( 6895): Unsupported mime video/rv
04-15 21:49:09.990 W/VideoCapabilities( 6895): Unsupported mime video/x-ms-wmv
04-15 21:49:09.991 W/VideoCapabilities( 6895): Unsupported mime video/x-ms-wmv2
04-15 21:49:09.991 W/VideoCapabilities( 6895): Unsupported mime video/x-ms-wmv
04-15 21:49:09.991 W/VideoCapabilities( 6895): Unsupported mime video/x-ms-wmv2
04-15 21:49:09.991 W/VideoCapabilities( 6895): Unsupported mime video/divx3
04-15 21:49:09.992 W/VideoCapabilities( 6895): Unsupported mime video/divx3
04-15 21:49:09.992 W/VideoCapabilities( 6895): Unsupported mime video/flv1
04-15 21:49:09.992 W/VideoCapabilities( 6895): Unsupported mime video/x-flv
04-15 21:49:09.992 W/VideoCapabilities( 6895): Unsupported mime video/flv1
04-15 21:49:09.992 W/VideoCapabilities( 6895): Unsupported mime video/x-flv
04-15 21:49:09.993 W/VideoCapabilities( 6895): Unsupported mime video/mjpeg
04-15 21:49:09.993 W/VideoCapabilities( 6895): Unsupported mime video/x-motion-jpeg
04-15 21:49:09.994 W/VideoCapabilities( 6895): Unsupported mime video/mjpeg
04-15 21:49:09.994 W/VideoCapabilities( 6895): Unsupported mime video/x-motion-jpeg
04-15 21:49:09.994 W/AudioCapabilities( 6895): Unsupported mime audio/x-adpcm-dvi-ima
04-15 21:49:09.995 W/AudioCapabilities( 6895): Unsupported mime audio/x-adpcm-dvi-ima
04-15 21:49:09.995 W/AudioCapabilities( 6895): Unsupported mime audio/x-adpcm-ms
04-15 21:49:09.995 W/AudioCapabilities( 6895): Unsupported mime audio/x-adpcm-ms
04-15 21:49:09.995 W/AudioCapabilities( 6895): Unsupported mime audio/alac
04-15 21:49:09.995 W/AudioCapabilities( 6895): Unsupported mime audio/alac
04-15 21:49:09.995 W/AudioCapabilities( 6895): Unsupported mime audio/ape
04-15 21:49:09.995 W/AudioCapabilities( 6895): Unsupported mime audio/ape
04-15 21:49:10.003 W/VideoCapabilities( 6895): Unsupported mime image/vnd.android.heic
04-15 21:49:10.003 W/VideoCapabilities( 6895): Unsupported mime image/vnd.android.heic
04-15 21:49:10.003 W/VideoCapabilities( 6895): Unsupported mime image/vnd.android.heic
04-15 21:49:10.006 W/VideoCapabilities( 6895): Unsupported mime video/x-ms-wmv
04-15 21:49:10.007 W/VideoCapabilities( 6895): Unsupported mime video/x-ms-wmv
04-15 21:49:10.018 E/XWeb.Core.NTransXweb( 6895): XWEB_NATIVE_TRANS XWebNTransModule inject ntrans success
04-15 21:49:10.311 W/nt.mm:appbrand( 6895): Suspending all threads took: 11.572ms
04-15 21:49:10.319 I/skyline ( 6895): [INFO:jni.cc(258)] JNI_OnLoad start
04-15 21:49:10.319 I/skyline ( 6895):
04-15 21:49:10.319 I/skyline ( 6895): setLogHandler
04-15 21:49:10.374 I/nt.mm:appbrand( 6895): Background concurrent copying GC freed 301494(15MB) AllocSpace objects, 19(50MB) LOS objects, 16% free, 124MB/148MB, paused 321us,11.815ms total 322.088ms
04-15 21:49:10.375 W/JavaBinder( 6895): BinderProxy is being destroyed but the application did not call unlinkToDeath to unlink all of its death recipients beforehand.  Releasing leaked death recipient: com.tencent.mm.ipcinvoker.c$$a
04-15 21:49:10.375 I/BpBinder( 6895): onLastStrongRef automatically unlinking death recipients: <uncached descriptor>
04-15 21:49:10.376 E/flutter ( 6895): [ERROR:flutter/txt/src/txt/fontmgr_default_android.cc(429)] value vivo
04-15 21:49:10.377 E/flutter ( 6895): [ERROR:flutter/txt/src/txt/fontmgr_default_android.cc(431)] fontXmlName /data/user/0/com.tencent.mm/code_cache/flutter_V2166A/com.tencent.mm:appbrand0/flutter_custom_fonts2.xml
04-15 21:49:10.377 E/flutter ( 6895): [ERROR:flutter/txt/src/txt/fontmgr_default_android.cc(599)] use default font mgr
04-15 21:49:10.380 I/flutter ( 6895): [INFO:flutter/shell/common/switches.cc(656)] settings.enable_surface_control:0, settings.surface_control_max_buffer_num:3,settings.create_join_raster_group_name:
04-15 21:49:10.380 I/flutter ( 6895): [INFO:flutter/shell/common/switches.cc(674)] settings.enable_impeller_raster_cache:0, settings.enable_font_prerender:0
04-15 21:49:10.380 I/flutter ( 6895): [INFO:flutter/shell/common/switches.cc(742)] settings.enable_vulkan_partial_repaint:0, settings.enable_vulkan_vma_pool:0, settings.enable_vulkan_set_present_time:0, settings.vulkan_swapchain_extra_image_count:1
04-15 21:49:10.382 E/droid.ugc.awem(  585): Profile data size exceeds 1500000 bytes. Profile will not be written to disk. It requires 1989806 bytes.
04-15 21:49:10.382 W/droid.ugc.awem(  585): Could not save profiling info to /data/misc/profiles/cur/0/com.ss.android.ugc.aweme/primary.prof
04-15 21:49:10.387 I/flutter ( 6895): [INFO:flutter/shell/platform/android/flutter_main.cc(258)] set slow runner report callback
04-15 21:49:10.420 I/flutter ( 6895): [INFO:flutter/fml/platform/android/message_loop_android.cc(22)] prepare main_looper: 1
04-15 21:49:10.420 I/flutter ( 6895): [INFO:flutter/fml/message_loop.cc(117)] start create platform thread message loop
04-15 21:49:10.421 I/flutter ( 6895): [INFO:flutter/fml/platform/android/message_loop_android.cc(49)] AcquireLooperForMainThread success
04-15 21:49:10.421 I/flutter ( 6895): [INFO:flutter/fml/message_loop.cc(119)] create platform thread message loop end
04-15 21:49:10.421 I/flutter ( 6895): [INFO:flutter/fml/message_loop.cc(124)] start AttachLoopToPlatformThread
04-15 21:49:10.421 I/flutter ( 6895): [INFO:flutter/fml/message_loop.cc(126)] AttachLoopToPlatformThread reset tls_message_loop. g_platform_thread_loop:0x6d57255350 tls_message_loop:0x0
04-15 21:49:10.435 I/flutter ( 6895): [INFO:flutter/fml/message_loop.cc(32)] create MessageLoop for current thread
04-15 21:49:10.576 D/skia    ( 6895): --- Failed to create image decoder with message 'unimplemented'
04-15 21:49:11.041 I/NativeImage( 6868): [WxImageLoader] loadAsync path[magicbrandservice-30]
04-15 21:49:11.052 I/NativeImage( 6868): [WxImageLoader] file is loaded [magicbrandservice-30223.139245214://wxfile%3A%2F%2Fusr%2Fmptl%2Fimage-view%2Fb0b2de5383723fe242179e6] bitmap(not null)
04-15 21:49:11.052 I/NativeImage( 6868): [WxImageLoader] listenerList->size() [1]
04-15 21:49:11.052 I/NativeImage( 6868): [WxImageLoader] config listener removed, count[1]
04-15 21:49:11.055 I/NativeImage( 6868): [WxImageLoader] Invoke Listener finished, done.
04-15 21:49:11.134 I/nt.mm:appbrand( 6895): Background young concurrent copying GC freed 84235(4787KB) AllocSpace objects, 71(72MB) LOS objects, 24% free, 73MB/97MB, paused 199us,109us total 111.194ms
04-15 21:49:11.830 D/Linux   ( 6206): [Posix_connect Debug]Process com.zbb.automation :8081
04-15 21:49:13.863 D/Linux   ( 6206): [Posix_connect Debug]Process com.zbb.automation :8081
04-15 21:49:15.907 D/Linux   ( 6206): [Posix_connect Debug]Process com.zbb.automation :8081
04-15 21:49:17.942 D/Linux   ( 6206): [Posix_connect Debug]Process com.zbb.automation :8081
04-15 21:49:18.037 E/libprocessgroup( 6868): set_timerslack_ns write failed: Operation not permitted
04-15 21:49:18.654 E/libprocessgroup( 6868): set_timerslack_ns write failed: Operation not permitted
04-15 21:49:18.659 E/libprocessgroup( 6868): set_timerslack_ns write failed: Operation not permitted
04-15 21:49:18.733 E/libprocessgroup( 6868): set_timerslack_ns write failed: Operation not permitted
04-15 21:49:18.831 E/libprocessgroup( 6868): set_timerslack_ns write failed: Operation not permitted
04-15 21:49:19.974 D/Linux   ( 6206): [Posix_connect Debug]Process com.zbb.automation :8081
04-15 21:49:20.900 E/libprocessgroup( 6868): set_timerslack_ns write failed: Operation not permitted
04-15 21:49:20.903 E/libprocessgroup( 6868): set_timerslack_ns write failed: Operation not permitted
04-15 21:49:21.750 W/AccessibilityServiceImpl( 6206): getCurrentPackageName 尝试在非主线程调用，已在主线程重新执行
